openjdk version "17.0.19" 2026-04-21
OpenJDK Runtime Environment Temurin-17.0.19+10 (build 17.0.19+10)
OpenJDK 64-Bit Server VM Temurin-17.0.19+10 (build 17.0.19+10, mixed mode, sharing)

Welcome to Gradle 8.7!

Here are the highlights of this release:
 - Compiling and testing with Java 22
 - Cacheable Groovy script compilation
 - New methods in lazy collection properties

For more details see https://docs.gradle.org/8.7/release-notes.html

Starting a Gradle Daemon (subsequent builds will be faster)

> Configure project :app
Warning: Python version 3.11 may have fewer packages available. If you experience problems, try switching to version 3.8.
This version only understands SDK XML versions up to 3 but an SDK XML file of version 4 was encountered. This can happen if you use versions of Android Studio and the command-line tools that were released at different times.
Checking the license for package NDK (Side by side) 25.1.8937393 in /usr/local/lib/android/sdk/licenses
License for package NDK (Side by side) 25.1.8937393 accepted.
Preparing "Install NDK (Side by side) 25.1.8937393 v.25.1.8937393".
"Install NDK (Side by side) 25.1.8937393 v.25.1.8937393" ready.
Installing NDK (Side by side) 25.1.8937393 in /usr/local/lib/android/sdk/ndk/25.1.8937393
"Install NDK (Side by side) 25.1.8937393 v.25.1.8937393" complete.
"Install NDK (Side by side) 25.1.8937393 v.25.1.8937393" finished.

> Task :app:preBuild UP-TO-DATE
> Task :app:preDebugBuild UP-TO-DATE
> Task :app:mergeDebugNativeDebugMetadata NO-SOURCE
> Task :app:checkKotlinGradlePluginConfigurationErrors
> Task :app:generateDebugResValues
> Task :app:checkDebugAarMetadata
> Task :app:mapDebugSourceSetPaths
> Task :app:generateDebugResources
> Task :app:packageDebugResources
> Task :app:createDebugCompatibleScreenManifests
> Task :app:extractDeepLinksDebug
> Task :app:parseDebugLocalResources
> Task :app:mergeDebugResources
> Task :app:processDebugMainManifest
> Task :app:processDebugManifest
> Task :app:extractDebugPythonBuildPackages

> Task :app:generateDebugPythonRequirements
Chaquopy: Installing for arm64-v8a
Looking in indexes: https://pypi.org/simple, https://chaquo.com/pypi-13.1
Collecting yt-dlp
  Downloading yt_dlp-2026.7.4-py3-none-any.whl (3.2 MB)
Collecting mutagen
  Downloading mutagen-1.48.1-py3-none-any.whl (195 kB)
Collecting requests
  Downloading requests-2.34.2-py3-none-any.whl (73 kB)
Collecting charset_normalizer<4,>=2
  Downloading charset_normalizer-3.4.9-py3-none-any.whl (64 kB)
Collecting urllib3<3,>=1.26
  Downloading urllib3-2.7.0-py3-none-any.whl (131 kB)
Collecting certifi>=2023.5.7
  Downloading certifi-2026.7.22-py3-none-any.whl (136 kB)
Collecting idna<4,>=2.5
  Downloading idna-3.18-py3-none-any.whl (65 kB)
Installing collected packages: yt-dlp, mutagen, charset-normalizer, urllib3, certifi, idna, requests
Successfully installed certifi-2026.7.22 charset-normalizer-3.4.9 idna-3.18 mutagen-1.48.1 requests-2.34.2 urllib3-2.7.0 yt-dlp-2026.7.4
Chaquopy: Installing for armeabi-v7a
Warning: Failed to compile to .pyc format: buildPython version 3.12.3 is incompatible. See https://chaquo.com/chaquopy/doc/current/android.html#android-bytecode.

> Task :app:mergeDebugPythonSources
Warning: Failed to compile to .pyc format: buildPython version 3.12.3 is incompatible. See https://chaquo.com/chaquopy/doc/current/android.html#android-bytecode.

> Task :app:generateDebugPythonProxies
> Task :app:javaPreCompileDebug
> Task :app:mergeDebugShaders
> Task :app:compileDebugShaders NO-SOURCE
> Task :app:generateDebugAssets UP-TO-DATE
> Task :app:generateDebugPythonMiscAssets
> Task :app:generateDebugPythonRequirementsAssets
> Task :app:generateDebugPythonSourceAssets
> Task :app:generateDebugPythonBuildAssets
> Task :app:mergeDebugAssets
> Task :app:processDebugManifestForPackage
> Task :app:compressDebugAssets
> Task :app:checkDebugDuplicateClasses
> Task :app:mergeLibDexDebug
> Task :app:desugarDebugFileDependencies

> Task :app:configureCMakeDebug[arm64-v8a]
Checking the license for package CMake 3.22.1 in /usr/local/lib/android/sdk/licenses
License for package CMake 3.22.1 accepted.
Preparing "Install CMake 3.22.1 v.3.22.1".

> Task :app:processDebugResources

> Task :app:configureCMakeDebug[arm64-v8a]
"Install CMake 3.22.1 v.3.22.1" ready.
Installing CMake 3.22.1 in /usr/local/lib/android/sdk/cmake/3.22.1
"Install CMake 3.22.1 v.3.22.1" complete.
"Install CMake 3.22.1 v.3.22.1" finished.

> Task :app:mergeExtDexDebug

> Task :app:compileDebugKotlin FAILED
e: file:///home/runner/work/streamify-apk/streamify-apk/app/src/main/java/com/streamify/app/ui/screens/SearchScreen.kt:168:51 Cannot find a parameter with this name: durationMs
e: file:///home/runner/work/streamify-apk/streamify-apk/app/src/main/java/com/streamify/app/ui/screens/SearchScreen.kt:169:33 Cannot find a parameter with this name: filePath
e: file:///home/runner/work/streamify-apk/streamify-apk/app/src/main/java/com/streamify/app/ui/screens/SearchScreen.kt:169:48 No value passed for parameter 'filepath'
e: file:///home/runner/work/streamify-apk/streamify-apk/app/src/main/java/com/streamify/app/ui/screens/SearchScreen.kt:169:48 No value passed for parameter 'durationSec'
e: file:///home/runner/work/streamify-apk/streamify-apk/app/src/main/java/com/streamify/app/ui/screens/SearchScreen.kt:169:48 No value passed for parameter 'bpm'
e: file:///home/runner/work/streamify-apk/streamify-apk/app/src/main/java/com/streamify/app/ui/screens/SearchScreen.kt:169:48 No value passed for parameter 'key'
e: file:///home/runner/work/streamify-apk/streamify-apk/app/src/main/java/com/streamify/app/ui/screens/SearchScreen.kt:169:48 No value passed for parameter 'lyricsPath'
e: file:///home/runner/work/streamify-apk/streamify-apk/app/src/main/java/com/streamify/app/ui/screens/SearchScreen.kt:169:48 No value passed for parameter 'source'

> Task :app:buildCMakeDebug[arm64-v8a]

FAILURE: Build failed with an exception.

* What went wrong:
Execution failed for task ':app:compileDebugKotlin'.
> A failure occurred while executing org.jetbrains.kotlin.compilerRunner.GradleCompilerRunnerWithWorkers$GradleKotlinCompilerWorkAction
   > Compilation error. See log for more details

* Try:
> Run with --stacktrace option to get the stack trace.
> Run with --info or --debug option to get more log output.
> Run with --scan to get full insights.
> Get more help at https://help.gradle.org.

Deprecated Gradle features were used in this build, making it incompatible with Gradle 9.0.

You can use '--warning-mode all' to show the individual deprecation warnings and determine if they come from your own scripts or plugins.

For more on this, please refer to https://docs.gradle.org/8.7/userguide/command_line_interface.html#sec:command_line_warnings in the Gradle documentation.

BUILD FAILED in 1m 11s
32 actionable tasks: 32 executed
