openjdk version "17.0.19" 2026-04-21
OpenJDK Runtime Environment Temurin-17.0.19+10 (build 17.0.19+10)
OpenJDK 64-Bit Server VM Temurin-17.0.19+10 (build 17.0.19+10, mixed mode, sharing)

Welcome to Gradle 8.7!

Here are the highlights of this release:
 - Compiling and testing with Java 22
 - Cacheable Groovy script compilation
 - New methods in lazy collection properties

For more details see https://docs.gradle.org/8.7/release-notes.html

Starting a Gradle Daemon (subsequent builds will be faster)

> Configure project :app
Warning: Python version 3.11 may have fewer packages available. If you experience problems, try switching to version 3.8.
This version only understands SDK XML versions up to 3 but an SDK XML file of version 4 was encountered. This can happen if you use versions of Android Studio and the command-line tools that were released at different times.
Checking the license for package NDK (Side by side) 25.1.8937393 in /usr/local/lib/android/sdk/licenses
License for package NDK (Side by side) 25.1.8937393 accepted.
Preparing "Install NDK (Side by side) 25.1.8937393 v.25.1.8937393".
"Install NDK (Side by side) 25.1.8937393 v.25.1.8937393" ready.
Installing NDK (Side by side) 25.1.8937393 in /usr/local/lib/android/sdk/ndk/25.1.8937393
"Install NDK (Side by side) 25.1.8937393 v.25.1.8937393" complete.
"Install NDK (Side by side) 25.1.8937393 v.25.1.8937393" finished.

> Task :app:preBuild UP-TO-DATE
> Task :app:preDebugBuild UP-TO-DATE
> Task :app:mergeDebugNativeDebugMetadata NO-SOURCE
> Task :app:checkKotlinGradlePluginConfigurationErrors
> Task :app:generateDebugResValues FROM-CACHE
> Task :app:checkDebugAarMetadata
> Task :app:mapDebugSourceSetPaths
> Task :app:generateDebugResources UP-TO-DATE
> Task :app:mergeDebugResources FROM-CACHE
> Task :app:packageDebugResources FROM-CACHE
> Task :app:parseDebugLocalResources FROM-CACHE
> Task :app:createDebugCompatibleScreenManifests
> Task :app:extractDeepLinksDebug FROM-CACHE
> Task :app:processDebugMainManifest
> Task :app:processDebugManifest
> Task :app:extractDebugPythonBuildPackages

> Task :app:generateDebugPythonRequirements
Chaquopy: Installing for arm64-v8a
Looking in indexes: https://pypi.org/simple, https://chaquo.com/pypi-13.1
Collecting yt-dlp
  Downloading yt_dlp-2026.7.4-py3-none-any.whl (3.2 MB)
Collecting mutagen
  Downloading mutagen-1.48.1-py3-none-any.whl (195 kB)
Collecting requests
  Downloading requests-2.34.2-py3-none-any.whl (73 kB)
Collecting urllib3<3,>=1.26
  Downloading urllib3-2.7.0-py3-none-any.whl (131 kB)
Collecting idna<4,>=2.5
  Downloading idna-3.18-py3-none-any.whl (65 kB)
Collecting charset_normalizer<4,>=2
  Downloading charset_normalizer-3.5.0-py3-none-any.whl (67 kB)
Collecting certifi>=2023.5.7
  Downloading certifi-2026.7.22-py3-none-any.whl (136 kB)
Installing collected packages: yt-dlp, mutagen, urllib3, idna, charset-normalizer, certifi, requests
Successfully installed certifi-2026.7.22 charset-normalizer-3.5.0 idna-3.18 mutagen-1.48.1 requests-2.34.2 urllib3-2.7.0 yt-dlp-2026.7.4

> Task :app:mergeDebugPythonSources
> Task :app:generateDebugPythonProxies
> Task :app:javaPreCompileDebug FROM-CACHE
> Task :app:mergeDebugShaders FROM-CACHE
> Task :app:compileDebugShaders NO-SOURCE
> Task :app:generateDebugAssets UP-TO-DATE
> Task :app:generateDebugPythonMiscAssets
> Task :app:generateDebugPythonRequirementsAssets
> Task :app:generateDebugPythonSourceAssets
> Task :app:generateDebugPythonBuildAssets
> Task :app:mergeDebugAssets
> Task :app:desugarDebugFileDependencies FROM-CACHE
> Task :app:processDebugManifestForPackage
> Task :app:compressDebugAssets
> Task :app:checkDebugDuplicateClasses
> Task :app:configureCMakeDebug[arm64-v8a]
> Task :app:mergeExtDexDebug FROM-CACHE
> Task :app:mergeLibDexDebug FROM-CACHE
> Task :app:processDebugResources
> Task :app:buildCMakeDebug[arm64-v8a]
> Task :app:generateDebugPythonJniLibs
> Task :app:mergeDebugJniLibFolders FROM-CACHE
> Task :app:mergeDebugNativeLibs
> Task :app:validateSigningDebug
> Task :app:writeDebugAppMetadata
> Task :app:writeDebugSigningConfigVersions
> Task :app:stripDebugDebugSymbols

> Task :app:compileDebugKotlin FAILED
e: file:///home/runner/work/streamify-apk/streamify-apk/app/src/main/java/com/streamify/app/MainActivity.kt:147:73 Unresolved reference: togglePlayPause
e: file:///home/runner/work/streamify-apk/streamify-apk/app/src/main/java/com/streamify/app/MainActivity.kt:148:68 Unresolved reference: skipNext
e: file:///home/runner/work/streamify-apk/streamify-apk/app/src/main/java/com/streamify/app/MainActivity.kt:149:72 Unresolved reference: skipPrevious
e: file:///home/runner/work/streamify-apk/streamify-apk/app/src/main/java/com/streamify/app/MainActivity.kt:151:74 Unresolved reference: toggleLike
e: file:///home/runner/work/streamify-apk/streamify-apk/app/src/main/java/com/streamify/app/MainActivity.kt:171:73 Unresolved reference: togglePlayPause
e: file:///home/runner/work/streamify-apk/streamify-apk/app/src/main/java/com/streamify/app/MainActivity.kt:172:68 Unresolved reference: skipNext
e: file:///home/runner/work/streamify-apk/streamify-apk/app/src/main/java/com/streamify/app/MainActivity.kt:173:72 Unresolved reference: skipPrevious
e: file:///home/runner/work/streamify-apk/streamify-apk/app/src/main/java/com/streamify/app/MainActivity.kt:175:61 Unresolved reference: seekTo
e: file:///home/runner/work/streamify-apk/streamify-apk/app/src/main/java/com/streamify/app/MainActivity.kt:177:77 Unresolved reference: toggleShuffle
e: file:///home/runner/work/streamify-apk/streamify-apk/app/src/main/java/com/streamify/app/MainActivity.kt:178:76 Unresolved reference: toggleRepeat
e: file:///home/runner/work/streamify-apk/streamify-apk/app/src/main/java/com/streamify/app/MainActivity.kt:179:74 Unresolved reference: toggleLike
e: file:///home/runner/work/streamify-apk/streamify-apk/app/src/main/java/com/streamify/app/MainActivity.kt:189:78 Unresolved reference: toggleAutoPlay
e: file:///home/runner/work/streamify-apk/streamify-apk/app/src/main/java/com/streamify/app/navigation/AppNavGraph.kt:32:37 Unresolved reference: playTrack
e: file:///home/runner/work/streamify-apk/streamify-apk/app/src/main/java/com/streamify/app/navigation/AppNavGraph.kt:43:37 Unresolved reference: playTrack
e: file:///home/runner/work/streamify-apk/streamify-apk/app/src/main/java/com/streamify/app/navigation/AppNavGraph.kt:51:37 Unresolved reference: playTrack
e: file:///home/runner/work/streamify-apk/streamify-apk/app/src/main/java/com/streamify/app/navigation/AppNavGraph.kt:61:41 Unresolved reference: playTrack
e: file:///home/runner/work/streamify-apk/streamify-apk/app/src/main/java/com/streamify/app/navigation/AppNavGraph.kt:86:50 Unresolved reference: seekTo
e: file:///home/runner/work/streamify-apk/streamify-apk/app/src/main/java/com/streamify/app/ui/screens/LibraryScreen.kt:432:33 Unresolved reference: toggleLike
e: file:///home/runner/work/streamify-apk/streamify-apk/app/src/main/java/com/streamify/app/ui/screens/LibraryScreen.kt:437:33 Unresolved reference: addToQueue
e: file:///home/runner/work/streamify-apk/streamify-apk/app/src/main/java/com/streamify/app/ui/screens/QueueScreen.kt:62:52 Unresolved reference: reorderQueue
e: file:///home/runner/work/streamify-apk/streamify-apk/app/src/main/java/com/streamify/app/ui/screens/QueueScreen.kt:86:33 Unresolved reference: toggleLike
e: file:///home/runner/work/streamify-apk/streamify-apk/app/src/main/java/com/streamify/app/ui/screens/QueueScreen.kt:91:33 Unresolved reference: addToQueue
e: file:///home/runner/work/streamify-apk/streamify-apk/app/src/main/java/com/streamify/app/ui/screens/SearchScreen.kt:290:33 Unresolved reference: toggleLike
e: file:///home/runner/work/streamify-apk/streamify-apk/app/src/main/java/com/streamify/app/ui/screens/SearchScreen.kt:295:33 Unresolved reference: addToQueue
e: file:///home/runner/work/streamify-apk/streamify-apk/app/src/main/java/com/streamify/app/ui/screens/SettingsScreen.kt:206:66 Unresolved reference: setSleepTimer
e: file:///home/runner/work/streamify-apk/streamify-apk/app/src/main/java/com/streamify/app/ui/screens/SettingsScreen.kt:207:73 Unresolved reference: setSleepTimer
e: file:///home/runner/work/streamify-apk/streamify-apk/app/src/main/java/com/streamify/app/ui/screens/SettingsScreen.kt:208:73 Unresolved reference: setSleepTimer
e: file:///home/runner/work/streamify-apk/streamify-apk/app/src/main/java/com/streamify/app/ui/screens/SettingsScreen.kt:209:73 Unresolved reference: setSleepTimer
e: file:///home/runner/work/streamify-apk/streamify-apk/app/src/main/java/com/streamify/app/ui/screens/SettingsScreen.kt:210:69 Unresolved reference: setSleepTimer
e: file:///home/runner/work/streamify-apk/streamify-apk/app/src/main/java/com/streamify/app/ui/screens/SettingsScreen.kt:211:75 Unresolved reference: setSleepTimer
e: file:///home/runner/work/streamify-apk/streamify-apk/app/src/main/java/com/streamify/app/viewmodel/PlayerViewModel.kt:192:10 Expecting member declaration
e: file:///home/runner/work/streamify-apk/streamify-apk/app/src/main/java/com/streamify/app/viewmodel/PlayerViewModel.kt:193:6 Expecting ','
e: file:///home/runner/work/streamify-apk/streamify-apk/app/src/main/java/com/streamify/app/viewmodel/PlayerViewModel.kt:236:6 Expecting ','
e: file:///home/runner/work/streamify-apk/streamify-apk/app/src/main/java/com/streamify/app/viewmodel/PlayerViewModel.kt:281:6 Expecting ','
e: file:///home/runner/work/streamify-apk/streamify-apk/app/src/main/java/com/streamify/app/viewmodel/PlayerViewModel.kt:286:6 Expecting ','
e: file:///home/runner/work/streamify-apk/streamify-apk/app/src/main/java/com/streamify/app/viewmodel/PlayerViewModel.kt:291:6 Expecting ','
e: file:///home/runner/work/streamify-apk/streamify-apk/app/src/main/java/com/streamify/app/viewmodel/PlayerViewModel.kt:295:6 Expecting ','
e: file:///home/runner/work/streamify-apk/streamify-apk/app/src/main/java/com/streamify/app/viewmodel/PlayerViewModel.kt:299:6 Expecting ','
e: file:///home/runner/work/streamify-apk/streamify-apk/app/src/main/java/com/streamify/app/viewmodel/PlayerViewModel.kt:304:6 Expecting ','
e: file:///home/runner/work/streamify-apk/streamify-apk/app/src/main/java/com/streamify/app/viewmodel/PlayerViewModel.kt:309:6 Expecting ','
e: file:///home/runner/work/streamify-apk/streamify-apk/app/src/main/java/com/streamify/app/viewmodel/PlayerViewModel.kt:336:6 Expecting ','
e: file:///home/runner/work/streamify-apk/streamify-apk/app/src/main/java/com/streamify/app/viewmodel/PlayerViewModel.kt:345:6 Expecting ','
e: file:///home/runner/work/streamify-apk/streamify-apk/app/src/main/java/com/streamify/app/viewmodel/PlayerViewModel.kt:365:6 Expecting ','
e: file:///home/runner/work/streamify-apk/streamify-apk/app/src/main/java/com/streamify/app/viewmodel/PlayerViewModel.kt:388:6 Expecting ')'
e: file:///home/runner/work/streamify-apk/streamify-apk/app/src/main/java/com/streamify/app/viewmodel/PlayerViewModel.kt:389:2 Missing '}
e: file:///home/runner/work/streamify-apk/streamify-apk/app/src/main/java/com/streamify/app/viewmodel/PlayerViewModel.kt:67:32 Unresolved reference: startPollingPosition
e: file:///home/runner/work/streamify-apk/streamify-apk/app/src/main/java/com/streamify/app/viewmodel/PlayerViewModel.kt:67:60 Unresolved reference: stopPollingPosition
e: file:///home/runner/work/streamify-apk/streamify-apk/app/src/main/java/com/streamify/app/viewmodel/PlayerViewModel.kt:71:17 Unresolved reference: updateCurrentTrackFromMediaItem
e: file:///home/runner/work/streamify-apk/streamify-apk/app/src/main/java/com/streamify/app/viewmodel/PlayerViewModel.kt:185:13 Modifier 'override' is not applicable to 'local function'
e: file:///home/runner/work/streamify-apk/streamify-apk/app/src/main/java/com/streamify/app/viewmodel/PlayerViewModel.kt:189:13 Modifier 'override' is not applicable to 'local function'
e: file:///home/runner/work/streamify-apk/streamify-apk/app/src/main/java/com/streamify/app/viewmodel/PlayerViewModel.kt:195:5 Too many arguments for public final fun addListener(p0: Player.Listener): Unit defined in androidx.media3.session.MediaController
e: file:///home/runner/work/streamify-apk/streamify-apk/app/src/main/java/com/streamify/app/viewmodel/PlayerViewModel.kt:195:9 Anonymous functions with names are prohibited
e: file:///home/runner/work/streamify-apk/streamify-apk/app/src/main/java/com/streamify/app/viewmodel/PlayerViewModel.kt:199:5 Unresolved reference: private
e: file:///home/runner/work/streamify-apk/streamify-apk/app/src/main/java/com/streamify/app/viewmodel/PlayerViewModel.kt:199:17 Anonymous functions with names are prohibited
e: file:///home/runner/work/streamify-apk/streamify-apk/app/src/main/java/com/streamify/app/viewmodel/PlayerViewModel.kt:218:17 Anonymous functions with names are prohibited
e: file:///home/runner/work/streamify-apk/streamify-apk/app/src/main/java/com/streamify/app/viewmodel/PlayerViewModel.kt:234:17 Anonymous functions with names are prohibited
e: file:///home/runner/work/streamify-apk/streamify-apk/app/src/main/java/com/streamify/app/viewmodel/PlayerViewModel.kt:238:5 Too many arguments for public final fun addListener(p0: Player.Listener): Unit defined in androidx.media3.session.MediaController
e: file:///home/runner/work/streamify-apk/streamify-apk/app/src/main/java/com/streamify/app/viewmodel/PlayerViewModel.kt:238:9 Anonymous functions with names are prohibited
e: file:///home/runner/work/streamify-apk/streamify-apk/app/src/main/java/com/streamify/app/viewmodel/PlayerViewModel.kt:238:54 An anonymous function is not allowed to specify default values for its parameters
e: file:///home/runner/work/streamify-apk/streamify-apk/app/src/main/java/com/streamify/app/viewmodel/PlayerViewModel.kt:283:5 Too many arguments for public final fun addListener(p0: Player.Listener): Unit defined in androidx.media3.session.MediaController
e: file:///home/runner/work/streamify-apk/streamify-apk/app/src/main/java/com/streamify/app/viewmodel/PlayerViewModel.kt:283:9 Anonymous functions with names are prohibited
e: file:///home/runner/work/streamify-apk/streamify-apk/app/src/main/java/com/streamify/app/viewmodel/PlayerViewModel.kt:288:5 Too many arguments for public final fun addListener(p0: Player.Listener): Unit defined in androidx.media3.session.MediaController
e: file:///home/runner/work/streamify-apk/streamify-apk/app/src/main/java/com/streamify/app/viewmodel/PlayerViewModel.kt:288:9 Anonymous functions with names are prohibited
e: file:///home/runner/work/streamify-apk/streamify-apk/app/src/main/java/com/streamify/app/viewmodel/PlayerViewModel.kt:293:5 Too many arguments for public final fun addListener(p0: Player.Listener): Unit defined in androidx.media3.session.MediaController
e: file:///home/runner/work/streamify-apk/streamify-apk/app/src/main/java/com/streamify/app/viewmodel/PlayerViewModel.kt:293:9 Anonymous functions with names are prohibited
e: file:///home/runner/work/streamify-apk/streamify-apk/app/src/main/java/com/streamify/app/viewmodel/PlayerViewModel.kt:297:5 Too many arguments for public final fun addListener(p0: Player.Listener): Unit defined in androidx.media3.session.MediaController
e: file:///home/runner/work/streamify-apk/streamify-apk/app/src/main/java/com/streamify/app/viewmodel/PlayerViewModel.kt:297:9 Anonymous functions with names are prohibited
e: file:///home/runner/work/streamify-apk/streamify-apk/app/src/main/java/com/streamify/app/viewmodel/PlayerViewModel.kt:301:5 Too many arguments for public final fun addListener(p0: Player.Listener): Unit defined in androidx.media3.session.MediaController
e: file:///home/runner/work/streamify-apk/streamify-apk/app/src/main/java/com/streamify/app/viewmodel/PlayerViewModel.kt:301:9 Anonymous functions with names are prohibited
e: file:///home/runner/work/streamify-apk/streamify-apk/app/src/main/java/com/streamify/app/viewmodel/PlayerViewModel.kt:306:5 Too many arguments for public final fun addListener(p0: Player.Listener): Unit defined in androidx.media3.session.MediaController
e: file:///home/runner/work/streamify-apk/streamify-apk/app/src/main/java/com/streamify/app/viewmodel/PlayerViewModel.kt:306:9 Anonymous functions with names are prohibited
e: file:///home/runner/work/streamify-apk/streamify-apk/app/src/main/java/com/streamify/app/viewmodel/PlayerViewModel.kt:311:5 Too many arguments for public final fun addListener(p0: Player.Listener): Unit defined in androidx.media3.session.MediaController
e: file:///home/runner/work/streamify-apk/streamify-apk/app/src/main/java/com/streamify/app/viewmodel/PlayerViewModel.kt:311:9 Anonymous functions with names are prohibited
e: file:///home/runner/work/streamify-apk/streamify-apk/app/src/main/java/com/streamify/app/viewmodel/PlayerViewModel.kt:311:44 An anonymous function is not allowed to specify default values for its parameters
e: file:///home/runner/work/streamify-apk/streamify-apk/app/src/main/java/com/streamify/app/viewmodel/PlayerViewModel.kt:338:5 Too many arguments for public final fun addListener(p0: Player.Listener): Unit defined in androidx.media3.session.MediaController
e: file:///home/runner/work/streamify-apk/streamify-apk/app/src/main/java/com/streamify/app/viewmodel/PlayerViewModel.kt:338:9 Anonymous functions with names are prohibited
e: file:///home/runner/work/streamify-apk/streamify-apk/app/src/main/java/com/streamify/app/viewmodel/PlayerViewModel.kt:347:5 Too many arguments for public final fun addListener(p0: Player.Listener): Unit defined in androidx.media3.session.MediaController
e: file:///home/runner/work/streamify-apk/streamify-apk/app/src/main/java/com/streamify/app/viewmodel/PlayerViewModel.kt:347:9 Anonymous functions with names are prohibited
e: file:///home/runner/work/streamify-apk/streamify-apk/app/src/main/java/com/streamify/app/viewmodel/PlayerViewModel.kt:347:60 An anonymous function is not allowed to specify default values for its parameters
e: file:///home/runner/work/streamify-apk/streamify-apk/app/src/main/java/com/streamify/app/viewmodel/PlayerViewModel.kt:367:5 Too many arguments for public final fun addListener(p0: Player.Listener): Unit defined in androidx.media3.session.MediaController
e: file:///home/runner/work/streamify-apk/streamify-apk/app/src/main/java/com/streamify/app/viewmodel/PlayerViewModel.kt:367:9 Anonymous functions with names are prohibited
e: file:///home/runner/work/streamify-apk/streamify-apk/app/src/main/java/com/streamify/app/viewmodel/PlayerViewModel.kt:385:5 Unresolved reference: override
e: file:///home/runner/work/streamify-apk/streamify-apk/app/src/main/java/com/streamify/app/viewmodel/PlayerViewModel.kt:385:18 Anonymous functions with names are prohibited
e: file:///home/runner/work/streamify-apk/streamify-apk/app/src/main/java/com/streamify/app/viewmodel/SearchViewModel.kt:213:33 Unresolved reference: playTrack

FAILURE: Build failed with an exception.

* What went wrong:
Execution failed for task ':app:compileDebugKotlin'.
> A failure occurred while executing org.jetbrains.kotlin.compilerRunner.GradleCompilerRunnerWithWorkers$GradleKotlinCompilerWorkAction
   > Compilation error. See log for more details

* Try:
> Run with --info or --debug option to get more log output.
> Run with --scan to get full insights.
> Get more help at https://help.gradle.org.

* Exception is:
org.gradle.api.tasks.TaskExecutionException: Execution failed for task ':app:compileDebugKotlin'.
	at org.gradle.api.internal.tasks.execution.ExecuteActionsTaskExecuter.lambda$executeIfValid$1(ExecuteActionsTaskExecuter.java:130)
	at org.gradle.internal.Try$Failure.ifSuccessfulOrElse(Try.java:282)
	at org.gradle.api.internal.tasks.execution.ExecuteActionsTaskExecuter.executeIfValid(ExecuteActionsTaskExecuter.java:128)
	at org.gradle.api.internal.tasks.execution.ExecuteActionsTaskExecuter.execute(ExecuteActionsTaskExecuter.java:116)
	at org.gradle.api.internal.tasks.execution.FinalizePropertiesTaskExecuter.execute(FinalizePropertiesTaskExecuter.java:46)
	at org.gradle.api.internal.tasks.execution.ResolveTaskExecutionModeExecuter.execute(ResolveTaskExecutionModeExecuter.java:51)
	at org.gradle.api.internal.tasks.execution.SkipTaskWithNoActionsExecuter.execute(SkipTaskWithNoActionsExecuter.java:57)
	at org.gradle.api.internal.tasks.execution.SkipOnlyIfTaskExecuter.execute(SkipOnlyIfTaskExecuter.java:74)
	at org.gradle.api.internal.tasks.execution.CatchExceptionTaskExecuter.execute(CatchExceptionTaskExecuter.java:36)
	at org.gradle.api.internal.tasks.execution.EventFiringTaskExecuter$1.executeTask(EventFiringTaskExecuter.java:77)
	at org.gradle.api.internal.tasks.execution.EventFiringTaskExecuter$1.call(EventFiringTaskExecuter.java:55)
	at org.gradle.api.internal.tasks.execution.EventFiringTaskExecuter$1.call(EventFiringTaskExecuter.java:52)
	at org.gradle.internal.operations.DefaultBuildOperationRunner$CallableBuildOperationWorker.execute(DefaultBuildOperationRunner.java:200)
	at org.gradle.internal.operations.DefaultBuildOperationRunner$CallableBuildOperationWorker.execute(DefaultBuildOperationRunner.java:195)
	at org.gradle.internal.operations.DefaultBuildOperationRunner$2.execute(DefaultBuildOperationRunner.java:66)
	at org.gradle.internal.operations.DefaultBuildOperationRunner$2.execute(DefaultBuildOperationRunner.java:59)
	at org.gradle.internal.operations.DefaultBuildOperationRunner.execute(DefaultBuildOperationRunner.java:157)
	at org.gradle.internal.operations.DefaultBuildOperationRunner.execute(DefaultBuildOperationRunner.java:59)
	at org.gradle.internal.operations.DefaultBuildOperationRunner.call(DefaultBuildOperationRunner.java:53)
	at org.gradle.internal.operations.DefaultBuildOperationExecutor.call(DefaultBuildOperationExecutor.java:73)
	at org.gradle.api.internal.tasks.execution.EventFiringTaskExecuter.execute(EventFiringTaskExecuter.java:52)
	at org.gradle.execution.plan.LocalTaskNodeExecutor.execute(LocalTaskNodeExecutor.java:42)
	at org.gradle.execution.taskgraph.DefaultTaskExecutionGraph$InvokeNodeExecutorsAction.execute(DefaultTaskExecutionGraph.java:331)
	at org.gradle.execution.taskgraph.DefaultTaskExecutionGraph$InvokeNodeExecutorsAction.execute(DefaultTaskExecutionGraph.java:318)
	at org.gradle.execution.taskgraph.DefaultTaskExecutionGraph$BuildOperationAwareExecutionAction.lambda$execute$0(DefaultTaskExecutionGraph.java:314)
	at org.gradle.internal.operations.CurrentBuildOperationRef.with(CurrentBuildOperationRef.java:80)
	at org.gradle.execution.taskgraph.DefaultTaskExecutionGraph$BuildOperationAwareExecutionAction.execute(DefaultTaskExecutionGraph.java:314)
	at org.gradle.execution.taskgraph.DefaultTaskExecutionGraph$BuildOperationAwareExecutionAction.execute(DefaultTaskExecutionGraph.java:303)
	at org.gradle.execution.plan.DefaultPlanExecutor$ExecutorWorker.execute(DefaultPlanExecutor.java:463)
	at org.gradle.execution.plan.DefaultPlanExecutor$ExecutorWorker.run(DefaultPlanExecutor.java:380)
	at org.gradle.internal.concurrent.ExecutorPolicy$CatchAndRecordFailures.onExecute(ExecutorPolicy.java:64)
	at org.gradle.internal.concurrent.AbstractManagedExecutor$1.run(AbstractManagedExecutor.java:47)
Caused by: org.gradle.workers.internal.DefaultWorkerExecutor$WorkExecutionException: A failure occurred while executing org.jetbrains.kotlin.compilerRunner.GradleCompilerRunnerWithWorkers$GradleKotlinCompilerWorkAction
	at org.gradle.workers.internal.DefaultWorkerExecutor$WorkItemExecution.waitForCompletion(DefaultWorkerExecutor.java:287)
	at org.gradle.internal.work.DefaultAsyncWorkTracker.lambda$waitForItemsAndGatherFailures$2(DefaultAsyncWorkTracker.java:130)
	at org.gradle.internal.Factories$1.create(Factories.java:31)
	at org.gradle.internal.work.DefaultWorkerLeaseService.withoutLocks(DefaultWorkerLeaseService.java:336)
	at org.gradle.internal.work.DefaultWorkerLeaseService.withoutLocks(DefaultWorkerLeaseService.java:319)
	at org.gradle.internal.work.DefaultWorkerLeaseService.withoutLock(DefaultWorkerLeaseService.java:324)
	at org.gradle.internal.work.DefaultAsyncWorkTracker.waitForItemsAndGatherFailures(DefaultAsyncWorkTracker.java:126)
	at org.gradle.internal.work.DefaultAsyncWorkTracker.waitForItemsAndGatherFailures(DefaultAsyncWorkTracker.java:92)
	at org.gradle.internal.work.DefaultAsyncWorkTracker.waitForAll(DefaultAsyncWorkTracker.java:78)
	at org.gradle.internal.work.DefaultAsyncWorkTracker.waitForCompletion(DefaultAsyncWorkTracker.java:66)
	at org.gradle.api.internal.tasks.execution.TaskExecution$3.run(TaskExecution.java:252)
	at org.gradle.internal.operations.DefaultBuildOperationRunner$1.execute(DefaultBuildOperationRunner.java:29)
	at org.gradle.internal.operations.DefaultBuildOperationRunner$1.execute(DefaultBuildOperationRunner.java:26)
	at org.gradle.internal.operations.DefaultBuildOperationRunner$2.execute(DefaultBuildOperationRunner.java:66)
	at org.gradle.internal.operations.DefaultBuildOperationRunner$2.execute(DefaultBuildOperationRunner.java:59)
	at org.gradle.internal.operations.DefaultBuildOperationRunner.execute(DefaultBuildOperationRunner.java:157)
	at org.gradle.internal.operations.DefaultBuildOperationRunner.execute(DefaultBuildOperationRunner.java:59)
	at org.gradle.internal.operations.DefaultBuildOperationRunner.run(DefaultBuildOperationRunner.java:47)
	at org.gradle.internal.operations.DefaultBuildOperationExecutor.run(DefaultBuildOperationExecutor.java:68)
	at org.gradle.api.internal.tasks.execution.TaskExecution.executeAction(TaskExecution.java:229)
	at org.gradle.api.internal.tasks.execution.TaskExecution.executeActions(TaskExecution.java:212)
	at org.gradle.api.internal.tasks.execution.TaskExecution.executeWithPreviousOutputFiles(TaskExecution.java:195)
	at org.gradle.api.internal.tasks.execution.TaskExecution.execute(TaskExecution.java:162)
	at org.gradle.internal.execution.steps.ExecuteStep.executeInternal(ExecuteStep.java:105)
	at org.gradle.internal.execution.steps.ExecuteStep.access$000(ExecuteStep.java:44)
	at org.gradle.internal.execution.steps.ExecuteStep$1.call(ExecuteStep.java:59)
	at org.gradle.internal.execution.steps.ExecuteStep$1.call(ExecuteStep.java:56)
	at org.gradle.internal.operations.DefaultBuildOperationRunner$CallableBuildOperationWorker.execute(DefaultBuildOperationRunner.java:200)
	at org.gradle.internal.operations.DefaultBuildOperationRunner$CallableBuildOperationWorker.execute(DefaultBuildOperationRunner.java:195)
	at org.gradle.internal.operations.DefaultBuildOperationRunner$2.execute(DefaultBuildOperationRunner.java:66)
	at org.gradle.internal.operations.DefaultBuildOperationRunner$2.execute(DefaultBuildOperationRunner.java:59)
	at org.gradle.internal.operations.DefaultBuildOperationRunner.execute(DefaultBuildOperationRunner.java:157)
	at org.gradle.internal.operations.DefaultBuildOperationRunner.execute(DefaultBuildOperationRunner.java:59)
	at org.gradle.internal.operations.DefaultBuildOperationRunner.call(DefaultBuildOperationRunner.java:53)
	at org.gradle.internal.operations.DefaultBuildOperationExecutor.call(DefaultBuildOperationExecutor.java:73)
	at org.gradle.internal.execution.steps.ExecuteStep.execute(ExecuteStep.java:56)
	at org.gradle.internal.execution.steps.ExecuteStep.execute(ExecuteStep.java:44)
	at org.gradle.internal.execution.steps.CancelExecutionStep.execute(CancelExecutionStep.java:41)
	at org.gradle.internal.execution.steps.TimeoutStep.executeWithoutTimeout(TimeoutStep.java:74)
	at org.gradle.internal.execution.steps.TimeoutStep.execute(TimeoutStep.java:55)
	at org.gradle.internal.execution.steps.PreCreateOutputParentsStep.execute(PreCreateOutputParentsStep.java:50)
	at org.gradle.internal.execution.steps.PreCreateOutputParentsStep.execute(PreCreateOutputParentsStep.java:28)
	at org.gradle.internal.execution.steps.RemovePreviousOutputsStep.execute(RemovePreviousOutputsStep.java:67)
	at org.gradle.internal.execution.steps.RemovePreviousOutputsStep.execute(RemovePreviousOutputsStep.java:37)
	at org.gradle.internal.execution.steps.BroadcastChangingOutputsStep.execute(BroadcastChangingOutputsStep.java:61)
	at org.gradle.internal.execution.steps.BroadcastChangingOutputsStep.execute(BroadcastChangingOutputsStep.java:26)
	at org.gradle.internal.execution.steps.CaptureOutputsAfterExecutionStep.execute(CaptureOutputsAfterExecutionStep.java:67)
	at org.gradle.internal.execution.steps.CaptureOutputsAfterExecutionStep.execute(CaptureOutputsAfterExecutionStep.java:45)
	at org.gradle.internal.execution.steps.ResolveInputChangesStep.execute(ResolveInputChangesStep.java:40)
	at org.gradle.internal.execution.steps.ResolveInputChangesStep.execute(ResolveInputChangesStep.java:29)
	at org.gradle.internal.execution.steps.BuildCacheStep.executeWithoutCache(BuildCacheStep.java:189)
	at org.gradle.internal.execution.steps.BuildCacheStep.executeAndStoreInCache(BuildCacheStep.java:145)
	at org.gradle.internal.execution.steps.BuildCacheStep.lambda$executeWithCache$4(BuildCacheStep.java:101)
	at org.gradle.internal.execution.steps.BuildCacheStep.lambda$executeWithCache$5(BuildCacheStep.java:101)
	at org.gradle.internal.Try$Success.map(Try.java:164)
	at org.gradle.internal.execution.steps.BuildCacheStep.executeWithCache(BuildCacheStep.java:85)
	at org.gradle.internal.execution.steps.BuildCacheStep.lambda$execute$0(BuildCacheStep.java:74)
	at org.gradle.internal.Either$Left.fold(Either.java:115)
	at org.gradle.internal.execution.caching.CachingState.fold(CachingState.java:62)
	at org.gradle.internal.execution.steps.BuildCacheStep.execute(BuildCacheStep.java:73)
	at org.gradle.internal.execution.steps.BuildCacheStep.execute(BuildCacheStep.java:48)
	at org.gradle.internal.execution.steps.StoreExecutionStateStep.execute(StoreExecutionStateStep.java:46)
	at org.gradle.internal.execution.steps.StoreExecutionStateStep.execute(StoreExecutionStateStep.java:35)
	at org.gradle.internal.execution.steps.SkipUpToDateStep.executeBecause(SkipUpToDateStep.java:76)
	at org.gradle.internal.execution.steps.SkipUpToDateStep.lambda$execute$2(SkipUpToDateStep.java:54)
	at org.gradle.internal.execution.steps.SkipUpToDateStep.execute(SkipUpToDateStep.java:54)
	at org.gradle.internal.execution.steps.SkipUpToDateStep.execute(SkipUpToDateStep.java:36)
	at org.gradle.internal.execution.steps.legacy.MarkSnapshottingInputsFinishedStep.execute(MarkSnapshottingInputsFinishedStep.java:37)
	at org.gradle.internal.execution.steps.legacy.MarkSnapshottingInputsFinishedStep.execute(MarkSnapshottingInputsFinishedStep.java:27)
	at org.gradle.internal.execution.steps.ResolveIncrementalCachingStateStep.executeDelegate(ResolveIncrementalCachingStateStep.java:49)
	at org.gradle.internal.execution.steps.ResolveIncrementalCachingStateStep.executeDelegate(ResolveIncrementalCachingStateStep.java:27)
	at org.gradle.internal.execution.steps.AbstractResolveCachingStateStep.execute(AbstractResolveCachingStateStep.java:71)
	at org.gradle.internal.execution.steps.AbstractResolveCachingStateStep.execute(AbstractResolveCachingStateStep.java:39)
	at org.gradle.internal.execution.steps.ResolveChangesStep.execute(ResolveChangesStep.java:65)
	at org.gradle.internal.execution.steps.ResolveChangesStep.execute(ResolveChangesStep.java:36)
	at org.gradle.internal.execution.steps.ValidateStep.execute(ValidateStep.java:106)
	at org.gradle.internal.execution.steps.ValidateStep.execute(ValidateStep.java:55)
	at org.gradle.internal.execution.steps.AbstractCaptureStateBeforeExecutionStep.execute(AbstractCaptureStateBeforeExecutionStep.java:64)
	at org.gradle.internal.execution.steps.AbstractCaptureStateBeforeExecutionStep.execute(AbstractCaptureStateBeforeExecutionStep.java:43)
	at org.gradle.internal.execution.steps.AbstractSkipEmptyWorkStep.executeWithNonEmptySources(AbstractSkipEmptyWorkStep.java:125)
	at org.gradle.internal.execution.steps.AbstractSkipEmptyWorkStep.execute(AbstractSkipEmptyWorkStep.java:61)
	at org.gradle.internal.execution.steps.AbstractSkipEmptyWorkStep.execute(AbstractSkipEmptyWorkStep.java:36)
	at org.gradle.internal.execution.steps.legacy.MarkSnapshottingInputsStartedStep.execute(MarkSnapshottingInputsStartedStep.java:38)
	at org.gradle.internal.execution.steps.LoadPreviousExecutionStateStep.execute(LoadPreviousExecutionStateStep.java:36)
	at org.gradle.internal.execution.steps.LoadPreviousExecutionStateStep.execute(LoadPreviousExecutionStateStep.java:23)
	at org.gradle.internal.execution.steps.HandleStaleOutputsStep.execute(HandleStaleOutputsStep.java:75)
	at org.gradle.internal.execution.steps.HandleStaleOutputsStep.execute(HandleStaleOutputsStep.java:41)
	at org.gradle.internal.execution.steps.AssignMutableWorkspaceStep.lambda$execute$0(AssignMutableWorkspaceStep.java:35)
	at org.gradle.api.internal.tasks.execution.TaskExecution$4.withWorkspace(TaskExecution.java:289)
	at org.gradle.internal.execution.steps.AssignMutableWorkspaceStep.execute(AssignMutableWorkspaceStep.java:31)
	at org.gradle.internal.execution.steps.AssignMutableWorkspaceStep.execute(AssignMutableWorkspaceStep.java:22)
	at org.gradle.internal.execution.steps.ChoosePipelineStep.execute(ChoosePipelineStep.java:40)
	at org.gradle.internal.execution.steps.ChoosePipelineStep.execute(ChoosePipelineStep.java:23)
	at org.gradle.internal.execution.steps.ExecuteWorkBuildOperationFiringStep.lambda$execute$2(ExecuteWorkBuildOperationFiringStep.java:67)
	at org.gradle.internal.execution.steps.ExecuteWorkBuildOperationFiringStep.execute(ExecuteWorkBuildOperationFiringStep.java:67)
	at org.gradle.internal.execution.steps.ExecuteWorkBuildOperationFiringStep.execute(ExecuteWorkBuildOperationFiringStep.java:39)
	at org.gradle.internal.execution.steps.IdentityCacheStep.execute(IdentityCacheStep.java:46)
	at org.gradle.internal.execution.steps.IdentityCacheStep.execute(IdentityCacheStep.java:34)
	at org.gradle.internal.execution.steps.IdentifyStep.execute(IdentifyStep.java:48)
	at org.gradle.internal.execution.steps.IdentifyStep.execute(IdentifyStep.java:35)
	at org.gradle.internal.execution.impl.DefaultExecutionEngine$1.execute(DefaultExecutionEngine.java:61)
	at org.gradle.api.internal.tasks.execution.ExecuteActionsTaskExecuter.executeIfValid(ExecuteActionsTaskExecuter.java:127)
	at org.gradle.api.internal.tasks.execution.ExecuteActionsTaskExecuter.execute(ExecuteActionsTaskExecuter.java:116)
	at org.gradle.api.internal.tasks.execution.FinalizePropertiesTaskExecuter.execute(FinalizePropertiesTaskExecuter.java:46)
	at org.gradle.api.internal.tasks.execution.ResolveTaskExecutionModeExecuter.execute(ResolveTaskExecutionModeExecuter.java:51)
	at org.gradle.api.internal.tasks.execution.SkipTaskWithNoActionsExecuter.execute(SkipTaskWithNoActionsExecuter.java:57)
	at org.gradle.api.internal.tasks.execution.SkipOnlyIfTaskExecuter.execute(SkipOnlyIfTaskExecuter.java:74)
	at org.gradle.api.internal.tasks.execution.CatchExceptionTaskExecuter.execute(CatchExceptionTaskExecuter.java:36)
	at org.gradle.api.internal.tasks.execution.EventFiringTaskExecuter$1.executeTask(EventFiringTaskExecuter.java:77)
	at org.gradle.api.internal.tasks.execution.EventFiringTaskExecuter$1.call(EventFiringTaskExecuter.java:55)
	at org.gradle.api.internal.tasks.execution.EventFiringTaskExecuter$1.call(EventFiringTaskExecuter.java:52)
	at org.gradle.internal.operations.DefaultBuildOperationRunner$CallableBuildOperationWorker.execute(DefaultBuildOperationRunner.java:200)
	at org.gradle.internal.operations.DefaultBuildOperationRunner$CallableBuildOperationWorker.execute(DefaultBuildOperationRunner.java:195)
	at org.gradle.internal.operations.DefaultBuildOperationRunner$2.execute(DefaultBuildOperationRunner.java:66)
	at org.gradle.internal.operations.DefaultBuildOperationRunner$2.execute(DefaultBuildOperationRunner.java:59)
	at org.gradle.internal.operations.DefaultBuildOperationRunner.execute(DefaultBuildOperationRunner.java:157)
	at org.gradle.internal.operations.DefaultBuildOperationRunner.execute(DefaultBuildOperationRunner.java:59)
	at org.gradle.internal.operations.DefaultBuildOperationRunner.call(DefaultBuildOperationRunner.java:53)
	at org.gradle.internal.operations.DefaultBuildOperationExecutor.call(DefaultBuildOperationExecutor.java:73)
	at org.gradle.api.internal.tasks.execution.EventFiringTaskExecuter.execute(EventFiringTaskExecuter.java:52)
	at org.gradle.execution.plan.LocalTaskNodeExecutor.execute(LocalTaskNodeExecutor.java:42)
	at org.gradle.execution.taskgraph.DefaultTaskExecutionGraph$InvokeNodeExecutorsAction.execute(DefaultTaskExecutionGraph.java:331)
	at org.gradle.execution.taskgraph.DefaultTaskExecutionGraph$InvokeNodeExecutorsAction.execute(DefaultTaskExecutionGraph.java:318)
	at org.gradle.execution.taskgraph.DefaultTaskExecutionGraph$BuildOperationAwareExecutionAction.lambda$execute$0(DefaultTaskExecutionGraph.java:314)
	at org.gradle.internal.operations.CurrentBuildOperationRef.with(CurrentBuildOperationRef.java:80)
	at org.gradle.execution.taskgraph.DefaultTaskExecutionGraph$BuildOperationAwareExecutionAction.execute(DefaultTaskExecutionGraph.java:314)
	at org.gradle.execution.taskgraph.DefaultTaskExecutionGraph$BuildOperationAwareExecutionAction.execute(DefaultTaskExecutionGraph.java:303)
	at org.gradle.execution.plan.DefaultPlanExecutor$ExecutorWorker.execute(DefaultPlanExecutor.java:463)
	at org.gradle.execution.plan.DefaultPlanExecutor$ExecutorWorker.run(DefaultPlanExecutor.java:380)
	at org.gradle.internal.concurrent.ExecutorPolicy$CatchAndRecordFailures.onExecute(ExecutorPolicy.java:64)
	at org.gradle.internal.concurrent.AbstractManagedExecutor$1.run(AbstractManagedExecutor.java:47)
Caused by: org.jetbrains.kotlin.gradle.tasks.CompilationErrorException: Compilation error. See log for more details
	at org.jetbrains.kotlin.gradle.tasks.TasksUtilsKt.throwExceptionIfCompilationFailed(tasksUtils.kt:20)
	at org.jetbrains.kotlin.compilerRunner.GradleKotlinCompilerWork.run(GradleKotlinCompilerWork.kt:141)
	at org.jetbrains.kotlin.compilerRunner.GradleCompilerRunnerWithWorkers$GradleKotlinCompilerWorkAction.execute(GradleCompilerRunnerWithWorkers.kt:73)
	at org.gradle.workers.internal.DefaultWorkerServer.execute(DefaultWorkerServer.java:63)
	at org.gradle.workers.internal.NoIsolationWorkerFactory$1$1.create(NoIsolationWorkerFactory.java:66)
	at org.gradle.workers.internal.NoIsolationWorkerFactory$1$1.create(NoIsolationWorkerFactory.java:62)
	at org.gradle.internal.classloader.ClassLoaderUtils.executeInClassloader(ClassLoaderUtils.java:100)
	at org.gradle.workers.internal.NoIsolationWorkerFactory$1.lambda$execute$0(NoIsolationWorkerFactory.java:62)
	at org.gradle.workers.internal.AbstractWorker$1.call(AbstractWorker.java:44)
	at org.gradle.workers.internal.AbstractWorker$1.call(AbstractWorker.java:41)
	at org.gradle.internal.operations.DefaultBuildOperationRunner$CallableBuildOperationWorker.execute(DefaultBuildOperationRunner.java:200)
	at org.gradle.internal.operations.DefaultBuildOperationRunner$CallableBuildOperationWorker.execute(DefaultBuildOperationRunner.java:195)
	at org.gradle.internal.operations.DefaultBuildOperationRunner$2.execute(DefaultBuildOperationRunner.java:66)
	at org.gradle.internal.operations.DefaultBuildOperationRunner$2.execute(DefaultBuildOperationRunner.java:59)
	at org.gradle.internal.operations.DefaultBuildOperationRunner.execute(DefaultBuildOperationRunner.java:157)
	at org.gradle.internal.operations.DefaultBuildOperationRunner.execute(DefaultBuildOperationRunner.java:59)
	at org.gradle.internal.operations.DefaultBuildOperationRunner.call(DefaultBuildOperationRunner.java:53)
	at org.gradle.internal.operations.DefaultBuildOperationExecutor.call(DefaultBuildOperationExecutor.java:73)
	at org.gradle.workers.internal.AbstractWorker.executeWrappedInBuildOperation(AbstractWorker.java:41)
	at org.gradle.workers.internal.NoIsolationWorkerFactory$1.execute(NoIsolationWorkerFactory.java:59)
	at org.gradle.workers.internal.DefaultWorkerExecutor.lambda$submitWork$0(DefaultWorkerExecutor.java:174)
	at org.gradle.internal.work.DefaultConditionalExecutionQueue$ExecutionRunner.runExecution(DefaultConditionalExecutionQueue.java:187)
	at org.gradle.internal.work.DefaultConditionalExecutionQueue$ExecutionRunner.access$700(DefaultConditionalExecutionQueue.java:120)
	at org.gradle.internal.work.DefaultConditionalExecutionQueue$ExecutionRunner$1.run(DefaultConditionalExecutionQueue.java:162)
	at org.gradle.internal.Factories$1.create(Factories.java:31)
	at org.gradle.internal.work.DefaultWorkerLeaseService.withLocks(DefaultWorkerLeaseService.java:264)
	at org.gradle.internal.work.DefaultWorkerLeaseService.runAsWorkerThread(DefaultWorkerLeaseService.java:128)
	at org.gradle.internal.work.DefaultWorkerLeaseService.runAsWorkerThread(DefaultWorkerLeaseService.java:133)
	at org.gradle.internal.work.DefaultConditionalExecutionQueue$ExecutionRunner.runBatch(DefaultConditionalExecutionQueue.java:157)
	at org.gradle.internal.work.DefaultConditionalExecutionQueue$ExecutionRunner.run(DefaultConditionalExecutionQueue.java:126)
	... 2 more


Deprecated Gradle features were used in this build, making it incompatible with Gradle 9.0.

You can use '--warning-mode all' to show the individual deprecation warnings and determine if they come from your own scripts or plugins.

For more on this, please refer to https://docs.gradle.org/8.7/userguide/command_line_interface.html#sec:command_line_warnings in the Gradle documentation.

BUILD FAILED in 1m 10s
39 actionable tasks: 28 executed, 11 from cache
