openjdk version "17.0.20" 2026-07-21
OpenJDK Runtime Environment Temurin-17.0.20+8 (build 17.0.20+8)
OpenJDK 64-Bit Server VM Temurin-17.0.20+8 (build 17.0.20+8, mixed mode, sharing)

Welcome to Gradle 8.7!

Here are the highlights of this release:
 - Compiling and testing with Java 22
 - Cacheable Groovy script compilation
 - New methods in lazy collection properties

For more details see https://docs.gradle.org/8.7/release-notes.html

Starting a Gradle Daemon (subsequent builds will be faster)

> Configure project :app
Warning: Python version 3.11 may have fewer packages available. If you experience problems, try switching to version 3.8.
This version only understands SDK XML versions up to 3 but an SDK XML file of version 4 was encountered. This can happen if you use versions of Android Studio and the command-line tools that were released at different times.
Checking the license for package NDK (Side by side) 25.1.8937393 in /usr/local/lib/android/sdk/licenses
License for package NDK (Side by side) 25.1.8937393 accepted.
Preparing "Install NDK (Side by side) 25.1.8937393 v.25.1.8937393".
"Install NDK (Side by side) 25.1.8937393 v.25.1.8937393" ready.
Installing NDK (Side by side) 25.1.8937393 in /usr/local/lib/android/sdk/ndk/25.1.8937393
"Install NDK (Side by side) 25.1.8937393 v.25.1.8937393" complete.
"Install NDK (Side by side) 25.1.8937393 v.25.1.8937393" finished.

> Task :app:externalNativeBuildCleanDebug
> Task :app:externalNativeBuildCleanRelease
> Task :app:clean
> Task :app:preBuild UP-TO-DATE
> Task :app:preDebugBuild UP-TO-DATE
> Task :app:mergeDebugNativeDebugMetadata NO-SOURCE
> Task :app:checkKotlinGradlePluginConfigurationErrors
> Task :app:generateDebugBuildConfig
> Task :app:generateDebugResValues
> Task :app:checkDebugAarMetadata
> Task :app:mapDebugSourceSetPaths
> Task :app:generateDebugResources
> Task :app:packageDebugResources
> Task :app:createDebugCompatibleScreenManifests
> Task :app:extractDeepLinksDebug
> Task :app:parseDebugLocalResources
> Task :app:mergeDebugResources
> Task :app:processDebugMainManifest
> Task :app:processDebugManifest
> Task :app:extractDebugPythonBuildPackages

> Task :app:generateDebugPythonRequirements
Chaquopy: Installing for arm64-v8a
Looking in indexes: https://pypi.org/simple, https://chaquo.com/pypi-13.1
Collecting yt-dlp
  Downloading yt_dlp-2026.7.4-py3-none-any.whl (3.2 MB)
Collecting mutagen
  Downloading mutagen-1.48.1-py3-none-any.whl (195 kB)
Collecting requests
  Downloading requests-2.34.2-py3-none-any.whl (73 kB)
Collecting charset_normalizer<4,>=2
  Downloading charset_normalizer-3.5.1-py3-none-any.whl (68 kB)
Collecting idna<4,>=2.5
  Downloading idna-3.18-py3-none-any.whl (65 kB)
Collecting certifi>=2023.5.7
  Downloading certifi-2026.7.22-py3-none-any.whl (136 kB)
Collecting urllib3<3,>=1.26
  Downloading urllib3-2.7.0-py3-none-any.whl (131 kB)
Installing collected packages: yt-dlp, mutagen, charset-normalizer, idna, certifi, urllib3, requests
Successfully installed certifi-2026.7.22 charset-normalizer-3.5.1 idna-3.18 mutagen-1.48.1 requests-2.34.2 urllib3-2.7.0 yt-dlp-2026.7.4
Chaquopy: Installing for armeabi-v7a

> Task :app:mergeDebugPythonSources
> Task :app:generateDebugPythonProxies
> Task :app:javaPreCompileDebug
> Task :app:mergeDebugShaders
> Task :app:compileDebugShaders NO-SOURCE
> Task :app:generateDebugAssets UP-TO-DATE
> Task :app:generateDebugPythonMiscAssets
> Task :app:generateDebugPythonRequirementsAssets
> Task :app:generateDebugPythonSourceAssets
> Task :app:generateDebugPythonBuildAssets
> Task :app:mergeDebugAssets
> Task :app:compressDebugAssets
> Task :app:checkDebugDuplicateClasses
> Task :app:configureCMakeDebug[arm64-v8a]
> Task :app:mergeLibDexDebug
> Task :app:desugarDebugFileDependencies
> Task :app:processDebugManifestForPackage
> Task :app:buildCMakeDebug[arm64-v8a]
> Task :app:configureCMakeDebug[armeabi-v7a]
> Task :app:processDebugResources
> Task :app:mergeExtDexDebug
> Task :app:buildCMakeDebug[armeabi-v7a]
> Task :app:generateDebugPythonJniLibs
> Task :app:mergeDebugJniLibFolders
> Task :app:validateSigningDebug
> Task :app:writeDebugAppMetadata
> Task :app:writeDebugSigningConfigVersions
> Task :app:mergeDebugNativeLibs
> Task :app:stripDebugDebugSymbols
> Task :app:compileDebugKotlin
e: file:///home/runner/work/streamify-apk/streamify-apk/app/src/main/java/com/streamify/app/MainActivity.kt:142:43 Unresolved reference: resolveStream
e: file:///home/runner/work/streamify-apk/streamify-apk/app/src/main/java/com/streamify/app/data/BackupManager.kt:129:77 Type mismatch: inferred type is MutableList<Int> but String? was expected
e: file:///home/runner/work/streamify-apk/streamify-apk/app/src/main/java/com/streamify/app/data/PlaylistRepository.kt:182:59 Unresolved reference: launch
e: file:///home/runner/work/streamify-apk/streamify-apk/app/src/main/java/com/streamify/app/data/PlaylistRepository.kt:184:62 Suspend function 'syncPlaylistUpsert' should be called only from a coroutine or another suspend function
e: file:///home/runner/work/streamify-apk/streamify-apk/app/src/main/java/com/streamify/app/data/PlaylistRepository.kt:215:59 Unresolved reference: launch
e: file:///home/runner/work/streamify-apk/streamify-apk/app/src/main/java/com/streamify/app/data/PlaylistRepository.kt:217:62 Suspend function 'syncPlaylistDelete' should be called only from a coroutine or another suspend function
e: file:///home/runner/work/streamify-apk/streamify-apk/app/src/main/java/com/streamify/app/data/PlaylistRepository.kt:245:63 Unresolved reference: launch
e: file:///home/runner/work/streamify-apk/streamify-apk/app/src/main/java/com/streamify/app/data/PlaylistRepository.kt:247:66 Suspend function 'syncPlaylistUpsert' should be called only from a coroutine or another suspend function
e: file:///home/runner/work/streamify-apk/streamify-apk/app/src/main/java/com/streamify/app/data/PlaylistRepository.kt:280:63 Unresolved reference: launch
e: file:///home/runner/work/streamify-apk/streamify-apk/app/src/main/java/com/streamify/app/data/PlaylistRepository.kt:282:66 Suspend function 'syncPlaylistUpsert' should be called only from a coroutine or another suspend function
e: file:///home/runner/work/streamify-apk/streamify-apk/app/src/main/java/com/streamify/app/data/PlaylistRepository.kt:317:63 Unresolved reference: launch
e: file:///home/runner/work/streamify-apk/streamify-apk/app/src/main/java/com/streamify/app/data/PlaylistRepository.kt:319:66 Suspend function 'syncPlaylistTrackAdd' should be called only from a coroutine or another suspend function
e: file:///home/runner/work/streamify-apk/streamify-apk/app/src/main/java/com/streamify/app/data/PlaylistRepository.kt:347:59 Unresolved reference: launch
e: file:///home/runner/work/streamify-apk/streamify-apk/app/src/main/java/com/streamify/app/data/PlaylistRepository.kt:349:62 Suspend function 'syncPlaylistTrackRemove' should be called only from a coroutine or another suspend function
e: file:///home/runner/work/streamify-apk/streamify-apk/app/src/main/java/com/streamify/app/data/PlaylistRepository.kt:375:59 Unresolved reference: launch
e: file:///home/runner/work/streamify-apk/streamify-apk/app/src/main/java/com/streamify/app/data/PlaylistRepository.kt:377:62 Suspend function 'syncPlaylistTrackAdd' should be called only from a coroutine or another suspend function
e: file:///home/runner/work/streamify-apk/streamify-apk/app/src/main/java/com/streamify/app/data/TrackRepository.kt:192:5 Conflicting overloads: public final suspend fun getCloudSongRadio(track: Track, limit: Int = ...): List<Track> defined in com.streamify.app.data.TrackRepository, public final suspend fun getCloudSongRadio(seedTrack: Track, limit: Int = ...): List<Track> defined in com.streamify.app.data.TrackRepository
e: file:///home/runner/work/streamify-apk/streamify-apk/app/src/main/java/com/streamify/app/data/TrackRepository.kt:328:5 Conflicting overloads: public final suspend fun getCloudSongRadio(track: Track, limit: Int = ...): List<Track> defined in com.streamify.app.data.TrackRepository, public final suspend fun getCloudSongRadio(seedTrack: Track, limit: Int = ...): List<Track> defined in com.streamify.app.data.TrackRepository
e: file:///home/runner/work/streamify-apk/streamify-apk/app/src/main/java/com/streamify/app/data/network/CandidateAggregator.kt:227:43 Unresolved reference: getMarkovTransitions
e: file:///home/runner/work/streamify-apk/streamify-apk/app/src/main/java/com/streamify/app/data/network/CandidateAggregator.kt:229:45 Unresolved reference: it
e: file:///home/runner/work/streamify-apk/streamify-apk/app/src/main/java/com/streamify/app/data/remote/SupabaseClient.kt:214:30 Unresolved reference: MutableSharedFlow
e: file:///home/runner/work/streamify-apk/streamify-apk/app/src/main/java/com/streamify/app/data/remote/SupabaseClient.kt:215:31 Unresolved reference: MutableSharedFlow
e: file:///home/runner/work/streamify-apk/streamify-apk/app/src/main/java/com/streamify/app/data/remote/SupabaseClient.kt:216:30 Unresolved reference: MutableSharedFlow
e: file:///home/runner/work/streamify-apk/streamify-apk/app/src/main/java/com/streamify/app/data/remote/SupabaseClient.kt:1340:17 Suspend function 'refreshSession' should be called only from a coroutine or another suspend function
e: file:///home/runner/work/streamify-apk/streamify-apk/app/src/main/java/com/streamify/app/ui/components/RelatedDiscoverSheet.kt:271:54 Unresolved reference: MoreVert
e: file:///home/runner/work/streamify-apk/streamify-apk/app/src/main/java/com/streamify/app/ui/screens/AdminDashboardScreen.kt:111:53 Cannot infer a type for this parameter. Please specify it explicitly.
e: file:///home/runner/work/streamify-apk/streamify-apk/app/src/main/java/com/streamify/app/ui/screens/AlbumScreen.kt:90:33 Unresolved reference: LocalContextMenuController
e: file:///home/runner/work/streamify-apk/streamify-apk/app/src/main/java/com/streamify/app/ui/screens/AlbumScreen.kt:112:9 Unresolved reference: AlertDialog
e: file:///home/runner/work/streamify-apk/streamify-apk/app/src/main/java/com/streamify/app/ui/screens/AlbumScreen.kt:114:23 @Composable invocations can only happen from the context of a @Composable function
e: file:///home/runner/work/streamify-apk/streamify-apk/app/src/main/java/com/streamify/app/ui/screens/AlbumScreen.kt:116:17 Unresolved reference: OutlinedTextField
e: file:///home/runner/work/streamify-apk/streamify-apk/app/src/main/java/com/streamify/app/ui/screens/AlbumScreen.kt:118:52 Unresolved reference: it
e: file:///home/runner/work/streamify-apk/streamify-apk/app/src/main/java/com/streamify/app/ui/screens/AlbumScreen.kt:120:31 @Composable invocations can only happen from the context of a @Composable function
e: file:///home/runner/work/streamify-apk/streamify-apk/app/src/main/java/com/streamify/app/ui/screens/AlbumScreen.kt:121:30 Unresolved reference: OutlinedTextFieldDefaults
e: file:///home/runner/work/streamify-apk/streamify-apk/app/src/main/java/com/streamify/app/ui/screens/AlbumScreen.kt:131:17 Unresolved reference: TextButton
e: file:///home/runner/work/streamify-apk/streamify-apk/app/src/main/java/com/streamify/app/ui/screens/AlbumScreen.kt:137:21 @Composable invocations can only happen from the context of a @Composable function
e: file:///home/runner/work/streamify-apk/streamify-apk/app/src/main/java/com/streamify/app/ui/screens/AlbumScreen.kt:141:17 Unresolved reference: TextButton
e: file:///home/runner/work/streamify-apk/streamify-apk/app/src/main/java/com/streamify/app/ui/screens/AlbumScreen.kt:142:21 @Composable invocations can only happen from the context of a @Composable function
e: file:///home/runner/work/streamify-apk/streamify-apk/app/src/main/java/com/streamify/app/ui/screens/AlbumScreen.kt:146:21 Unresolved reference: RoundedCornerShape
e: file:///home/runner/work/streamify-apk/streamify-apk/app/src/main/java/com/streamify/app/ui/screens/AlbumScreen.kt:151:9 Unresolved reference: AlertDialog
e: file:///home/runner/work/streamify-apk/streamify-apk/app/src/main/java/com/streamify/app/ui/screens/AlbumScreen.kt:153:23 @Composable invocations can only happen from the context of a @Composable function
e: file:///home/runner/work/streamify-apk/streamify-apk/app/src/main/java/com/streamify/app/ui/screens/AlbumScreen.kt:155:17 @Composable invocations can only happen from the context of a @Composable function
e: file:///home/runner/work/streamify-apk/streamify-apk/app/src/main/java/com/streamify/app/ui/screens/AlbumScreen.kt:162:17 Unresolved reference: TextButton
e: file:///home/runner/work/streamify-apk/streamify-apk/app/src/main/java/com/streamify/app/ui/screens/AlbumScreen.kt:167:21 @Composable invocations can only happen from the context of a @Composable function
e: file:///home/runner/work/streamify-apk/streamify-apk/app/src/main/java/com/streamify/app/ui/screens/AlbumScreen.kt:171:17 Unresolved reference: TextButton
e: file:///home/runner/work/streamify-apk/streamify-apk/app/src/main/java/com/streamify/app/ui/screens/AlbumScreen.kt:172:21 @Composable invocations can only happen from the context of a @Composable function
e: file:///home/runner/work/streamify-apk/streamify-apk/app/src/main/java/com/streamify/app/ui/screens/AlbumScreen.kt:176:21 Unresolved reference: RoundedCornerShape
e: file:///home/runner/work/streamify-apk/streamify-apk/app/src/main/java/com/streamify/app/ui/screens/AlbumScreen.kt:215:56 Unresolved reference: MoreVert
e: file:///home/runner/work/streamify-apk/streamify-apk/app/src/main/java/com/streamify/app/ui/screens/AlbumScreen.kt:221:21 Unresolved reference: DropdownMenu
e: file:///home/runner/work/streamify-apk/streamify-apk/app/src/main/java/com/streamify/app/ui/screens/AlbumScreen.kt:226:25 Unresolved reference: DropdownMenuItem
e: file:///home/runner/work/streamify-apk/streamify-apk/app/src/main/java/com/streamify/app/ui/screens/AlbumScreen.kt:227:38 @Composable invocations can only happen from the context of a @Composable function
e: file:///home/runner/work/streamify-apk/streamify-apk/app/src/main/java/com/streamify/app/ui/screens/AlbumScreen.kt:233:63 Unresolved reference: Edit
e: file:///home/runner/work/streamify-apk/streamify-apk/app/src/main/java/com/streamify/app/ui/screens/AlbumScreen.kt:235:25 Unresolved reference: DropdownMenuItem
e: file:///home/runner/work/streamify-apk/streamify-apk/app/src/main/java/com/streamify/app/ui/screens/AlbumScreen.kt:236:38 @Composable invocations can only happen from the context of a @Composable function
e: file:///home/runner/work/streamify-apk/streamify-apk/app/src/main/java/com/streamify/app/ui/screens/AlbumScreen.kt:246:63 Unresolved reference: FileDownload
e: file:///home/runner/work/streamify-apk/streamify-apk/app/src/main/java/com/streamify/app/ui/screens/AlbumScreen.kt:248:25 Unresolved reference: DropdownMenuItem
e: file:///home/runner/work/streamify-apk/streamify-apk/app/src/main/java/com/streamify/app/ui/screens/AlbumScreen.kt:249:38 @Composable invocations can only happen from the context of a @Composable function
e: file:///home/runner/work/streamify-apk/streamify-apk/app/src/main/java/com/streamify/app/ui/screens/AlbumScreen.kt:254:63 Unresolved reference: Delete
e: file:///home/runner/work/streamify-apk/streamify-apk/app/src/main/java/com/streamify/app/ui/screens/ArtistScreen.kt:40:33 Unresolved reference: LocalContextMenuController
e: file:///home/runner/work/streamify-apk/streamify-apk/app/src/main/java/com/streamify/app/ui/screens/ArtistScreen.kt:71:28 Unresolved reference: TextOverflow
e: file:///home/runner/work/streamify-apk/streamify-apk/app/src/main/java/com/streamify/app/ui/screens/ArtistScreen.kt:89:21 Unresolved reference: AsyncImage
e: file:///home/runner/work/streamify-apk/streamify-apk/app/src/main/java/com/streamify/app/ui/screens/ArtistScreen.kt:92:40 Unresolved reference: ContentScale
e: file:///home/runner/work/streamify-apk/streamify-apk/app/src/main/java/com/streamify/app/ui/screens/ArtistScreen.kt:105:38 Unresolved reference: FontWeight
e: file:///home/runner/work/streamify-apk/streamify-apk/app/src/main/java/com/streamify/app/ui/screens/ArtistScreen.kt:106:37 Unresolved reference: TextAlign
e: file:///home/runner/work/streamify-apk/streamify-apk/app/src/main/java/com/streamify/app/ui/screens/ArtistScreen.kt:141:76 Unresolved reference: FontWeight
e: file:///home/runner/work/streamify-apk/streamify-apk/app/src/main/java/com/streamify/app/ui/screens/ArtistScreen.kt:152:38 Unresolved reference: BorderStroke
e: file:///home/runner/work/streamify-apk/streamify-apk/app/src/main/java/com/streamify/app/ui/screens/ArtistScreen.kt:171:34 Unresolved reference: FontWeight
e: file:///home/runner/work/streamify-apk/streamify-apk/app/src/main/java/com/streamify/app/ui/screens/ArtistScreen.kt:184:83 Unresolved reference: MenuOrigin
e: file:///home/runner/work/streamify-apk/streamify-apk/app/src/main/java/com/streamify/app/ui/screens/LibraryScreen.kt:69:27 Property delegate must have a 'getValue(Nothing?, KProperty<*>)' method. None of the following functions is suitable: 
public inline operator fun <T> State<Nothing?>.getValue(thisObj: Any?, property: KProperty<*>): Nothing? defined in androidx.compose.runtime
e: file:///home/runner/work/streamify-apk/streamify-apk/app/src/main/java/com/streamify/app/ui/screens/LibraryScreen.kt:69:27 Property delegate must have a 'setValue(Nothing?, KProperty<*>, [Error type: Error delegation type for remember { mutableStateOf<com.streamify.app.data.SpotifyImportProgress?>(null) }])' method. None of the following functions is suitable: 
public inline operator fun <T> MutableState<Nothing?>.setValue(thisObj: Any?, property: KProperty<*>, value: Nothing?): Unit defined in androidx.compose.runtime
e: file:///home/runner/work/streamify-apk/streamify-apk/app/src/main/java/com/streamify/app/ui/screens/LibraryScreen.kt:69:76 Unresolved reference: SpotifyImportProgress
e: file:///home/runner/work/streamify-apk/streamify-apk/app/src/main/java/com/streamify/app/ui/screens/LibraryScreen.kt:826:9 This material API is experimental and is likely to change or to be removed in the future.
e: file:///home/runner/work/streamify-apk/streamify-apk/app/src/main/java/com/streamify/app/ui/screens/LibraryScreen.kt:830:28 This material API is experimental and is likely to change or to be removed in the future.
e: file:///home/runner/work/streamify-apk/streamify-apk/app/src/main/java/com/streamify/app/ui/screens/LibraryScreen.kt:830:48 This material API is experimental and is likely to change or to be removed in the future.
e: file:///home/runner/work/streamify-apk/streamify-apk/app/src/main/java/com/streamify/app/ui/screens/QueueScreen.kt:29:33 Unresolved reference: LocalContextMenuController
e: file:///home/runner/work/streamify-apk/streamify-apk/app/src/main/java/com/streamify/app/ui/screens/QueueScreen.kt:86:89 Unresolved reference: MenuOrigin
e: file:///home/runner/work/streamify-apk/streamify-apk/app/src/main/java/com/streamify/app/ui/screens/QueueScreen.kt:121:74 Unresolved reference: dragPickup
e: file:///home/runner/work/streamify-apk/streamify-apk/app/src/main/java/com/streamify/app/ui/screens/QueueScreen.kt:128:49 Unresolved reference: moveQueueItem
e: file:///home/runner/work/streamify-apk/streamify-apk/app/src/main/java/com/streamify/app/ui/screens/QueueScreen.kt:142:84 Unresolved reference: MenuOrigin
e: file:///home/runner/work/streamify-apk/streamify-apk/app/src/main/java/com/streamify/app/ui/screens/SearchScreen.kt:391:58 Unresolved reference: artist
e: file:///home/runner/work/streamify-apk/streamify-apk/app/src/main/java/com/streamify/app/ui/screens/SearchScreen.kt:394:63 Unresolved reference: durationSec
e: file:///home/runner/work/streamify-apk/streamify-apk/app/src/main/java/com/streamify/app/ui/screens/SearchScreen.kt:396:64 Unresolved reference: thumbnailUrl
e: file:///home/runner/work/streamify-apk/streamify-apk/app/src/main/java/com/streamify/app/ui/screens/SettingsScreen.kt:37:67 Unresolved reference: sp
e: file:///home/runner/work/streamify-apk/streamify-apk/app/src/main/java/com/streamify/app/ui/screens/SettingsScreen.kt:39:20 Unresolved reference: Modifier
e: file:///home/runner/work/streamify-apk/streamify-apk/app/src/main/java/com/streamify/app/ui/screens/SettingsScreen.kt:64:20 Unresolved reference: Modifier
e: file:///home/runner/work/streamify-apk/streamify-apk/app/src/main/java/com/streamify/app/ui/screens/SettingsScreen.kt:68:27 Unresolved reference: Modifier
e: file:///home/runner/work/streamify-apk/streamify-apk/app/src/main/java/com/streamify/app/ui/screens/SettingsScreen.kt:72:24 Unresolved reference: Modifier
e: file:///home/runner/work/streamify-apk/streamify-apk/app/src/main/java/com/streamify/app/ui/screens/SettingsScreen.kt:80:31 Unresolved reference: Modifier
e: file:///home/runner/work/streamify-apk/streamify-apk/app/src/main/java/com/streamify/app/ui/screens/SettingsScreen.kt:84:27 Unresolved reference: Modifier
e: file:///home/runner/work/streamify-apk/streamify-apk/app/src/main/java/com/streamify/app/ui/screens/SettingsScreen.kt:87:24 Unresolved reference: Modifier
e: file:///home/runner/work/streamify-apk/streamify-apk/app/src/main/java/com/streamify/app/ui/screens/SettingsScreen.kt:100:51 Unresolved reference: dp
e: file:///home/runner/work/streamify-apk/streamify-apk/app/src/main/java/com/streamify/app/ui/screens/SettingsScreen.kt:101:32 Unresolved reference: Modifier
e: file:///home/runner/work/streamify-apk/streamify-apk/app/src/main/java/com/streamify/app/ui/screens/SettingsScreen.kt:103:39 Unresolved reference: Modifier
e: file:///home/runner/work/streamify-apk/streamify-apk/app/src/main/java/com/streamify/app/ui/screens/SettingsScreen.kt:103:59 Unresolved reference: dp
e: file:///home/runner/work/streamify-apk/streamify-apk/app/src/main/java/com/streamify/app/ui/screens/SettingsScreen.kt:106:44 Unresolved reference: Modifier
e: file:///home/runner/work/streamify-apk/streamify-apk/app/src/main/java/com/streamify/app/ui/screens/SettingsScreen.kt:110:51 Unresolved reference: Modifier
e: file:///home/runner/work/streamify-apk/streamify-apk/app/src/main/java/com/streamify/app/ui/screens/SettingsScreen.kt:115:47 Unresolved reference: Modifier
e: file:///home/runner/work/streamify-apk/streamify-apk/app/src/main/java/com/streamify/app/ui/screens/SettingsScreen.kt:115:66 Unresolved reference: dp
e: file:///home/runner/work/streamify-apk/streamify-apk/app/src/main/java/com/streamify/app/ui/screens/SettingsScreen.kt:118:43 Unresolved reference: launch
e: file:///home/runner/work/streamify-apk/streamify-apk/app/src/main/java/com/streamify/app/ui/screens/SettingsScreen.kt:119:93 Suspend function 'signInWithGoogle' should be called only from a coroutine or another suspend function
e: file:///home/runner/work/streamify-apk/streamify-apk/app/src/main/java/com/streamify/app/ui/screens/SettingsScreen.kt:128:63 Unresolved reference: dp
e: file:///home/runner/work/streamify-apk/streamify-apk/app/src/main/java/com/streamify/app/ui/screens/SettingsScreen.kt:129:44 Unresolved reference: Modifier
e: file:///home/runner/work/streamify-apk/streamify-apk/app/src/main/java/com/streamify/app/ui/screens/SettingsScreen.kt:132:51 Unresolved reference: Modifier
e: file:///home/runner/work/streamify-apk/streamify-apk/app/src/main/java/com/streamify/app/ui/screens/SettingsScreen.kt:132:68 Unresolved reference: dp
e: file:///home/runner/work/streamify-apk/streamify-apk/app/src/main/java/com/streamify/app/ui/screens/SettingsScreen.kt:137:44 Unresolved reference: Modifier
e: file:///home/runner/work/streamify-apk/streamify-apk/app/src/main/java/com/streamify/app/ui/screens/SettingsScreen.kt:146:56 Unresolved reference: Modifier
e: file:///home/runner/work/streamify-apk/streamify-apk/app/src/main/java/com/streamify/app/ui/screens/SettingsScreen.kt:147:58 Unresolved reference: dp
e: file:///home/runner/work/streamify-apk/streamify-apk/app/src/main/java/com/streamify/app/ui/screens/SettingsScreen.kt:158:56 Unresolved reference: Modifier
e: file:///home/runner/work/streamify-apk/streamify-apk/app/src/main/java/com/streamify/app/ui/screens/SettingsScreen.kt:159:58 Unresolved reference: dp
e: file:///home/runner/work/streamify-apk/streamify-apk/app/src/main/java/com/streamify/app/ui/screens/SettingsScreen.kt:164:55 Unresolved reference: Modifier
e: file:///home/runner/work/streamify-apk/streamify-apk/app/src/main/java/com/streamify/app/ui/screens/SettingsScreen.kt:164:73 Unresolved reference: dp
e: file:///home/runner/work/streamify-apk/streamify-apk/app/src/main/java/com/streamify/app/ui/screens/SettingsScreen.kt:177:47 Unresolved reference: Modifier
e: file:///home/runner/work/streamify-apk/streamify-apk/app/src/main/java/com/streamify/app/ui/screens/SettingsScreen.kt:177:66 Unresolved reference: dp
e: file:///home/runner/work/streamify-apk/streamify-apk/app/src/main/java/com/streamify/app/ui/screens/SettingsScreen.kt:180:44 Unresolved reference: Modifier
e: file:///home/runner/work/streamify-apk/streamify-apk/app/src/main/java/com/streamify/app/ui/screens/SettingsScreen.kt:181:80 Unresolved reference: dp
e: file:///home/runner/work/streamify-apk/streamify-apk/app/src/main/java/com/streamify/app/ui/screens/SettingsScreen.kt:185:67 Unresolved reference: dp
e: file:///home/runner/work/streamify-apk/streamify-apk/app/src/main/java/com/streamify/app/ui/screens/SettingsScreen.kt:186:48 Unresolved reference: Modifier
e: file:///home/runner/work/streamify-apk/streamify-apk/app/src/main/java/com/streamify/app/ui/screens/SettingsScreen.kt:192:67 Unresolved reference: dp
e: file:///home/runner/work/streamify-apk/streamify-apk/app/src/main/java/com/streamify/app/ui/screens/SettingsScreen.kt:193:48 Unresolved reference: Modifier
e: file:///home/runner/work/streamify-apk/streamify-apk/app/src/main/java/com/streamify/app/ui/screens/SettingsScreen.kt:201:51 Unresolved reference: Modifier
e: file:///home/runner/work/streamify-apk/streamify-apk/app/src/main/java/com/streamify/app/ui/screens/SettingsScreen.kt:201:70 Unresolved reference: dp
e: file:///home/runner/work/streamify-apk/streamify-apk/app/src/main/java/com/streamify/app/ui/screens/SettingsScreen.kt:205:67 Unresolved reference: dp
e: file:///home/runner/work/streamify-apk/streamify-apk/app/src/main/java/com/streamify/app/ui/screens/SettingsScreen.kt:206:48 Unresolved reference: Modifier
e: file:///home/runner/work/streamify-apk/streamify-apk/app/src/main/java/com/streamify/app/ui/screens/SettingsScreen.kt:209:55 Unresolved reference: Modifier
e: file:///home/runner/work/streamify-apk/streamify-apk/app/src/main/java/com/streamify/app/ui/screens/SettingsScreen.kt:209:72 Unresolved reference: dp
e: file:///home/runner/work/streamify-apk/streamify-apk/app/src/main/java/com/streamify/app/ui/screens/SettingsScreen.kt:220:35 Unresolved reference: Modifier
e: file:///home/runner/work/streamify-apk/streamify-apk/app/src/main/java/com/streamify/app/ui/screens/SettingsScreen.kt:224:32 Unresolved reference: Modifier
e: file:///home/runner/work/streamify-apk/streamify-apk/app/src/main/java/com/streamify/app/ui/screens/SettingsScreen.kt:226:39 Unresolved reference: Modifier
e: file:///home/runner/work/streamify-apk/streamify-apk/app/src/main/java/com/streamify/app/ui/screens/SettingsScreen.kt:226:59 Unresolved reference: dp
e: file:///home/runner/work/streamify-apk/streamify-apk/app/src/main/java/com/streamify/app/ui/screens/SettingsScreen.kt:232:43 Unresolved reference: Modifier
e: file:///home/runner/work/streamify-apk/streamify-apk/app/src/main/java/com/streamify/app/ui/screens/SettingsScreen.kt:232:61 Unresolved reference: dp
e: file:///home/runner/work/streamify-apk/streamify-apk/app/src/main/java/com/streamify/app/ui/screens/SettingsScreen.kt:238:43 Unresolved reference: Modifier
e: file:///home/runner/work/streamify-apk/streamify-apk/app/src/main/java/com/streamify/app/ui/screens/SettingsScreen.kt:238:62 Unresolved reference: dp
e: file:///home/runner/work/streamify-apk/streamify-apk/app/src/main/java/com/streamify/app/ui/screens/SettingsScreen.kt:249:44 Unresolved reference: Modifier
e: file:///home/runner/work/streamify-apk/streamify-apk/app/src/main/java/com/streamify/app/ui/screens/SettingsScreen.kt:255:59 Unresolved reference: dp
e: file:///home/runner/work/streamify-apk/streamify-apk/app/src/main/java/com/streamify/app/ui/screens/SettingsScreen.kt:263:48 Unresolved reference: Modifier
e: file:///home/runner/work/streamify-apk/streamify-apk/app/src/main/java/com/streamify/app/ui/screens/SettingsScreen.kt:284:35 Unresolved reference: Modifier
e: file:///home/runner/work/streamify-apk/streamify-apk/app/src/main/java/com/streamify/app/ui/screens/SettingsScreen.kt:290:51 Unresolved reference: dp
e: file:///home/runner/work/streamify-apk/streamify-apk/app/src/main/java/com/streamify/app/ui/screens/SettingsScreen.kt:291:32 Unresolved reference: Modifier
e: file:///home/runner/work/streamify-apk/streamify-apk/app/src/main/java/com/streamify/app/ui/screens/SettingsScreen.kt:294:36 Unresolved reference: Modifier
e: file:///home/runner/work/streamify-apk/streamify-apk/app/src/main/java/com/streamify/app/ui/screens/SettingsScreen.kt:296:41 Unresolved reference: dp
e: file:///home/runner/work/streamify-apk/streamify-apk/app/src/main/java/com/streamify/app/ui/screens/SettingsScreen.kt:300:43 Unresolved reference: Modifier
e: file:///home/runner/work/streamify-apk/streamify-apk/app/src/main/java/com/streamify/app/ui/screens/SettingsScreen.kt:304:43 Unresolved reference: Modifier
e: file:///home/runner/work/streamify-apk/streamify-apk/app/src/main/java/com/streamify/app/ui/screens/SettingsScreen.kt:304:61 Unresolved reference: dp
e: file:///home/runner/work/streamify-apk/streamify-apk/app/src/main/java/com/streamify/app/ui/screens/SettingsScreen.kt:310:39 Unresolved reference: launch
e: file:///home/runner/work/streamify-apk/streamify-apk/app/src/main/java/com/streamify/app/ui/screens/SettingsScreen.kt:310:46 Unresolved reference: Dispatchers
e: file:///home/runner/work/streamify-apk/streamify-apk/app/src/main/java/com/streamify/app/ui/screens/SettingsScreen.kt:311:37 Unresolved reference: TrackRepository
e: file:///home/runner/work/streamify-apk/streamify-apk/app/src/main/java/com/streamify/app/ui/screens/SettingsScreen.kt:325:35 Unresolved reference: Modifier
e: file:///home/runner/work/streamify-apk/streamify-apk/app/src/main/java/com/streamify/app/ui/screens/SettingsScreen.kt:329:32 Unresolved reference: Modifier
e: file:///home/runner/work/streamify-apk/streamify-apk/app/src/main/java/com/streamify/app/ui/screens/SettingsScreen.kt:333:36 Unresolved reference: Modifier
e: file:///home/runner/work/streamify-apk/streamify-apk/app/src/main/java/com/streamify/app/ui/screens/SettingsScreen.kt:333:71 Unresolved reference: dp
e: file:///home/runner/work/streamify-apk/streamify-apk/app/src/main/java/com/streamify/app/ui/screens/SettingsScreen.kt:348:35 Unresolved reference: Modifier
e: file:///home/runner/work/streamify-apk/streamify-apk/app/src/main/java/com/streamify/app/ui/screens/SettingsScreen.kt:352:32 Unresolved reference: Modifier
e: file:///home/runner/work/streamify-apk/streamify-apk/app/src/main/java/com/streamify/app/ui/screens/SettingsScreen.kt:354:39 Unresolved reference: Modifier
e: file:///home/runner/work/streamify-apk/streamify-apk/app/src/main/java/com/streamify/app/ui/screens/SettingsScreen.kt:354:59 Unresolved reference: dp
e: file:///home/runner/work/streamify-apk/streamify-apk/app/src/main/java/com/streamify/app/ui/screens/SettingsScreen.kt:355:40 Unresolved reference: Modifier
e: file:///home/runner/work/streamify-apk/streamify-apk/app/src/main/java/com/streamify/app/ui/screens/SettingsScreen.kt:381:35 Unresolved reference: Modifier
e: file:///home/runner/work/streamify-apk/streamify-apk/app/src/main/java/com/streamify/app/ui/screens/SettingsScreen.kt:385:32 Unresolved reference: Modifier
e: file:///home/runner/work/streamify-apk/streamify-apk/app/src/main/java/com/streamify/app/ui/screens/SettingsScreen.kt:387:39 Unresolved reference: Modifier
e: file:///home/runner/work/streamify-apk/streamify-apk/app/src/main/java/com/streamify/app/ui/screens/SettingsScreen.kt:387:59 Unresolved reference: dp
e: file:///home/runner/work/streamify-apk/streamify-apk/app/src/main/java/com/streamify/app/ui/screens/SettingsScreen.kt:391:47 Unresolved reference: Modifier
e: file:///home/runner/work/streamify-apk/streamify-apk/app/src/main/java/com/streamify/app/ui/screens/SettingsScreen.kt:391:66 Unresolved reference: dp
e: file:///home/runner/work/streamify-apk/streamify-apk/app/src/main/java/com/streamify/app/ui/screens/SettingsScreen.kt:407:44 Unresolved reference: Modifier
e: file:///home/runner/work/streamify-apk/streamify-apk/app/src/main/java/com/streamify/app/ui/screens/SettingsScreen.kt:411:48 Unresolved reference: Modifier
e: file:///home/runner/work/streamify-apk/streamify-apk/app/src/main/java/com/streamify/app/ui/screens/SettingsScreen.kt:422:35 Unresolved reference: Modifier
e: file:///home/runner/work/streamify-apk/streamify-apk/app/src/main/java/com/streamify/app/ui/screens/SettingsScreen.kt:426:32 Unresolved reference: Modifier
e: file:///home/runner/work/streamify-apk/streamify-apk/app/src/main/java/com/streamify/app/ui/screens/SettingsScreen.kt:428:39 Unresolved reference: Modifier
e: file:///home/runner/work/streamify-apk/streamify-apk/app/src/main/java/com/streamify/app/ui/screens/SettingsScreen.kt:428:59 Unresolved reference: dp
e: file:///home/runner/work/streamify-apk/streamify-apk/app/src/main/java/com/streamify/app/ui/screens/SettingsScreen.kt:436:40 Unresolved reference: Modifier
e: file:///home/runner/work/streamify-apk/streamify-apk/app/src/main/java/com/streamify/app/ui/screens/SettingsScreen.kt:440:47 Unresolved reference: Modifier
e: file:///home/runner/work/streamify-apk/streamify-apk/app/src/main/java/com/streamify/app/ui/screens/SettingsScreen.kt:454:43 Unresolved reference: Modifier
e: file:///home/runner/work/streamify-apk/streamify-apk/app/src/main/java/com/streamify/app/ui/screens/SettingsScreen.kt:454:62 Unresolved reference: dp
e: file:///home/runner/work/streamify-apk/streamify-apk/app/src/main/java/com/streamify/app/ui/screens/SettingsScreen.kt:458:40 Unresolved reference: Modifier
e: file:///home/runner/work/streamify-apk/streamify-apk/app/src/main/java/com/streamify/app/ui/screens/SettingsScreen.kt:462:47 Unresolved reference: Modifier
e: file:///home/runner/work/streamify-apk/streamify-apk/app/src/main/java/com/streamify/app/ui/screens/SettingsScreen.kt:484:35 Unresolved reference: Modifier
e: file:///home/runner/work/streamify-apk/streamify-apk/app/src/main/java/com/streamify/app/ui/screens/SettingsScreen.kt:495:32 Unresolved reference: Modifier
e: file:///home/runner/work/streamify-apk/streamify-apk/app/src/main/java/com/streamify/app/ui/screens/SettingsScreen.kt:497:39 Unresolved reference: Modifier
e: file:///home/runner/work/streamify-apk/streamify-apk/app/src/main/java/com/streamify/app/ui/screens/SettingsScreen.kt:497:59 Unresolved reference: dp
e: file:///home/runner/work/streamify-apk/streamify-apk/app/src/main/java/com/streamify/app/ui/screens/SettingsScreen.kt:499:40 Unresolved reference: Modifier
e: file:///home/runner/work/streamify-apk/streamify-apk/app/src/main/java/com/streamify/app/ui/screens/SettingsScreen.kt:514:43 Unresolved reference: Modifier
e: file:///home/runner/work/streamify-apk/streamify-apk/app/src/main/java/com/streamify/app/ui/screens/SettingsScreen.kt:514:62 Unresolved reference: dp
e: file:///home/runner/work/streamify-apk/streamify-apk/app/src/main/java/com/streamify/app/ui/screens/SettingsScreen.kt:517:40 Unresolved reference: Modifier
e: file:///home/runner/work/streamify-apk/streamify-apk/app/src/main/java/com/streamify/app/ui/screens/SettingsScreen.kt:532:43 Unresolved reference: Modifier
e: file:///home/runner/work/streamify-apk/streamify-apk/app/src/main/java/com/streamify/app/ui/screens/SettingsScreen.kt:532:62 Unresolved reference: dp
e: file:///home/runner/work/streamify-apk/streamify-apk/app/src/main/java/com/streamify/app/ui/screens/SettingsScreen.kt:536:39 Unresolved reference: launch
e: file:///home/runner/work/streamify-apk/streamify-apk/app/src/main/java/com/streamify/app/ui/screens/SettingsScreen.kt:537:75 Suspend function 'clearAllCache' should be called only from a coroutine or another suspend function
e: file:///home/runner/work/streamify-apk/streamify-apk/app/src/main/java/com/streamify/app/ui/screens/SettingsScreen.kt:538:89 Suspend function 'getStorageBreakdown' should be called only from a coroutine or another suspend function
e: file:///home/runner/work/streamify-apk/streamify-apk/app/src/main/java/com/streamify/app/ui/screens/SettingsScreen.kt:543:40 Unresolved reference: Modifier
e: file:///home/runner/work/streamify-apk/streamify-apk/app/src/main/java/com/streamify/app/ui/screens/SettingsScreen.kt:553:35 Unresolved reference: Modifier
e: file:///home/runner/work/streamify-apk/streamify-apk/app/src/main/java/com/streamify/app/ui/screens/SettingsScreen.kt:560:31 Unresolved reference: launch
e: file:///home/runner/work/streamify-apk/streamify-apk/app/src/main/java/com/streamify/app/ui/screens/SettingsScreen.kt:563:83 Suspend function 'importLibraryBackup' should be called only from a coroutine or another suspend function
e: file:///home/runner/work/streamify-apk/streamify-apk/app/src/main/java/com/streamify/app/ui/screens/SettingsScreen.kt:578:32 Unresolved reference: Modifier
e: file:///home/runner/work/streamify-apk/streamify-apk/app/src/main/java/com/streamify/app/ui/screens/SettingsScreen.kt:580:39 Unresolved reference: Modifier
e: file:///home/runner/work/streamify-apk/streamify-apk/app/src/main/java/com/streamify/app/ui/screens/SettingsScreen.kt:580:59 Unresolved reference: dp
e: file:///home/runner/work/streamify-apk/streamify-apk/app/src/main/java/com/streamify/app/ui/screens/SettingsScreen.kt:582:40 Unresolved reference: Modifier
e: file:///home/runner/work/streamify-apk/streamify-apk/app/src/main/java/com/streamify/app/ui/screens/SettingsScreen.kt:585:43 Unresolved reference: launch
e: file:///home/runner/work/streamify-apk/streamify-apk/app/src/main/java/com/streamify/app/ui/screens/SettingsScreen.kt:586:88 Suspend function 'exportLibraryBackup' should be called only from a coroutine or another suspend function
e: file:///home/runner/work/streamify-apk/streamify-apk/app/src/main/java/com/streamify/app/ui/screens/SettingsScreen.kt:594:55 Unresolved reference: dp
e: file:///home/runner/work/streamify-apk/streamify-apk/app/src/main/java/com/streamify/app/ui/screens/SettingsScreen.kt:605:43 Unresolved reference: Modifier
e: file:///home/runner/work/streamify-apk/streamify-apk/app/src/main/java/com/streamify/app/ui/screens/SettingsScreen.kt:605:62 Unresolved reference: dp
e: file:///home/runner/work/streamify-apk/streamify-apk/app/src/main/java/com/streamify/app/ui/screens/SettingsScreen.kt:608:40 Unresolved reference: Modifier
e: file:///home/runner/work/streamify-apk/streamify-apk/app/src/main/java/com/streamify/app/ui/screens/SettingsScreen.kt:611:55 Unresolved reference: dp
e: file:///home/runner/work/streamify-apk/streamify-apk/app/src/main/java/com/streamify/app/ui/screens/SettingsScreen.kt:627:35 Unresolved reference: Modifier
e: file:///home/runner/work/streamify-apk/streamify-apk/app/src/main/java/com/streamify/app/ui/screens/SettingsScreen.kt:635:51 Unresolved reference: dp
e: file:///home/runner/work/streamify-apk/streamify-apk/app/src/main/java/com/streamify/app/ui/screens/SettingsScreen.kt:636:73 Unresolved reference: dp
e: file:///home/runner/work/streamify-apk/streamify-apk/app/src/main/java/com/streamify/app/ui/screens/SettingsScreen.kt:637:32 Unresolved reference: Modifier
e: file:///home/runner/work/streamify-apk/streamify-apk/app/src/main/java/com/streamify/app/ui/screens/SettingsScreen.kt:639:39 Unresolved reference: Modifier
e: file:///home/runner/work/streamify-apk/streamify-apk/app/src/main/java/com/streamify/app/ui/screens/SettingsScreen.kt:639:59 Unresolved reference: dp
e: file:///home/runner/work/streamify-apk/streamify-apk/app/src/main/java/com/streamify/app/ui/screens/SettingsScreen.kt:645:44 Unresolved reference: Modifier
e: file:///home/runner/work/streamify-apk/streamify-apk/app/src/main/java/com/streamify/app/ui/screens/SettingsScreen.kt:645:61 Unresolved reference: dp
e: file:///home/runner/work/streamify-apk/streamify-apk/app/src/main/java/com/streamify/app/ui/screens/SettingsScreen.kt:647:47 Unresolved reference: Modifier
e: file:///home/runner/work/streamify-apk/streamify-apk/app/src/main/java/com/streamify/app/ui/screens/SettingsScreen.kt:647:65 Unresolved reference: dp
e: file:///home/runner/work/streamify-apk/streamify-apk/app/src/main/java/com/streamify/app/ui/screens/SettingsScreen.kt:650:88 Unresolved reference: sp
e: file:///home/runner/work/streamify-apk/streamify-apk/app/src/main/java/com/streamify/app/ui/screens/SettingsScreen.kt:656:43 Unresolved reference: Modifier
e: file:///home/runner/work/streamify-apk/streamify-apk/app/src/main/java/com/streamify/app/ui/screens/SettingsScreen.kt:656:61 Unresolved reference: dp
e: file:///home/runner/work/streamify-apk/streamify-apk/app/src/main/java/com/streamify/app/ui/screens/SettingsScreen.kt:664:43 Unresolved reference: Modifier
e: file:///home/runner/work/streamify-apk/streamify-apk/app/src/main/java/com/streamify/app/ui/screens/SettingsScreen.kt:664:62 Unresolved reference: dp
e: file:///home/runner/work/streamify-apk/streamify-apk/app/src/main/java/com/streamify/app/ui/screens/SettingsScreen.kt:673:59 Unresolved reference: dp
e: file:///home/runner/work/streamify-apk/streamify-apk/app/src/main/java/com/streamify/app/ui/screens/SettingsScreen.kt:674:40 Unresolved reference: Modifier
e: file:///home/runner/work/streamify-apk/streamify-apk/app/src/main/java/com/streamify/app/ui/screens/SettingsScreen.kt:705:43 Unresolved reference: launch
e: file:///home/runner/work/streamify-apk/streamify-apk/app/src/main/java/com/streamify/app/ui/screens/SettingsScreen.kt:706:84 Suspend function 'executeNuclearReset' should be called only from a coroutine or another suspend function
e: file:///home/runner/work/streamify-apk/streamify-apk/app/src/main/java/com/streamify/app/ui/screens/SettingsScreen.kt:720:55 Unresolved reference: dp
e: file:///home/runner/work/streamify-apk/streamify-apk/app/src/main/java/com/streamify/app/ui/screens/SettingsScreen.kt:727:35 Unresolved reference: Modifier
e: file:///home/runner/work/streamify-apk/streamify-apk/app/src/main/java/com/streamify/app/ui/screens/SettingsScreen.kt:734:51 Unresolved reference: dp
e: file:///home/runner/work/streamify-apk/streamify-apk/app/src/main/java/com/streamify/app/ui/screens/SettingsScreen.kt:735:32 Unresolved reference: Modifier
e: file:///home/runner/work/streamify-apk/streamify-apk/app/src/main/java/com/streamify/app/ui/screens/SettingsScreen.kt:737:39 Unresolved reference: Modifier
e: file:///home/runner/work/streamify-apk/streamify-apk/app/src/main/java/com/streamify/app/ui/screens/SettingsScreen.kt:737:59 Unresolved reference: dp
e: file:///home/runner/work/streamify-apk/streamify-apk/app/src/main/java/com/streamify/app/ui/screens/SettingsScreen.kt:739:40 Unresolved reference: Modifier
e: file:///home/runner/work/streamify-apk/streamify-apk/app/src/main/java/com/streamify/app/ui/screens/SettingsScreen.kt:743:47 Unresolved reference: Modifier
e: file:///home/runner/work/streamify-apk/streamify-apk/app/src/main/java/com/streamify/app/ui/screens/SettingsScreen.kt:754:43 Unresolved reference: launch
e: file:///home/runner/work/streamify-apk/streamify-apk/app/src/main/java/com/streamify/app/ui/screens/SettingsScreen.kt:755:64 Suspend function 'checkForUpdates' should be called only from a coroutine or another suspend function
e: file:///home/runner/work/streamify-apk/streamify-apk/app/src/main/java/com/streamify/app/ui/screens/SettingsScreen.kt:760:63 Unresolved reference: dp
e: file:///home/runner/work/streamify-apk/streamify-apk/app/src/main/java/com/streamify/app/ui/screens/SettingsScreen.kt:765:57 Unresolved reference: dp
e: file:///home/runner/work/streamify-apk/streamify-apk/app/src/main/java/com/streamify/app/ui/screens/SettingsScreen.kt:766:52 Unresolved reference: Modifier
e: file:///home/runner/work/streamify-apk/streamify-apk/app/src/main/java/com/streamify/app/ui/screens/SettingsScreen.kt:766:69 Unresolved reference: dp
e: file:///home/runner/work/streamify-apk/streamify-apk/app/src/main/java/com/streamify/app/ui/screens/SettingsScreen.kt:768:55 Unresolved reference: Modifier
e: file:///home/runner/work/streamify-apk/streamify-apk/app/src/main/java/com/streamify/app/ui/screens/SettingsScreen.kt:768:72 Unresolved reference: dp
e: file:///home/runner/work/streamify-apk/streamify-apk/app/src/main/java/com/streamify/app/ui/screens/SettingsScreen.kt:775:52 Unresolved reference: Modifier
e: file:///home/runner/work/streamify-apk/streamify-apk/app/src/main/java/com/streamify/app/ui/screens/SettingsScreen.kt:775:69 Unresolved reference: dp
e: file:///home/runner/work/streamify-apk/streamify-apk/app/src/main/java/com/streamify/app/ui/screens/SettingsScreen.kt:777:55 Unresolved reference: Modifier
e: file:///home/runner/work/streamify-apk/streamify-apk/app/src/main/java/com/streamify/app/ui/screens/SettingsScreen.kt:777:72 Unresolved reference: dp
e: file:///home/runner/work/streamify-apk/streamify-apk/app/src/main/java/com/streamify/app/ui/screens/SettingsScreen.kt:783:43 Unresolved reference: Modifier
e: file:///home/runner/work/streamify-apk/streamify-apk/app/src/main/java/com/streamify/app/ui/screens/SettingsScreen.kt:783:62 Unresolved reference: dp
e: file:///home/runner/work/streamify-apk/streamify-apk/app/src/main/java/com/streamify/app/ui/screens/SettingsScreen.kt:784:91 Unresolved reference: dp
e: file:///home/runner/work/streamify-apk/streamify-apk/app/src/main/java/com/streamify/app/ui/screens/SettingsScreen.kt:785:43 Unresolved reference: Modifier
e: file:///home/runner/work/streamify-apk/streamify-apk/app/src/main/java/com/streamify/app/ui/screens/SettingsScreen.kt:785:62 Unresolved reference: dp
e: file:///home/runner/work/streamify-apk/streamify-apk/app/src/main/java/com/streamify/app/ui/screens/SettingsScreen.kt:788:40 Unresolved reference: Modifier
e: file:///home/runner/work/streamify-apk/streamify-apk/app/src/main/java/com/streamify/app/ui/screens/SettingsScreen.kt:793:55 Unresolved reference: dp
e: file:///home/runner/work/streamify-apk/streamify-apk/app/src/main/java/com/streamify/app/ui/screens/SettingsScreen.kt:798:136 Unresolved reference: Modifier
e: file:///home/runner/work/streamify-apk/streamify-apk/app/src/main/java/com/streamify/app/ui/screens/SettingsScreen.kt:798:153 Unresolved reference: dp
e: file:///home/runner/work/streamify-apk/streamify-apk/app/src/main/java/com/streamify/app/ui/screens/SettingsScreen.kt:799:51 Unresolved reference: Modifier
e: file:///home/runner/work/streamify-apk/streamify-apk/app/src/main/java/com/streamify/app/ui/screens/SettingsScreen.kt:799:68 Unresolved reference: dp
e: file:///home/runner/work/streamify-apk/streamify-apk/app/src/main/java/com/streamify/app/ui/screens/SettingsScreen.kt:802:131 Unresolved reference: Modifier
e: file:///home/runner/work/streamify-apk/streamify-apk/app/src/main/java/com/streamify/app/ui/screens/SettingsScreen.kt:802:148 Unresolved reference: dp
e: file:///home/runner/work/streamify-apk/streamify-apk/app/src/main/java/com/streamify/app/ui/screens/SettingsScreen.kt:816:55 Unresolved reference: Modifier
e: file:///home/runner/work/streamify-apk/streamify-apk/app/src/main/java/com/streamify/app/ui/screens/SettingsScreen.kt:816:72 Unresolved reference: dp
e: file:///home/runner/work/streamify-apk/streamify-apk/app/src/main/java/com/streamify/app/ui/screens/SettingsScreen.kt:821:85 Unresolved reference: dp
e: file:///home/runner/work/streamify-apk/streamify-apk/app/src/main/java/com/streamify/app/ui/screens/SettingsScreen.kt:843:152 Unresolved reference: Modifier
e: file:///home/runner/work/streamify-apk/streamify-apk/app/src/main/java/com/streamify/app/ui/screens/SettingsScreen.kt:843:169 Unresolved reference: dp
e: file:///home/runner/work/streamify-apk/streamify-apk/app/src/main/java/com/streamify/app/ui/screens/SettingsScreen.kt:844:55 Unresolved reference: Modifier
e: file:///home/runner/work/streamify-apk/streamify-apk/app/src/main/java/com/streamify/app/ui/screens/SettingsScreen.kt:844:72 Unresolved reference: dp
e: file:///home/runner/work/streamify-apk/streamify-apk/app/src/main/java/com/streamify/app/ui/screens/SettingsScreen.kt:861:59 Unresolved reference: dp
e: file:///home/runner/work/streamify-apk/streamify-apk/app/src/main/java/com/streamify/app/ui/screens/SettingsScreen.kt:871:59 Unresolved reference: Modifier
e: file:///home/runner/work/streamify-apk/streamify-apk/app/src/main/java/com/streamify/app/ui/screens/SettingsScreen.kt:871:76 Unresolved reference: dp
e: file:///home/runner/work/streamify-apk/streamify-apk/app/src/main/java/com/streamify/app/ui/screens/SettingsScreen.kt:888:63 Unresolved reference: dp
e: file:///home/runner/work/streamify-apk/streamify-apk/app/src/main/java/com/streamify/app/ui/screens/SettingsScreen.kt:899:59 Unresolved reference: Modifier
e: file:///home/runner/work/streamify-apk/streamify-apk/app/src/main/java/com/streamify/app/ui/screens/SettingsScreen.kt:899:76 Unresolved reference: dp
e: file:///home/runner/work/streamify-apk/streamify-apk/app/src/main/java/com/streamify/app/ui/screens/SettingsScreen.kt:916:63 Unresolved reference: dp
e: file:///home/runner/work/streamify-apk/streamify-apk/app/src/main/java/com/streamify/app/ui/screens/SettingsScreen.kt:926:35 Unresolved reference: Modifier
e: file:///home/runner/work/streamify-apk/streamify-apk/app/src/main/java/com/streamify/app/ui/screens/SettingsScreen.kt:930:32 Unresolved reference: Modifier
e: file:///home/runner/work/streamify-apk/streamify-apk/app/src/main/java/com/streamify/app/ui/screens/SettingsScreen.kt:932:39 Unresolved reference: Modifier
e: file:///home/runner/work/streamify-apk/streamify-apk/app/src/main/java/com/streamify/app/ui/screens/SettingsScreen.kt:932:59 Unresolved reference: dp
e: file:///home/runner/work/streamify-apk/streamify-apk/app/src/main/java/com/streamify/app/ui/screens/SettingsScreen.kt:934:40 Unresolved reference: Modifier
e: file:///home/runner/work/streamify-apk/streamify-apk/app/src/main/java/com/streamify/app/ui/screens/SettingsScreen.kt:940:43 Unresolved reference: Modifier
e: file:///home/runner/work/streamify-apk/streamify-apk/app/src/main/java/com/streamify/app/ui/screens/SettingsScreen.kt:940:61 Unresolved reference: dp
e: file:///home/runner/work/streamify-apk/streamify-apk/app/src/main/java/com/streamify/app/ui/screens/SettingsScreen.kt:942:40 Unresolved reference: Modifier
e: file:///home/runner/work/streamify-apk/streamify-apk/app/src/main/java/com/streamify/app/ui/screens/SettingsScreen.kt:957:28 Unresolved reference: Modifier
e: file:///home/runner/work/streamify-apk/streamify-apk/app/src/main/java/com/streamify/app/ui/screens/SettingsScreen.kt:964:67 Unresolved reference: dp
e: file:///home/runner/work/streamify-apk/streamify-apk/app/src/main/java/com/streamify/app/ui/screens/SettingsScreen.kt:968:121 Unresolved reference: dp
e: file:///home/runner/work/streamify-apk/streamify-apk/app/src/main/java/com/streamify/app/ui/screens/SettingsScreen.kt:972:127 Unresolved reference: dp
e: file:///home/runner/work/streamify-apk/streamify-apk/app/src/main/java/com/streamify/app/ui/screens/SettingsScreen.kt:976:127 Unresolved reference: dp
e: file:///home/runner/work/streamify-apk/streamify-apk/app/src/main/java/com/streamify/app/ui/screens/SettingsScreen.kt:984:44 Unresolved reference: Modifier
e: file:///home/runner/work/streamify-apk/streamify-apk/app/src/main/java/com/streamify/app/ui/screens/SettingsScreen.kt:984:61 Unresolved reference: dp
e: file:///home/runner/work/streamify-apk/streamify-apk/app/src/main/java/com/streamify/app/ui/screens/SettingsScreen.kt:993:44 Unresolved reference: Modifier
e: file:///home/runner/work/streamify-apk/streamify-apk/app/src/main/java/com/streamify/app/ui/screens/SettingsScreen.kt:993:61 Unresolved reference: dp
e: file:///home/runner/work/streamify-apk/streamify-apk/app/src/main/java/com/streamify/app/viewmodel/JamViewModel.kt:163:61 Cannot infer a type for this parameter. Please specify it explicitly.
e: file:///home/runner/work/streamify-apk/streamify-apk/app/src/main/java/com/streamify/app/viewmodel/JamViewModel.kt:173:61 Suspension functions can be called only within coroutine body
e: file:///home/runner/work/streamify-apk/streamify-apk/app/src/main/java/com/streamify/app/viewmodel/JamViewModel.kt:174:95 Suspension functions can be called only within coroutine body
e: file:///home/runner/work/streamify-apk/streamify-apk/app/src/main/java/com/streamify/app/viewmodel/JamViewModel.kt:175:76 Overload resolution ambiguity: 
public operator fun CharSequence.contains(char: Char, ignoreCase: Boolean = ...): Boolean defined in kotlin.text
public operator fun CharSequence.contains(other: CharSequence, ignoreCase: Boolean = ...): Boolean defined in kotlin.text
public inline operator fun CharSequence.contains(regex: Regex): Boolean defined in kotlin.text

> Task :app:compileDebugKotlin FAILED

FAILURE: Build failed with an exception.

* What went wrong:
Execution failed for task ':app:compileDebugKotlin'.
> A failure occurred while executing org.jetbrains.kotlin.compilerRunner.GradleCompilerRunnerWithWorkers$GradleKotlinCompilerWorkAction
   > Compilation error. See log for more details

* Try:
> Run with --info or --debug option to get more log output.
> Run with --scan to get full insights.
> Get more help at https://help.gradle.org.

* Exception is:
org.gradle.api.tasks.TaskExecutionException: Execution failed for task ':app:compileDebugKotlin'.
	at org.gradle.api.internal.tasks.execution.ExecuteActionsTaskExecuter.lambda$executeIfValid$1(ExecuteActionsTaskExecuter.java:130)
	at org.gradle.internal.Try$Failure.ifSuccessfulOrElse(Try.java:282)
	at org.gradle.api.internal.tasks.execution.ExecuteActionsTaskExecuter.executeIfValid(ExecuteActionsTaskExecuter.java:128)
	at org.gradle.api.internal.tasks.execution.ExecuteActionsTaskExecuter.execute(ExecuteActionsTaskExecuter.java:116)
	at org.gradle.api.internal.tasks.execution.FinalizePropertiesTaskExecuter.execute(FinalizePropertiesTaskExecuter.java:46)
	at org.gradle.api.internal.tasks.execution.ResolveTaskExecutionModeExecuter.execute(ResolveTaskExecutionModeExecuter.java:51)
	at org.gradle.api.internal.tasks.execution.SkipTaskWithNoActionsExecuter.execute(SkipTaskWithNoActionsExecuter.java:57)
	at org.gradle.api.internal.tasks.execution.SkipOnlyIfTaskExecuter.execute(SkipOnlyIfTaskExecuter.java:74)
	at org.gradle.api.internal.tasks.execution.CatchExceptionTaskExecuter.execute(CatchExceptionTaskExecuter.java:36)
	at org.gradle.api.internal.tasks.execution.EventFiringTaskExecuter$1.executeTask(EventFiringTaskExecuter.java:77)
	at org.gradle.api.internal.tasks.execution.EventFiringTaskExecuter$1.call(EventFiringTaskExecuter.java:55)
	at org.gradle.api.internal.tasks.execution.EventFiringTaskExecuter$1.call(EventFiringTaskExecuter.java:52)
	at org.gradle.internal.operations.DefaultBuildOperationRunner$CallableBuildOperationWorker.execute(DefaultBuildOperationRunner.java:200)
	at org.gradle.internal.operations.DefaultBuildOperationRunner$CallableBuildOperationWorker.execute(DefaultBuildOperationRunner.java:195)
	at org.gradle.internal.operations.DefaultBuildOperationRunner$2.execute(DefaultBuildOperationRunner.java:66)
	at org.gradle.internal.operations.DefaultBuildOperationRunner$2.execute(DefaultBuildOperationRunner.java:59)
	at org.gradle.internal.operations.DefaultBuildOperationRunner.execute(DefaultBuildOperationRunner.java:157)
	at org.gradle.internal.operations.DefaultBuildOperationRunner.execute(DefaultBuildOperationRunner.java:59)
	at org.gradle.internal.operations.DefaultBuildOperationRunner.call(DefaultBuildOperationRunner.java:53)
	at org.gradle.internal.operations.DefaultBuildOperationExecutor.call(DefaultBuildOperationExecutor.java:73)
	at org.gradle.api.internal.tasks.execution.EventFiringTaskExecuter.execute(EventFiringTaskExecuter.java:52)
	at org.gradle.execution.plan.LocalTaskNodeExecutor.execute(LocalTaskNodeExecutor.java:42)
	at org.gradle.execution.taskgraph.DefaultTaskExecutionGraph$InvokeNodeExecutorsAction.execute(DefaultTaskExecutionGraph.java:331)
	at org.gradle.execution.taskgraph.DefaultTaskExecutionGraph$InvokeNodeExecutorsAction.execute(DefaultTaskExecutionGraph.java:318)
	at org.gradle.execution.taskgraph.DefaultTaskExecutionGraph$BuildOperationAwareExecutionAction.lambda$execute$0(DefaultTaskExecutionGraph.java:314)
	at org.gradle.internal.operations.CurrentBuildOperationRef.with(CurrentBuildOperationRef.java:80)
	at org.gradle.execution.taskgraph.DefaultTaskExecutionGraph$BuildOperationAwareExecutionAction.execute(DefaultTaskExecutionGraph.java:314)
	at org.gradle.execution.taskgraph.DefaultTaskExecutionGraph$BuildOperationAwareExecutionAction.execute(DefaultTaskExecutionGraph.java:303)
	at org.gradle.execution.plan.DefaultPlanExecutor$ExecutorWorker.execute(DefaultPlanExecutor.java:463)
	at org.gradle.execution.plan.DefaultPlanExecutor$ExecutorWorker.run(DefaultPlanExecutor.java:380)
	at org.gradle.internal.concurrent.ExecutorPolicy$CatchAndRecordFailures.onExecute(ExecutorPolicy.java:64)
	at org.gradle.internal.concurrent.AbstractManagedExecutor$1.run(AbstractManagedExecutor.java:47)
Caused by: org.gradle.workers.internal.DefaultWorkerExecutor$WorkExecutionException: A failure occurred while executing org.jetbrains.kotlin.compilerRunner.GradleCompilerRunnerWithWorkers$GradleKotlinCompilerWorkAction
	at org.gradle.workers.internal.DefaultWorkerExecutor$WorkItemExecution.waitForCompletion(DefaultWorkerExecutor.java:287)
	at org.gradle.internal.work.DefaultAsyncWorkTracker.lambda$waitForItemsAndGatherFailures$2(DefaultAsyncWorkTracker.java:130)
	at org.gradle.internal.Factories$1.create(Factories.java:31)
	at org.gradle.internal.work.DefaultWorkerLeaseService.withoutLocks(DefaultWorkerLeaseService.java:336)
	at org.gradle.internal.work.DefaultWorkerLeaseService.withoutLocks(DefaultWorkerLeaseService.java:319)
	at org.gradle.internal.work.DefaultWorkerLeaseService.withoutLock(DefaultWorkerLeaseService.java:324)
	at org.gradle.internal.work.DefaultAsyncWorkTracker.waitForItemsAndGatherFailures(DefaultAsyncWorkTracker.java:126)
	at org.gradle.internal.work.DefaultAsyncWorkTracker.waitForItemsAndGatherFailures(DefaultAsyncWorkTracker.java:92)
	at org.gradle.internal.work.DefaultAsyncWorkTracker.waitForAll(DefaultAsyncWorkTracker.java:78)
	at org.gradle.internal.work.DefaultAsyncWorkTracker.waitForCompletion(DefaultAsyncWorkTracker.java:66)
	at org.gradle.api.internal.tasks.execution.TaskExecution$3.run(TaskExecution.java:252)
	at org.gradle.internal.operations.DefaultBuildOperationRunner$1.execute(DefaultBuildOperationRunner.java:29)
	at org.gradle.internal.operations.DefaultBuildOperationRunner$1.execute(DefaultBuildOperationRunner.java:26)
	at org.gradle.internal.operations.DefaultBuildOperationRunner$2.execute(DefaultBuildOperationRunner.java:66)
	at org.gradle.internal.operations.DefaultBuildOperationRunner$2.execute(DefaultBuildOperationRunner.java:59)
	at org.gradle.internal.operations.DefaultBuildOperationRunner.execute(DefaultBuildOperationRunner.java:157)
	at org.gradle.internal.operations.DefaultBuildOperationRunner.execute(DefaultBuildOperationRunner.java:59)
	at org.gradle.internal.operations.DefaultBuildOperationRunner.run(DefaultBuildOperationRunner.java:47)
	at org.gradle.internal.operations.DefaultBuildOperationExecutor.run(DefaultBuildOperationExecutor.java:68)
	at org.gradle.api.internal.tasks.execution.TaskExecution.executeAction(TaskExecution.java:229)
	at org.gradle.api.internal.tasks.execution.TaskExecution.executeActions(TaskExecution.java:212)
	at org.gradle.api.internal.tasks.execution.TaskExecution.executeWithPreviousOutputFiles(TaskExecution.java:195)
	at org.gradle.api.internal.tasks.execution.TaskExecution.execute(TaskExecution.java:162)
	at org.gradle.internal.execution.steps.ExecuteStep.executeInternal(ExecuteStep.java:105)
	at org.gradle.internal.execution.steps.ExecuteStep.access$000(ExecuteStep.java:44)
	at org.gradle.internal.execution.steps.ExecuteStep$1.call(ExecuteStep.java:59)
	at org.gradle.internal.execution.steps.ExecuteStep$1.call(ExecuteStep.java:56)
	at org.gradle.internal.operations.DefaultBuildOperationRunner$CallableBuildOperationWorker.execute(DefaultBuildOperationRunner.java:200)
	at org.gradle.internal.operations.DefaultBuildOperationRunner$CallableBuildOperationWorker.execute(DefaultBuildOperationRunner.java:195)
	at org.gradle.internal.operations.DefaultBuildOperationRunner$2.execute(DefaultBuildOperationRunner.java:66)
	at org.gradle.internal.operations.DefaultBuildOperationRunner$2.execute(DefaultBuildOperationRunner.java:59)
	at org.gradle.internal.operations.DefaultBuildOperationRunner.execute(DefaultBuildOperationRunner.java:157)
	at org.gradle.internal.operations.DefaultBuildOperationRunner.execute(DefaultBuildOperationRunner.java:59)
	at org.gradle.internal.operations.DefaultBuildOperationRunner.call(DefaultBuildOperationRunner.java:53)
	at org.gradle.internal.operations.DefaultBuildOperationExecutor.call(DefaultBuildOperationExecutor.java:73)
	at org.gradle.internal.execution.steps.ExecuteStep.execute(ExecuteStep.java:56)
	at org.gradle.internal.execution.steps.ExecuteStep.execute(ExecuteStep.java:44)
	at org.gradle.internal.execution.steps.CancelExecutionStep.execute(CancelExecutionStep.java:41)
	at org.gradle.internal.execution.steps.TimeoutStep.executeWithoutTimeout(TimeoutStep.java:74)
	at org.gradle.internal.execution.steps.TimeoutStep.execute(TimeoutStep.java:55)
	at org.gradle.internal.execution.steps.PreCreateOutputParentsStep.execute(PreCreateOutputParentsStep.java:50)
	at org.gradle.internal.execution.steps.PreCreateOutputParentsStep.execute(PreCreateOutputParentsStep.java:28)
	at org.gradle.internal.execution.steps.RemovePreviousOutputsStep.execute(RemovePreviousOutputsStep.java:67)
	at org.gradle.internal.execution.steps.RemovePreviousOutputsStep.execute(RemovePreviousOutputsStep.java:37)
	at org.gradle.internal.execution.steps.BroadcastChangingOutputsStep.execute(BroadcastChangingOutputsStep.java:61)
	at org.gradle.internal.execution.steps.BroadcastChangingOutputsStep.execute(BroadcastChangingOutputsStep.java:26)
	at org.gradle.internal.execution.steps.CaptureOutputsAfterExecutionStep.execute(CaptureOutputsAfterExecutionStep.java:67)
	at org.gradle.internal.execution.steps.CaptureOutputsAfterExecutionStep.execute(CaptureOutputsAfterExecutionStep.java:45)
	at org.gradle.internal.execution.steps.ResolveInputChangesStep.execute(ResolveInputChangesStep.java:40)
	at org.gradle.internal.execution.steps.ResolveInputChangesStep.execute(ResolveInputChangesStep.java:29)
	at org.gradle.internal.execution.steps.BuildCacheStep.executeWithoutCache(BuildCacheStep.java:189)
	at org.gradle.internal.execution.steps.BuildCacheStep.lambda$execute$1(BuildCacheStep.java:75)
	at org.gradle.internal.Either$Right.fold(Either.java:175)
	at org.gradle.internal.execution.caching.CachingState.fold(CachingState.java:62)
	at org.gradle.internal.execution.steps.BuildCacheStep.execute(BuildCacheStep.java:73)
	at org.gradle.internal.execution.steps.BuildCacheStep.execute(BuildCacheStep.java:48)
	at org.gradle.internal.execution.steps.StoreExecutionStateStep.execute(StoreExecutionStateStep.java:46)
	at org.gradle.internal.execution.steps.StoreExecutionStateStep.execute(StoreExecutionStateStep.java:35)
	at org.gradle.internal.execution.steps.SkipUpToDateStep.executeBecause(SkipUpToDateStep.java:76)
	at org.gradle.internal.execution.steps.SkipUpToDateStep.lambda$execute$2(SkipUpToDateStep.java:54)
	at org.gradle.internal.execution.steps.SkipUpToDateStep.execute(SkipUpToDateStep.java:54)
	at org.gradle.internal.execution.steps.SkipUpToDateStep.execute(SkipUpToDateStep.java:36)
	at org.gradle.internal.execution.steps.legacy.MarkSnapshottingInputsFinishedStep.execute(MarkSnapshottingInputsFinishedStep.java:37)
	at org.gradle.internal.execution.steps.legacy.MarkSnapshottingInputsFinishedStep.execute(MarkSnapshottingInputsFinishedStep.java:27)
	at org.gradle.internal.execution.steps.ResolveIncrementalCachingStateStep.executeDelegate(ResolveIncrementalCachingStateStep.java:49)
	at org.gradle.internal.execution.steps.ResolveIncrementalCachingStateStep.executeDelegate(ResolveIncrementalCachingStateStep.java:27)
	at org.gradle.internal.execution.steps.AbstractResolveCachingStateStep.execute(AbstractResolveCachingStateStep.java:71)
	at org.gradle.internal.execution.steps.AbstractResolveCachingStateStep.execute(AbstractResolveCachingStateStep.java:39)
	at org.gradle.internal.execution.steps.ResolveChangesStep.execute(ResolveChangesStep.java:65)
	at org.gradle.internal.execution.steps.ResolveChangesStep.execute(ResolveChangesStep.java:36)
	at org.gradle.internal.execution.steps.ValidateStep.execute(ValidateStep.java:106)
	at org.gradle.internal.execution.steps.ValidateStep.execute(ValidateStep.java:55)
	at org.gradle.internal.execution.steps.AbstractCaptureStateBeforeExecutionStep.execute(AbstractCaptureStateBeforeExecutionStep.java:64)
	at org.gradle.internal.execution.steps.AbstractCaptureStateBeforeExecutionStep.execute(AbstractCaptureStateBeforeExecutionStep.java:43)
	at org.gradle.internal.execution.steps.AbstractSkipEmptyWorkStep.executeWithNonEmptySources(AbstractSkipEmptyWorkStep.java:125)
	at org.gradle.internal.execution.steps.AbstractSkipEmptyWorkStep.execute(AbstractSkipEmptyWorkStep.java:61)
	at org.gradle.internal.execution.steps.AbstractSkipEmptyWorkStep.execute(AbstractSkipEmptyWorkStep.java:36)
	at org.gradle.internal.execution.steps.legacy.MarkSnapshottingInputsStartedStep.execute(MarkSnapshottingInputsStartedStep.java:38)
	at org.gradle.internal.execution.steps.LoadPreviousExecutionStateStep.execute(LoadPreviousExecutionStateStep.java:36)
	at org.gradle.internal.execution.steps.LoadPreviousExecutionStateStep.execute(LoadPreviousExecutionStateStep.java:23)
	at org.gradle.internal.execution.steps.HandleStaleOutputsStep.execute(HandleStaleOutputsStep.java:75)
	at org.gradle.internal.execution.steps.HandleStaleOutputsStep.execute(HandleStaleOutputsStep.java:41)
	at org.gradle.internal.execution.steps.AssignMutableWorkspaceStep.lambda$execute$0(AssignMutableWorkspaceStep.java:35)
	at org.gradle.api.internal.tasks.execution.TaskExecution$4.withWorkspace(TaskExecution.java:289)
	at org.gradle.internal.execution.steps.AssignMutableWorkspaceStep.execute(AssignMutableWorkspaceStep.java:31)
	at org.gradle.internal.execution.steps.AssignMutableWorkspaceStep.execute(AssignMutableWorkspaceStep.java:22)
	at org.gradle.internal.execution.steps.ChoosePipelineStep.execute(ChoosePipelineStep.java:40)
	at org.gradle.internal.execution.steps.ChoosePipelineStep.execute(ChoosePipelineStep.java:23)
	at org.gradle.internal.execution.steps.ExecuteWorkBuildOperationFiringStep.lambda$execute$2(ExecuteWorkBuildOperationFiringStep.java:67)
	at org.gradle.internal.execution.steps.ExecuteWorkBuildOperationFiringStep.execute(ExecuteWorkBuildOperationFiringStep.java:67)
	at org.gradle.internal.execution.steps.ExecuteWorkBuildOperationFiringStep.execute(ExecuteWorkBuildOperationFiringStep.java:39)
	at org.gradle.internal.execution.steps.IdentityCacheStep.execute(IdentityCacheStep.java:46)
	at org.gradle.internal.execution.steps.IdentityCacheStep.execute(IdentityCacheStep.java:34)
	at org.gradle.internal.execution.steps.IdentifyStep.execute(IdentifyStep.java:48)
	at org.gradle.internal.execution.steps.IdentifyStep.execute(IdentifyStep.java:35)
	at org.gradle.internal.execution.impl.DefaultExecutionEngine$1.execute(DefaultExecutionEngine.java:61)
	at org.gradle.api.internal.tasks.execution.ExecuteActionsTaskExecuter.executeIfValid(ExecuteActionsTaskExecuter.java:127)
	at org.gradle.api.internal.tasks.execution.ExecuteActionsTaskExecuter.execute(ExecuteActionsTaskExecuter.java:116)
	at org.gradle.api.internal.tasks.execution.FinalizePropertiesTaskExecuter.execute(FinalizePropertiesTaskExecuter.java:46)
	at org.gradle.api.internal.tasks.execution.ResolveTaskExecutionModeExecuter.execute(ResolveTaskExecutionModeExecuter.java:51)
	at org.gradle.api.internal.tasks.execution.SkipTaskWithNoActionsExecuter.execute(SkipTaskWithNoActionsExecuter.java:57)
	at org.gradle.api.internal.tasks.execution.SkipOnlyIfTaskExecuter.execute(SkipOnlyIfTaskExecuter.java:74)
	at org.gradle.api.internal.tasks.execution.CatchExceptionTaskExecuter.execute(CatchExceptionTaskExecuter.java:36)
	at org.gradle.api.internal.tasks.execution.EventFiringTaskExecuter$1.executeTask(EventFiringTaskExecuter.java:77)
	at org.gradle.api.internal.tasks.execution.EventFiringTaskExecuter$1.call(EventFiringTaskExecuter.java:55)
	at org.gradle.api.internal.tasks.execution.EventFiringTaskExecuter$1.call(EventFiringTaskExecuter.java:52)
	at org.gradle.internal.operations.DefaultBuildOperationRunner$CallableBuildOperationWorker.execute(DefaultBuildOperationRunner.java:200)
	at org.gradle.internal.operations.DefaultBuildOperationRunner$CallableBuildOperationWorker.execute(DefaultBuildOperationRunner.java:195)
	at org.gradle.internal.operations.DefaultBuildOperationRunner$2.execute(DefaultBuildOperationRunner.java:66)
	at org.gradle.internal.operations.DefaultBuildOperationRunner$2.execute(DefaultBuildOperationRunner.java:59)
	at org.gradle.internal.operations.DefaultBuildOperationRunner.execute(DefaultBuildOperationRunner.java:157)
	at org.gradle.internal.operations.DefaultBuildOperationRunner.execute(DefaultBuildOperationRunner.java:59)
	at org.gradle.internal.operations.DefaultBuildOperationRunner.call(DefaultBuildOperationRunner.java:53)
	at org.gradle.internal.operations.DefaultBuildOperationExecutor.call(DefaultBuildOperationExecutor.java:73)
	at org.gradle.api.internal.tasks.execution.EventFiringTaskExecuter.execute(EventFiringTaskExecuter.java:52)
	at org.gradle.execution.plan.LocalTaskNodeExecutor.execute(LocalTaskNodeExecutor.java:42)
	at org.gradle.execution.taskgraph.DefaultTaskExecutionGraph$InvokeNodeExecutorsAction.execute(DefaultTaskExecutionGraph.java:331)
	at org.gradle.execution.taskgraph.DefaultTaskExecutionGraph$InvokeNodeExecutorsAction.execute(DefaultTaskExecutionGraph.java:318)
	at org.gradle.execution.taskgraph.DefaultTaskExecutionGraph$BuildOperationAwareExecutionAction.lambda$execute$0(DefaultTaskExecutionGraph.java:314)
	at org.gradle.internal.operations.CurrentBuildOperationRef.with(CurrentBuildOperationRef.java:80)
	at org.gradle.execution.taskgraph.DefaultTaskExecutionGraph$BuildOperationAwareExecutionAction.execute(DefaultTaskExecutionGraph.java:314)
	at org.gradle.execution.taskgraph.DefaultTaskExecutionGraph$BuildOperationAwareExecutionAction.execute(DefaultTaskExecutionGraph.java:303)
	at org.gradle.execution.plan.DefaultPlanExecutor$ExecutorWorker.execute(DefaultPlanExecutor.java:463)
	at org.gradle.execution.plan.DefaultPlanExecutor$ExecutorWorker.run(DefaultPlanExecutor.java:380)
	at org.gradle.internal.concurrent.ExecutorPolicy$CatchAndRecordFailures.onExecute(ExecutorPolicy.java:64)
	at org.gradle.internal.concurrent.AbstractManagedExecutor$1.run(AbstractManagedExecutor.java:47)
Caused by: org.jetbrains.kotlin.gradle.tasks.CompilationErrorException: Compilation error. See log for more details
	at org.jetbrains.kotlin.gradle.tasks.TasksUtilsKt.throwExceptionIfCompilationFailed(tasksUtils.kt:20)
	at org.jetbrains.kotlin.compilerRunner.GradleKotlinCompilerWork.run(GradleKotlinCompilerWork.kt:141)
	at org.jetbrains.kotlin.compilerRunner.GradleCompilerRunnerWithWorkers$GradleKotlinCompilerWorkAction.execute(GradleCompilerRunnerWithWorkers.kt:73)
	at org.gradle.workers.internal.DefaultWorkerServer.execute(DefaultWorkerServer.java:63)
	at org.gradle.workers.internal.NoIsolationWorkerFactory$1$1.create(NoIsolationWorkerFactory.java:66)
	at org.gradle.workers.internal.NoIsolationWorkerFactory$1$1.create(NoIsolationWorkerFactory.java:62)
	at org.gradle.internal.classloader.ClassLoaderUtils.executeInClassloader(ClassLoaderUtils.java:100)
	at org.gradle.workers.internal.NoIsolationWorkerFactory$1.lambda$execute$0(NoIsolationWorkerFactory.java:62)
	at org.gradle.workers.internal.AbstractWorker$1.call(AbstractWorker.java:44)
	at org.gradle.workers.internal.AbstractWorker$1.call(AbstractWorker.java:41)
	at org.gradle.internal.operations.DefaultBuildOperationRunner$CallableBuildOperationWorker.execute(DefaultBuildOperationRunner.java:200)
	at org.gradle.internal.operations.DefaultBuildOperationRunner$CallableBuildOperationWorker.execute(DefaultBuildOperationRunner.java:195)
	at org.gradle.internal.operations.DefaultBuildOperationRunner$2.execute(DefaultBuildOperationRunner.java:66)
	at org.gradle.internal.operations.DefaultBuildOperationRunner$2.execute(DefaultBuildOperationRunner.java:59)
	at org.gradle.internal.operations.DefaultBuildOperationRunner.execute(DefaultBuildOperationRunner.java:157)
	at org.gradle.internal.operations.DefaultBuildOperationRunner.execute(DefaultBuildOperationRunner.java:59)
	at org.gradle.internal.operations.DefaultBuildOperationRunner.call(DefaultBuildOperationRunner.java:53)
	at org.gradle.internal.operations.DefaultBuildOperationExecutor.call(DefaultBuildOperationExecutor.java:73)
	at org.gradle.workers.internal.AbstractWorker.executeWrappedInBuildOperation(AbstractWorker.java:41)
	at org.gradle.workers.internal.NoIsolationWorkerFactory$1.execute(NoIsolationWorkerFactory.java:59)
	at org.gradle.workers.internal.DefaultWorkerExecutor.lambda$submitWork$0(DefaultWorkerExecutor.java:174)
	at org.gradle.internal.work.DefaultConditionalExecutionQueue$ExecutionRunner.runExecution(DefaultConditionalExecutionQueue.java:187)
	at org.gradle.internal.work.DefaultConditionalExecutionQueue$ExecutionRunner.access$700(DefaultConditionalExecutionQueue.java:120)
	at org.gradle.internal.work.DefaultConditionalExecutionQueue$ExecutionRunner$1.run(DefaultConditionalExecutionQueue.java:162)
	at org.gradle.internal.Factories$1.create(Factories.java:31)
	at org.gradle.internal.work.DefaultWorkerLeaseService.withLocks(DefaultWorkerLeaseService.java:264)
	at org.gradle.internal.work.DefaultWorkerLeaseService.runAsWorkerThread(DefaultWorkerLeaseService.java:128)
	at org.gradle.internal.work.DefaultWorkerLeaseService.runAsWorkerThread(DefaultWorkerLeaseService.java:133)
	at org.gradle.internal.work.DefaultConditionalExecutionQueue$ExecutionRunner.runBatch(DefaultConditionalExecutionQueue.java:157)
	at org.gradle.internal.work.DefaultConditionalExecutionQueue$ExecutionRunner.run(DefaultConditionalExecutionQueue.java:126)
	... 2 more


Deprecated Gradle features were used in this build, making it incompatible with Gradle 9.0.

You can use '--warning-mode all' to show the individual deprecation warnings and determine if they come from your own scripts or plugins.

For more on this, please refer to https://docs.gradle.org/8.7/userguide/command_line_interface.html#sec:command_line_warnings in the Gradle documentation.

BUILD FAILED in 2m 9s
45 actionable tasks: 45 executed
