openjdk version "17.0.20" 2026-07-21
OpenJDK Runtime Environment Temurin-17.0.20+8 (build 17.0.20+8)
OpenJDK 64-Bit Server VM Temurin-17.0.20+8 (build 17.0.20+8, mixed mode, sharing)

Welcome to Gradle 8.7!

Here are the highlights of this release:
 - Compiling and testing with Java 22
 - Cacheable Groovy script compilation
 - New methods in lazy collection properties

For more details see https://docs.gradle.org/8.7/release-notes.html

Starting a Gradle Daemon (subsequent builds will be faster)

> Configure project :app
Warning: Python version 3.11 may have fewer packages available. If you experience problems, try switching to version 3.8.
This version only understands SDK XML versions up to 3 but an SDK XML file of version 4 was encountered. This can happen if you use versions of Android Studio and the command-line tools that were released at different times.
Checking the license for package NDK (Side by side) 25.1.8937393 in /usr/local/lib/android/sdk/licenses
License for package NDK (Side by side) 25.1.8937393 accepted.
Preparing "Install NDK (Side by side) 25.1.8937393 v.25.1.8937393".
"Install NDK (Side by side) 25.1.8937393 v.25.1.8937393" ready.
Installing NDK (Side by side) 25.1.8937393 in /usr/local/lib/android/sdk/ndk/25.1.8937393
"Install NDK (Side by side) 25.1.8937393 v.25.1.8937393" complete.
"Install NDK (Side by side) 25.1.8937393 v.25.1.8937393" finished.

> Task :app:externalNativeBuildCleanDebug
> Task :app:externalNativeBuildCleanRelease
> Task :app:clean
> Task :app:preBuild UP-TO-DATE
> Task :app:preDebugBuild UP-TO-DATE
> Task :app:mergeDebugNativeDebugMetadata NO-SOURCE
> Task :app:checkKotlinGradlePluginConfigurationErrors
> Task :app:generateDebugBuildConfig
> Task :app:generateDebugResValues
> Task :app:checkDebugAarMetadata
> Task :app:mapDebugSourceSetPaths
> Task :app:generateDebugResources
> Task :app:packageDebugResources
> Task :app:createDebugCompatibleScreenManifests
> Task :app:extractDeepLinksDebug
> Task :app:mergeDebugResources
> Task :app:parseDebugLocalResources
> Task :app:processDebugMainManifest
> Task :app:processDebugManifest
> Task :app:extractDebugPythonBuildPackages

> Task :app:generateDebugPythonRequirements
Chaquopy: Installing for arm64-v8a
Looking in indexes: https://pypi.org/simple, https://chaquo.com/pypi-13.1
Collecting yt-dlp
  Downloading yt_dlp-2026.7.4-py3-none-any.whl (3.2 MB)
Collecting mutagen
  Downloading mutagen-1.48.1-py3-none-any.whl (195 kB)
Collecting requests
  Downloading requests-2.34.2-py3-none-any.whl (73 kB)
Collecting urllib3<3,>=1.26
  Downloading urllib3-2.7.0-py3-none-any.whl (131 kB)
Collecting idna<4,>=2.5
  Downloading idna-3.18-py3-none-any.whl (65 kB)
Collecting charset_normalizer<4,>=2
  Downloading charset_normalizer-3.5.1-py3-none-any.whl (68 kB)
Collecting certifi>=2023.5.7
  Downloading certifi-2026.7.22-py3-none-any.whl (136 kB)
Installing collected packages: yt-dlp, mutagen, urllib3, idna, charset-normalizer, certifi, requests
Successfully installed certifi-2026.7.22 charset-normalizer-3.5.1 idna-3.18 mutagen-1.48.1 requests-2.34.2 urllib3-2.7.0 yt-dlp-2026.7.4
Chaquopy: Installing for armeabi-v7a

> Task :app:mergeDebugPythonSources
> Task :app:generateDebugPythonProxies
> Task :app:javaPreCompileDebug
> Task :app:mergeDebugShaders
> Task :app:compileDebugShaders NO-SOURCE
> Task :app:generateDebugAssets UP-TO-DATE
> Task :app:generateDebugPythonMiscAssets
> Task :app:generateDebugPythonRequirementsAssets
> Task :app:generateDebugPythonSourceAssets
> Task :app:generateDebugPythonBuildAssets
> Task :app:mergeDebugAssets
> Task :app:compressDebugAssets
> Task :app:processDebugManifestForPackage
> Task :app:checkDebugDuplicateClasses
> Task :app:mergeLibDexDebug
> Task :app:processDebugResources
> Task :app:configureCMakeDebug[arm64-v8a]
> Task :app:desugarDebugFileDependencies
> Task :app:mergeExtDexDebug
> Task :app:compileDebugKotlin
> Task :app:buildCMakeDebug[arm64-v8a]
> Task :app:configureCMakeDebug[armeabi-v7a]

> Task :app:compileDebugKotlin
e: file:///home/runner/work/streamify-apk/streamify-apk/app/src/main/java/com/streamify/app/data/NuclearResetManager.kt:106:61 Cannot find a parameter with this name: limit
e: file:///home/runner/work/streamify-apk/streamify-apk/app/src/main/java/com/streamify/app/data/NuclearResetManager.kt:108:34 Unresolved reference: previewUrl
e: file:///home/runner/work/streamify-apk/streamify-apk/app/src/main/java/com/streamify/app/data/NuclearResetManager.kt:112:50 Unresolved reference: trackName
e: file:///home/runner/work/streamify-apk/streamify-apk/app/src/main/java/com/streamify/app/data/NuclearResetManager.kt:113:51 Unresolved reference: artistName
e: file:///home/runner/work/streamify-apk/streamify-apk/app/src/main/java/com/streamify/app/data/NuclearResetManager.kt:114:50 Unresolved reference: collectionName
e: file:///home/runner/work/streamify-apk/streamify-apk/app/src/main/java/com/streamify/app/data/NuclearResetManager.kt:115:57 Unresolved reference: trackTimeMillis
e: file:///home/runner/work/streamify-apk/streamify-apk/app/src/main/java/com/streamify/app/data/NuclearResetManager.kt:116:53 Unresolved reference: previewUrl
e: file:///home/runner/work/streamify-apk/streamify-apk/app/src/main/java/com/streamify/app/data/NuclearResetManager.kt:117:57 Unresolved reference: artworkUrl100
e: file:///home/runner/work/streamify-apk/streamify-apk/app/src/main/java/com/streamify/app/data/NuclearResetManager.kt:120:37 No value passed for parameter 'lyricsPath'
e: file:///home/runner/work/streamify-apk/streamify-apk/app/src/main/java/com/streamify/app/data/TrackRepository.kt:121:63 Unresolved reference: launch
e: file:///home/runner/work/streamify-apk/streamify-apk/app/src/main/java/com/streamify/app/data/TrackRepository.kt:123:66 Suspension functions can be called only within coroutine body
e: file:///home/runner/work/streamify-apk/streamify-apk/app/src/main/java/com/streamify/app/data/TrackRepository.kt:159:67 Unresolved reference: launch
e: file:///home/runner/work/streamify-apk/streamify-apk/app/src/main/java/com/streamify/app/data/TrackRepository.kt:162:74 Suspension functions can be called only within coroutine body
e: file:///home/runner/work/streamify-apk/streamify-apk/app/src/main/java/com/streamify/app/data/TrackRepository.kt:163:74 Suspension functions can be called only within coroutine body
e: file:///home/runner/work/streamify-apk/streamify-apk/app/src/main/java/com/streamify/app/data/TrackRepository.kt:165:74 Suspension functions can be called only within coroutine body
e: file:///home/runner/work/streamify-apk/streamify-apk/app/src/main/java/com/streamify/app/data/YtStatsTelemetryEngine.kt:50:44 None of the following functions can be called with the arguments supplied: 
public inline fun <T> Iterable<TypeVariable(T)>.sumOf(selector: (TypeVariable(T)) -> BigDecimal): BigDecimal defined in kotlin.collections
public inline fun <T> Iterable<TypeVariable(T)>.sumOf(selector: (TypeVariable(T)) -> BigInteger): BigInteger defined in kotlin.collections
public inline fun <T> Iterable<TypeVariable(T)>.sumOf(selector: (TypeVariable(T)) -> Double): Double defined in kotlin.collections
public inline fun <T> Iterable<TypeVariable(T)>.sumOf(selector: (TypeVariable(T)) -> Int): Int defined in kotlin.collections
public inline fun <T> Iterable<TypeVariable(T)>.sumOf(selector: (TypeVariable(T)) -> Long): Long defined in kotlin.collections
public inline fun <T> Iterable<TypeVariable(T)>.sumOf(selector: (TypeVariable(T)) -> UInt): UInt defined in kotlin.collections
public inline fun <T> Iterable<TypeVariable(T)>.sumOf(selector: (TypeVariable(T)) -> ULong): ULong defined in kotlin.collections
e: file:///home/runner/work/streamify-apk/streamify-apk/app/src/main/java/com/streamify/app/data/YtStatsTelemetryEngine.kt:50:55 Unresolved reference: playCount
e: file:///home/runner/work/streamify-apk/streamify-apk/app/src/main/java/com/streamify/app/data/network/AntiJarringTransitionEngine.kt:32:119 Unresolved reference: genre
e: file:///home/runner/work/streamify-apk/streamify-apk/app/src/main/java/com/streamify/app/data/network/AntiJarringTransitionEngine.kt:33:107 Unresolved reference: genre
e: file:///home/runner/work/streamify-apk/streamify-apk/app/src/main/java/com/streamify/app/data/network/AntiJarringTransitionEngine.kt:61:25 Cannot find a parameter with this name: genre
e: file:///home/runner/work/streamify-apk/streamify-apk/app/src/main/java/com/streamify/app/data/network/AntiJarringTransitionEngine.kt:61:25 No value passed for parameter 'key'
e: file:///home/runner/work/streamify-apk/streamify-apk/app/src/main/java/com/streamify/app/data/network/AntiJarringTransitionEngine.kt:61:25 No value passed for parameter 'lyricsPath'
e: file:///home/runner/work/streamify-apk/streamify-apk/app/src/main/java/com/streamify/app/data/network/AntiJarringTransitionEngine.kt:61:25 No value passed for parameter 'source'
e: file:///home/runner/work/streamify-apk/streamify-apk/app/src/main/java/com/streamify/app/data/network/AntiJarringTransitionEngine.kt:61:46 Unresolved reference: genre
e: file:///home/runner/work/streamify-apk/streamify-apk/app/src/main/java/com/streamify/app/data/network/PersonaEngine.kt:30:38 Unresolved reference: tracks
e: file:///home/runner/work/streamify-apk/streamify-apk/app/src/main/java/com/streamify/app/data/network/PersonaEngine.kt:32:56 Unresolved reference: it
e: file:///home/runner/work/streamify-apk/streamify-apk/app/src/main/java/com/streamify/app/data/network/PersonaEngine.kt:32:74 Unresolved reference: it
e: file:///home/runner/work/streamify-apk/streamify-apk/app/src/main/java/com/streamify/app/data/network/PersonaEngine.kt:33:45 Unresolved reference: it
e: file:///home/runner/work/streamify-apk/streamify-apk/app/src/main/java/com/streamify/app/data/network/PersonaEngine.kt:34:42 Unresolved reference: it
e: file:///home/runner/work/streamify-apk/streamify-apk/app/src/main/java/com/streamify/app/data/network/PersonaEngine.kt:35:28 Unresolved reference: it
e: file:///home/runner/work/streamify-apk/streamify-apk/app/src/main/java/com/streamify/app/data/network/SmartAcousticEngine.kt:25:64 Unresolved reference: genre
e: file:///home/runner/work/streamify-apk/streamify-apk/app/src/main/java/com/streamify/app/data/network/SmartAcousticEngine.kt:41:28 Unresolved reference: genre
e: file:///home/runner/work/streamify-apk/streamify-apk/app/src/main/java/com/streamify/app/data/network/SmartAcousticEngine.kt:64:61 Unresolved reference: genre
e: file:///home/runner/work/streamify-apk/streamify-apk/app/src/main/java/com/streamify/app/data/remote/BatchTrackResolver.kt:92:52 Type mismatch: inferred type is String? but String was expected
e: file:///home/runner/work/streamify-apk/streamify-apk/app/src/main/java/com/streamify/app/data/remote/SupabaseClient.kt:1279:27 Unresolved reference: TrackRepository
e: file:///home/runner/work/streamify-apk/streamify-apk/app/src/main/java/com/streamify/app/data/remote/SupabaseClient.kt:1282:34 Unresolved reference: TrackRepository
e: file:///home/runner/work/streamify-apk/streamify-apk/app/src/main/java/com/streamify/app/data/remote/SupabaseClient.kt:1283:77 Unresolved reference: it
e: file:///home/runner/work/streamify-apk/streamify-apk/app/src/main/java/com/streamify/app/data/remote/SupabaseClient.kt:1283:91 Unresolved reference: it
e: file:///home/runner/work/streamify-apk/streamify-apk/app/src/main/java/com/streamify/app/data/remote/SupabaseClient.kt:1284:35 Unresolved reference: TrackRepository
e: file:///home/runner/work/streamify-apk/streamify-apk/app/src/main/java/com/streamify/app/data/remote/SupabaseClient.kt:1284:74 Unresolved reference: it
e: file:///home/runner/work/streamify-apk/streamify-apk/app/src/main/java/com/streamify/app/data/remote/SupabaseClient.kt:1768:31 Unresolved reference: TrackRepository
e: file:///home/runner/work/streamify-apk/streamify-apk/app/src/main/java/com/streamify/app/data/remote/SupabaseClient.kt:1769:58 Unresolved reference: EdgeMeshRepository
e: file:///home/runner/work/streamify-apk/streamify-apk/app/src/main/java/com/streamify/app/data/remote/SupabaseClient.kt:1770:49 Unresolved reference: meshState
e: file:///home/runner/work/streamify-apk/streamify-apk/app/src/main/java/com/streamify/app/data/remote/SupabaseClient.kt:1813:31 Unresolved reference: TrackRepository
e: file:///home/runner/work/streamify-apk/streamify-apk/app/src/main/java/com/streamify/app/data/remote/SupabaseClient.kt:1814:58 Unresolved reference: EdgeMeshRepository
e: file:///home/runner/work/streamify-apk/streamify-apk/app/src/main/java/com/streamify/app/data/remote/SupabaseClient.kt:1815:49 Unresolved reference: meshState
e: file:///home/runner/work/streamify-apk/streamify-apk/app/src/main/java/com/streamify/app/data/remote/SupabaseClient.kt:1850:27 Unresolved reference: TrackRepository
e: file:///home/runner/work/streamify-apk/streamify-apk/app/src/main/java/com/streamify/app/data/remote/SupabaseClient.kt:1851:54 Unresolved reference: EdgeMeshRepository
e: file:///home/runner/work/streamify-apk/streamify-apk/app/src/main/java/com/streamify/app/data/remote/SupabaseClient.kt:1852:45 Unresolved reference: meshState
e: file:///home/runner/work/streamify-apk/streamify-apk/app/src/main/java/com/streamify/app/service/TitanComputeWorker.kt:32:58 Unresolved reference: filePath
e: file:///home/runner/work/streamify-apk/streamify-apk/app/src/main/java/com/streamify/app/service/TitanComputeWorker.kt:32:91 Unresolved reference: filePath
e: file:///home/runner/work/streamify-apk/streamify-apk/app/src/main/java/com/streamify/app/service/TitanComputeWorker.kt:37:43 Unresolved reference: filePath
e: file:///home/runner/work/streamify-apk/streamify-apk/app/src/main/java/com/streamify/app/service/TitanComputeWorker.kt:69:33 Unresolved reference: updateTrackEmbedding
e: file:///home/runner/work/streamify-apk/streamify-apk/app/src/main/java/com/streamify/app/ui/components/ContextMenuSheet.kt:251:64 Unresolved reference: updateTrack
e: file:///home/runner/work/streamify-apk/streamify-apk/app/src/main/java/com/streamify/app/ui/components/StreamifyPullToRefreshContainer.kt:7:49 Unresolved reference: PullToRefreshBox
e: file:///home/runner/work/streamify-apk/streamify-apk/app/src/main/java/com/streamify/app/ui/components/StreamifyPullToRefreshContainer.kt:35:34 Unresolved reference: distanceFraction
e: file:///home/runner/work/streamify-apk/streamify-apk/app/src/main/java/com/streamify/app/ui/components/StreamifyPullToRefreshContainer.kt:42:5 Unresolved reference: PullToRefreshBox
e: file:///home/runner/work/streamify-apk/streamify-apk/app/src/main/java/com/streamify/app/ui/components/StreamifyPullToRefreshContainer.kt:48:13 @Composable invocations can only happen from the context of a @Composable function
e: file:///home/runner/work/streamify-apk/streamify-apk/app/src/main/java/com/streamify/app/ui/components/StreamifyPullToRefreshContainer.kt:50:22 Unresolved reference: align
e: file:///home/runner/work/streamify-apk/streamify-apk/app/src/main/java/com/streamify/app/ui/components/StreamifyPullToRefreshContainer.kt:55:38 Unresolved reference: distanceFraction
e: file:///home/runner/work/streamify-apk/streamify-apk/app/src/main/java/com/streamify/app/ui/components/StreamifyPullToRefreshContainer.kt:61:9 @Composable invocations can only happen from the context of a @Composable function
e: file:///home/runner/work/streamify-apk/streamify-apk/app/src/main/java/com/streamify/app/ui/components/TrackListItem.kt:38:14 Unresolved reference: combinedClickable
e: file:///home/runner/work/streamify-apk/streamify-apk/app/src/main/java/com/streamify/app/ui/components/YtQueueTrackItem.kt:46:14 Unresolved reference: combinedClickable
e: file:///home/runner/work/streamify-apk/streamify-apk/app/src/main/java/com/streamify/app/ui/components/YtSyllableLine.kt:174:21 Cannot find a parameter with this name: stops
e: file:///home/runner/work/streamify-apk/streamify-apk/app/src/main/java/com/streamify/app/ui/screens/AlbumScreen.kt:51:40 Unresolved reference: refresh
e: file:///home/runner/work/streamify-apk/streamify-apk/app/src/main/java/com/streamify/app/ui/screens/CommunityHubScreen.kt:107:32 Unresolved reference: launch
e: file:///home/runner/work/streamify-apk/streamify-apk/app/src/main/java/com/streamify/app/ui/screens/CommunityHubScreen.kt:110:40 Suspend function 'delay' should be called only from a coroutine or another suspend function
e: file:///home/runner/work/streamify-apk/streamify-apk/app/src/main/java/com/streamify/app/ui/screens/FullPlayerSheet.kt:47:24 Unresolved reference: ui
e: file:///home/runner/work/streamify-apk/streamify-apk/app/src/main/java/com/streamify/app/ui/screens/FullPlayerSheet.kt:48:24 Unresolved reference: ui
e: file:///home/runner/work/streamify-apk/streamify-apk/app/src/main/java/com/streamify/app/ui/screens/FullPlayerSheet.kt:210:41 Unresolved reference: PlayerView
e: file:///home/runner/work/streamify-apk/streamify-apk/app/src/main/java/com/streamify/app/ui/screens/FullPlayerSheet.kt:211:45 Unresolved reference: player
e: file:///home/runner/work/streamify-apk/streamify-apk/app/src/main/java/com/streamify/app/ui/screens/FullPlayerSheet.kt:212:45 Unresolved reference: useController
e: file:///home/runner/work/streamify-apk/streamify-apk/app/src/main/java/com/streamify/app/ui/screens/FullPlayerSheet.kt:213:45 Unresolved reference: resizeMode
e: file:///home/runner/work/streamify-apk/streamify-apk/app/src/main/java/com/streamify/app/ui/screens/FullPlayerSheet.kt:213:58 Unresolved reference: AspectRatioFrameLayout
e: file:///home/runner/work/streamify-apk/streamify-apk/app/src/main/java/com/streamify/app/ui/screens/FullPlayerSheet.kt:214:45 Unresolved reference: setLayerType
e: file:///home/runner/work/streamify-apk/streamify-apk/app/src/main/java/com/streamify/app/ui/screens/FullPlayerSheet.kt:217:48 Cannot infer a type for this parameter. Please specify it explicitly.
e: file:///home/runner/work/streamify-apk/streamify-apk/app/src/main/java/com/streamify/app/ui/screens/FullPlayerSheet.kt:218:46 Variable expected
e: file:///home/runner/work/streamify-apk/streamify-apk/app/src/main/java/com/streamify/app/ui/screens/FullPlayerSheet.kt:507:37 Unresolved reference: PlayerView
e: file:///home/runner/work/streamify-apk/streamify-apk/app/src/main/java/com/streamify/app/ui/screens/FullPlayerSheet.kt:508:41 Unresolved reference: player
e: file:///home/runner/work/streamify-apk/streamify-apk/app/src/main/java/com/streamify/app/ui/screens/FullPlayerSheet.kt:509:41 Unresolved reference: useController
e: file:///home/runner/work/streamify-apk/streamify-apk/app/src/main/java/com/streamify/app/ui/screens/FullPlayerSheet.kt:510:41 Unresolved reference: resizeMode
e: file:///home/runner/work/streamify-apk/streamify-apk/app/src/main/java/com/streamify/app/ui/screens/FullPlayerSheet.kt:510:54 Unresolved reference: AspectRatioFrameLayout
e: file:///home/runner/work/streamify-apk/streamify-apk/app/src/main/java/com/streamify/app/ui/screens/FullPlayerSheet.kt:511:41 Unresolved reference: setLayerType
e: file:///home/runner/work/streamify-apk/streamify-apk/app/src/main/java/com/streamify/app/ui/screens/FullPlayerSheet.kt:514:44 Cannot infer a type for this parameter. Please specify it explicitly.
e: file:///home/runner/work/streamify-apk/streamify-apk/app/src/main/java/com/streamify/app/ui/screens/FullPlayerSheet.kt:515:42 Variable expected
e: file:///home/runner/work/streamify-apk/streamify-apk/app/src/main/java/com/streamify/app/ui/screens/LibraryScreen.kt:396:46 Unexpected tokens (use ';' to separate expressions on the same line)
e: file:///home/runner/work/streamify-apk/streamify-apk/app/src/main/java/com/streamify/app/ui/screens/LibraryScreen.kt:404:42 Expecting ')'
e: file:///home/runner/work/streamify-apk/streamify-apk/app/src/main/java/com/streamify/app/ui/screens/LibraryScreen.kt:632:5 Expecting a top level declaration
e: file:///home/runner/work/streamify-apk/streamify-apk/app/src/main/java/com/streamify/app/ui/screens/LibraryScreen.kt:632:25 Expecting a top level declaration
e: file:///home/runner/work/streamify-apk/streamify-apk/app/src/main/java/com/streamify/app/ui/screens/LibraryScreen.kt:632:27 Expecting a top level declaration
e: file:///home/runner/work/streamify-apk/streamify-apk/app/src/main/java/com/streamify/app/ui/screens/LibraryScreen.kt:632:31 Expecting a top level declaration
e: file:///home/runner/work/streamify-apk/streamify-apk/app/src/main/java/com/streamify/app/ui/screens/LibraryScreen.kt:632:39 Unexpected tokens (use ';' to separate expressions on the same line)
e: file:///home/runner/work/streamify-apk/streamify-apk/app/src/main/java/com/streamify/app/ui/screens/LibraryScreen.kt:651:1 Expecting a top level declaration
e: file:///home/runner/work/streamify-apk/streamify-apk/app/src/main/java/com/streamify/app/ui/screens/LibraryScreen.kt:397:49 @Composable invocations can only happen from the context of a @Composable function
e: file:///home/runner/work/streamify-apk/streamify-apk/app/src/main/java/com/streamify/app/ui/screens/LibraryScreen.kt:632:31 Functions which invoke @Composable functions must be marked with the @Composable annotation
e: file:///home/runner/work/streamify-apk/streamify-apk/app/src/main/java/com/streamify/app/ui/screens/LibraryScreen.kt:632:31 Function declaration must have a name
e: file:///home/runner/work/streamify-apk/streamify-apk/app/src/main/java/com/streamify/app/ui/screens/LibraryScreen.kt:632:33 Unresolved reference: track
e: file:///home/runner/work/streamify-apk/streamify-apk/app/src/main/java/com/streamify/app/ui/screens/LibraryScreen.kt:633:9 @Composable invocations can only happen from the context of a @Composable function
e: file:///home/runner/work/streamify-apk/streamify-apk/app/src/main/java/com/streamify/app/ui/screens/LibraryScreen.kt:634:21 Unresolved reference: track
e: file:///home/runner/work/streamify-apk/streamify-apk/app/src/main/java/com/streamify/app/ui/screens/LibraryScreen.kt:635:34 Unresolved reference: selectedOptionsTrack
e: file:///home/runner/work/streamify-apk/streamify-apk/app/src/main/java/com/streamify/app/ui/screens/LibraryScreen.kt:637:17 Unresolved reference: playerViewModel
e: file:///home/runner/work/streamify-apk/streamify-apk/app/src/main/java/com/streamify/app/ui/screens/LibraryScreen.kt:637:44 Unresolved reference: track
e: file:///home/runner/work/streamify-apk/streamify-apk/app/src/main/java/com/streamify/app/ui/screens/LibraryScreen.kt:638:17 Unresolved reference: selectedOptionsTrack
e: file:///home/runner/work/streamify-apk/streamify-apk/app/src/main/java/com/streamify/app/ui/screens/LibraryScreen.kt:641:17 Unresolved reference: playerViewModel
e: file:///home/runner/work/streamify-apk/streamify-apk/app/src/main/java/com/streamify/app/ui/screens/LibraryScreen.kt:641:42 Unresolved reference: track
e: file:///home/runner/work/streamify-apk/streamify-apk/app/src/main/java/com/streamify/app/ui/screens/LibraryScreen.kt:642:17 Unresolved reference: selectedOptionsTrack
e: file:///home/runner/work/streamify-apk/streamify-apk/app/src/main/java/com/streamify/app/ui/screens/LibraryScreen.kt:644:38 Unresolved reference: selectedOptionsTrack
e: file:///home/runner/work/streamify-apk/streamify-apk/app/src/main/java/com/streamify/app/ui/screens/LibraryScreen.kt:646:17 Unresolved reference: playerViewModel
e: file:///home/runner/work/streamify-apk/streamify-apk/app/src/main/java/com/streamify/app/ui/screens/LibraryScreen.kt:646:44 Unresolved reference: track
e: file:///home/runner/work/streamify-apk/streamify-apk/app/src/main/java/com/streamify/app/ui/screens/LibraryScreen.kt:647:17 Unresolved reference: selectedOptionsTrack
e: file:///home/runner/work/streamify-apk/streamify-apk/app/src/main/java/com/streamify/app/viewmodel/SearchViewModel.kt:191:74 Unresolved reference: url
e: file:///home/runner/work/streamify-apk/streamify-apk/app/src/main/java/com/streamify/app/viewmodel/SearchViewModel.kt:191:91 Unresolved reference: title
e: file:///home/runner/work/streamify-apk/streamify-apk/app/src/main/java/com/streamify/app/viewmodel/SearchViewModel.kt:196:37 Only safe (?.) or non-null asserted (!!.) calls are allowed on a nullable receiver of type List<Any?>?
e: file:///home/runner/work/streamify-apk/streamify-apk/app/src/main/java/com/streamify/app/viewmodel/SearchViewModel.kt:197:65 Type mismatch: inferred type is List<Any?>? but List<OnlineSearchResult>! was expected
e: file:///home/runner/work/streamify-apk/streamify-apk/app/src/main/java/com/streamify/app/viewmodel/SearchViewModel.kt:210:37 Type mismatch: inferred type is List<Any?>? but List<OnlineSearchResult> was expected

> Task :app:compileDebugKotlin FAILED
> Task :app:buildCMakeDebug[armeabi-v7a]

FAILURE: Build failed with an exception.

* What went wrong:
Execution failed for task ':app:compileDebugKotlin'.
> A failure occurred while executing org.jetbrains.kotlin.compilerRunner.GradleCompilerRunnerWithWorkers$GradleKotlinCompilerWorkAction
   > Compilation error. See log for more details

* Try:
> Run with --info or --debug option to get more log output.
> Run with --scan to get full insights.
> Get more help at https://help.gradle.org.

* Exception is:
org.gradle.api.tasks.TaskExecutionException: Execution failed for task ':app:compileDebugKotlin'.
	at org.gradle.api.internal.tasks.execution.ExecuteActionsTaskExecuter.lambda$executeIfValid$1(ExecuteActionsTaskExecuter.java:130)
	at org.gradle.internal.Try$Failure.ifSuccessfulOrElse(Try.java:282)
	at org.gradle.api.internal.tasks.execution.ExecuteActionsTaskExecuter.executeIfValid(ExecuteActionsTaskExecuter.java:128)
	at org.gradle.api.internal.tasks.execution.ExecuteActionsTaskExecuter.execute(ExecuteActionsTaskExecuter.java:116)
	at org.gradle.api.internal.tasks.execution.FinalizePropertiesTaskExecuter.execute(FinalizePropertiesTaskExecuter.java:46)
	at org.gradle.api.internal.tasks.execution.ResolveTaskExecutionModeExecuter.execute(ResolveTaskExecutionModeExecuter.java:51)
	at org.gradle.api.internal.tasks.execution.SkipTaskWithNoActionsExecuter.execute(SkipTaskWithNoActionsExecuter.java:57)
	at org.gradle.api.internal.tasks.execution.SkipOnlyIfTaskExecuter.execute(SkipOnlyIfTaskExecuter.java:74)
	at org.gradle.api.internal.tasks.execution.CatchExceptionTaskExecuter.execute(CatchExceptionTaskExecuter.java:36)
	at org.gradle.api.internal.tasks.execution.EventFiringTaskExecuter$1.executeTask(EventFiringTaskExecuter.java:77)
	at org.gradle.api.internal.tasks.execution.EventFiringTaskExecuter$1.call(EventFiringTaskExecuter.java:55)
	at org.gradle.api.internal.tasks.execution.EventFiringTaskExecuter$1.call(EventFiringTaskExecuter.java:52)
	at org.gradle.internal.operations.DefaultBuildOperationRunner$CallableBuildOperationWorker.execute(DefaultBuildOperationRunner.java:200)
	at org.gradle.internal.operations.DefaultBuildOperationRunner$CallableBuildOperationWorker.execute(DefaultBuildOperationRunner.java:195)
	at org.gradle.internal.operations.DefaultBuildOperationRunner$2.execute(DefaultBuildOperationRunner.java:66)
	at org.gradle.internal.operations.DefaultBuildOperationRunner$2.execute(DefaultBuildOperationRunner.java:59)
	at org.gradle.internal.operations.DefaultBuildOperationRunner.execute(DefaultBuildOperationRunner.java:157)
	at org.gradle.internal.operations.DefaultBuildOperationRunner.execute(DefaultBuildOperationRunner.java:59)
	at org.gradle.internal.operations.DefaultBuildOperationRunner.call(DefaultBuildOperationRunner.java:53)
	at org.gradle.internal.operations.DefaultBuildOperationExecutor.call(DefaultBuildOperationExecutor.java:73)
	at org.gradle.api.internal.tasks.execution.EventFiringTaskExecuter.execute(EventFiringTaskExecuter.java:52)
	at org.gradle.execution.plan.LocalTaskNodeExecutor.execute(LocalTaskNodeExecutor.java:42)
	at org.gradle.execution.taskgraph.DefaultTaskExecutionGraph$InvokeNodeExecutorsAction.execute(DefaultTaskExecutionGraph.java:331)
	at org.gradle.execution.taskgraph.DefaultTaskExecutionGraph$InvokeNodeExecutorsAction.execute(DefaultTaskExecutionGraph.java:318)
	at org.gradle.execution.taskgraph.DefaultTaskExecutionGraph$BuildOperationAwareExecutionAction.lambda$execute$0(DefaultTaskExecutionGraph.java:314)
	at org.gradle.internal.operations.CurrentBuildOperationRef.with(CurrentBuildOperationRef.java:80)
	at org.gradle.execution.taskgraph.DefaultTaskExecutionGraph$BuildOperationAwareExecutionAction.execute(DefaultTaskExecutionGraph.java:314)
	at org.gradle.execution.taskgraph.DefaultTaskExecutionGraph$BuildOperationAwareExecutionAction.execute(DefaultTaskExecutionGraph.java:303)
	at org.gradle.execution.plan.DefaultPlanExecutor$ExecutorWorker.execute(DefaultPlanExecutor.java:463)
	at org.gradle.execution.plan.DefaultPlanExecutor$ExecutorWorker.run(DefaultPlanExecutor.java:380)
	at org.gradle.internal.concurrent.ExecutorPolicy$CatchAndRecordFailures.onExecute(ExecutorPolicy.java:64)
	at org.gradle.internal.concurrent.AbstractManagedExecutor$1.run(AbstractManagedExecutor.java:47)
Caused by: org.gradle.workers.internal.DefaultWorkerExecutor$WorkExecutionException: A failure occurred while executing org.jetbrains.kotlin.compilerRunner.GradleCompilerRunnerWithWorkers$GradleKotlinCompilerWorkAction
	at org.gradle.workers.internal.DefaultWorkerExecutor$WorkItemExecution.waitForCompletion(DefaultWorkerExecutor.java:287)
	at org.gradle.internal.work.DefaultAsyncWorkTracker.lambda$waitForItemsAndGatherFailures$2(DefaultAsyncWorkTracker.java:130)
	at org.gradle.internal.Factories$1.create(Factories.java:31)
	at org.gradle.internal.work.DefaultWorkerLeaseService.withoutLocks(DefaultWorkerLeaseService.java:336)
	at org.gradle.internal.work.DefaultWorkerLeaseService.withoutLocks(DefaultWorkerLeaseService.java:319)
	at org.gradle.internal.work.DefaultWorkerLeaseService.withoutLock(DefaultWorkerLeaseService.java:324)
	at org.gradle.internal.work.DefaultAsyncWorkTracker.waitForItemsAndGatherFailures(DefaultAsyncWorkTracker.java:126)
	at org.gradle.internal.work.DefaultAsyncWorkTracker.waitForItemsAndGatherFailures(DefaultAsyncWorkTracker.java:92)
	at org.gradle.internal.work.DefaultAsyncWorkTracker.waitForAll(DefaultAsyncWorkTracker.java:78)
	at org.gradle.internal.work.DefaultAsyncWorkTracker.waitForCompletion(DefaultAsyncWorkTracker.java:66)
	at org.gradle.api.internal.tasks.execution.TaskExecution$3.run(TaskExecution.java:252)
	at org.gradle.internal.operations.DefaultBuildOperationRunner$1.execute(DefaultBuildOperationRunner.java:29)
	at org.gradle.internal.operations.DefaultBuildOperationRunner$1.execute(DefaultBuildOperationRunner.java:26)
	at org.gradle.internal.operations.DefaultBuildOperationRunner$2.execute(DefaultBuildOperationRunner.java:66)
	at org.gradle.internal.operations.DefaultBuildOperationRunner$2.execute(DefaultBuildOperationRunner.java:59)
	at org.gradle.internal.operations.DefaultBuildOperationRunner.execute(DefaultBuildOperationRunner.java:157)
	at org.gradle.internal.operations.DefaultBuildOperationRunner.execute(DefaultBuildOperationRunner.java:59)
	at org.gradle.internal.operations.DefaultBuildOperationRunner.run(DefaultBuildOperationRunner.java:47)
	at org.gradle.internal.operations.DefaultBuildOperationExecutor.run(DefaultBuildOperationExecutor.java:68)
	at org.gradle.api.internal.tasks.execution.TaskExecution.executeAction(TaskExecution.java:229)
	at org.gradle.api.internal.tasks.execution.TaskExecution.executeActions(TaskExecution.java:212)
	at org.gradle.api.internal.tasks.execution.TaskExecution.executeWithPreviousOutputFiles(TaskExecution.java:195)
	at org.gradle.api.internal.tasks.execution.TaskExecution.execute(TaskExecution.java:162)
	at org.gradle.internal.execution.steps.ExecuteStep.executeInternal(ExecuteStep.java:105)
	at org.gradle.internal.execution.steps.ExecuteStep.access$000(ExecuteStep.java:44)
	at org.gradle.internal.execution.steps.ExecuteStep$1.call(ExecuteStep.java:59)
	at org.gradle.internal.execution.steps.ExecuteStep$1.call(ExecuteStep.java:56)
	at org.gradle.internal.operations.DefaultBuildOperationRunner$CallableBuildOperationWorker.execute(DefaultBuildOperationRunner.java:200)
	at org.gradle.internal.operations.DefaultBuildOperationRunner$CallableBuildOperationWorker.execute(DefaultBuildOperationRunner.java:195)
	at org.gradle.internal.operations.DefaultBuildOperationRunner$2.execute(DefaultBuildOperationRunner.java:66)
	at org.gradle.internal.operations.DefaultBuildOperationRunner$2.execute(DefaultBuildOperationRunner.java:59)
	at org.gradle.internal.operations.DefaultBuildOperationRunner.execute(DefaultBuildOperationRunner.java:157)
	at org.gradle.internal.operations.DefaultBuildOperationRunner.execute(DefaultBuildOperationRunner.java:59)
	at org.gradle.internal.operations.DefaultBuildOperationRunner.call(DefaultBuildOperationRunner.java:53)
	at org.gradle.internal.operations.DefaultBuildOperationExecutor.call(DefaultBuildOperationExecutor.java:73)
	at org.gradle.internal.execution.steps.ExecuteStep.execute(ExecuteStep.java:56)
	at org.gradle.internal.execution.steps.ExecuteStep.execute(ExecuteStep.java:44)
	at org.gradle.internal.execution.steps.CancelExecutionStep.execute(CancelExecutionStep.java:41)
	at org.gradle.internal.execution.steps.TimeoutStep.executeWithoutTimeout(TimeoutStep.java:74)
	at org.gradle.internal.execution.steps.TimeoutStep.execute(TimeoutStep.java:55)
	at org.gradle.internal.execution.steps.PreCreateOutputParentsStep.execute(PreCreateOutputParentsStep.java:50)
	at org.gradle.internal.execution.steps.PreCreateOutputParentsStep.execute(PreCreateOutputParentsStep.java:28)
	at org.gradle.internal.execution.steps.RemovePreviousOutputsStep.execute(RemovePreviousOutputsStep.java:67)
	at org.gradle.internal.execution.steps.RemovePreviousOutputsStep.execute(RemovePreviousOutputsStep.java:37)
	at org.gradle.internal.execution.steps.BroadcastChangingOutputsStep.execute(BroadcastChangingOutputsStep.java:61)
	at org.gradle.internal.execution.steps.BroadcastChangingOutputsStep.execute(BroadcastChangingOutputsStep.java:26)
	at org.gradle.internal.execution.steps.CaptureOutputsAfterExecutionStep.execute(CaptureOutputsAfterExecutionStep.java:67)
	at org.gradle.internal.execution.steps.CaptureOutputsAfterExecutionStep.execute(CaptureOutputsAfterExecutionStep.java:45)
	at org.gradle.internal.execution.steps.ResolveInputChangesStep.execute(ResolveInputChangesStep.java:40)
	at org.gradle.internal.execution.steps.ResolveInputChangesStep.execute(ResolveInputChangesStep.java:29)
	at org.gradle.internal.execution.steps.BuildCacheStep.executeWithoutCache(BuildCacheStep.java:189)
	at org.gradle.internal.execution.steps.BuildCacheStep.lambda$execute$1(BuildCacheStep.java:75)
	at org.gradle.internal.Either$Right.fold(Either.java:175)
	at org.gradle.internal.execution.caching.CachingState.fold(CachingState.java:62)
	at org.gradle.internal.execution.steps.BuildCacheStep.execute(BuildCacheStep.java:73)
	at org.gradle.internal.execution.steps.BuildCacheStep.execute(BuildCacheStep.java:48)
	at org.gradle.internal.execution.steps.StoreExecutionStateStep.execute(StoreExecutionStateStep.java:46)
	at org.gradle.internal.execution.steps.StoreExecutionStateStep.execute(StoreExecutionStateStep.java:35)
	at org.gradle.internal.execution.steps.SkipUpToDateStep.executeBecause(SkipUpToDateStep.java:76)
	at org.gradle.internal.execution.steps.SkipUpToDateStep.lambda$execute$2(SkipUpToDateStep.java:54)
	at org.gradle.internal.execution.steps.SkipUpToDateStep.execute(SkipUpToDateStep.java:54)
	at org.gradle.internal.execution.steps.SkipUpToDateStep.execute(SkipUpToDateStep.java:36)
	at org.gradle.internal.execution.steps.legacy.MarkSnapshottingInputsFinishedStep.execute(MarkSnapshottingInputsFinishedStep.java:37)
	at org.gradle.internal.execution.steps.legacy.MarkSnapshottingInputsFinishedStep.execute(MarkSnapshottingInputsFinishedStep.java:27)
	at org.gradle.internal.execution.steps.ResolveIncrementalCachingStateStep.executeDelegate(ResolveIncrementalCachingStateStep.java:49)
	at org.gradle.internal.execution.steps.ResolveIncrementalCachingStateStep.executeDelegate(ResolveIncrementalCachingStateStep.java:27)
	at org.gradle.internal.execution.steps.AbstractResolveCachingStateStep.execute(AbstractResolveCachingStateStep.java:71)
	at org.gradle.internal.execution.steps.AbstractResolveCachingStateStep.execute(AbstractResolveCachingStateStep.java:39)
	at org.gradle.internal.execution.steps.ResolveChangesStep.execute(ResolveChangesStep.java:65)
	at org.gradle.internal.execution.steps.ResolveChangesStep.execute(ResolveChangesStep.java:36)
	at org.gradle.internal.execution.steps.ValidateStep.execute(ValidateStep.java:106)
	at org.gradle.internal.execution.steps.ValidateStep.execute(ValidateStep.java:55)
	at org.gradle.internal.execution.steps.AbstractCaptureStateBeforeExecutionStep.execute(AbstractCaptureStateBeforeExecutionStep.java:64)
	at org.gradle.internal.execution.steps.AbstractCaptureStateBeforeExecutionStep.execute(AbstractCaptureStateBeforeExecutionStep.java:43)
	at org.gradle.internal.execution.steps.AbstractSkipEmptyWorkStep.executeWithNonEmptySources(AbstractSkipEmptyWorkStep.java:125)
	at org.gradle.internal.execution.steps.AbstractSkipEmptyWorkStep.execute(AbstractSkipEmptyWorkStep.java:61)
	at org.gradle.internal.execution.steps.AbstractSkipEmptyWorkStep.execute(AbstractSkipEmptyWorkStep.java:36)
	at org.gradle.internal.execution.steps.legacy.MarkSnapshottingInputsStartedStep.execute(MarkSnapshottingInputsStartedStep.java:38)
	at org.gradle.internal.execution.steps.LoadPreviousExecutionStateStep.execute(LoadPreviousExecutionStateStep.java:36)
	at org.gradle.internal.execution.steps.LoadPreviousExecutionStateStep.execute(LoadPreviousExecutionStateStep.java:23)
	at org.gradle.internal.execution.steps.HandleStaleOutputsStep.execute(HandleStaleOutputsStep.java:75)
	at org.gradle.internal.execution.steps.HandleStaleOutputsStep.execute(HandleStaleOutputsStep.java:41)
	at org.gradle.internal.execution.steps.AssignMutableWorkspaceStep.lambda$execute$0(AssignMutableWorkspaceStep.java:35)
	at org.gradle.api.internal.tasks.execution.TaskExecution$4.withWorkspace(TaskExecution.java:289)
	at org.gradle.internal.execution.steps.AssignMutableWorkspaceStep.execute(AssignMutableWorkspaceStep.java:31)
	at org.gradle.internal.execution.steps.AssignMutableWorkspaceStep.execute(AssignMutableWorkspaceStep.java:22)
	at org.gradle.internal.execution.steps.ChoosePipelineStep.execute(ChoosePipelineStep.java:40)
	at org.gradle.internal.execution.steps.ChoosePipelineStep.execute(ChoosePipelineStep.java:23)
	at org.gradle.internal.execution.steps.ExecuteWorkBuildOperationFiringStep.lambda$execute$2(ExecuteWorkBuildOperationFiringStep.java:67)
	at org.gradle.internal.execution.steps.ExecuteWorkBuildOperationFiringStep.execute(ExecuteWorkBuildOperationFiringStep.java:67)
	at org.gradle.internal.execution.steps.ExecuteWorkBuildOperationFiringStep.execute(ExecuteWorkBuildOperationFiringStep.java:39)
	at org.gradle.internal.execution.steps.IdentityCacheStep.execute(IdentityCacheStep.java:46)
	at org.gradle.internal.execution.steps.IdentityCacheStep.execute(IdentityCacheStep.java:34)
	at org.gradle.internal.execution.steps.IdentifyStep.execute(IdentifyStep.java:48)
	at org.gradle.internal.execution.steps.IdentifyStep.execute(IdentifyStep.java:35)
	at org.gradle.internal.execution.impl.DefaultExecutionEngine$1.execute(DefaultExecutionEngine.java:61)
	at org.gradle.api.internal.tasks.execution.ExecuteActionsTaskExecuter.executeIfValid(ExecuteActionsTaskExecuter.java:127)
	at org.gradle.api.internal.tasks.execution.ExecuteActionsTaskExecuter.execute(ExecuteActionsTaskExecuter.java:116)
	at org.gradle.api.internal.tasks.execution.FinalizePropertiesTaskExecuter.execute(FinalizePropertiesTaskExecuter.java:46)
	at org.gradle.api.internal.tasks.execution.ResolveTaskExecutionModeExecuter.execute(ResolveTaskExecutionModeExecuter.java:51)
	at org.gradle.api.internal.tasks.execution.SkipTaskWithNoActionsExecuter.execute(SkipTaskWithNoActionsExecuter.java:57)
	at org.gradle.api.internal.tasks.execution.SkipOnlyIfTaskExecuter.execute(SkipOnlyIfTaskExecuter.java:74)
	at org.gradle.api.internal.tasks.execution.CatchExceptionTaskExecuter.execute(CatchExceptionTaskExecuter.java:36)
	at org.gradle.api.internal.tasks.execution.EventFiringTaskExecuter$1.executeTask(EventFiringTaskExecuter.java:77)
	at org.gradle.api.internal.tasks.execution.EventFiringTaskExecuter$1.call(EventFiringTaskExecuter.java:55)
	at org.gradle.api.internal.tasks.execution.EventFiringTaskExecuter$1.call(EventFiringTaskExecuter.java:52)
	at org.gradle.internal.operations.DefaultBuildOperationRunner$CallableBuildOperationWorker.execute(DefaultBuildOperationRunner.java:200)
	at org.gradle.internal.operations.DefaultBuildOperationRunner$CallableBuildOperationWorker.execute(DefaultBuildOperationRunner.java:195)
	at org.gradle.internal.operations.DefaultBuildOperationRunner$2.execute(DefaultBuildOperationRunner.java:66)
	at org.gradle.internal.operations.DefaultBuildOperationRunner$2.execute(DefaultBuildOperationRunner.java:59)
	at org.gradle.internal.operations.DefaultBuildOperationRunner.execute(DefaultBuildOperationRunner.java:157)
	at org.gradle.internal.operations.DefaultBuildOperationRunner.execute(DefaultBuildOperationRunner.java:59)
	at org.gradle.internal.operations.DefaultBuildOperationRunner.call(DefaultBuildOperationRunner.java:53)
	at org.gradle.internal.operations.DefaultBuildOperationExecutor.call(DefaultBuildOperationExecutor.java:73)
	at org.gradle.api.internal.tasks.execution.EventFiringTaskExecuter.execute(EventFiringTaskExecuter.java:52)
	at org.gradle.execution.plan.LocalTaskNodeExecutor.execute(LocalTaskNodeExecutor.java:42)
	at org.gradle.execution.taskgraph.DefaultTaskExecutionGraph$InvokeNodeExecutorsAction.execute(DefaultTaskExecutionGraph.java:331)
	at org.gradle.execution.taskgraph.DefaultTaskExecutionGraph$InvokeNodeExecutorsAction.execute(DefaultTaskExecutionGraph.java:318)
	at org.gradle.execution.taskgraph.DefaultTaskExecutionGraph$BuildOperationAwareExecutionAction.lambda$execute$0(DefaultTaskExecutionGraph.java:314)
	at org.gradle.internal.operations.CurrentBuildOperationRef.with(CurrentBuildOperationRef.java:80)
	at org.gradle.execution.taskgraph.DefaultTaskExecutionGraph$BuildOperationAwareExecutionAction.execute(DefaultTaskExecutionGraph.java:314)
	at org.gradle.execution.taskgraph.DefaultTaskExecutionGraph$BuildOperationAwareExecutionAction.execute(DefaultTaskExecutionGraph.java:303)
	at org.gradle.execution.plan.DefaultPlanExecutor$ExecutorWorker.execute(DefaultPlanExecutor.java:463)
	at org.gradle.execution.plan.DefaultPlanExecutor$ExecutorWorker.run(DefaultPlanExecutor.java:380)
	at org.gradle.internal.concurrent.ExecutorPolicy$CatchAndRecordFailures.onExecute(ExecutorPolicy.java:64)
	at org.gradle.internal.concurrent.AbstractManagedExecutor$1.run(AbstractManagedExecutor.java:47)
Caused by: org.jetbrains.kotlin.gradle.tasks.CompilationErrorException: Compilation error. See log for more details
	at org.jetbrains.kotlin.gradle.tasks.TasksUtilsKt.throwExceptionIfCompilationFailed(tasksUtils.kt:20)
	at org.jetbrains.kotlin.compilerRunner.GradleKotlinCompilerWork.run(GradleKotlinCompilerWork.kt:141)
	at org.jetbrains.kotlin.compilerRunner.GradleCompilerRunnerWithWorkers$GradleKotlinCompilerWorkAction.execute(GradleCompilerRunnerWithWorkers.kt:73)
	at org.gradle.workers.internal.DefaultWorkerServer.execute(DefaultWorkerServer.java:63)
	at org.gradle.workers.internal.NoIsolationWorkerFactory$1$1.create(NoIsolationWorkerFactory.java:66)
	at org.gradle.workers.internal.NoIsolationWorkerFactory$1$1.create(NoIsolationWorkerFactory.java:62)
	at org.gradle.internal.classloader.ClassLoaderUtils.executeInClassloader(ClassLoaderUtils.java:100)
	at org.gradle.workers.internal.NoIsolationWorkerFactory$1.lambda$execute$0(NoIsolationWorkerFactory.java:62)
	at org.gradle.workers.internal.AbstractWorker$1.call(AbstractWorker.java:44)
	at org.gradle.workers.internal.AbstractWorker$1.call(AbstractWorker.java:41)
	at org.gradle.internal.operations.DefaultBuildOperationRunner$CallableBuildOperationWorker.execute(DefaultBuildOperationRunner.java:200)
	at org.gradle.internal.operations.DefaultBuildOperationRunner$CallableBuildOperationWorker.execute(DefaultBuildOperationRunner.java:195)
	at org.gradle.internal.operations.DefaultBuildOperationRunner$2.execute(DefaultBuildOperationRunner.java:66)
	at org.gradle.internal.operations.DefaultBuildOperationRunner$2.execute(DefaultBuildOperationRunner.java:59)
	at org.gradle.internal.operations.DefaultBuildOperationRunner.execute(DefaultBuildOperationRunner.java:157)
	at org.gradle.internal.operations.DefaultBuildOperationRunner.execute(DefaultBuildOperationRunner.java:59)
	at org.gradle.internal.operations.DefaultBuildOperationRunner.call(DefaultBuildOperationRunner.java:53)
	at org.gradle.internal.operations.DefaultBuildOperationExecutor.call(DefaultBuildOperationExecutor.java:73)
	at org.gradle.workers.internal.AbstractWorker.executeWrappedInBuildOperation(AbstractWorker.java:41)
	at org.gradle.workers.internal.NoIsolationWorkerFactory$1.execute(NoIsolationWorkerFactory.java:59)
	at org.gradle.workers.internal.DefaultWorkerExecutor.lambda$submitWork$0(DefaultWorkerExecutor.java:174)
	at org.gradle.internal.work.DefaultConditionalExecutionQueue$ExecutionRunner.runExecution(DefaultConditionalExecutionQueue.java:187)
	at org.gradle.internal.work.DefaultConditionalExecutionQueue$ExecutionRunner.access$700(DefaultConditionalExecutionQueue.java:120)
	at org.gradle.internal.work.DefaultConditionalExecutionQueue$ExecutionRunner$1.run(DefaultConditionalExecutionQueue.java:162)
	at org.gradle.internal.Factories$1.create(Factories.java:31)
	at org.gradle.internal.work.DefaultWorkerLeaseService.withLocks(DefaultWorkerLeaseService.java:264)
	at org.gradle.internal.work.DefaultWorkerLeaseService.runAsWorkerThread(DefaultWorkerLeaseService.java:128)
	at org.gradle.internal.work.DefaultWorkerLeaseService.runAsWorkerThread(DefaultWorkerLeaseService.java:133)
	at org.gradle.internal.work.DefaultConditionalExecutionQueue$ExecutionRunner.runBatch(DefaultConditionalExecutionQueue.java:157)
	at org.gradle.internal.work.DefaultConditionalExecutionQueue$ExecutionRunner.run(DefaultConditionalExecutionQueue.java:126)
	... 2 more


Deprecated Gradle features were used in this build, making it incompatible with Gradle 9.0.

You can use '--warning-mode all' to show the individual deprecation warnings and determine if they come from your own scripts or plugins.

For more on this, please refer to https://docs.gradle.org/8.7/userguide/command_line_interface.html#sec:command_line_warnings in the Gradle documentation.

BUILD FAILED in 1m 51s
38 actionable tasks: 38 executed
