openjdk version "17.0.20" 2026-07-21
OpenJDK Runtime Environment Temurin-17.0.20+8 (build 17.0.20+8)
OpenJDK 64-Bit Server VM Temurin-17.0.20+8 (build 17.0.20+8, mixed mode, sharing)
Downloading https://services.gradle.org/distributions/gradle-8.7-bin.zip
...............................................................................................................................
Unzipping /home/runner/.gradle/wrapper/dists/gradle-8.7-bin/bhs2wmbdwecv87pi65oeuq5iu/gradle-8.7-bin.zip to /home/runner/.gradle/wrapper/dists/gradle-8.7-bin/bhs2wmbdwecv87pi65oeuq5iu
Set executable permissions for: /home/runner/.gradle/wrapper/dists/gradle-8.7-bin/bhs2wmbdwecv87pi65oeuq5iu/gradle-8.7/bin/gradle

Welcome to Gradle 8.7!

Here are the highlights of this release:
 - Compiling and testing with Java 22
 - Cacheable Groovy script compilation
 - New methods in lazy collection properties

For more details see https://docs.gradle.org/8.7/release-notes.html

Starting a Gradle Daemon (subsequent builds will be faster)

> Configure project :app
This version only understands SDK XML versions up to 3 but an SDK XML file of version 4 was encountered. This can happen if you use versions of Android Studio and the command-line tools that were released at different times.
Checking the license for package NDK (Side by side) 25.1.8937393 in /usr/local/lib/android/sdk/licenses
License for package NDK (Side by side) 25.1.8937393 accepted.
Preparing "Install NDK (Side by side) 25.1.8937393 v.25.1.8937393".
"Install NDK (Side by side) 25.1.8937393 v.25.1.8937393" ready.
Installing NDK (Side by side) 25.1.8937393 in /usr/local/lib/android/sdk/ndk/25.1.8937393
"Install NDK (Side by side) 25.1.8937393 v.25.1.8937393" complete.
"Install NDK (Side by side) 25.1.8937393 v.25.1.8937393" finished.

> Task :app:cargoBuildRust
    Building arm64-v8a (aarch64-linux-android)
[1m[92m    Updating[0m crates.io index
[1m[92m Downloading[0m crates ...
[1m[92m  Downloaded[0m rand_pcg v0.10.2
[1m[92m  Downloaded[0m futures-task v0.3.34
[1m[92m  Downloaded[0m quinn v0.11.11
[1m[92m  Downloaded[0m adler2 v2.0.1
[1m[92m  Downloaded[0m sha2 v0.10.9
[1m[92m  Downloaded[0m cc v1.4.3
[1m[92m  Downloaded[0m tower v0.5.3
[1m[92m  Downloaded[0m zerovec v0.11.7
[1m[92m  Downloaded[0m combine v4.6.7
[1m[92m  Downloaded[0m atomic-waker v1.1.2
[1m[92m  Downloaded[0m byteorder v1.5.0
[1m[92m  Downloaded[0m ahash v0.8.12
[1m[92m  Downloaded[0m crc32fast v1.5.0
[1m[92m  Downloaded[0m cesu8 v1.1.0
[1m[92m  Downloaded[0m cfg_aliases v0.2.2
[1m[92m  Downloaded[0m tokio-macros v2.7.2
[1m[92m  Downloaded[0m tracing-core v0.1.36
[1m[92m  Downloaded[0m block-buffer v0.10.4
[1m[92m  Downloaded[0m chacha20 v0.10.1
[1m[92m  Downloaded[0m cpufeatures v0.3.0
[1m[92m  Downloaded[0m serde_json v1.0.151
[1m[92m  Downloaded[0m yoke-derive v0.8.2
[1m[92m  Downloaded[0m shlex v2.0.1
[1m[92m  Downloaded[0m thiserror v2.0.20
[1m[92m  Downloaded[0m tinyvec v1.12.0
[1m[92m  Downloaded[0m tinyvec_macros v0.1.1
[1m[92m  Downloaded[0m tower-service v0.3.3
[1m[92m  Downloaded[0m bitflags v2.13.1
[1m[92m  Downloaded[0m cpufeatures v0.2.17
[1m[92m  Downloaded[0m writeable v0.6.4
[1m[92m  Downloaded[0m displaydoc v0.2.7
[1m[92m  Downloaded[0m sha1 v0.10.7
[1m[92m  Downloaded[0m cfg-if v1.0.4
[1m[92m  Downloaded[0m getrandom v0.4.3
[1m[92m  Downloaded[0m digest v0.10.7
[1m[92m  Downloaded[0m ogg_pager v0.6.1
[1m[92m  Downloaded[0m potential_utf v0.1.6
[1m[92m  Downloaded[0m subtle v2.6.1
[1m[92m  Downloaded[0m http-body v1.1.0
[1m[92m  Downloaded[0m try-lock v0.2.5
[1m[92m  Downloaded[0m untrusted v0.9.0
[1m[92m  Downloaded[0m serde_urlencoded v0.7.1
[1m[92m  Downloaded[0m aho-corasick v1.1.5
[1m[92m  Downloaded[0m zerofrom-derive v0.1.7
[1m[92m  Downloaded[0m base64 v0.22.1
[1m[92m  Downloaded[0m form_urlencoded v1.2.2
[1m[92m  Downloaded[0m rustls-pki-types v1.15.1
[1m[92m  Downloaded[0m hmac v0.12.1
[1m[92m  Downloaded[0m urlencoding v2.1.3
[1m[92m  Downloaded[0m webpki-roots v0.26.11
[1m[92m  Downloaded[0m zerofrom v0.1.8
[1m[92m  Downloaded[0m sync_wrapper v1.0.2
[1m[92m  Downloaded[0m tokio-rustls v0.26.4
[1m[92m  Downloaded[0m tower-layer v0.3.3
[1m[92m  Downloaded[0m walkdir v2.5.0
[1m[92m  Downloaded[0m want v0.3.1
[1m[92m  Downloaded[0m zmij v1.0.23
[1m[92m  Downloaded[0m simd-adler32 v0.3.10
[1m[92m  Downloaded[0m futures-channel v0.3.34
[1m[92m  Downloaded[0m getrandom v0.2.17
[1m[92m  Downloaded[0m slab v0.4.12
[1m[92m  Downloaded[0m stable_deref_trait v1.2.1
[1m[92m  Downloaded[0m tinystr v0.8.4
[1m[92m  Downloaded[0m zeroize v1.9.0
[1m[92m  Downloaded[0m zerovec-derive v0.11.5
[1m[92m  Downloaded[0m crypto-common v0.1.7
[1m[92m  Downloaded[0m smallvec v1.15.2
[1m[92m  Downloaded[0m thiserror-impl v2.0.20
[1m[92m  Downloaded[0m http-body-util v0.1.5
[1m[92m  Downloaded[0m ipnet v2.12.1
[1m[92m  Downloaded[0m rustc-hash v2.1.3
[1m[92m  Downloaded[0m typenum v1.20.1
[1m[92m  Downloaded[0m unicode-ident v1.0.24
[1m[92m  Downloaded[0m yoke v0.8.3
[1m[92m  Downloaded[0m bytes v1.12.1
[1m[92m  Downloaded[0m socket2 v0.6.5
[1m[92m  Downloaded[0m tower-http v0.6.11
[1m[92m  Downloaded[0m url v2.5.8
[1m[92m  Downloaded[0m syn v3.0.3
[1m[92m  Downloaded[0m zerotrie v0.2.5
[1m[92m  Downloaded[0m ureq v2.12.1
[1m[92m  Downloaded[0m quinn-udp v0.5.15
[1m[92m  Downloaded[0m zerocopy v0.8.56
[1m[92m  Downloaded[0m webpki-roots v1.0.9
[1m[92m  Downloaded[0m vcpkg v0.2.15
[1m[92m  Downloaded[0m syn v2.0.119
[1m[92m  Downloaded[0m tracing v0.1.44
[1m[92m  Downloaded[0m futures-core v0.3.34
[1m[92m  Downloaded[0m tokio v1.53.1
[1m[92m  Downloaded[0m generic-array v0.14.7
[1m[92m  Downloaded[0m idna_adapter v1.2.2
[1m[92m  Downloaded[0m jni-sys v0.4.1
[1m[92m  Downloaded[0m jni-sys-macros v0.4.1
[1m[92m  Downloaded[0m lru-slab v0.1.2
[1m[92m  Downloaded[0m same-file v1.0.6
[1m[92m  Downloaded[0m jni-sys v0.3.1
[1m[92m  Downloaded[0m percent-encoding v2.3.2
[1m[92m  Downloaded[0m itoa v1.0.18
[1m[92m  Downloaded[0m fallible-streaming-iterator v0.1.9
[1m[92m  Downloaded[0m lofty_attr v0.11.1
[1m[92m  Downloaded[0m fallible-iterator v0.3.0
[1m[92m  Downloaded[0m hashlink v0.9.1
[1m[92m  Downloaded[0m hex v0.4.3
[1m[92m  Downloaded[0m pkg-config v0.3.34
[1m[92m  Downloaded[0m data-encoding v2.11.1
[1m[92m  Downloaded[0m icu_locale_core v2.3.0
[1m[92m  Downloaded[0m quote v1.0.47
[1m[92m  Downloaded[0m find-msvc-tools v0.1.11
[1m[92m  Downloaded[0m pin-project-lite v0.2.17
[1m[92m  Downloaded[0m rand_core v0.10.1
[1m[92m  Downloaded[0m hyper-rustls v0.27.9
[1m[92m  Downloaded[0m log v0.4.33
[1m[92m  Downloaded[0m litemap v0.8.3
[1m[92m  Downloaded[0m paste v1.0.15
[1m[92m  Downloaded[0m once_cell v1.21.4
[1m[92m  Downloaded[0m httparse v1.10.1
[1m[92m  Downloaded[0m memchr v2.8.3
[1m[92m  Downloaded[0m proc-macro2 v1.0.107
[1m[92m  Downloaded[0m ryu v1.0.23
[1m[92m  Downloaded[0m icu_provider v2.3.0
[1m[92m  Downloaded[0m serde_derive v1.0.229
[1m[92m  Downloaded[0m icu_normalizer_data v2.3.0
[1m[92m  Downloaded[0m miniz_oxide v0.8.9
[1m[92m  Downloaded[0m serde v1.0.229
[1m[92m  Downloaded[0m serde_core v1.0.229
[1m[92m  Downloaded[0m flate2 v1.1.9
[1m[92m  Downloaded[0m icu_collections v2.3.0
[1m[92m  Downloaded[0m rustls-webpki v0.103.14
[1m[92m  Downloaded[0m hyper-util v0.1.20
[1m[92m  Downloaded[0m jni v0.21.1
[1m[92m  Downloaded[0m idna v1.1.0
[1m[92m  Downloaded[0m quinn-proto v0.11.17
[1m[92m  Downloaded[0m http v1.5.0
[1m[92m  Downloaded[0m icu_properties v2.3.0
[1m[92m  Downloaded[0m rand v0.10.2
[1m[92m  Downloaded[0m mio v1.2.2
[1m[92m  Downloaded[0m regex v1.13.1
[1m[92m  Downloaded[0m rusqlite v0.31.0
[1m[92m  Downloaded[0m hashbrown v0.14.5
[1m[92m  Downloaded[0m hyper v1.11.0
[1m[92m  Downloaded[0m icu_properties_data v2.3.0
[1m[92m  Downloaded[0m lofty v0.21.1
[1m[92m  Downloaded[0m reqwest v0.12.28
[1m[92m  Downloaded[0m futures-util v0.3.34
[1m[92m  Downloaded[0m regex-syntax v0.8.11
[1m[92m  Downloaded[0m rustls v0.23.43
[1m[92m  Downloaded[0m icu_normalizer v2.3.0
[1m[92m  Downloaded[0m regex-automata v0.4.18
[1m[92m  Downloaded[0m libc v0.2.189
[1m[92m  Downloaded[0m ring v0.17.14
[1m[92m  Downloaded[0m libsqlite3-sys v0.28.0
[1m[92m   Compiling[0m proc-macro2 v1.0.107
[1m[92m   Compiling[0m quote v1.0.47
[1m[92m   Compiling[0m unicode-ident v1.0.24
[1m[92m   Compiling[0m libc v0.2.189
[1m[92m   Compiling[0m cfg-if v1.0.4
[1m[92m   Compiling[0m stable_deref_trait v1.2.1
[1m[92m   Compiling[0m shlex v2.0.1
[1m[92m   Compiling[0m version_check v0.9.5
[1m[92m   Compiling[0m find-msvc-tools v0.1.11
[1m[92m   Compiling[0m bytes v1.12.1
[1m[92m   Compiling[0m cc v1.4.3
[1m[92m   Compiling[0m once_cell v1.21.4
[1m[92m   Compiling[0m syn v2.0.119
[1m[92m   Compiling[0m syn v3.0.3
[1m[92m   Compiling[0m smallvec v1.15.2
[1m[92m   Compiling[0m itoa v1.0.18
[1m[92m   Compiling[0m pin-project-lite v0.2.17
[1m[92m   Compiling[0m futures-core v0.3.34
[1m[92m   Compiling[0m litemap v0.8.3
[1m[92m   Compiling[0m writeable v0.6.4
[1m[92m   Compiling[0m ring v0.17.14
[1m[92m   Compiling[0m zeroize v1.9.0
[1m[92m   Compiling[0m icu_normalizer_data v2.3.0
[1m[92m   Compiling[0m subtle v2.6.1
[1m[92m   Compiling[0m icu_properties_data v2.3.0
[1m[92m   Compiling[0m utf8_iter v1.0.4
[1m[92m   Compiling[0m rustls-pki-types v1.15.1
[1m[92m   Compiling[0m mio v1.2.2
[1m[92m   Compiling[0m socket2 v0.6.5
[1m[92m   Compiling[0m synstructure v0.13.2
[1m[92m   Compiling[0m generic-array v0.14.7
[1m[92m   Compiling[0m memchr v2.8.3
[1m[92m   Compiling[0m zerovec-derive v0.11.5
[1m[92m   Compiling[0m zerofrom-derive v0.1.7
[1m[92m   Compiling[0m yoke-derive v0.8.2
[1m[92m   Compiling[0m displaydoc v0.2.7
[1m[92m   Compiling[0m zerofrom v0.1.8
[1m[92m   Compiling[0m tokio-macros v2.7.2
[1m[92m   Compiling[0m yoke v0.8.3
[1m[92m   Compiling[0m percent-encoding v2.3.2
[1m[92m   Compiling[0m zerovec v0.11.7
[1m[92m   Compiling[0m zerotrie v0.2.5
[1m[92m   Compiling[0m tokio v1.53.1
[1m[92m   Compiling[0m http v1.5.0
[1m[92m   Compiling[0m tinystr v0.8.4
[1m[92m   Compiling[0m icu_locale_core v2.3.0
[1m[92m   Compiling[0m potential_utf v0.1.6
[1m[92m   Compiling[0m icu_collections v2.3.0
[1m[92m   Compiling[0m icu_provider v2.3.0
[1m[92m   Compiling[0m getrandom v0.2.17
[1m[92m   Compiling[0m typenum v1.20.1
[1m[92m   Compiling[0m log v0.4.33
[1m[92m   Compiling[0m serde_core v1.0.229
[1m[92m   Compiling[0m untrusted v0.9.0
[1m[92m   Compiling[0m icu_normalizer v2.3.0
[1m[92m   Compiling[0m icu_properties v2.3.0
[1m[92m   Compiling[0m http-body v1.1.0
[1m[92m   Compiling[0m rustls v0.23.43
[1m[92m   Compiling[0m futures-task v0.3.34
[1m[92m   Compiling[0m httparse v1.10.1
[1m[92m   Compiling[0m zerocopy v0.8.56
[1m[92m   Compiling[0m slab v0.4.12
[1m[92m   Compiling[0m futures-util v0.3.34
[1m[92m   Compiling[0m idna_adapter v1.2.2
[1m[92m   Compiling[0m form_urlencoded v1.2.2
[1m[92m   Compiling[0m ahash v0.8.12
[1m[92m   Compiling[0m rustls-webpki v0.103.14
[1m[92m   Compiling[0m crc32fast v1.5.0
[1m[92m   Compiling[0m zmij v1.0.23
[1m[92m   Compiling[0m try-lock v0.2.5
[1m[92m   Compiling[0m serde v1.0.229
[1m[92m   Compiling[0m tower-service v0.3.3
[1m[92m   Compiling[0m want v0.3.1
[1m[92m   Compiling[0m idna v1.1.0
[1m[92m   Compiling[0m crypto-common v0.1.7
[1m[92m   Compiling[0m block-buffer v0.10.4
[1m[92m   Compiling[0m serde_derive v1.0.229
[1m[92m   Compiling[0m webpki-roots v1.0.9
[1m[92m   Compiling[0m futures-channel v0.3.34
[1m[92m   Compiling[0m tracing-core v0.1.36
[1m[92m   Compiling[0m vcpkg v0.2.15
[1m[92m   Compiling[0m base64 v0.22.1
[1m[92m   Compiling[0m simd-adler32 v0.3.10
[1m[92m   Compiling[0m atomic-waker v1.1.2
[1m[92m   Compiling[0m serde_json v1.0.151
[1m[92m   Compiling[0m pkg-config v0.3.34
[1m[92m   Compiling[0m adler2 v2.0.1
[1m[92m   Compiling[0m miniz_oxide v0.8.9
[1m[92m   Compiling[0m libsqlite3-sys v0.28.0
[1m[92m   Compiling[0m hyper v1.11.0
[1m[92m   Compiling[0m tracing v0.1.44
[1m[92m   Compiling[0m digest v0.10.7
[1m[92m   Compiling[0m url v2.5.8
[1m[92m   Compiling[0m jni-sys-macros v0.4.1
[1m[92m   Compiling[0m sync_wrapper v1.0.2
[1m[92m   Compiling[0m thiserror v1.0.69
[1m[92m   Compiling[0m ipnet v2.12.1
[1m[92m   Compiling[0m paste v1.0.15
[1m[92m   Compiling[0m tower-layer v0.3.3
[1m[92m   Compiling[0m jni-sys v0.3.1
[1m[92m   Compiling[0m bitflags v2.13.1
[1m[92m   Compiling[0m tower v0.5.3
[1m[92m   Compiling[0m hyper-util v0.1.20
[1m[92m   Compiling[0m jni-sys v0.4.1
[1m[92m   Compiling[0m flate2 v1.1.9
[1m[92m   Compiling[0m hashbrown v0.14.5
[1m[92m   Compiling[0m tokio-rustls v0.26.4
[1m[92m   Compiling[0m aho-corasick v1.1.5
[1m[92m   Compiling[0m thiserror-impl v1.0.69
[1m[92m   Compiling[0m cpufeatures v0.2.17
[1m[92m   Compiling[0m byteorder v1.5.0
[1m[92m   Compiling[0m ryu v1.0.23
[1m[92m   Compiling[0m regex-syntax v0.8.11
[1m[92m   Compiling[0m regex-automata v0.4.18
[1m[92m   Compiling[0m serde_urlencoded v0.7.1
[1m[92m   Compiling[0m ogg_pager v0.6.1
[1m[92m   Compiling[0m hashlink v0.9.1
[1m[92m   Compiling[0m hyper-rustls v0.27.9
[1m[92m   Compiling[0m tower-http v0.6.11
[1m[92m   Compiling[0m webpki-roots v0.26.11
[1m[92m   Compiling[0m http-body-util v0.1.5
[1m[92m   Compiling[0m combine v4.6.7
[1m[92m   Compiling[0m lofty_attr v0.11.1
[1m[92m   Compiling[0m data-encoding v2.11.1
[1m[92m   Compiling[0m fallible-iterator v0.3.0
[1m[92m   Compiling[0m fallible-streaming-iterator v0.1.9
[1m[92m   Compiling[0m cesu8 v1.1.0
[1m[92m   Compiling[0m lofty v0.21.1
[1m[92m   Compiling[0m jni v0.21.1
[1m[92m   Compiling[0m reqwest v0.12.28
[1m[92m   Compiling[0m ureq v2.12.1
[1m[92m   Compiling[0m regex v1.13.1
[1m[92m   Compiling[0m sha1 v0.10.7
[1m[92m   Compiling[0m sha2 v0.10.9
[1m[92m   Compiling[0m hmac v0.12.1
[1m[92m   Compiling[0m strsim v0.11.1
[1m[92m   Compiling[0m hex v0.4.3
[1m[92m   Compiling[0m urlencoding v2.1.3
[1m[92m   Compiling[0m rusqlite v0.31.0
[1m[92m   Compiling[0m streamify_core_rs v1.0.0 (/home/runner/work/streamify-apk/streamify-apk/rust)
[1m[33mwarning[0m[1m: unnecessary parentheses around assigned value[0m
  [1m[94m--> [0msrc/continuum_engine.rs:99:35
   [1m[94m|[0m
[1m[94m99[0m [1m[94m|[0m                 let pseudo_rand = ((i as f32 * 17.31 + state.session_track_idx as f32 * 7.13).sin().abs());
   [1m[94m|[0m                                   [1m[33m^[0m                                                                      [1m[33m^[0m
   [1m[94m|[0m
   [1m[94m= [0m[1mnote[0m: `#[warn(unused_parens)]` (part of `#[warn(unused)]`) on by default
[1m[96mhelp[0m: remove these parentheses
   [1m[94m|[0m
[1m[94m99[0m [91m- [0m                let pseudo_rand = [91m([0m(i as f32 * 17.31 + state.session_track_idx as f32 * 7.13).sin().abs()[91m)[0m;
[1m[94m99[0m [92m+ [0m                let pseudo_rand = (i as f32 * 17.31 + state.session_track_idx as f32 * 7.13).sin().abs();
   [1m[94m|[0m

[1m[33mwarning[0m[1m: unused imports: `SeekFrom` and `Seek`[0m
 [1m[94m--> [0msrc/downloader.rs:3:21
  [1m[94m|[0m
[1m[94m3[0m [1m[94m|[0m use std::io::{Read, Seek, SeekFrom, Write};
  [1m[94m|[0m                     [1m[33m^^^^[0m  [1m[33m^^^^^^^^[0m
  [1m[94m|[0m
  [1m[94m= [0m[1mnote[0m: `#[warn(unused_imports)]` (part of `#[warn(unused)]`) on by default

[1m[33mwarning[0m[1m: variable does not need to be mutable[0m
  [1m[94m--> [0msrc/dsp.rs:53:14
   [1m[94m|[0m
[1m[94m53[0m [1m[94m|[0m         let (mut b0, mut b1, mut b2, mut a0, mut a1, mut a2) = match filter_type {
   [1m[94m|[0m              [1m[94m----[0m[1m[33m^^[0m
   [1m[94m|[0m              [1m[94m|[0m
   [1m[94m|[0m              [1m[94mhelp: remove this `mut`[0m
   [1m[94m|[0m
   [1m[94m= [0m[1mnote[0m: `#[warn(unused_mut)]` (part of `#[warn(unused)]`) on by default

[1m[33mwarning[0m[1m: variable does not need to be mutable[0m
  [1m[94m--> [0msrc/dsp.rs:53:22
   [1m[94m|[0m
[1m[94m53[0m [1m[94m|[0m         let (mut b0, mut b1, mut b2, mut a0, mut a1, mut a2) = match filter_type {
   [1m[94m|[0m                      [1m[94m----[0m[1m[33m^^[0m
   [1m[94m|[0m                      [1m[94m|[0m
   [1m[94m|[0m                      [1m[94mhelp: remove this `mut`[0m

[1m[33mwarning[0m[1m: variable does not need to be mutable[0m
  [1m[94m--> [0msrc/dsp.rs:53:30
   [1m[94m|[0m
[1m[94m53[0m [1m[94m|[0m         let (mut b0, mut b1, mut b2, mut a0, mut a1, mut a2) = match filter_type {
   [1m[94m|[0m                              [1m[94m----[0m[1m[33m^^[0m
   [1m[94m|[0m                              [1m[94m|[0m
   [1m[94m|[0m                              [1m[94mhelp: remove this `mut`[0m

[1m[33mwarning[0m[1m: variable does not need to be mutable[0m
  [1m[94m--> [0msrc/dsp.rs:53:38
   [1m[94m|[0m
[1m[94m53[0m [1m[94m|[0m         let (mut b0, mut b1, mut b2, mut a0, mut a1, mut a2) = match filter_type {
   [1m[94m|[0m                                      [1m[94m----[0m[1m[33m^^[0m
   [1m[94m|[0m                                      [1m[94m|[0m
   [1m[94m|[0m                                      [1m[94mhelp: remove this `mut`[0m

[1m[33mwarning[0m[1m: variable does not need to be mutable[0m
  [1m[94m--> [0msrc/dsp.rs:53:46
   [1m[94m|[0m
[1m[94m53[0m [1m[94m|[0m         let (mut b0, mut b1, mut b2, mut a0, mut a1, mut a2) = match filter_type {
   [1m[94m|[0m                                              [1m[94m----[0m[1m[33m^^[0m
   [1m[94m|[0m                                              [1m[94m|[0m
   [1m[94m|[0m                                              [1m[94mhelp: remove this `mut`[0m

[1m[33mwarning[0m[1m: variable does not need to be mutable[0m
  [1m[94m--> [0msrc/dsp.rs:53:54
   [1m[94m|[0m
[1m[94m53[0m [1m[94m|[0m         let (mut b0, mut b1, mut b2, mut a0, mut a1, mut a2) = match filter_type {
   [1m[94m|[0m                                                      [1m[94m----[0m[1m[33m^^[0m
   [1m[94m|[0m                                                      [1m[94m|[0m
   [1m[94m|[0m                                                      [1m[94mhelp: remove this `mut`[0m

[1m[33mwarning[0m[1m: variable does not need to be mutable[0m
   [1m[94m--> [0msrc/jni_bridge.rs:450:5
    [1m[94m|[0m
[1m[94m450[0m [1m[94m|[0m     mut env: JNIEnv,
    [1m[94m|[0m     [1m[94m----[0m[1m[33m^^^[0m
    [1m[94m|[0m     [1m[94m|[0m
    [1m[94m|[0m     [1m[94mhelp: remove this `mut`[0m

[1m[33mwarning[0m[1m: variable does not need to be mutable[0m
   [1m[94m--> [0msrc/jni_bridge.rs:573:5
    [1m[94m|[0m
[1m[94m573[0m [1m[94m|[0m     mut env: JNIEnv,
    [1m[94m|[0m     [1m[94m----[0m[1m[33m^^^[0m
    [1m[94m|[0m     [1m[94m|[0m
    [1m[94m|[0m     [1m[94mhelp: remove this `mut`[0m

[1m[33mwarning[0m[1m: variable does not need to be mutable[0m
   [1m[94m--> [0msrc/jni_bridge.rs:905:5
    [1m[94m|[0m
[1m[94m905[0m [1m[94m|[0m     mut env: JNIEnv,
    [1m[94m|[0m     [1m[94m----[0m[1m[33m^^^[0m
    [1m[94m|[0m     [1m[94m|[0m
    [1m[94m|[0m     [1m[94mhelp: remove this `mut`[0m

[1m[33mwarning[0m[1m: variable does not need to be mutable[0m
   [1m[94m--> [0msrc/jni_bridge.rs:943:5
    [1m[94m|[0m
[1m[94m943[0m [1m[94m|[0m     mut env: JNIEnv,
    [1m[94m|[0m     [1m[94m----[0m[1m[33m^^^[0m
    [1m[94m|[0m     [1m[94m|[0m
    [1m[94m|[0m     [1m[94mhelp: remove this `mut`[0m

[1m[33mwarning[0m[1m: unused variable: `contents_path`[0m
  [1m[94m--> [0msrc/playlist_parser.rs:48:13
   [1m[94m|[0m
[1m[94m48[0m [1m[94m|[0m         let contents_path = if root.pointer("/continuationContents").is_some() {
   [1m[94m|[0m             [1m[33m^^^^^^^^^^^^^[0m [1m[33mhelp: if this is intentional, prefix it with an underscore: `_contents_path`[0m
   [1m[94m|[0m
   [1m[94m= [0m[1mnote[0m: `#[warn(unused_variables)]` (part of `#[warn(unused)]`) on by default

[1m[33mwarning[0m[1m: associated constant `INNERTUBE_PLAYER_URL` is never used[0m
   [1m[94m--> [0msrc/resolver.rs:683:11
    [1m[94m|[0m
[1m[94m682[0m [1m[94m|[0m impl StreamResolver {
    [1m[94m|[0m [1m[94m-------------------[0m [1m[94massociated constant in this implementation[0m
[1m[94m683[0m [1m[94m|[0m     const INNERTUBE_PLAYER_URL: &'static str = "https://www.youtube.com/youtubei/v1/player";
    [1m[94m|[0m           [1m[33m^^^^^^^^^^^^^^^^^^^^[0m
    [1m[94m|[0m
    [1m[94m= [0m[1mnote[0m: `#[warn(dead_code)]` (part of `#[warn(unused)]`) on by default

[1m[33mwarning[0m[1m: field `total` is never read[0m
  [1m[94m--> [0msrc/spotify_ingest.rs:13:5
   [1m[94m|[0m
[1m[94m 9[0m [1m[94m|[0m struct SpotifyPagingResponse<T> {
   [1m[94m|[0m        [1m[94m---------------------[0m [1m[94mfield in this struct[0m
[1m[94m...[0m
[1m[94m13[0m [1m[94m|[0m     total: u32,
   [1m[94m|[0m     [1m[33m^^^^^[0m

[1m[33mwarning[0m[1m: fields `id` and `name` are never read[0m
  [1m[94m--> [0msrc/spotify_ingest.rs:76:5
   [1m[94m|[0m
[1m[94m74[0m [1m[94m|[0m struct SpotifyPlaylistItem {
   [1m[94m|[0m        [1m[94m-------------------[0m [1m[94mfields in this struct[0m
[1m[94m75[0m [1m[94m|[0m     #[serde(default)]
[1m[94m76[0m [1m[94m|[0m     id: String,
   [1m[94m|[0m     [1m[33m^^[0m
[1m[94m77[0m [1m[94m|[0m     #[serde(default)]
[1m[94m78[0m [1m[94m|[0m     name: String,
   [1m[94m|[0m     [1m[33m^^^^[0m

[1m[33mwarning[0m[1m: field `total` is never read[0m
  [1m[94m--> [0msrc/spotify_ingest.rs:87:5
   [1m[94m|[0m
[1m[94m83[0m [1m[94m|[0m struct SpotifyPlaylistTracksRef {
   [1m[94m|[0m        [1m[94m------------------------[0m [1m[94mfield in this struct[0m
[1m[94m...[0m
[1m[94m87[0m [1m[94m|[0m     total: u32,
   [1m[94m|[0m     [1m[33m^^^^^[0m

[1m[33mwarning[0m: `streamify_core_rs` (lib) generated 17 warnings (run `cargo fix --lib -p streamify_core_rs` to apply 13 suggestions)
[1m[92m    Finished[0m `release` profile [optimized] target(s) in 1m 44s
    Building armeabi-v7a (armv7-linux-androideabi)
[1m[92m   Compiling[0m cfg-if v1.0.4
[1m[92m   Compiling[0m libc v0.2.189
[1m[92m   Compiling[0m stable_deref_trait v1.2.1
[1m[92m   Compiling[0m zerofrom v0.1.8
[1m[92m   Compiling[0m bytes v1.12.1
[1m[92m   Compiling[0m once_cell v1.21.4
[1m[92m   Compiling[0m yoke v0.8.3
[1m[92m   Compiling[0m zerovec v0.11.7
[1m[92m   Compiling[0m pin-project-lite v0.2.17
[1m[92m   Compiling[0m smallvec v1.15.2
[1m[92m   Compiling[0m itoa v1.0.18
[1m[92m   Compiling[0m writeable v0.6.4
[1m[92m   Compiling[0m futures-core v0.3.34
[1m[92m   Compiling[0m litemap v0.8.3
[1m[92m   Compiling[0m zerotrie v0.2.5
[1m[92m   Compiling[0m zeroize v1.9.0
[1m[92m   Compiling[0m tinystr v0.8.4
[1m[92m   Compiling[0m potential_utf v0.1.6
[1m[92m   Compiling[0m utf8_iter v1.0.4
[1m[92m   Compiling[0m icu_locale_core v2.3.0
[1m[92m   Compiling[0m subtle v2.6.1
[1m[92m   Compiling[0m icu_collections v2.3.0
[1m[92m   Compiling[0m icu_normalizer_data v2.3.0
[1m[92m   Compiling[0m rustls-pki-types v1.15.1
[1m[92m   Compiling[0m icu_properties_data v2.3.0
[1m[92m   Compiling[0m ring v0.17.14
[1m[92m   Compiling[0m socket2 v0.6.5
[1m[92m   Compiling[0m mio v1.2.2
[1m[92m   Compiling[0m icu_provider v2.3.0
[1m[92m   Compiling[0m percent-encoding v2.3.2
[1m[92m   Compiling[0m memchr v2.8.3
[1m[92m   Compiling[0m tokio v1.53.1
[1m[92m   Compiling[0m generic-array v0.14.7
[1m[92m   Compiling[0m http v1.5.0
[1m[92m   Compiling[0m getrandom v0.2.17
[1m[92m   Compiling[0m untrusted v0.9.0
[1m[92m   Compiling[0m log v0.4.33
[1m[92m   Compiling[0m typenum v1.20.1
[1m[92m   Compiling[0m serde_core v1.0.229
[1m[92m   Compiling[0m http-body v1.1.0
[1m[92m   Compiling[0m icu_normalizer v2.3.0
[1m[92m   Compiling[0m icu_properties v2.3.0
[1m[92m   Compiling[0m futures-task v0.3.34
[1m[92m   Compiling[0m slab v0.4.12
[1m[92m   Compiling[0m futures-util v0.3.34
[1m[92m   Compiling[0m rustls-webpki v0.103.14
[1m[92m   Compiling[0m idna_adapter v1.2.2
[1m[92m   Compiling[0m httparse v1.10.1
[1m[92m   Compiling[0m zerocopy v0.8.56
[1m[92m   Compiling[0m rustls v0.23.43
[1m[92m   Compiling[0m form_urlencoded v1.2.2
[1m[92m   Compiling[0m tower-service v0.3.3
[1m[92m   Compiling[0m try-lock v0.2.5
[1m[92m   Compiling[0m crc32fast v1.5.0
[1m[92m   Compiling[0m want v0.3.1
[1m[92m   Compiling[0m zmij v1.0.23
[1m[92m   Compiling[0m serde v1.0.229
[1m[92m   Compiling[0m ahash v0.8.12
[1m[92m   Compiling[0m idna v1.1.0
[1m[92m   Compiling[0m block-buffer v0.10.4
[1m[92m   Compiling[0m crypto-common v0.1.7
[1m[92m   Compiling[0m webpki-roots v1.0.9
[1m[92m   Compiling[0m futures-channel v0.3.34
[1m[92m   Compiling[0m tracing-core v0.1.36
[1m[92m   Compiling[0m simd-adler32 v0.3.10
[1m[92m   Compiling[0m adler2 v2.0.1
[1m[92m   Compiling[0m base64 v0.22.1
[1m[92m   Compiling[0m atomic-waker v1.1.2
[1m[92m   Compiling[0m hyper v1.11.0
[1m[92m   Compiling[0m serde_json v1.0.151
[1m[92m   Compiling[0m miniz_oxide v0.8.9
[1m[92m   Compiling[0m tracing v0.1.44
[1m[92m   Compiling[0m digest v0.10.7
[1m[92m   Compiling[0m url v2.5.8
[1m[92m   Compiling[0m sync_wrapper v1.0.2
[1m[92m   Compiling[0m ipnet v2.12.1
[1m[92m   Compiling[0m tower-layer v0.3.3
[1m[92m   Compiling[0m bitflags v2.13.1
[1m[92m   Compiling[0m thiserror v1.0.69
[1m[92m   Compiling[0m jni-sys v0.3.1
[1m[92m   Compiling[0m tower v0.5.3
[1m[92m   Compiling[0m hyper-util v0.1.20
[1m[92m   Compiling[0m jni-sys v0.4.1
[1m[92m   Compiling[0m flate2 v1.1.9
[1m[92m   Compiling[0m hashbrown v0.14.5
[1m[92m   Compiling[0m libsqlite3-sys v0.28.0
[1m[92m   Compiling[0m tokio-rustls v0.26.4
[1m[92m   Compiling[0m aho-corasick v1.1.5
[1m[92m   Compiling[0m byteorder v1.5.0
[1m[92m   Compiling[0m ryu v1.0.23
[1m[92m   Compiling[0m regex-syntax v0.8.11
[1m[92m   Compiling[0m regex-automata v0.4.18
[1m[92m   Compiling[0m serde_urlencoded v0.7.1
[1m[92m   Compiling[0m ogg_pager v0.6.1
[1m[92m   Compiling[0m hyper-rustls v0.27.9
[1m[92m   Compiling[0m hashlink v0.9.1
[1m[92m   Compiling[0m tower-http v0.6.11
[1m[92m   Compiling[0m webpki-roots v0.26.11
[1m[92m   Compiling[0m http-body-util v0.1.5
[1m[92m   Compiling[0m combine v4.6.7
[1m[92m   Compiling[0m data-encoding v2.11.1
[1m[92m   Compiling[0m fallible-iterator v0.3.0
[1m[92m   Compiling[0m fallible-streaming-iterator v0.1.9
[1m[92m   Compiling[0m cesu8 v1.1.0
[1m[92m   Compiling[0m lofty v0.21.1
[1m[92m   Compiling[0m jni v0.21.1
[1m[92m   Compiling[0m reqwest v0.12.28
[1m[92m   Compiling[0m ureq v2.12.1
[1m[92m   Compiling[0m regex v1.13.1
[1m[92m   Compiling[0m hmac v0.12.1
[1m[92m   Compiling[0m sha1 v0.10.7
[1m[92m   Compiling[0m sha2 v0.10.9
[1m[92m   Compiling[0m hex v0.4.3
[1m[92m   Compiling[0m strsim v0.11.1
[1m[92m   Compiling[0m urlencoding v2.1.3
[1m[92m   Compiling[0m rusqlite v0.31.0
[1m[92m   Compiling[0m streamify_core_rs v1.0.0 (/home/runner/work/streamify-apk/streamify-apk/rust)
[1m[33mwarning[0m[1m: unnecessary parentheses around assigned value[0m
  [1m[94m--> [0msrc/continuum_engine.rs:99:35
   [1m[94m|[0m
[1m[94m99[0m [1m[94m|[0m                 let pseudo_rand = ((i as f32 * 17.31 + state.session_track_idx as f32 * 7.13).sin().abs());
   [1m[94m|[0m                                   [1m[33m^[0m                                                                      [1m[33m^[0m
   [1m[94m|[0m
   [1m[94m= [0m[1mnote[0m: `#[warn(unused_parens)]` (part of `#[warn(unused)]`) on by default
[1m[96mhelp[0m: remove these parentheses
   [1m[94m|[0m
[1m[94m99[0m [91m- [0m                let pseudo_rand = [91m([0m(i as f32 * 17.31 + state.session_track_idx as f32 * 7.13).sin().abs()[91m)[0m;
[1m[94m99[0m [92m+ [0m                let pseudo_rand = (i as f32 * 17.31 + state.session_track_idx as f32 * 7.13).sin().abs();
   [1m[94m|[0m

[1m[33mwarning[0m[1m: unused imports: `SeekFrom` and `Seek`[0m
 [1m[94m--> [0msrc/downloader.rs:3:21
  [1m[94m|[0m
[1m[94m3[0m [1m[94m|[0m use std::io::{Read, Seek, SeekFrom, Write};
  [1m[94m|[0m                     [1m[33m^^^^[0m  [1m[33m^^^^^^^^[0m
  [1m[94m|[0m
  [1m[94m= [0m[1mnote[0m: `#[warn(unused_imports)]` (part of `#[warn(unused)]`) on by default

[1m[33mwarning[0m[1m: variable does not need to be mutable[0m
  [1m[94m--> [0msrc/dsp.rs:53:14
   [1m[94m|[0m
[1m[94m53[0m [1m[94m|[0m         let (mut b0, mut b1, mut b2, mut a0, mut a1, mut a2) = match filter_type {
   [1m[94m|[0m              [1m[94m----[0m[1m[33m^^[0m
   [1m[94m|[0m              [1m[94m|[0m
   [1m[94m|[0m              [1m[94mhelp: remove this `mut`[0m
   [1m[94m|[0m
   [1m[94m= [0m[1mnote[0m: `#[warn(unused_mut)]` (part of `#[warn(unused)]`) on by default

[1m[33mwarning[0m[1m: variable does not need to be mutable[0m
  [1m[94m--> [0msrc/dsp.rs:53:22
   [1m[94m|[0m
[1m[94m53[0m [1m[94m|[0m         let (mut b0, mut b1, mut b2, mut a0, mut a1, mut a2) = match filter_type {
   [1m[94m|[0m                      [1m[94m----[0m[1m[33m^^[0m
   [1m[94m|[0m                      [1m[94m|[0m
   [1m[94m|[0m                      [1m[94mhelp: remove this `mut`[0m

[1m[33mwarning[0m[1m: variable does not need to be mutable[0m
  [1m[94m--> [0msrc/dsp.rs:53:30
   [1m[94m|[0m
[1m[94m53[0m [1m[94m|[0m         let (mut b0, mut b1, mut b2, mut a0, mut a1, mut a2) = match filter_type {
   [1m[94m|[0m                              [1m[94m----[0m[1m[33m^^[0m
   [1m[94m|[0m                              [1m[94m|[0m
   [1m[94m|[0m                              [1m[94mhelp: remove this `mut`[0m

[1m[33mwarning[0m[1m: variable does not need to be mutable[0m
  [1m[94m--> [0msrc/dsp.rs:53:38
   [1m[94m|[0m
[1m[94m53[0m [1m[94m|[0m         let (mut b0, mut b1, mut b2, mut a0, mut a1, mut a2) = match filter_type {
   [1m[94m|[0m                                      [1m[94m----[0m[1m[33m^^[0m
   [1m[94m|[0m                                      [1m[94m|[0m
   [1m[94m|[0m                                      [1m[94mhelp: remove this `mut`[0m

[1m[33mwarning[0m[1m: variable does not need to be mutable[0m
  [1m[94m--> [0msrc/dsp.rs:53:46
   [1m[94m|[0m
[1m[94m53[0m [1m[94m|[0m         let (mut b0, mut b1, mut b2, mut a0, mut a1, mut a2) = match filter_type {
   [1m[94m|[0m                                              [1m[94m----[0m[1m[33m^^[0m
   [1m[94m|[0m                                              [1m[94m|[0m
   [1m[94m|[0m                                              [1m[94mhelp: remove this `mut`[0m

[1m[33mwarning[0m[1m: variable does not need to be mutable[0m
  [1m[94m--> [0msrc/dsp.rs:53:54
   [1m[94m|[0m
[1m[94m53[0m [1m[94m|[0m         let (mut b0, mut b1, mut b2, mut a0, mut a1, mut a2) = match filter_type {
   [1m[94m|[0m                                                      [1m[94m----[0m[1m[33m^^[0m
   [1m[94m|[0m                                                      [1m[94m|[0m
   [1m[94m|[0m                                                      [1m[94mhelp: remove this `mut`[0m

[1m[33mwarning[0m[1m: variable does not need to be mutable[0m
   [1m[94m--> [0msrc/jni_bridge.rs:450:5
    [1m[94m|[0m
[1m[94m450[0m [1m[94m|[0m     mut env: JNIEnv,
    [1m[94m|[0m     [1m[94m----[0m[1m[33m^^^[0m
    [1m[94m|[0m     [1m[94m|[0m
    [1m[94m|[0m     [1m[94mhelp: remove this `mut`[0m

[1m[33mwarning[0m[1m: variable does not need to be mutable[0m
   [1m[94m--> [0msrc/jni_bridge.rs:573:5
    [1m[94m|[0m
[1m[94m573[0m [1m[94m|[0m     mut env: JNIEnv,
    [1m[94m|[0m     [1m[94m----[0m[1m[33m^^^[0m
    [1m[94m|[0m     [1m[94m|[0m
    [1m[94m|[0m     [1m[94mhelp: remove this `mut`[0m

[1m[33mwarning[0m[1m: variable does not need to be mutable[0m
   [1m[94m--> [0msrc/jni_bridge.rs:905:5
    [1m[94m|[0m
[1m[94m905[0m [1m[94m|[0m     mut env: JNIEnv,
    [1m[94m|[0m     [1m[94m----[0m[1m[33m^^^[0m
    [1m[94m|[0m     [1m[94m|[0m
    [1m[94m|[0m     [1m[94mhelp: remove this `mut`[0m

[1m[33mwarning[0m[1m: variable does not need to be mutable[0m
   [1m[94m--> [0msrc/jni_bridge.rs:943:5
    [1m[94m|[0m
[1m[94m943[0m [1m[94m|[0m     mut env: JNIEnv,
    [1m[94m|[0m     [1m[94m----[0m[1m[33m^^^[0m
    [1m[94m|[0m     [1m[94m|[0m
    [1m[94m|[0m     [1m[94mhelp: remove this `mut`[0m

[1m[33mwarning[0m[1m: unused variable: `contents_path`[0m
  [1m[94m--> [0msrc/playlist_parser.rs:48:13
   [1m[94m|[0m
[1m[94m48[0m [1m[94m|[0m         let contents_path = if root.pointer("/continuationContents").is_some() {
   [1m[94m|[0m             [1m[33m^^^^^^^^^^^^^[0m [1m[33mhelp: if this is intentional, prefix it with an underscore: `_contents_path`[0m
   [1m[94m|[0m
   [1m[94m= [0m[1mnote[0m: `#[warn(unused_variables)]` (part of `#[warn(unused)]`) on by default

[1m[33mwarning[0m[1m: associated constant `INNERTUBE_PLAYER_URL` is never used[0m
   [1m[94m--> [0msrc/resolver.rs:683:11
    [1m[94m|[0m
[1m[94m682[0m [1m[94m|[0m impl StreamResolver {
    [1m[94m|[0m [1m[94m-------------------[0m [1m[94massociated constant in this implementation[0m
[1m[94m683[0m [1m[94m|[0m     const INNERTUBE_PLAYER_URL: &'static str = "https://www.youtube.com/youtubei/v1/player";
    [1m[94m|[0m           [1m[33m^^^^^^^^^^^^^^^^^^^^[0m
    [1m[94m|[0m
    [1m[94m= [0m[1mnote[0m: `#[warn(dead_code)]` (part of `#[warn(unused)]`) on by default

[1m[33mwarning[0m[1m: field `total` is never read[0m
  [1m[94m--> [0msrc/spotify_ingest.rs:13:5
   [1m[94m|[0m
[1m[94m 9[0m [1m[94m|[0m struct SpotifyPagingResponse<T> {
   [1m[94m|[0m        [1m[94m---------------------[0m [1m[94mfield in this struct[0m
[1m[94m...[0m
[1m[94m13[0m [1m[94m|[0m     total: u32,
   [1m[94m|[0m     [1m[33m^^^^^[0m

[1m[33mwarning[0m[1m: fields `id` and `name` are never read[0m
  [1m[94m--> [0msrc/spotify_ingest.rs:76:5
   [1m[94m|[0m
[1m[94m74[0m [1m[94m|[0m struct SpotifyPlaylistItem {
   [1m[94m|[0m        [1m[94m-------------------[0m [1m[94mfields in this struct[0m
[1m[94m75[0m [1m[94m|[0m     #[serde(default)]
[1m[94m76[0m [1m[94m|[0m     id: String,
   [1m[94m|[0m     [1m[33m^^[0m
[1m[94m77[0m [1m[94m|[0m     #[serde(default)]
[1m[94m78[0m [1m[94m|[0m     name: String,
   [1m[94m|[0m     [1m[33m^^^^[0m

[1m[33mwarning[0m[1m: field `total` is never read[0m
  [1m[94m--> [0msrc/spotify_ingest.rs:87:5
   [1m[94m|[0m
[1m[94m83[0m [1m[94m|[0m struct SpotifyPlaylistTracksRef {
   [1m[94m|[0m        [1m[94m------------------------[0m [1m[94mfield in this struct[0m
[1m[94m...[0m
[1m[94m87[0m [1m[94m|[0m     total: u32,
   [1m[94m|[0m     [1m[33m^^^^^[0m

[1m[33mwarning[0m: `streamify_core_rs` (lib) generated 17 warnings (run `cargo fix --lib -p streamify_core_rs` to apply 13 suggestions)
[1m[92m    Finished[0m `release` profile [optimized] target(s) in 1m 28s
     Copying libraries to /home/runner/work/streamify-apk/streamify-apk/app/src/main/jniLibs

> Task :app:preBuild
> Task :app:preDebugBuild
> Task :app:mergeDebugNativeDebugMetadata NO-SOURCE
> Task :app:checkKotlinGradlePluginConfigurationErrors
> Task :app:generateDebugBuildConfig
> Task :app:generateDebugResValues
> Task :app:checkDebugAarMetadata
> Task :app:mapDebugSourceSetPaths
> Task :app:generateDebugResources
> Task :app:packageDebugResources
> Task :app:mergeDebugResources
> Task :app:createDebugCompatibleScreenManifests
> Task :app:extractDeepLinksDebug
> Task :app:parseDebugLocalResources
> Task :app:processDebugMainManifest
> Task :app:processDebugManifest
> Task :app:javaPreCompileDebug
> Task :app:mergeDebugShaders
> Task :app:compileDebugShaders NO-SOURCE
> Task :app:generateDebugAssets UP-TO-DATE
> Task :app:mergeDebugAssets
> Task :app:desugarDebugFileDependencies
> Task :app:compressDebugAssets
> Task :app:checkDebugDuplicateClasses
> Task :app:configureCMakeDebug[arm64-v8a]
> Task :app:processDebugManifestForPackage
> Task :app:mergeExtDexDebug
> Task :app:mergeLibDexDebug

> Task :app:buildCMakeDebug[arm64-v8a]
C/C++: ninja: Entering directory `/home/runner/work/streamify-apk/streamify-apk/app/.cxx/Debug/2v2o2f38/arm64-v8a'
C/C++: /home/runner/work/streamify-apk/streamify-apk/native/engine/StreamifyDB.cc:877:83: warning: unused parameter 'artist' [-Wunused-parameter]
C/C++: int StreamifyDB::findFuzzyTrackMatch(const std::string& title, const std::string& artist) {
C/C++:                                                                                   ^
C/C++: 1 warning generated.
C/C++: /home/runner/work/streamify-apk/streamify-apk/native/jni/jni_bridge.cc:179:61: warning: unused parameter 'env' [-Wunused-parameter]
C/C++: Java_com_streamify_app_data_NativeBridge_toggleLike(JNIEnv* env, jobject /* this */, jint userId, jint trackId) {
C/C++:                                                             ^
C/C++: /home/runner/work/streamify-apk/streamify-apk/native/jni/jni_bridge.cc:229:138: warning: unused parameter 'userId' [-Wunused-parameter]
C/C++: Java_com_streamify_app_data_NativeBridge_getRecommendations(JNIEnv* env, jobject /* this */, jint trackId, jintArray recentHistory, jint userId, jint limit) {
C/C++:                                                                                                                                          ^
C/C++: /home/runner/work/streamify-apk/streamify-apk/native/jni/jni_bridge.cc:240:63: warning: unused parameter 'env' [-Wunused-parameter]
C/C++: Java_com_streamify_app_data_NativeBridge_logPlayEvent(JNIEnv* env, jobject /* this */, jint fromTrackId, jint toTrackId, jint userId) {
C/C++:                                                               ^
C/C++: /home/runner/work/streamify-apk/streamify-apk/native/jni/jni_bridge.cc:245:63: warning: unused parameter 'env' [-Wunused-parameter]
C/C++: Java_com_streamify_app_data_NativeBridge_logSkipEvent(JNIEnv* env, jobject /* this */, jint fromTrackId, jint toTrackId, jint userId) {
C/C++:                                                               ^
C/C++: /home/runner/work/streamify-apk/streamify-apk/native/jni/jni_bridge.cc:782:68: warning: unused parameter 'env' [-Wunused-parameter]
C/C++: Java_com_streamify_app_data_NativeBridge_nukeLocalDatabase(JNIEnv* env, jobject /* this */) {
C/C++:                                                                    ^
C/C++: 5 warnings generated.
C/C++: /home/runner/work/streamify-apk/streamify-apk/native/engine/ChronosProfiler.cc:147:71: warning: unused parameter 'currentTimestampMs' [-Wunused-parameter]
C/C++: float ChronosProfiler::calculateSatiationPenalty(int trackId, int64_t currentTimestampMs) const {
C/C++:                                                                       ^
C/C++: 1 warning generated.
C/C++: /home/runner/work/streamify-apk/streamify-apk/native/engine/RecommendEngine.cc:140:17: warning: unused variable 'beta_bpm' [-Wunused-variable]
C/C++:     const float beta_bpm = 0.20f;
C/C++:                 ^
C/C++: /home/runner/work/streamify-apk/streamify-apk/native/engine/RecommendEngine.cc:432:11: warning: unused variable 'vecStore' [-Wunused-variable]
C/C++:     auto& vecStore = VectorStore::getInstance();
C/C++:           ^
C/C++: 2 warnings generated.
C/C++: /home/runner/work/streamify-apk/streamify-apk/native/ingest/AudioPipeline.cc:328:35: warning: comparison of integers of different signs: 'int' and 'std::vector<float>::size_type' (aka 'unsigned long') [-Wsign-compare]
C/C++:         if (i * hop_length + nfft > pcm.size()) break;
C/C++:             ~~~~~~~~~~~~~~~~~~~~~ ^ ~~~~~~~~~~
C/C++: 1 warning generated.

> Task :app:configureCMakeDebug[armeabi-v7a]

> Task :app:buildCMakeDebug[armeabi-v7a]
C/C++: ninja: Entering directory `/home/runner/work/streamify-apk/streamify-apk/app/.cxx/Debug/2v2o2f38/armeabi-v7a'
C/C++: /home/runner/work/streamify-apk/streamify-apk/native/engine/ChronosProfiler.cc:147:71: warning: unused parameter 'currentTimestampMs' [-Wunused-parameter]
C/C++: float ChronosProfiler::calculateSatiationPenalty(int trackId, int64_t currentTimestampMs) const {
C/C++:                                                                       ^
C/C++: 1 warning generated.
C/C++: /home/runner/work/streamify-apk/streamify-apk/native/jni/jni_bridge.cc:179:61: warning: unused parameter 'env' [-Wunused-parameter]
C/C++: Java_com_streamify_app_data_NativeBridge_toggleLike(JNIEnv* env, jobject /* this */, jint userId, jint trackId) {
C/C++:                                                             ^
C/C++: /home/runner/work/streamify-apk/streamify-apk/native/jni/jni_bridge.cc:229:138: warning: unused parameter 'userId' [-Wunused-parameter]
C/C++: Java_com_streamify_app_data_NativeBridge_getRecommendations(JNIEnv* env, jobject /* this */, jint trackId, jintArray recentHistory, jint userId, jint limit) {
C/C++:                                                                                                                                          ^
C/C++: /home/runner/work/streamify-apk/streamify-apk/native/jni/jni_bridge.cc:240:63: warning: unused parameter 'env' [-Wunused-parameter]
C/C++: Java_com_streamify_app_data_NativeBridge_logPlayEvent(JNIEnv* env, jobject /* this */, jint fromTrackId, jint toTrackId, jint userId) {
C/C++:                                                               ^
C/C++: /home/runner/work/streamify-apk/streamify-apk/native/jni/jni_bridge.cc:245:63: warning: unused parameter 'env' [-Wunused-parameter]
C/C++: Java_com_streamify_app_data_NativeBridge_logSkipEvent(JNIEnv* env, jobject /* this */, jint fromTrackId, jint toTrackId, jint userId) {
C/C++:                                                               ^
C/C++: /home/runner/work/streamify-apk/streamify-apk/native/jni/jni_bridge.cc:782:68: warning: unused parameter 'env' [-Wunused-parameter]
C/C++: Java_com_streamify_app_data_NativeBridge_nukeLocalDatabase(JNIEnv* env, jobject /* this */) {
C/C++:                                                                    ^
C/C++: 5 warnings generated.
C/C++: /home/runner/work/streamify-apk/streamify-apk/native/engine/StreamifyDB.cc:877:83: warning: unused parameter 'artist' [-Wunused-parameter]
C/C++: int StreamifyDB::findFuzzyTrackMatch(const std::string& title, const std::string& artist) {
C/C++:                                                                                   ^
C/C++: 1 warning generated.
C/C++: /home/runner/work/streamify-apk/streamify-apk/native/engine/RecommendEngine.cc:140:17: warning: unused variable 'beta_bpm' [-Wunused-variable]
C/C++:     const float beta_bpm = 0.20f;
C/C++:                 ^
C/C++: /home/runner/work/streamify-apk/streamify-apk/native/engine/RecommendEngine.cc:432:11: warning: unused variable 'vecStore' [-Wunused-variable]
C/C++:     auto& vecStore = VectorStore::getInstance();
C/C++:           ^
C/C++: 2 warnings generated.
C/C++: /home/runner/work/streamify-apk/streamify-apk/native/ingest/AudioPipeline.cc:328:35: warning: comparison of integers of different signs: 'int' and 'std::vector<float>::size_type' (aka 'unsigned int') [-Wsign-compare]
C/C++:         if (i * hop_length + nfft > pcm.size()) break;
C/C++:             ~~~~~~~~~~~~~~~~~~~~~ ^ ~~~~~~~~~~
C/C++: 1 warning generated.

> Task :app:mergeDebugJniLibFolders
> Task :app:validateSigningDebug
> Task :app:writeDebugAppMetadata
> Task :app:writeDebugSigningConfigVersions
> Task :app:mergeDebugNativeLibs
> Task :app:stripDebugDebugSymbols
> Task :app:processDebugResources
> Task :app:compileDebugKotlin
e: file:///home/runner/work/streamify-apk/streamify-apk/app/src/main/java/com/streamify/app/MainActivity.kt:463:57 Overload resolution ambiguity: 
public final fun seekTo(positionMs: Long): Unit defined in com.streamify.app.viewmodel.PlayerViewModel
public open fun seekTo(positionMs: Long): [Error type: Return type for function cannot be resolved] defined in com.streamify.app.viewmodel.PlayerViewModel
e: file:///home/runner/work/streamify-apk/streamify-apk/app/src/main/java/com/streamify/app/data/FuzzyTitleMatcher.kt:39:41 Unresolved reference: it
e: file:///home/runner/work/streamify-apk/streamify-apk/app/src/main/java/com/streamify/app/data/FuzzyTitleMatcher.kt:48:28 Unresolved reference: it
e: file:///home/runner/work/streamify-apk/streamify-apk/app/src/main/java/com/streamify/app/data/FuzzyTitleMatcher.kt:60:41 Unresolved reference: it
e: file:///home/runner/work/streamify-apk/streamify-apk/app/src/main/java/com/streamify/app/data/FuzzyTitleMatcher.kt:84:9 Unresolved reference: it
e: file:///home/runner/work/streamify-apk/streamify-apk/app/src/main/java/com/streamify/app/data/FuzzyTitleMatcher.kt:89:23 Cannot infer a type for this parameter. Please specify it explicitly.
e: file:///home/runner/work/streamify-apk/streamify-apk/app/src/main/java/com/streamify/app/data/YtStatsTelemetryEngine.kt:450:41 The 'rpcIncrementUserTrackPlay' suspension point is inside a critical section
e: file:///home/runner/work/streamify-apk/streamify-apk/app/src/main/java/com/streamify/app/data/network/YouTubeStreamResolver.kt:594:78 The feature "break continue in inline lambdas" is experimental and should be enabled explicitly
e: file:///home/runner/work/streamify-apk/streamify-apk/app/src/main/java/com/streamify/app/data/network/YouTubeStreamResolver.kt:603:31 Unresolved reference: videoId
e: file:///home/runner/work/streamify-apk/streamify-apk/app/src/main/java/com/streamify/app/data/remote/SupabaseClient.kt:1767:50 Unresolved reference: payload
e: file:///home/runner/work/streamify-apk/streamify-apk/app/src/main/java/com/streamify/app/jam/JamEngine.kt:16:27 Unresolved reference: asStateFlow
e: file:///home/runner/work/streamify-apk/streamify-apk/app/src/main/java/com/streamify/app/jam/JamEngine.kt:91:53 Unresolved reference: asStateFlow
e: file:///home/runner/work/streamify-apk/streamify-apk/app/src/main/java/com/streamify/app/jam/JamEngine.kt:94:57 Unresolved reference: asStateFlow
e: file:///home/runner/work/streamify-apk/streamify-apk/app/src/main/java/com/streamify/app/jam/JamEngine.kt:97:52 Unresolved reference: asStateFlow
e: file:///home/runner/work/streamify-apk/streamify-apk/app/src/main/java/com/streamify/app/jam/JamEngine.kt:100:48 Unresolved reference: asStateFlow
e: file:///home/runner/work/streamify-apk/streamify-apk/app/src/main/java/com/streamify/app/jam/JamEngine.kt:127:29 Unresolved reference: Job
e: file:///home/runner/work/streamify-apk/streamify-apk/app/src/main/java/com/streamify/app/jam/JamEngine.kt:224:16 Unresolved reference: update
e: file:///home/runner/work/streamify-apk/streamify-apk/app/src/main/java/com/streamify/app/jam/JamEngine.kt:224:25 Cannot infer a type for this parameter. Please specify it explicitly.
e: file:///home/runner/work/streamify-apk/streamify-apk/app/src/main/java/com/streamify/app/jam/JamEngine.kt:230:16 Unresolved reference: update
e: file:///home/runner/work/streamify-apk/streamify-apk/app/src/main/java/com/streamify/app/jam/JamEngine.kt:230:25 Cannot infer a type for this parameter. Please specify it explicitly.
e: file:///home/runner/work/streamify-apk/streamify-apk/app/src/main/java/com/streamify/app/jam/JamEngine.kt:231:33 Unresolved reference: it
e: file:///home/runner/work/streamify-apk/streamify-apk/app/src/main/java/com/streamify/app/jam/JamEngine.kt:231:55 Unresolved reference: it
e: file:///home/runner/work/streamify-apk/streamify-apk/app/src/main/java/com/streamify/app/jam/JamEngine.kt:231:82 Unresolved reference: it
e: file:///home/runner/work/streamify-apk/streamify-apk/app/src/main/java/com/streamify/app/jam/JamEngine.kt:250:16 Unresolved reference: update
e: file:///home/runner/work/streamify-apk/streamify-apk/app/src/main/java/com/streamify/app/jam/JamEngine.kt:250:25 Unresolved reference: it
e: file:///home/runner/work/streamify-apk/streamify-apk/app/src/main/java/com/streamify/app/jam/JamEngine.kt:306:21 Cannot find a parameter with this name: isHost
e: file:///home/runner/work/streamify-apk/streamify-apk/app/src/main/java/com/streamify/app/jam/JamEngine.kt:306:21 No value passed for parameter 'isHostFlag'
e: file:///home/runner/work/streamify-apk/streamify-apk/app/src/main/java/com/streamify/app/jam/JamEngine.kt:312:26 Unresolved reference: update
e: file:///home/runner/work/streamify-apk/streamify-apk/app/src/main/java/com/streamify/app/jam/JamEngine.kt:312:35 Cannot infer a type for this parameter. Please specify it explicitly.
e: file:///home/runner/work/streamify-apk/streamify-apk/app/src/main/java/com/streamify/app/jam/JamEngine.kt:312:60 Unresolved reference: it
e: file:///home/runner/work/streamify-apk/streamify-apk/app/src/main/java/com/streamify/app/jam/JamEngine.kt:332:24 Unresolved reference: update
e: file:///home/runner/work/streamify-apk/streamify-apk/app/src/main/java/com/streamify/app/jam/JamEngine.kt:332:33 Cannot infer a type for this parameter. Please specify it explicitly.
e: file:///home/runner/work/streamify-apk/streamify-apk/app/src/main/java/com/streamify/app/jam/JamEngine.kt:338:24 Unresolved reference: update
e: file:///home/runner/work/streamify-apk/streamify-apk/app/src/main/java/com/streamify/app/jam/JamEngine.kt:338:33 Cannot infer a type for this parameter. Please specify it explicitly.
e: file:///home/runner/work/streamify-apk/streamify-apk/app/src/main/java/com/streamify/app/jam/JamEngine.kt:339:37 Unresolved reference: it
e: file:///home/runner/work/streamify-apk/streamify-apk/app/src/main/java/com/streamify/app/jam/JamEngine.kt:339:55 Unresolved reference: it
e: file:///home/runner/work/streamify-apk/streamify-apk/app/src/main/java/com/streamify/app/jam/JamEngine.kt:339:78 Unresolved reference: it
e: file:///home/runner/work/streamify-apk/streamify-apk/app/src/main/java/com/streamify/app/jam/JamEngine.kt:418:18 Unresolved reference: update
e: file:///home/runner/work/streamify-apk/streamify-apk/app/src/main/java/com/streamify/app/jam/JamEngine.kt:418:27 Cannot infer a type for this parameter. Please specify it explicitly.
e: file:///home/runner/work/streamify-apk/streamify-apk/app/src/main/java/com/streamify/app/jam/JamEngine.kt:419:47 Unresolved reference: it
e: file:///home/runner/work/streamify-apk/streamify-apk/app/src/main/java/com/streamify/app/jam/JamEngine.kt:427:50 Unresolved reference: it
e: file:///home/runner/work/streamify-apk/streamify-apk/app/src/main/java/com/streamify/app/jam/JamEngine.kt:427:83 Unresolved reference: it
e: file:///home/runner/work/streamify-apk/streamify-apk/app/src/main/java/com/streamify/app/jam/JamEngine.kt:447:26 Unresolved reference: update
e: file:///home/runner/work/streamify-apk/streamify-apk/app/src/main/java/com/streamify/app/jam/JamEngine.kt:447:35 Cannot infer a type for this parameter. Please specify it explicitly.
e: file:///home/runner/work/streamify-apk/streamify-apk/app/src/main/java/com/streamify/app/jam/JamEngine.kt:448:41 Unresolved reference: it
e: file:///home/runner/work/streamify-apk/streamify-apk/app/src/main/java/com/streamify/app/jam/JamEngine.kt:449:32 Cannot infer a type for this parameter. Please specify it explicitly.
e: file:///home/runner/work/streamify-apk/streamify-apk/app/src/main/java/com/streamify/app/navigation/AppNavGraph.kt:198:50 Overload resolution ambiguity: 
public final fun seekTo(positionMs: Long): Unit defined in com.streamify.app.viewmodel.PlayerViewModel
public open fun seekTo(positionMs: Long): [Error type: Return type for function cannot be resolved] defined in com.streamify.app.viewmodel.PlayerViewModel
e: file:///home/runner/work/streamify-apk/streamify-apk/app/src/main/java/com/streamify/app/radio/OnlineRadioEngine.kt:6:39 Unresolved reference: AntiDriftScoringEngine
e: file:///home/runner/work/streamify-apk/streamify-apk/app/src/main/java/com/streamify/app/radio/OnlineRadioEngine.kt:113:22 Unresolved reference: AntiDriftScoringEngine
e: file:///home/runner/work/streamify-apk/streamify-apk/app/src/main/java/com/streamify/app/radio/OnlineRadioEngine.kt:119:42 Unresolved reference: it
e: file:///home/runner/work/streamify-apk/streamify-apk/app/src/main/java/com/streamify/app/radio/OnlineRadioEngine.kt:120:37 Unresolved reference: it
e: file:///home/runner/work/streamify-apk/streamify-apk/app/src/main/java/com/streamify/app/radio/OnlineRadioEngine.kt:120:47 Unresolved reference: it
e: file:///home/runner/work/streamify-apk/streamify-apk/app/src/main/java/com/streamify/app/service/LyricPlaybackController.kt:42:45 Type mismatch: inferred type is String? but String was expected
e: file:///home/runner/work/streamify-apk/streamify-apk/app/src/main/java/com/streamify/app/service/PlaybackService.kt:82:61 Unresolved reference: C
e: file:///home/runner/work/streamify-apk/streamify-apk/app/src/main/java/com/streamify/app/service/StreamifyAudioProcessor.kt:200:20 Type mismatch: inferred type is FloatArray but ByteArray! was expected
e: file:///home/runner/work/streamify-apk/streamify-apk/app/src/main/java/com/streamify/app/service/StreamifyAudioProcessor.kt:224:20 Type mismatch: inferred type is FloatArray but ByteArray! was expected
e: file:///home/runner/work/streamify-apk/streamify-apk/app/src/main/java/com/streamify/app/ui/components/QuantumSonicTokenController.kt:173:57 Unresolved reference: toArgb
e: file:///home/runner/work/streamify-apk/streamify-apk/app/src/main/java/com/streamify/app/ui/components/QuantumSonicTokenController.kt:179:56 Unresolved reference: toArgb
e: file:///home/runner/work/streamify-apk/streamify-apk/app/src/main/java/com/streamify/app/ui/components/QuantumSonicTokenController.kt:196:78 Unresolved reference: launch
e: file:///home/runner/work/streamify-apk/streamify-apk/app/src/main/java/com/streamify/app/ui/components/QuantumSonicTokenController.kt:203:57 Suspend function 'execute' should be called only from a coroutine or another suspend function
e: file:///home/runner/work/streamify-apk/streamify-apk/app/src/main/java/com/streamify/app/ui/components/QuantumSonicTokenController.kt:204:68 Unresolved reference: bitmap
e: file:///home/runner/work/streamify-apk/streamify-apk/app/src/main/java/com/streamify/app/ui/components/QuantumSonicTokenOverlay.kt:52:5 Unresolved reference: LaunchedEffect
e: file:///home/runner/work/streamify-apk/streamify-apk/app/src/main/java/com/streamify/app/ui/components/QuantumSonicTokenOverlay.kt:54:16 Unresolved reference: isActive
e: file:///home/runner/work/streamify-apk/streamify-apk/app/src/main/java/com/streamify/app/ui/components/QuantumSonicTokenOverlay.kt:55:38 Suspend function 'withFrameNanos' should be called only from a coroutine or another suspend function
e: file:///home/runner/work/streamify-apk/streamify-apk/app/src/main/java/com/streamify/app/ui/components/QuantumSonicTokenOverlay.kt:157:13 Unresolved reference: clipRect
e: file:///home/runner/work/streamify-apk/streamify-apk/app/src/main/java/com/streamify/app/ui/components/QuantumSonicTokenOverlay.kt:162:66 Unresolved reference: IntOffset
e: file:///home/runner/work/streamify-apk/streamify-apk/app/src/main/java/com/streamify/app/ui/components/QuantumSonicTokenOverlay.kt:163:64 Unresolved reference: IntSize
e: file:///home/runner/work/streamify-apk/streamify-apk/app/src/main/java/com/streamify/app/ui/screens/AdminDashboardScreen.kt:138:73 Smart cast to 'AdminTelemetry' is impossible, because 'telem' is a local variable that is captured by a changing closure
e: file:///home/runner/work/streamify-apk/streamify-apk/app/src/main/java/com/streamify/app/ui/screens/FullPlayerSheet.kt:285:30 Unresolved reference: collapseDragZone
e: file:///home/runner/work/streamify-apk/streamify-apk/app/src/main/java/com/streamify/app/ui/screens/FullPlayerSheet.kt:632:26 Unresolved reference: collapseDragZone
e: file:///home/runner/work/streamify-apk/streamify-apk/app/src/main/java/com/streamify/app/ui/screens/FullPlayerSheet.kt:691:26 Unresolved reference: collapseDragZone
e: file:///home/runner/work/streamify-apk/streamify-apk/app/src/main/java/com/streamify/app/ui/screens/FullPlayerSheet.kt:693:29 Unresolved reference. None of the following candidates is applicable because of receiver type mismatch: 
public suspend fun PointerInputScope.detectTapGestures(onDoubleTap: ((Offset) -> Unit)? = ..., onLongPress: ((Offset) -> Unit)? = ..., onPress: suspend PressGestureScope.(Offset) -> Unit = ..., onTap: ((Offset) -> Unit)? = ...): Unit defined in androidx.compose.foundation.gestures
e: file:///home/runner/work/streamify-apk/streamify-apk/app/src/main/java/com/streamify/app/ui/screens/FullPlayerSheet.kt:700:67 Function invocation 'size(...)' expected
e: file:///home/runner/work/streamify-apk/streamify-apk/app/src/main/java/com/streamify/app/ui/screens/FullPlayerSheet.kt:700:67 Unresolved reference. None of the following candidates is applicable because of receiver type mismatch: 
public fun Modifier.size(size: Dp): Modifier defined in androidx.compose.foundation.layout
public fun Modifier.size(width: Dp, height: Dp): Modifier defined in androidx.compose.foundation.layout
public fun Modifier.size(size: DpSize): Modifier defined in androidx.compose.foundation.layout
e: file:///home/runner/work/streamify-apk/streamify-apk/app/src/main/java/com/streamify/app/ui/screens/PrismaticSplashScreen.kt:288:13 Unresolved reference: withTransform
e: file:///home/runner/work/streamify-apk/streamify-apk/app/src/main/java/com/streamify/app/ui/screens/PrismaticSplashScreen.kt:289:17 Unresolved reference. None of the following candidates is applicable because of receiver type mismatch: 
public fun Canvas.scale(sx: Float, sy: Float = ..., pivotX: Float, pivotY: Float): Unit defined in androidx.compose.ui.graphics
e: file:///home/runner/work/streamify-apk/streamify-apk/app/src/main/java/com/streamify/app/ui/screens/PrismaticSplashScreen.kt:308:25 Unresolved reference: clipRect
e: file:///home/runner/work/streamify-apk/streamify-apk/app/src/main/java/com/streamify/app/ui/screens/QueueScreen.kt:131:45 Unresolved reference: Alignment
e: file:///home/runner/work/streamify-apk/streamify-apk/app/src/main/java/com/streamify/app/ui/screens/QueueScreen.kt:199:46 Unresolved reference: FontWeight
e: file:///home/runner/work/streamify-apk/streamify-apk/app/src/main/java/com/streamify/app/viewmodel/JamViewModel.kt:54:29 Overload resolution ambiguity: 
public final fun seekTo(positionMs: Long): Unit defined in com.streamify.app.viewmodel.PlayerViewModel
public open fun seekTo(positionMs: Long): [Error type: Return type for function cannot be resolved] defined in com.streamify.app.viewmodel.PlayerViewModel
e: file:///home/runner/work/streamify-apk/streamify-apk/app/src/main/java/com/streamify/app/viewmodel/JamViewModel.kt:209:54 Overload resolution ambiguity: 
public final fun seekTo(positionMs: Long): Unit defined in com.streamify.app.viewmodel.PlayerViewModel
public open fun seekTo(positionMs: Long): [Error type: Return type for function cannot be resolved] defined in com.streamify.app.viewmodel.PlayerViewModel
e: file:///home/runner/work/streamify-apk/streamify-apk/app/src/main/java/com/streamify/app/viewmodel/JamViewModel.kt:215:29 Overload resolution ambiguity: 
public final fun seekTo(positionMs: Long): Unit defined in com.streamify.app.viewmodel.PlayerViewModel
public open fun seekTo(positionMs: Long): [Error type: Return type for function cannot be resolved] defined in com.streamify.app.viewmodel.PlayerViewModel
e: file:///home/runner/work/streamify-apk/streamify-apk/app/src/main/java/com/streamify/app/viewmodel/JamViewModel.kt:291:39 Overload resolution ambiguity: 
public final fun seekTo(positionMs: Long): Unit defined in com.streamify.app.viewmodel.PlayerViewModel
public open fun seekTo(positionMs: Long): [Error type: Return type for function cannot be resolved] defined in com.streamify.app.viewmodel.PlayerViewModel
e: file:///home/runner/work/streamify-apk/streamify-apk/app/src/main/java/com/streamify/app/viewmodel/PlayerViewModel.kt:69:30 Overload resolution ambiguity: 
public final fun seekTo(positionMs: Long): Unit defined in com.streamify.app.viewmodel.PlayerViewModel
public open fun seekTo(positionMs: Long): [Error type: Return type for function cannot be resolved] defined in com.streamify.app.viewmodel.PlayerViewModel
e: file:///home/runner/work/streamify-apk/streamify-apk/app/src/main/java/com/streamify/app/viewmodel/PlayerViewModel.kt:73:5 Conflicting overloads: public open fun seekTo(positionMs: Long): [Error type: Return type for function cannot be resolved] defined in com.streamify.app.viewmodel.PlayerViewModel, public final fun seekTo(positionMs: Long): Unit defined in com.streamify.app.viewmodel.PlayerViewModel
e: file:///home/runner/work/streamify-apk/streamify-apk/app/src/main/java/com/streamify/app/viewmodel/PlayerViewModel.kt:73:45 Type checking has run into a recursive problem. Easiest workaround: specify types of your declarations explicitly
e: file:///home/runner/work/streamify-apk/streamify-apk/app/src/main/java/com/streamify/app/viewmodel/PlayerViewModel.kt:1519:9 Overload resolution ambiguity: 
public final fun seekTo(positionMs: Long): Unit defined in com.streamify.app.viewmodel.PlayerViewModel
public open fun seekTo(positionMs: Long): [Error type: Return type for function cannot be resolved] defined in com.streamify.app.viewmodel.PlayerViewModel
e: file:///home/runner/work/streamify-apk/streamify-apk/app/src/main/java/com/streamify/app/viewmodel/PlayerViewModel.kt:1522:5 Conflicting overloads: public open fun seekTo(positionMs: Long): [Error type: Return type for function cannot be resolved] defined in com.streamify.app.viewmodel.PlayerViewModel, public final fun seekTo(positionMs: Long): Unit defined in com.streamify.app.viewmodel.PlayerViewModel
e: file:///home/runner/work/streamify-apk/streamify-apk/app/src/main/java/com/streamify/app/viewmodel/PlayerViewModel.kt:1522:9 'seekTo' hides member of supertype 'Bridge' and needs 'override' modifier

> Task :app:compileDebugKotlin FAILED

FAILURE: Build failed with an exception.

* What went wrong:
Execution failed for task ':app:compileDebugKotlin'.
> A failure occurred while executing org.jetbrains.kotlin.compilerRunner.GradleCompilerRunnerWithWorkers$GradleKotlinCompilerWorkAction
   > Compilation error. See log for more details

* Try:
> Run with --info or --debug option to get more log output.
> Run with --scan to get full insights.
> Get more help at https://help.gradle.org.

* Exception is:
org.gradle.api.tasks.TaskExecutionException: Execution failed for task ':app:compileDebugKotlin'.
	at org.gradle.api.internal.tasks.execution.ExecuteActionsTaskExecuter.lambda$executeIfValid$1(ExecuteActionsTaskExecuter.java:130)
	at org.gradle.internal.Try$Failure.ifSuccessfulOrElse(Try.java:282)
	at org.gradle.api.internal.tasks.execution.ExecuteActionsTaskExecuter.executeIfValid(ExecuteActionsTaskExecuter.java:128)
	at org.gradle.api.internal.tasks.execution.ExecuteActionsTaskExecuter.execute(ExecuteActionsTaskExecuter.java:116)
	at org.gradle.api.internal.tasks.execution.FinalizePropertiesTaskExecuter.execute(FinalizePropertiesTaskExecuter.java:46)
	at org.gradle.api.internal.tasks.execution.ResolveTaskExecutionModeExecuter.execute(ResolveTaskExecutionModeExecuter.java:51)
	at org.gradle.api.internal.tasks.execution.SkipTaskWithNoActionsExecuter.execute(SkipTaskWithNoActionsExecuter.java:57)
	at org.gradle.api.internal.tasks.execution.SkipOnlyIfTaskExecuter.execute(SkipOnlyIfTaskExecuter.java:74)
	at org.gradle.api.internal.tasks.execution.CatchExceptionTaskExecuter.execute(CatchExceptionTaskExecuter.java:36)
	at org.gradle.api.internal.tasks.execution.EventFiringTaskExecuter$1.executeTask(EventFiringTaskExecuter.java:77)
	at org.gradle.api.internal.tasks.execution.EventFiringTaskExecuter$1.call(EventFiringTaskExecuter.java:55)
	at org.gradle.api.internal.tasks.execution.EventFiringTaskExecuter$1.call(EventFiringTaskExecuter.java:52)
	at org.gradle.internal.operations.DefaultBuildOperationRunner$CallableBuildOperationWorker.execute(DefaultBuildOperationRunner.java:200)
	at org.gradle.internal.operations.DefaultBuildOperationRunner$CallableBuildOperationWorker.execute(DefaultBuildOperationRunner.java:195)
	at org.gradle.internal.operations.DefaultBuildOperationRunner$2.execute(DefaultBuildOperationRunner.java:66)
	at org.gradle.internal.operations.DefaultBuildOperationRunner$2.execute(DefaultBuildOperationRunner.java:59)
	at org.gradle.internal.operations.DefaultBuildOperationRunner.execute(DefaultBuildOperationRunner.java:157)
	at org.gradle.internal.operations.DefaultBuildOperationRunner.execute(DefaultBuildOperationRunner.java:59)
	at org.gradle.internal.operations.DefaultBuildOperationRunner.call(DefaultBuildOperationRunner.java:53)
	at org.gradle.internal.operations.DefaultBuildOperationExecutor.call(DefaultBuildOperationExecutor.java:73)
	at org.gradle.api.internal.tasks.execution.EventFiringTaskExecuter.execute(EventFiringTaskExecuter.java:52)
	at org.gradle.execution.plan.LocalTaskNodeExecutor.execute(LocalTaskNodeExecutor.java:42)
	at org.gradle.execution.taskgraph.DefaultTaskExecutionGraph$InvokeNodeExecutorsAction.execute(DefaultTaskExecutionGraph.java:331)
	at org.gradle.execution.taskgraph.DefaultTaskExecutionGraph$InvokeNodeExecutorsAction.execute(DefaultTaskExecutionGraph.java:318)
	at org.gradle.execution.taskgraph.DefaultTaskExecutionGraph$BuildOperationAwareExecutionAction.lambda$execute$0(DefaultTaskExecutionGraph.java:314)
	at org.gradle.internal.operations.CurrentBuildOperationRef.with(CurrentBuildOperationRef.java:80)
	at org.gradle.execution.taskgraph.DefaultTaskExecutionGraph$BuildOperationAwareExecutionAction.execute(DefaultTaskExecutionGraph.java:314)
	at org.gradle.execution.taskgraph.DefaultTaskExecutionGraph$BuildOperationAwareExecutionAction.execute(DefaultTaskExecutionGraph.java:303)
	at org.gradle.execution.plan.DefaultPlanExecutor$ExecutorWorker.execute(DefaultPlanExecutor.java:463)
	at org.gradle.execution.plan.DefaultPlanExecutor$ExecutorWorker.run(DefaultPlanExecutor.java:380)
	at org.gradle.execution.plan.DefaultPlanExecutor.process(DefaultPlanExecutor.java:116)
	at org.gradle.execution.taskgraph.DefaultTaskExecutionGraph.executeWithServices(DefaultTaskExecutionGraph.java:138)
	at org.gradle.execution.taskgraph.DefaultTaskExecutionGraph.execute(DefaultTaskExecutionGraph.java:123)
	at org.gradle.execution.SelectedTaskExecutionAction.execute(SelectedTaskExecutionAction.java:35)
	at org.gradle.execution.DryRunBuildExecutionAction.execute(DryRunBuildExecutionAction.java:51)
	at org.gradle.execution.BuildOperationFiringBuildWorkerExecutor$ExecuteTasks.call(BuildOperationFiringBuildWorkerExecutor.java:54)
	at org.gradle.execution.BuildOperationFiringBuildWorkerExecutor$ExecuteTasks.call(BuildOperationFiringBuildWorkerExecutor.java:43)
	at org.gradle.internal.operations.DefaultBuildOperationRunner$CallableBuildOperationWorker.execute(DefaultBuildOperationRunner.java:200)
	at org.gradle.internal.operations.DefaultBuildOperationRunner$CallableBuildOperationWorker.execute(DefaultBuildOperationRunner.java:195)
	at org.gradle.internal.operations.DefaultBuildOperationRunner$2.execute(DefaultBuildOperationRunner.java:66)
	at org.gradle.internal.operations.DefaultBuildOperationRunner$2.execute(DefaultBuildOperationRunner.java:59)
	at org.gradle.internal.operations.DefaultBuildOperationRunner.execute(DefaultBuildOperationRunner.java:157)
	at org.gradle.internal.operations.DefaultBuildOperationRunner.execute(DefaultBuildOperationRunner.java:59)
	at org.gradle.internal.operations.DefaultBuildOperationRunner.call(DefaultBuildOperationRunner.java:53)
	at org.gradle.internal.operations.DefaultBuildOperationExecutor.call(DefaultBuildOperationExecutor.java:73)
	at org.gradle.execution.BuildOperationFiringBuildWorkerExecutor.execute(BuildOperationFiringBuildWorkerExecutor.java:40)
	at org.gradle.internal.build.DefaultBuildLifecycleController.lambda$executeTasks$10(DefaultBuildLifecycleController.java:313)
	at org.gradle.internal.model.StateTransitionController.doTransition(StateTransitionController.java:266)
	at org.gradle.internal.model.StateTransitionController.lambda$tryTransition$8(StateTransitionController.java:177)
	at org.gradle.internal.work.DefaultSynchronizer.withLock(DefaultSynchronizer.java:44)
	at org.gradle.internal.model.StateTransitionController.tryTransition(StateTransitionController.java:177)
	at org.gradle.internal.build.DefaultBuildLifecycleController.executeTasks(DefaultBuildLifecycleController.java:304)
	at org.gradle.internal.build.DefaultBuildWorkGraphController$DefaultBuildWorkGraph.runWork(DefaultBuildWorkGraphController.java:220)
	at org.gradle.internal.work.DefaultWorkerLeaseService.withLocks(DefaultWorkerLeaseService.java:264)
	at org.gradle.internal.work.DefaultWorkerLeaseService.runAsWorkerThread(DefaultWorkerLeaseService.java:128)
	at org.gradle.composite.internal.DefaultBuildController.doRun(DefaultBuildController.java:181)
	at org.gradle.composite.internal.DefaultBuildController.access$000(DefaultBuildController.java:50)
	at org.gradle.composite.internal.DefaultBuildController$BuildOpRunnable.lambda$run$0(DefaultBuildController.java:198)
	at org.gradle.internal.operations.CurrentBuildOperationRef.with(CurrentBuildOperationRef.java:80)
	at org.gradle.composite.internal.DefaultBuildController$BuildOpRunnable.run(DefaultBuildController.java:198)
	at org.gradle.internal.concurrent.ExecutorPolicy$CatchAndRecordFailures.onExecute(ExecutorPolicy.java:64)
	at org.gradle.internal.concurrent.AbstractManagedExecutor$1.run(AbstractManagedExecutor.java:47)
Caused by: org.gradle.workers.internal.DefaultWorkerExecutor$WorkExecutionException: A failure occurred while executing org.jetbrains.kotlin.compilerRunner.GradleCompilerRunnerWithWorkers$GradleKotlinCompilerWorkAction
	at org.gradle.workers.internal.DefaultWorkerExecutor$WorkItemExecution.waitForCompletion(DefaultWorkerExecutor.java:287)
	at org.gradle.internal.work.DefaultAsyncWorkTracker.lambda$waitForItemsAndGatherFailures$2(DefaultAsyncWorkTracker.java:130)
	at org.gradle.internal.Factories$1.create(Factories.java:31)
	at org.gradle.internal.work.DefaultWorkerLeaseService.withoutLocks(DefaultWorkerLeaseService.java:336)
	at org.gradle.internal.work.DefaultWorkerLeaseService.withoutLocks(DefaultWorkerLeaseService.java:319)
	at org.gradle.internal.work.DefaultWorkerLeaseService.withoutLock(DefaultWorkerLeaseService.java:324)
	at org.gradle.internal.work.DefaultAsyncWorkTracker.waitForItemsAndGatherFailures(DefaultAsyncWorkTracker.java:126)
	at org.gradle.internal.work.DefaultAsyncWorkTracker.waitForItemsAndGatherFailures(DefaultAsyncWorkTracker.java:92)
	at org.gradle.internal.work.DefaultAsyncWorkTracker.waitForAll(DefaultAsyncWorkTracker.java:78)
	at org.gradle.internal.work.DefaultAsyncWorkTracker.waitForCompletion(DefaultAsyncWorkTracker.java:66)
	at org.gradle.api.internal.tasks.execution.TaskExecution$3.run(TaskExecution.java:252)
	at org.gradle.internal.operations.DefaultBuildOperationRunner$1.execute(DefaultBuildOperationRunner.java:29)
	at org.gradle.internal.operations.DefaultBuildOperationRunner$1.execute(DefaultBuildOperationRunner.java:26)
	at org.gradle.internal.operations.DefaultBuildOperationRunner$2.execute(DefaultBuildOperationRunner.java:66)
	at org.gradle.internal.operations.DefaultBuildOperationRunner$2.execute(DefaultBuildOperationRunner.java:59)
	at org.gradle.internal.operations.DefaultBuildOperationRunner.execute(DefaultBuildOperationRunner.java:157)
	at org.gradle.internal.operations.DefaultBuildOperationRunner.execute(DefaultBuildOperationRunner.java:59)
	at org.gradle.internal.operations.DefaultBuildOperationRunner.run(DefaultBuildOperationRunner.java:47)
	at org.gradle.internal.operations.DefaultBuildOperationExecutor.run(DefaultBuildOperationExecutor.java:68)
	at org.gradle.api.internal.tasks.execution.TaskExecution.executeAction(TaskExecution.java:229)
	at org.gradle.api.internal.tasks.execution.TaskExecution.executeActions(TaskExecution.java:212)
	at org.gradle.api.internal.tasks.execution.TaskExecution.executeWithPreviousOutputFiles(TaskExecution.java:195)
	at org.gradle.api.internal.tasks.execution.TaskExecution.execute(TaskExecution.java:162)
	at org.gradle.internal.execution.steps.ExecuteStep.executeInternal(ExecuteStep.java:105)
	at org.gradle.internal.execution.steps.ExecuteStep.access$000(ExecuteStep.java:44)
	at org.gradle.internal.execution.steps.ExecuteStep$1.call(ExecuteStep.java:59)
	at org.gradle.internal.execution.steps.ExecuteStep$1.call(ExecuteStep.java:56)
	at org.gradle.internal.operations.DefaultBuildOperationRunner$CallableBuildOperationWorker.execute(DefaultBuildOperationRunner.java:200)
	at org.gradle.internal.operations.DefaultBuildOperationRunner$CallableBuildOperationWorker.execute(DefaultBuildOperationRunner.java:195)
	at org.gradle.internal.operations.DefaultBuildOperationRunner$2.execute(DefaultBuildOperationRunner.java:66)
	at org.gradle.internal.operations.DefaultBuildOperationRunner$2.execute(DefaultBuildOperationRunner.java:59)
	at org.gradle.internal.operations.DefaultBuildOperationRunner.execute(DefaultBuildOperationRunner.java:157)
	at org.gradle.internal.operations.DefaultBuildOperationRunner.execute(DefaultBuildOperationRunner.java:59)
	at org.gradle.internal.operations.DefaultBuildOperationRunner.call(DefaultBuildOperationRunner.java:53)
	at org.gradle.internal.operations.DefaultBuildOperationExecutor.call(DefaultBuildOperationExecutor.java:73)
	at org.gradle.internal.execution.steps.ExecuteStep.execute(ExecuteStep.java:56)
	at org.gradle.internal.execution.steps.ExecuteStep.execute(ExecuteStep.java:44)
	at org.gradle.internal.execution.steps.CancelExecutionStep.execute(CancelExecutionStep.java:41)
	at org.gradle.internal.execution.steps.TimeoutStep.executeWithoutTimeout(TimeoutStep.java:74)
	at org.gradle.internal.execution.steps.TimeoutStep.execute(TimeoutStep.java:55)
	at org.gradle.internal.execution.steps.PreCreateOutputParentsStep.execute(PreCreateOutputParentsStep.java:50)
	at org.gradle.internal.execution.steps.PreCreateOutputParentsStep.execute(PreCreateOutputParentsStep.java:28)
	at org.gradle.internal.execution.steps.RemovePreviousOutputsStep.execute(RemovePreviousOutputsStep.java:67)
	at org.gradle.internal.execution.steps.RemovePreviousOutputsStep.execute(RemovePreviousOutputsStep.java:37)
	at org.gradle.internal.execution.steps.BroadcastChangingOutputsStep.execute(BroadcastChangingOutputsStep.java:61)
	at org.gradle.internal.execution.steps.BroadcastChangingOutputsStep.execute(BroadcastChangingOutputsStep.java:26)
	at org.gradle.internal.execution.steps.CaptureOutputsAfterExecutionStep.execute(CaptureOutputsAfterExecutionStep.java:67)
	at org.gradle.internal.execution.steps.CaptureOutputsAfterExecutionStep.execute(CaptureOutputsAfterExecutionStep.java:45)
	at org.gradle.internal.execution.steps.ResolveInputChangesStep.execute(ResolveInputChangesStep.java:40)
	at org.gradle.internal.execution.steps.ResolveInputChangesStep.execute(ResolveInputChangesStep.java:29)
	at org.gradle.internal.execution.steps.BuildCacheStep.executeWithoutCache(BuildCacheStep.java:189)
	at org.gradle.internal.execution.steps.BuildCacheStep.executeAndStoreInCache(BuildCacheStep.java:145)
	at org.gradle.internal.execution.steps.BuildCacheStep.lambda$executeWithCache$4(BuildCacheStep.java:101)
	at org.gradle.internal.execution.steps.BuildCacheStep.lambda$executeWithCache$5(BuildCacheStep.java:101)
	at org.gradle.internal.Try$Success.map(Try.java:164)
	at org.gradle.internal.execution.steps.BuildCacheStep.executeWithCache(BuildCacheStep.java:85)
	at org.gradle.internal.execution.steps.BuildCacheStep.lambda$execute$0(BuildCacheStep.java:74)
	at org.gradle.internal.Either$Left.fold(Either.java:115)
	at org.gradle.internal.execution.caching.CachingState.fold(CachingState.java:62)
	at org.gradle.internal.execution.steps.BuildCacheStep.execute(BuildCacheStep.java:73)
	at org.gradle.internal.execution.steps.BuildCacheStep.execute(BuildCacheStep.java:48)
	at org.gradle.internal.execution.steps.StoreExecutionStateStep.execute(StoreExecutionStateStep.java:46)
	at org.gradle.internal.execution.steps.StoreExecutionStateStep.execute(StoreExecutionStateStep.java:35)
	at org.gradle.internal.execution.steps.SkipUpToDateStep.executeBecause(SkipUpToDateStep.java:76)
	at org.gradle.internal.execution.steps.SkipUpToDateStep.lambda$execute$2(SkipUpToDateStep.java:54)
	at org.gradle.internal.execution.steps.SkipUpToDateStep.execute(SkipUpToDateStep.java:54)
	at org.gradle.internal.execution.steps.SkipUpToDateStep.execute(SkipUpToDateStep.java:36)
	at org.gradle.internal.execution.steps.legacy.MarkSnapshottingInputsFinishedStep.execute(MarkSnapshottingInputsFinishedStep.java:37)
	at org.gradle.internal.execution.steps.legacy.MarkSnapshottingInputsFinishedStep.execute(MarkSnapshottingInputsFinishedStep.java:27)
	at org.gradle.internal.execution.steps.ResolveIncrementalCachingStateStep.executeDelegate(ResolveIncrementalCachingStateStep.java:49)
	at org.gradle.internal.execution.steps.ResolveIncrementalCachingStateStep.executeDelegate(ResolveIncrementalCachingStateStep.java:27)
	at org.gradle.internal.execution.steps.AbstractResolveCachingStateStep.execute(AbstractResolveCachingStateStep.java:71)
	at org.gradle.internal.execution.steps.AbstractResolveCachingStateStep.execute(AbstractResolveCachingStateStep.java:39)
	at org.gradle.internal.execution.steps.ResolveChangesStep.execute(ResolveChangesStep.java:65)
	at org.gradle.internal.execution.steps.ResolveChangesStep.execute(ResolveChangesStep.java:36)
	at org.gradle.internal.execution.steps.ValidateStep.execute(ValidateStep.java:106)
	at org.gradle.internal.execution.steps.ValidateStep.execute(ValidateStep.java:55)
	at org.gradle.internal.execution.steps.AbstractCaptureStateBeforeExecutionStep.execute(AbstractCaptureStateBeforeExecutionStep.java:64)
	at org.gradle.internal.execution.steps.AbstractCaptureStateBeforeExecutionStep.execute(AbstractCaptureStateBeforeExecutionStep.java:43)
	at org.gradle.internal.execution.steps.AbstractSkipEmptyWorkStep.executeWithNonEmptySources(AbstractSkipEmptyWorkStep.java:125)
	at org.gradle.internal.execution.steps.AbstractSkipEmptyWorkStep.execute(AbstractSkipEmptyWorkStep.java:61)
	at org.gradle.internal.execution.steps.AbstractSkipEmptyWorkStep.execute(AbstractSkipEmptyWorkStep.java:36)
	at org.gradle.internal.execution.steps.legacy.MarkSnapshottingInputsStartedStep.execute(MarkSnapshottingInputsStartedStep.java:38)
	at org.gradle.internal.execution.steps.LoadPreviousExecutionStateStep.execute(LoadPreviousExecutionStateStep.java:36)
	at org.gradle.internal.execution.steps.LoadPreviousExecutionStateStep.execute(LoadPreviousExecutionStateStep.java:23)
	at org.gradle.internal.execution.steps.HandleStaleOutputsStep.execute(HandleStaleOutputsStep.java:75)
	at org.gradle.internal.execution.steps.HandleStaleOutputsStep.execute(HandleStaleOutputsStep.java:41)
	at org.gradle.internal.execution.steps.AssignMutableWorkspaceStep.lambda$execute$0(AssignMutableWorkspaceStep.java:35)
	at org.gradle.api.internal.tasks.execution.TaskExecution$4.withWorkspace(TaskExecution.java:289)
	at org.gradle.internal.execution.steps.AssignMutableWorkspaceStep.execute(AssignMutableWorkspaceStep.java:31)
	at org.gradle.internal.execution.steps.AssignMutableWorkspaceStep.execute(AssignMutableWorkspaceStep.java:22)
	at org.gradle.internal.execution.steps.ChoosePipelineStep.execute(ChoosePipelineStep.java:40)
	at org.gradle.internal.execution.steps.ChoosePipelineStep.execute(ChoosePipelineStep.java:23)
	at org.gradle.internal.execution.steps.ExecuteWorkBuildOperationFiringStep.lambda$execute$2(ExecuteWorkBuildOperationFiringStep.java:67)
	at org.gradle.internal.execution.steps.ExecuteWorkBuildOperationFiringStep.execute(ExecuteWorkBuildOperationFiringStep.java:67)
	at org.gradle.internal.execution.steps.ExecuteWorkBuildOperationFiringStep.execute(ExecuteWorkBuildOperationFiringStep.java:39)
	at org.gradle.internal.execution.steps.IdentityCacheStep.execute(IdentityCacheStep.java:46)
	at org.gradle.internal.execution.steps.IdentityCacheStep.execute(IdentityCacheStep.java:34)
	at org.gradle.internal.execution.steps.IdentifyStep.execute(IdentifyStep.java:48)
	at org.gradle.internal.execution.steps.IdentifyStep.execute(IdentifyStep.java:35)
	at org.gradle.internal.execution.impl.DefaultExecutionEngine$1.execute(DefaultExecutionEngine.java:61)
	at org.gradle.api.internal.tasks.execution.ExecuteActionsTaskExecuter.executeIfValid(ExecuteActionsTaskExecuter.java:127)
	at org.gradle.api.internal.tasks.execution.ExecuteActionsTaskExecuter.execute(ExecuteActionsTaskExecuter.java:116)
	at org.gradle.api.internal.tasks.execution.FinalizePropertiesTaskExecuter.execute(FinalizePropertiesTaskExecuter.java:46)
	at org.gradle.api.internal.tasks.execution.ResolveTaskExecutionModeExecuter.execute(ResolveTaskExecutionModeExecuter.java:51)
	at org.gradle.api.internal.tasks.execution.SkipTaskWithNoActionsExecuter.execute(SkipTaskWithNoActionsExecuter.java:57)
	at org.gradle.api.internal.tasks.execution.SkipOnlyIfTaskExecuter.execute(SkipOnlyIfTaskExecuter.java:74)
	at org.gradle.api.internal.tasks.execution.CatchExceptionTaskExecuter.execute(CatchExceptionTaskExecuter.java:36)
	at org.gradle.api.internal.tasks.execution.EventFiringTaskExecuter$1.executeTask(EventFiringTaskExecuter.java:77)
	at org.gradle.api.internal.tasks.execution.EventFiringTaskExecuter$1.call(EventFiringTaskExecuter.java:55)
	at org.gradle.api.internal.tasks.execution.EventFiringTaskExecuter$1.call(EventFiringTaskExecuter.java:52)
	at org.gradle.internal.operations.DefaultBuildOperationRunner$CallableBuildOperationWorker.execute(DefaultBuildOperationRunner.java:200)
	at org.gradle.internal.operations.DefaultBuildOperationRunner$CallableBuildOperationWorker.execute(DefaultBuildOperationRunner.java:195)
	at org.gradle.internal.operations.DefaultBuildOperationRunner$2.execute(DefaultBuildOperationRunner.java:66)
	at org.gradle.internal.operations.DefaultBuildOperationRunner$2.execute(DefaultBuildOperationRunner.java:59)
	at org.gradle.internal.operations.DefaultBuildOperationRunner.execute(DefaultBuildOperationRunner.java:157)
	at org.gradle.internal.operations.DefaultBuildOperationRunner.execute(DefaultBuildOperationRunner.java:59)
	at org.gradle.internal.operations.DefaultBuildOperationRunner.call(DefaultBuildOperationRunner.java:53)
	at org.gradle.internal.operations.DefaultBuildOperationExecutor.call(DefaultBuildOperationExecutor.java:73)
	at org.gradle.api.internal.tasks.execution.EventFiringTaskExecuter.execute(EventFiringTaskExecuter.java:52)
	at org.gradle.execution.plan.LocalTaskNodeExecutor.execute(LocalTaskNodeExecutor.java:42)
	at org.gradle.execution.taskgraph.DefaultTaskExecutionGraph$InvokeNodeExecutorsAction.execute(DefaultTaskExecutionGraph.java:331)
	at org.gradle.execution.taskgraph.DefaultTaskExecutionGraph$InvokeNodeExecutorsAction.execute(DefaultTaskExecutionGraph.java:318)
	at org.gradle.execution.taskgraph.DefaultTaskExecutionGraph$BuildOperationAwareExecutionAction.lambda$execute$0(DefaultTaskExecutionGraph.java:314)
	at org.gradle.internal.operations.CurrentBuildOperationRef.with(CurrentBuildOperationRef.java:80)
	at org.gradle.execution.taskgraph.DefaultTaskExecutionGraph$BuildOperationAwareExecutionAction.execute(DefaultTaskExecutionGraph.java:314)
	at org.gradle.execution.taskgraph.DefaultTaskExecutionGraph$BuildOperationAwareExecutionAction.execute(DefaultTaskExecutionGraph.java:303)
	at org.gradle.execution.plan.DefaultPlanExecutor$ExecutorWorker.execute(DefaultPlanExecutor.java:463)
	at org.gradle.execution.plan.DefaultPlanExecutor$ExecutorWorker.run(DefaultPlanExecutor.java:380)
	at org.gradle.execution.plan.DefaultPlanExecutor.process(DefaultPlanExecutor.java:116)
	at org.gradle.execution.taskgraph.DefaultTaskExecutionGraph.executeWithServices(DefaultTaskExecutionGraph.java:138)
	at org.gradle.execution.taskgraph.DefaultTaskExecutionGraph.execute(DefaultTaskExecutionGraph.java:123)
	at org.gradle.execution.SelectedTaskExecutionAction.execute(SelectedTaskExecutionAction.java:35)
	at org.gradle.execution.DryRunBuildExecutionAction.execute(DryRunBuildExecutionAction.java:51)
	at org.gradle.execution.BuildOperationFiringBuildWorkerExecutor$ExecuteTasks.call(BuildOperationFiringBuildWorkerExecutor.java:54)
	at org.gradle.execution.BuildOperationFiringBuildWorkerExecutor$ExecuteTasks.call(BuildOperationFiringBuildWorkerExecutor.java:43)
	at org.gradle.internal.operations.DefaultBuildOperationRunner$CallableBuildOperationWorker.execute(DefaultBuildOperationRunner.java:200)
	at org.gradle.internal.operations.DefaultBuildOperationRunner$CallableBuildOperationWorker.execute(DefaultBuildOperationRunner.java:195)
	at org.gradle.internal.operations.DefaultBuildOperationRunner$2.execute(DefaultBuildOperationRunner.java:66)
	at org.gradle.internal.operations.DefaultBuildOperationRunner$2.execute(DefaultBuildOperationRunner.java:59)
	at org.gradle.internal.operations.DefaultBuildOperationRunner.execute(DefaultBuildOperationRunner.java:157)
	at org.gradle.internal.operations.DefaultBuildOperationRunner.execute(DefaultBuildOperationRunner.java:59)
	at org.gradle.internal.operations.DefaultBuildOperationRunner.call(DefaultBuildOperationRunner.java:53)
	at org.gradle.internal.operations.DefaultBuildOperationExecutor.call(DefaultBuildOperationExecutor.java:73)
	at org.gradle.execution.BuildOperationFiringBuildWorkerExecutor.execute(BuildOperationFiringBuildWorkerExecutor.java:40)
	at org.gradle.internal.build.DefaultBuildLifecycleController.lambda$executeTasks$10(DefaultBuildLifecycleController.java:313)
	at org.gradle.internal.model.StateTransitionController.doTransition(StateTransitionController.java:266)
	at org.gradle.internal.model.StateTransitionController.lambda$tryTransition$8(StateTransitionController.java:177)
	at org.gradle.internal.work.DefaultSynchronizer.withLock(DefaultSynchronizer.java:44)
	at org.gradle.internal.model.StateTransitionController.tryTransition(StateTransitionController.java:177)
	at org.gradle.internal.build.DefaultBuildLifecycleController.executeTasks(DefaultBuildLifecycleController.java:304)
	at org.gradle.internal.build.DefaultBuildWorkGraphController$DefaultBuildWorkGraph.runWork(DefaultBuildWorkGraphController.java:220)
	at org.gradle.internal.work.DefaultWorkerLeaseService.withLocks(DefaultWorkerLeaseService.java:264)
	at org.gradle.internal.work.DefaultWorkerLeaseService.runAsWorkerThread(DefaultWorkerLeaseService.java:128)
	at org.gradle.composite.internal.DefaultBuildController.doRun(DefaultBuildController.java:181)
	at org.gradle.composite.internal.DefaultBuildController.access$000(DefaultBuildController.java:50)
	at org.gradle.composite.internal.DefaultBuildController$BuildOpRunnable.lambda$run$0(DefaultBuildController.java:198)
	at org.gradle.internal.operations.CurrentBuildOperationRef.with(CurrentBuildOperationRef.java:80)
	at org.gradle.composite.internal.DefaultBuildController$BuildOpRunnable.run(DefaultBuildController.java:198)
	at org.gradle.internal.concurrent.ExecutorPolicy$CatchAndRecordFailures.onExecute(ExecutorPolicy.java:64)
	at org.gradle.internal.concurrent.AbstractManagedExecutor$1.run(AbstractManagedExecutor.java:47)
Caused by: org.jetbrains.kotlin.gradle.tasks.CompilationErrorException: Compilation error. See log for more details
	at org.jetbrains.kotlin.gradle.tasks.TasksUtilsKt.throwExceptionIfCompilationFailed(tasksUtils.kt:20)
	at org.jetbrains.kotlin.compilerRunner.GradleKotlinCompilerWork.run(GradleKotlinCompilerWork.kt:141)
	at org.jetbrains.kotlin.compilerRunner.GradleCompilerRunnerWithWorkers$GradleKotlinCompilerWorkAction.execute(GradleCompilerRunnerWithWorkers.kt:73)
	at org.gradle.workers.internal.DefaultWorkerServer.execute(DefaultWorkerServer.java:63)
	at org.gradle.workers.internal.NoIsolationWorkerFactory$1$1.create(NoIsolationWorkerFactory.java:66)
	at org.gradle.workers.internal.NoIsolationWorkerFactory$1$1.create(NoIsolationWorkerFactory.java:62)
	at org.gradle.internal.classloader.ClassLoaderUtils.executeInClassloader(ClassLoaderUtils.java:100)
	at org.gradle.workers.internal.NoIsolationWorkerFactory$1.lambda$execute$0(NoIsolationWorkerFactory.java:62)
	at org.gradle.workers.internal.AbstractWorker$1.call(AbstractWorker.java:44)
	at org.gradle.workers.internal.AbstractWorker$1.call(AbstractWorker.java:41)
	at org.gradle.internal.operations.DefaultBuildOperationRunner$CallableBuildOperationWorker.execute(DefaultBuildOperationRunner.java:200)
	at org.gradle.internal.operations.DefaultBuildOperationRunner$CallableBuildOperationWorker.execute(DefaultBuildOperationRunner.java:195)
	at org.gradle.internal.operations.DefaultBuildOperationRunner$2.execute(DefaultBuildOperationRunner.java:66)
	at org.gradle.internal.operations.DefaultBuildOperationRunner$2.execute(DefaultBuildOperationRunner.java:59)
	at org.gradle.internal.operations.DefaultBuildOperationRunner.execute(DefaultBuildOperationRunner.java:157)
	at org.gradle.internal.operations.DefaultBuildOperationRunner.execute(DefaultBuildOperationRunner.java:59)
	at org.gradle.internal.operations.DefaultBuildOperationRunner.call(DefaultBuildOperationRunner.java:53)
	at org.gradle.internal.operations.DefaultBuildOperationExecutor.call(DefaultBuildOperationExecutor.java:73)
	at org.gradle.workers.internal.AbstractWorker.executeWrappedInBuildOperation(AbstractWorker.java:41)
	at org.gradle.workers.internal.NoIsolationWorkerFactory$1.execute(NoIsolationWorkerFactory.java:59)
	at org.gradle.workers.internal.DefaultWorkerExecutor.lambda$submitWork$0(DefaultWorkerExecutor.java:174)
	at org.gradle.internal.work.DefaultConditionalExecutionQueue$ExecutionRunner.runExecution(DefaultConditionalExecutionQueue.java:187)
	at org.gradle.internal.work.DefaultConditionalExecutionQueue$ExecutionRunner.access$700(DefaultConditionalExecutionQueue.java:120)
	at org.gradle.internal.work.DefaultConditionalExecutionQueue$ExecutionRunner$1.run(DefaultConditionalExecutionQueue.java:162)
	at org.gradle.internal.Factories$1.create(Factories.java:31)
	at org.gradle.internal.work.DefaultWorkerLeaseService.withLocks(DefaultWorkerLeaseService.java:264)
	at org.gradle.internal.work.DefaultWorkerLeaseService.runAsWorkerThread(DefaultWorkerLeaseService.java:128)
	at org.gradle.internal.work.DefaultWorkerLeaseService.runAsWorkerThread(DefaultWorkerLeaseService.java:133)
	at org.gradle.internal.work.DefaultConditionalExecutionQueue$ExecutionRunner.runBatch(DefaultConditionalExecutionQueue.java:157)
	at org.gradle.internal.work.DefaultConditionalExecutionQueue$ExecutionRunner.run(DefaultConditionalExecutionQueue.java:126)
	... 2 more


BUILD FAILED in 8m 34s
34 actionable tasks: 34 executed
