openjdk version "17.0.20.1" 2026-08-18
OpenJDK Runtime Environment Temurin-17.0.20.1+1 (build 17.0.20.1+1)
OpenJDK 64-Bit Server VM Temurin-17.0.20.1+1 (build 17.0.20.1+1, mixed mode, sharing)
Downloading https://services.gradle.org/distributions/gradle-8.7-bin.zip
...............................................................................................................................
Unzipping /home/runner/.gradle/wrapper/dists/gradle-8.7-bin/bhs2wmbdwecv87pi65oeuq5iu/gradle-8.7-bin.zip to /home/runner/.gradle/wrapper/dists/gradle-8.7-bin/bhs2wmbdwecv87pi65oeuq5iu
Set executable permissions for: /home/runner/.gradle/wrapper/dists/gradle-8.7-bin/bhs2wmbdwecv87pi65oeuq5iu/gradle-8.7/bin/gradle

Welcome to Gradle 8.7!

Here are the highlights of this release:
 - Compiling and testing with Java 22
 - Cacheable Groovy script compilation
 - New methods in lazy collection properties

For more details see https://docs.gradle.org/8.7/release-notes.html

To honour the JVM settings for this build a single-use Daemon process will be forked. For more on this, please refer to https://docs.gradle.org/8.7/userguide/gradle_daemon.html#sec:disabling_the_daemon in the Gradle documentation.
Daemon will be stopped at the end of the build 

> Configure project :app
Checking the license for package NDK (Side by side) 25.1.8937393 in /usr/local/lib/android/sdk/licenses
License for package NDK (Side by side) 25.1.8937393 accepted.
Preparing "Install NDK (Side by side) 25.1.8937393 v.25.1.8937393".
"Install NDK (Side by side) 25.1.8937393 v.25.1.8937393" ready.
Installing NDK (Side by side) 25.1.8937393 in /usr/local/lib/android/sdk/ndk/25.1.8937393
"Install NDK (Side by side) 25.1.8937393 v.25.1.8937393" complete.
"Install NDK (Side by side) 25.1.8937393 v.25.1.8937393" finished.

> Task :app:externalNativeBuildCleanDebug
> Task :app:externalNativeBuildCleanRelease
> Task :app:clean UP-TO-DATE

> Task :app:cargoBuildRust
[cargoBuildRust] rustup target install exit: 0
[cargoBuildRust] NDK_PATH=/usr/local/lib/android/sdk/ndk/26.1.10909125
[cargoBuildRust] command=cargo ndk --platform 26 -t arm64-v8a -t armeabi-v7a -o <jniLibs> build --release
    Building arm64-v8a (aarch64-linux-android)
[1m[92m   Compiling[0m proc-macro2 v1.0.107
[1m[92m   Compiling[0m quote v1.0.47
[1m[92m   Compiling[0m unicode-ident v1.0.24
[1m[92m   Compiling[0m libc v0.2.189
[1m[92m   Compiling[0m cfg-if v1.0.4
[1m[92m   Compiling[0m version_check v0.9.5
[1m[92m   Compiling[0m shlex v2.0.1
[1m[92m   Compiling[0m find-msvc-tools v0.1.11
[1m[92m   Compiling[0m generic-array v0.14.7
[1m[92m   Compiling[0m cc v1.4.3
[1m[92m   Compiling[0m stable_deref_trait v1.2.1
[1m[92m   Compiling[0m typenum v1.20.1
[1m[92m   Compiling[0m getrandom v0.2.17
[1m[92m   Compiling[0m syn v2.0.119
[1m[92m   Compiling[0m syn v3.0.3
[1m[92m   Compiling[0m rand_core v0.6.4
[1m[92m   Compiling[0m zeroize v1.9.0
[1m[92m   Compiling[0m subtle v2.6.1
[1m[92m   Compiling[0m bytes v1.12.1
[1m[92m   Compiling[0m crypto-common v0.1.7
[1m[92m   Compiling[0m once_cell v1.21.4
[1m[92m   Compiling[0m pin-project-lite v0.2.17
[1m[92m   Compiling[0m smallvec v1.15.2
[1m[92m   Compiling[0m itoa v1.0.18
[1m[92m   Compiling[0m futures-core v0.3.34
[1m[92m   Compiling[0m writeable v0.6.4
[1m[92m   Compiling[0m litemap v0.8.3
[1m[92m   Compiling[0m ring v0.17.14
[1m[92m   Compiling[0m icu_normalizer_data v2.3.0
[1m[92m   Compiling[0m zerocopy v0.8.56
[1m[92m   Compiling[0m utf8_iter v1.0.4
[1m[92m   Compiling[0m icu_properties_data v2.3.0
[1m[92m   Compiling[0m rustls-pki-types v1.15.1
[1m[92m   Compiling[0m mio v1.2.2
[1m[92m   Compiling[0m synstructure v0.13.2
[1m[92m   Compiling[0m socket2 v0.6.5
[1m[92m   Compiling[0m zerovec-derive v0.11.5
[1m[92m   Compiling[0m zerofrom-derive v0.1.7
[1m[92m   Compiling[0m yoke-derive v0.8.2
[1m[92m   Compiling[0m displaydoc v0.2.7
[1m[92m   Compiling[0m tokio-macros v2.7.2
[1m[92m   Compiling[0m zerofrom v0.1.8
[1m[92m   Compiling[0m yoke v0.8.3
[1m[92m   Compiling[0m percent-encoding v2.3.2
[1m[92m   Compiling[0m zerovec v0.11.7
[1m[92m   Compiling[0m zerotrie v0.2.5
[1m[92m   Compiling[0m memchr v2.8.3
[1m[92m   Compiling[0m tokio v1.53.1
[1m[92m   Compiling[0m tinystr v0.8.4
[1m[92m   Compiling[0m potential_utf v0.1.6
[1m[92m   Compiling[0m icu_collections v2.3.0
[1m[92m   Compiling[0m icu_locale_core v2.3.0
[1m[92m   Compiling[0m http v1.5.0
[1m[92m   Compiling[0m icu_provider v2.3.0
[1m[92m   Compiling[0m serde_core v1.0.229
[1m[92m   Compiling[0m untrusted v0.9.0
[1m[92m   Compiling[0m log v0.4.33
[1m[92m   Compiling[0m icu_properties v2.3.0
[1m[92m   Compiling[0m icu_normalizer v2.3.0
[1m[92m   Compiling[0m http-body v1.1.0
[1m[92m   Compiling[0m block-buffer v0.10.4
[1m[92m   Compiling[0m slab v0.4.12
[1m[92m   Compiling[0m futures-task v0.3.34
[1m[92m   Compiling[0m rustls v0.23.43
[1m[92m   Compiling[0m httparse v1.10.1
[1m[92m   Compiling[0m futures-util v0.3.34
[1m[92m   Compiling[0m digest v0.10.7
[1m[92m   Compiling[0m idna_adapter v1.2.2
[1m[92m   Compiling[0m rustls-webpki v0.103.14
[1m[92m   Compiling[0m form_urlencoded v1.2.2
[1m[92m   Compiling[0m ahash v0.8.12
[1m[92m   Compiling[0m serde v1.0.229
[1m[92m   Compiling[0m zmij v1.0.23
[1m[92m   Compiling[0m semver v1.0.28
[1m[92m   Compiling[0m try-lock v0.2.5
[1m[92m   Compiling[0m tower-service v0.3.3
[1m[92m   Compiling[0m crc32fast v1.5.0
[1m[92m   Compiling[0m want v0.3.1
[1m[92m   Compiling[0m rustc_version v0.4.1
[1m[92m   Compiling[0m idna v1.1.0
[1m[92m   Compiling[0m serde_derive v1.0.229
[1m[92m   Compiling[0m webpki-roots v1.0.9
[1m[92m   Compiling[0m futures-channel v0.3.34
[1m[92m   Compiling[0m tracing-core v0.1.36
[1m[92m   Compiling[0m serde_json v1.0.151
[1m[92m   Compiling[0m base64 v0.22.1
[1m[92m   Compiling[0m simd-adler32 v0.3.10
[1m[92m   Compiling[0m pkg-config v0.3.34
[1m[92m   Compiling[0m adler2 v2.0.1
[1m[92m   Compiling[0m vcpkg v0.2.15
[1m[92m   Compiling[0m atomic-waker v1.1.2
[1m[92m   Compiling[0m hyper v1.11.0
[1m[92m   Compiling[0m libsqlite3-sys v0.28.0
[1m[92m   Compiling[0m miniz_oxide v0.8.9
[1m[92m   Compiling[0m tracing v0.1.44
[1m[92m   Compiling[0m url v2.5.8
[1m[92m   Compiling[0m curve25519-dalek v4.1.3
[1m[92m   Compiling[0m jni-sys-macros v0.4.1
[1m[92m   Compiling[0m sync_wrapper v1.0.2
[1m[92m   Compiling[0m inout v0.1.4
[1m[92m   Compiling[0m cpufeatures v0.2.17
[1m[92m   Compiling[0m paste v1.0.15
[1m[92m   Compiling[0m thiserror v1.0.69
[1m[92m   Compiling[0m jni-sys v0.3.1
[1m[92m   Compiling[0m bitflags v2.13.1
[1m[92m   Compiling[0m ipnet v2.12.1
[1m[92m   Compiling[0m tower-layer v0.3.3
[1m[92m   Compiling[0m tower v0.5.3
[1m[92m   Compiling[0m hyper-util v0.1.20
[1m[92m   Compiling[0m jni-sys v0.4.1
[1m[92m   Compiling[0m cipher v0.4.4
[1m[92m   Compiling[0m flate2 v1.1.9
[1m[92m   Compiling[0m hashbrown v0.14.5
[1m[92m   Compiling[0m tokio-rustls v0.26.4
[1m[92m   Compiling[0m ppv-lite86 v0.2.21
[1m[92m   Compiling[0m aho-corasick v1.1.5
[1m[92m   Compiling[0m thiserror-impl v1.0.69
[1m[92m   Compiling[0m universal-hash v0.5.1
[1m[92m   Compiling[0m blake3 v1.8.7
[1m[92m   Compiling[0m ryu v1.0.23
[1m[92m   Compiling[0m signature v2.2.0
[1m[92m   Compiling[0m regex-syntax v0.8.11
[1m[92m   Compiling[0m byteorder v1.5.0
[1m[92m   Compiling[0m opaque-debug v0.3.1
[1m[92m   Compiling[0m poly1305 v0.8.0
[1m[92m   Compiling[0m ogg_pager v0.6.1
[1m[92m   Compiling[0m regex-automata v0.4.18
[1m[92m   Compiling[0m ed25519 v2.2.3
[1m[92m   Compiling[0m serde_urlencoded v0.7.1
[1m[92m   Compiling[0m rand_chacha v0.3.1
[1m[92m   Compiling[0m hyper-rustls v0.27.9
[1m[92m   Compiling[0m hashlink v0.9.1
[1m[92m   Compiling[0m chacha20 v0.9.1
[1m[92m   Compiling[0m tower-http v0.6.11
[1m[92m   Compiling[0m sha2 v0.10.9
[1m[92m   Compiling[0m webpki-roots v0.26.11
[1m[92m   Compiling[0m http-body-util v0.1.5
[1m[92m   Compiling[0m combine v4.6.7
[1m[92m   Compiling[0m lofty_attr v0.11.1
[1m[92m   Compiling[0m aead v0.5.2
[1m[92m   Compiling[0m constant_time_eq v0.4.2
[1m[92m   Compiling[0m arrayvec v0.7.8
[1m[92m   Compiling[0m fallible-streaming-iterator v0.1.9
[1m[92m   Compiling[0m data-encoding v2.11.1
[1m[92m   Compiling[0m fallible-iterator v0.3.0
[1m[92m   Compiling[0m cesu8 v1.1.0
[1m[92m   Compiling[0m lofty v0.21.1
[1m[92m   Compiling[0m jni v0.21.1
[1m[92m   Compiling[0m chacha20poly1305 v0.10.1
[1m[92m   Compiling[0m reqwest v0.12.28
[1m[92m   Compiling[0m ureq v2.12.1
[1m[92m   Compiling[0m ed25519-dalek v2.2.0
[1m[92m   Compiling[0m rand v0.8.8
[1m[92m   Compiling[0m regex v1.13.1
[1m[92m   Compiling[0m sha1 v0.10.7
[1m[92m   Compiling[0m hmac v0.12.1
[1m[92m   Compiling[0m socket2 v0.5.10
[1m[92m   Compiling[0m hex v0.4.3
[1m[92m   Compiling[0m strsim v0.11.1
[1m[92m   Compiling[0m urlencoding v2.1.3
[1m[92m   Compiling[0m rusqlite v0.31.0
[1m[92m   Compiling[0m streamify_core_rs v1.0.0 (/home/runner/work/streamify-apk/streamify-apk/rust)
[1m[92m    Finished[0m `release` profile [optimized] target(s) in 1m 55s
    Building armeabi-v7a (armv7-linux-androideabi)
[1m[92m   Compiling[0m libc v0.2.189
[1m[92m   Compiling[0m cfg-if v1.0.4
[1m[92m   Compiling[0m generic-array v0.14.7
[1m[92m   Compiling[0m zerofrom v0.1.8
[1m[92m   Compiling[0m typenum v1.20.1
[1m[92m   Compiling[0m stable_deref_trait v1.2.1
[1m[92m   Compiling[0m zeroize v1.9.0
[1m[92m   Compiling[0m yoke v0.8.3
[1m[92m   Compiling[0m subtle v2.6.1
[1m[92m   Compiling[0m zerovec v0.11.7
[1m[92m   Compiling[0m bytes v1.12.1
[1m[92m   Compiling[0m getrandom v0.2.17
[1m[92m   Compiling[0m rand_core v0.6.4
[1m[92m   Compiling[0m once_cell v1.21.4
[1m[92m   Compiling[0m smallvec v1.15.2
[1m[92m   Compiling[0m itoa v1.0.18
[1m[92m   Compiling[0m pin-project-lite v0.2.17
[1m[92m   Compiling[0m tinystr v0.8.4
[1m[92m   Compiling[0m litemap v0.8.3
[1m[92m   Compiling[0m writeable v0.6.4
[1m[92m   Compiling[0m futures-core v0.3.34
[1m[92m   Compiling[0m potential_utf v0.1.6
[1m[92m   Compiling[0m zerotrie v0.2.5
[1m[92m   Compiling[0m utf8_iter v1.0.4
[1m[92m   Compiling[0m crypto-common v0.1.7
[1m[92m   Compiling[0m icu_locale_core v2.3.0
[1m[92m   Compiling[0m icu_normalizer_data v2.3.0
[1m[92m   Compiling[0m zerocopy v0.8.56
[1m[92m   Compiling[0m icu_properties_data v2.3.0
[1m[92m   Compiling[0m icu_collections v2.3.0
[1m[92m   Compiling[0m ring v0.17.14
[1m[92m   Compiling[0m socket2 v0.6.5
[1m[92m   Compiling[0m mio v1.2.2
[1m[92m   Compiling[0m icu_provider v2.3.0
[1m[92m   Compiling[0m rustls-pki-types v1.15.1
[1m[92m   Compiling[0m percent-encoding v2.3.2
[1m[92m   Compiling[0m memchr v2.8.3
[1m[92m   Compiling[0m tokio v1.53.1
[1m[92m   Compiling[0m http v1.5.0
[1m[92m   Compiling[0m untrusted v0.9.0
[1m[92m   Compiling[0m log v0.4.33
[1m[92m   Compiling[0m serde_core v1.0.229
[1m[92m   Compiling[0m http-body v1.1.0
[1m[92m   Compiling[0m icu_normalizer v2.3.0
[1m[92m   Compiling[0m icu_properties v2.3.0
[1m[92m   Compiling[0m block-buffer v0.10.4
[1m[92m   Compiling[0m slab v0.4.12
[1m[92m   Compiling[0m futures-task v0.3.34
[1m[92m   Compiling[0m rustls v0.23.43
[1m[92m   Compiling[0m futures-util v0.3.34
[1m[92m   Compiling[0m idna_adapter v1.2.2
[1m[92m   Compiling[0m httparse v1.10.1
[1m[92m   Compiling[0m digest v0.10.7
[1m[92m   Compiling[0m rustls-webpki v0.103.14
[1m[92m   Compiling[0m form_urlencoded v1.2.2
[1m[92m   Compiling[0m try-lock v0.2.5
[1m[92m   Compiling[0m tower-service v0.3.3
[1m[92m   Compiling[0m zmij v1.0.23
[1m[92m   Compiling[0m serde v1.0.229
[1m[92m   Compiling[0m crc32fast v1.5.0
[1m[92m   Compiling[0m want v0.3.1
[1m[92m   Compiling[0m ahash v0.8.12
[1m[92m   Compiling[0m idna v1.1.0
[1m[92m   Compiling[0m webpki-roots v1.0.9
[1m[92m   Compiling[0m futures-channel v0.3.34
[1m[92m   Compiling[0m tracing-core v0.1.36
[1m[92m   Compiling[0m simd-adler32 v0.3.10
[1m[92m   Compiling[0m adler2 v2.0.1
[1m[92m   Compiling[0m atomic-waker v1.1.2
[1m[92m   Compiling[0m base64 v0.22.1
[1m[92m   Compiling[0m serde_json v1.0.151
[1m[92m   Compiling[0m hyper v1.11.0
[1m[92m   Compiling[0m miniz_oxide v0.8.9
[1m[92m   Compiling[0m tracing v0.1.44
[1m[92m   Compiling[0m url v2.5.8
[1m[92m   Compiling[0m inout v0.1.4
[1m[92m   Compiling[0m sync_wrapper v1.0.2
[1m[92m   Compiling[0m ipnet v2.12.1
[1m[92m   Compiling[0m bitflags v2.13.1
[1m[92m   Compiling[0m tower-layer v0.3.3
[1m[92m   Compiling[0m thiserror v1.0.69
[1m[92m   Compiling[0m jni-sys v0.3.1
[1m[92m   Compiling[0m tower v0.5.3
[1m[92m   Compiling[0m hyper-util v0.1.20
[1m[92m   Compiling[0m jni-sys v0.4.1
[1m[92m   Compiling[0m cipher v0.4.4
[1m[92m   Compiling[0m curve25519-dalek v4.1.3
[1m[92m   Compiling[0m flate2 v1.1.9
[1m[92m   Compiling[0m hashbrown v0.14.5
[1m[92m   Compiling[0m tokio-rustls v0.26.4
[1m[92m   Compiling[0m libsqlite3-sys v0.28.0
[1m[92m   Compiling[0m ppv-lite86 v0.2.21
[1m[92m   Compiling[0m aho-corasick v1.1.5
[1m[92m   Compiling[0m universal-hash v0.5.1
[1m[92m   Compiling[0m signature v2.2.0
[1m[92m   Compiling[0m regex-syntax v0.8.11
[1m[92m   Compiling[0m byteorder v1.5.0
[1m[92m   Compiling[0m ryu v1.0.23
[1m[92m   Compiling[0m opaque-debug v0.3.1
[1m[92m   Compiling[0m poly1305 v0.8.0
[1m[92m   Compiling[0m serde_urlencoded v0.7.1
[1m[92m   Compiling[0m ogg_pager v0.6.1
[1m[92m   Compiling[0m regex-automata v0.4.18
[1m[92m   Compiling[0m ed25519 v2.2.3
[1m[92m   Compiling[0m blake3 v1.8.7
[1m[92m   Compiling[0m rand_chacha v0.3.1
[1m[92m   Compiling[0m hyper-rustls v0.27.9
[1m[92m   Compiling[0m hashlink v0.9.1
[1m[92m   Compiling[0m chacha20 v0.9.1
[1m[92m   Compiling[0m tower-http v0.6.11
[1m[92m   Compiling[0m webpki-roots v0.26.11
[1m[92m   Compiling[0m sha2 v0.10.9
[1m[92m   Compiling[0m http-body-util v0.1.5
[1m[92m   Compiling[0m combine v4.6.7
[1m[92m   Compiling[0m aead v0.5.2
[1m[92m   Compiling[0m fallible-iterator v0.3.0
[1m[92m   Compiling[0m fallible-streaming-iterator v0.1.9
[1m[92m   Compiling[0m data-encoding v2.11.1
[1m[92m   Compiling[0m constant_time_eq v0.4.2
[1m[92m   Compiling[0m cesu8 v1.1.0
[1m[92m   Compiling[0m arrayvec v0.7.8
[1m[92m   Compiling[0m lofty v0.21.1
[1m[92m   Compiling[0m jni v0.21.1
[1m[92m   Compiling[0m chacha20poly1305 v0.10.1
[1m[92m   Compiling[0m reqwest v0.12.28
[1m[92m   Compiling[0m ed25519-dalek v2.2.0
[1m[92m   Compiling[0m ureq v2.12.1
[1m[92m   Compiling[0m rand v0.8.8
[1m[92m   Compiling[0m regex v1.13.1
[1m[92m   Compiling[0m sha1 v0.10.7
[1m[92m   Compiling[0m hmac v0.12.1
[1m[92m   Compiling[0m socket2 v0.5.10
[1m[92m   Compiling[0m hex v0.4.3
[1m[92m   Compiling[0m strsim v0.11.1
[1m[92m   Compiling[0m urlencoding v2.1.3
[1m[92m   Compiling[0m rusqlite v0.31.0
[1m[92m   Compiling[0m streamify_core_rs v1.0.0 (/home/runner/work/streamify-apk/streamify-apk/rust)
[1m[92m    Finished[0m `release` profile [optimized] target(s) in 1m 42s
     Copying libraries to /home/runner/work/streamify-apk/streamify-apk/app/src/main/jniLibs

> Task :app:preBuild
> Task :app:preDebugBuild
> Task :app:mergeDebugNativeDebugMetadata NO-SOURCE
> Task :app:checkKotlinGradlePluginConfigurationErrors
> Task :app:generateDebugBuildConfig
> Task :app:generateDebugResValues
> Task :app:checkDebugAarMetadata
> Task :app:mapDebugSourceSetPaths
> Task :app:generateDebugResources
> Task :app:packageDebugResources
> Task :app:createDebugCompatibleScreenManifests
> Task :app:extractDeepLinksDebug
> Task :app:parseDebugLocalResources
> Task :app:mergeDebugResources
> Task :app:processDebugMainManifest
> Task :app:processDebugManifest
> Task :app:javaPreCompileDebug
> Task :app:mergeDebugShaders
> Task :app:compileDebugShaders NO-SOURCE
> Task :app:generateDebugAssets UP-TO-DATE
> Task :app:mergeDebugAssets
> Task :app:compressDebugAssets
> Task :app:desugarDebugFileDependencies
> Task :app:checkDebugDuplicateClasses
> Task :app:configureCMakeDebug[arm64-v8a]
> Task :app:processDebugManifestForPackage
> Task :app:mergeExtDexDebug
> Task :app:mergeLibDexDebug

> Task :app:buildCMakeDebug[arm64-v8a] FAILED
C/C++: ninja: Entering directory `/home/runner/work/streamify-apk/streamify-apk/app/.cxx/Debug/2v2o2f38/arm64-v8a'
C/C++: /usr/local/lib/android/sdk/ndk/25.1.8937393/toolchains/llvm/prebuilt/linux-x86_64/bin/clang++ --target=aarch64-none-linux-android26 --sysroot=/usr/local/lib/android/sdk/ndk/25.1.8937393/toolchains/llvm/prebuilt/linux-x86_64/sysroot -Dstreamify_native_core_EXPORTS -I/home/runner/work/streamify-apk/streamify-apk/native/agsl -I/home/runner/work/streamify-apk/streamify-apk/native/audio -I/home/runner/work/streamify-apk/streamify-apk/native/dsp -I/home/runner/work/streamify-apk/streamify-apk/native/dsp/kissfft -I/home/runner/work/streamify-apk/streamify-apk/native/engine -I/home/runner/work/streamify-apk/streamify-apk/native/include -I/home/runner/work/streamify-apk/streamify-apk/native/ingest -I/home/runner/work/streamify-apk/streamify-apk/native/jni -I/home/runner/work/streamify-apk/streamify-apk/native/math -I/home/runner/work/streamify-apk/streamify-apk/native/palette -I/home/runner/work/streamify-apk/streamify-apk/native/src -I/home/runner/work/streamify-apk/streamify-apk/native/util -I/home/runner/work/streamify-apk/streamify-apk/native/video -I/home/runner/work/streamify-apk/streamify-apk/native/third_party/sqlite3 -g -DANDROID -fdata-sections -ffunction-sections -funwind-tables -fstack-protector-strong -no-canonical-prefixes -D_FORTIFY_SOURCE=2 -Wformat -Werror=format-security  -std=c++20 -O3 -flto -O3 -ffast-math -flto -fvisibility=hidden -Wall -Wextra -march=armv8-a+simd+crypto -fno-limit-debug-info  -fPIC -std=c++20 -MD -MT CMakeFiles/streamify_native_core.dir/src/palette_extractor_simd.cpp.o -MF CMakeFiles/streamify_native_core.dir/src/palette_extractor_simd.cpp.o.d -o CMakeFiles/streamify_native_core.dir/src/palette_extractor_simd.cpp.o -c /home/runner/work/streamify-apk/streamify-apk/native/src/palette_extractor_simd.cpp
C/C++: /home/runner/work/streamify-apk/streamify-apk/native/src/palette_extractor_simd.cpp:413:29: error: no member named 'bit_width' in namespace 'std'
C/C++:         ++bucket_count[std::bit_width(pop) - 1];  // floor(log2(pop))
C/C++:                        ~~~~~^
C/C++: /home/runner/work/streamify-apk/streamify-apk/native/src/palette_extractor_simd.cpp:446:49: error: no member named 'bit_width' in namespace 'std'
C/C++:             const int b = static_cast<int>(std::bit_width(pop)) - 1;
C/C++:                                            ~~~~~^
C/C++: 2 errors generated.
C/C++: In file included from /home/runner/work/streamify-apk/streamify-apk/native/palette/BitmapPalette.cc:5:
C/C++: /home/runner/work/streamify-apk/streamify-apk/native/palette/BitmapPalette.h:110:14: warning: private field 'boxPop_' is not used [-Wunused-private-field]
C/C++:     uint64_t boxPop_[kMaxSwatches + 1] = {};
C/C++:              ^
C/C++: 1 warning generated.

FAILURE: Build failed with an exception.

* What went wrong:
Execution failed for task ':app:buildCMakeDebug[arm64-v8a]'.
> com.android.ide.common.process.ProcessException: ninja: Entering directory `/home/runner/work/streamify-apk/streamify-apk/app/.cxx/Debug/2v2o2f38/arm64-v8a'
  [1/45] Building CXX object CMakeFiles/streamify_native_core.dir/src/jni_bridge_frame_palette.cpp.o
  [2/45] Building CXX object CMakeFiles/streamify_native_core.dir/src/streamify_frame_palette.cpp.o
  [3/45] Building CXX object CMakeFiles/streamify_native_core.dir/src/frame_pacer_monitor.cpp.o
  [4/45] Building CXX object CMakeFiles/streamify_native_core.dir/src/palette_extractor_simd.cpp.o
  FAILED: CMakeFiles/streamify_native_core.dir/src/palette_extractor_simd.cpp.o 
  /usr/local/lib/android/sdk/ndk/25.1.8937393/toolchains/llvm/prebuilt/linux-x86_64/bin/clang++ --target=aarch64-none-linux-android26 --sysroot=/usr/local/lib/android/sdk/ndk/25.1.8937393/toolchains/llvm/prebuilt/linux-x86_64/sysroot -Dstreamify_native_core_EXPORTS -I/home/runner/work/streamify-apk/streamify-apk/native/agsl -I/home/runner/work/streamify-apk/streamify-apk/native/audio -I/home/runner/work/streamify-apk/streamify-apk/native/dsp -I/home/runner/work/streamify-apk/streamify-apk/native/dsp/kissfft -I/home/runner/work/streamify-apk/streamify-apk/native/engine -I/home/runner/work/streamify-apk/streamify-apk/native/include -I/home/runner/work/streamify-apk/streamify-apk/native/ingest -I/home/runner/work/streamify-apk/streamify-apk/native/jni -I/home/runner/work/streamify-apk/streamify-apk/native/math -I/home/runner/work/streamify-apk/streamify-apk/native/palette -I/home/runner/work/streamify-apk/streamify-apk/native/src -I/home/runner/work/streamify-apk/streamify-apk/native/util -I/home/runner/work/streamify-apk/streamify-apk/native/video -I/home/runner/work/streamify-apk/streamify-apk/native/third_party/sqlite3 -g -DANDROID -fdata-sections -ffunction-sections -funwind-tables -fstack-protector-strong -no-canonical-prefixes -D_FORTIFY_SOURCE=2 -Wformat -Werror=format-security  -std=c++20 -O3 -flto -O3 -ffast-math -flto -fvisibility=hidden -Wall -Wextra -march=armv8-a+simd+crypto -fno-limit-debug-info  -fPIC -std=c++20 -MD -MT CMakeFiles/streamify_native_core.dir/src/palette_extractor_simd.cpp.o -MF CMakeFiles/streamify_native_core.dir/src/palette_extractor_simd.cpp.o.d -o CMakeFiles/streamify_native_core.dir/src/palette_extractor_simd.cpp.o -c /home/runner/work/streamify-apk/streamify-apk/native/src/palette_extractor_simd.cpp
  /home/runner/work/streamify-apk/streamify-apk/native/src/palette_extractor_simd.cpp:413:29: error: no member named 'bit_width' in namespace 'std'
          ++bucket_count[std::bit_width(pop) - 1];  // floor(log2(pop))
                         ~~~~~^
  /home/runner/work/streamify-apk/streamify-apk/native/src/palette_extractor_simd.cpp:446:49: error: no member named 'bit_width' in namespace 'std'
              const int b = static_cast<int>(std::bit_width(pop)) - 1;
                                             ~~~~~^
  2 errors generated.
  [5/45] Building CXX object CMakeFiles/streamify_native_core.dir/math/CandidateHasher.cc.o
  [6/45] Building CXX object CMakeFiles/streamify_native_core.dir/src/wear_audio_encoder.cpp.o
  [7/45] Building CXX object CMakeFiles/streamify_native_core.dir/src/jni_bridge_audio_sinks.cpp.o
  [8/45] Building CXX object CMakeFiles/streamify_native_core.dir/src/audio_sink_ringbuffer.cpp.o
  [9/45] Building CXX object CMakeFiles/streamify_native_core.dir/palette/BitmapPalette.cc.o
  In file included from /home/runner/work/streamify-apk/streamify-apk/native/palette/BitmapPalette.cc:5:
  /home/runner/work/streamify-apk/streamify-apk/native/palette/BitmapPalette.h:110:14: warning: private field 'boxPop_' is not used [-Wunused-private-field]
      uint64_t boxPop_[kMaxSwatches + 1] = {};
               ^
  1 warning generated.
  ninja: build stopped: subcommand failed.
  
  C++ build system [build] failed while executing:
      /usr/local/lib/android/sdk/cmake/3.22.1/bin/ninja \
        -C \
        /home/runner/work/streamify-apk/streamify-apk/app/.cxx/Debug/2v2o2f38/arm64-v8a \
        streamify_native_core
    from /home/runner/work/streamify-apk/streamify-apk/app

* Try:
> Run with --info or --debug option to get more log output.
> Run with --scan to get full insights.
> Get more help at https://help.gradle.org.

* Exception is:
org.gradle.api.tasks.TaskExecutionException: Execution failed for task ':app:buildCMakeDebug[arm64-v8a]'.
	at org.gradle.api.internal.tasks.execution.ExecuteActionsTaskExecuter.lambda$executeIfValid$1(ExecuteActionsTaskExecuter.java:130)
	at org.gradle.internal.Try$Failure.ifSuccessfulOrElse(Try.java:282)
	at org.gradle.api.internal.tasks.execution.ExecuteActionsTaskExecuter.executeIfValid(ExecuteActionsTaskExecuter.java:128)
	at org.gradle.api.internal.tasks.execution.ExecuteActionsTaskExecuter.execute(ExecuteActionsTaskExecuter.java:116)
	at org.gradle.api.internal.tasks.execution.FinalizePropertiesTaskExecuter.execute(FinalizePropertiesTaskExecuter.java:46)
	at org.gradle.api.internal.tasks.execution.ResolveTaskExecutionModeExecuter.execute(ResolveTaskExecutionModeExecuter.java:51)
	at org.gradle.api.internal.tasks.execution.SkipTaskWithNoActionsExecuter.execute(SkipTaskWithNoActionsExecuter.java:57)
	at org.gradle.api.internal.tasks.execution.SkipOnlyIfTaskExecuter.execute(SkipOnlyIfTaskExecuter.java:74)
	at org.gradle.api.internal.tasks.execution.CatchExceptionTaskExecuter.execute(CatchExceptionTaskExecuter.java:36)
	at org.gradle.api.internal.tasks.execution.EventFiringTaskExecuter$1.executeTask(EventFiringTaskExecuter.java:77)
	at org.gradle.api.internal.tasks.execution.EventFiringTaskExecuter$1.call(EventFiringTaskExecuter.java:55)
	at org.gradle.api.internal.tasks.execution.EventFiringTaskExecuter$1.call(EventFiringTaskExecuter.java:52)
	at org.gradle.internal.operations.DefaultBuildOperationRunner$CallableBuildOperationWorker.execute(DefaultBuildOperationRunner.java:200)
	at org.gradle.internal.operations.DefaultBuildOperationRunner$CallableBuildOperationWorker.execute(DefaultBuildOperationRunner.java:195)
	at org.gradle.internal.operations.DefaultBuildOperationRunner$2.execute(DefaultBuildOperationRunner.java:66)
	at org.gradle.internal.operations.DefaultBuildOperationRunner$2.execute(DefaultBuildOperationRunner.java:59)
	at org.gradle.internal.operations.DefaultBuildOperationRunner.execute(DefaultBuildOperationRunner.java:157)
	at org.gradle.internal.operations.DefaultBuildOperationRunner.execute(DefaultBuildOperationRunner.java:59)
	at org.gradle.internal.operations.DefaultBuildOperationRunner.call(DefaultBuildOperationRunner.java:53)
	at org.gradle.internal.operations.DefaultBuildOperationExecutor.call(DefaultBuildOperationExecutor.java:73)
	at org.gradle.api.internal.tasks.execution.EventFiringTaskExecuter.execute(EventFiringTaskExecuter.java:52)
	at org.gradle.execution.plan.LocalTaskNodeExecutor.execute(LocalTaskNodeExecutor.java:42)
	at org.gradle.execution.taskgraph.DefaultTaskExecutionGraph$InvokeNodeExecutorsAction.execute(DefaultTaskExecutionGraph.java:331)
	at org.gradle.execution.taskgraph.DefaultTaskExecutionGraph$InvokeNodeExecutorsAction.execute(DefaultTaskExecutionGraph.java:318)
	at org.gradle.execution.taskgraph.DefaultTaskExecutionGraph$BuildOperationAwareExecutionAction.lambda$execute$0(DefaultTaskExecutionGraph.java:314)
	at org.gradle.internal.operations.CurrentBuildOperationRef.with(CurrentBuildOperationRef.java:80)
	at org.gradle.execution.taskgraph.DefaultTaskExecutionGraph$BuildOperationAwareExecutionAction.execute(DefaultTaskExecutionGraph.java:314)
	at org.gradle.execution.taskgraph.DefaultTaskExecutionGraph$BuildOperationAwareExecutionAction.execute(DefaultTaskExecutionGraph.java:303)
	at org.gradle.execution.plan.DefaultPlanExecutor$ExecutorWorker.execute(DefaultPlanExecutor.java:463)
	at org.gradle.execution.plan.DefaultPlanExecutor$ExecutorWorker.run(DefaultPlanExecutor.java:380)
	at org.gradle.internal.concurrent.ExecutorPolicy$CatchAndRecordFailures.onExecute(ExecutorPolicy.java:64)
	at org.gradle.internal.concurrent.AbstractManagedExecutor$1.run(AbstractManagedExecutor.java:47)
Caused by: org.gradle.internal.UncheckedException: com.android.ide.common.process.ProcessException: ninja: Entering directory `/home/runner/work/streamify-apk/streamify-apk/app/.cxx/Debug/2v2o2f38/arm64-v8a'
[1/45] Building CXX object CMakeFiles/streamify_native_core.dir/src/jni_bridge_frame_palette.cpp.o
[2/45] Building CXX object CMakeFiles/streamify_native_core.dir/src/streamify_frame_palette.cpp.o
[3/45] Building CXX object CMakeFiles/streamify_native_core.dir/src/frame_pacer_monitor.cpp.o
[4/45] Building CXX object CMakeFiles/streamify_native_core.dir/src/palette_extractor_simd.cpp.o
FAILED: CMakeFiles/streamify_native_core.dir/src/palette_extractor_simd.cpp.o 
/usr/local/lib/android/sdk/ndk/25.1.8937393/toolchains/llvm/prebuilt/linux-x86_64/bin/clang++ --target=aarch64-none-linux-android26 --sysroot=/usr/local/lib/android/sdk/ndk/25.1.8937393/toolchains/llvm/prebuilt/linux-x86_64/sysroot -Dstreamify_native_core_EXPORTS -I/home/runner/work/streamify-apk/streamify-apk/native/agsl -I/home/runner/work/streamify-apk/streamify-apk/native/audio -I/home/runner/work/streamify-apk/streamify-apk/native/dsp -I/home/runner/work/streamify-apk/streamify-apk/native/dsp/kissfft -I/home/runner/work/streamify-apk/streamify-apk/native/engine -I/home/runner/work/streamify-apk/streamify-apk/native/include -I/home/runner/work/streamify-apk/streamify-apk/native/ingest -I/home/runner/work/streamify-apk/streamify-apk/native/jni -I/home/runner/work/streamify-apk/streamify-apk/native/math -I/home/runner/work/streamify-apk/streamify-apk/native/palette -I/home/runner/work/streamify-apk/streamify-apk/native/src -I/home/runner/work/streamify-apk/streamify-apk/native/util -I/home/runner/work/streamify-apk/streamify-apk/native/video -I/home/runner/work/streamify-apk/streamify-apk/native/third_party/sqlite3 -g -DANDROID -fdata-sections -ffunction-sections -funwind-tables -fstack-protector-strong -no-canonical-prefixes -D_FORTIFY_SOURCE=2 -Wformat -Werror=format-security  -std=c++20 -O3 -flto -O3 -ffast-math -flto -fvisibility=hidden -Wall -Wextra -march=armv8-a+simd+crypto -fno-limit-debug-info  -fPIC -std=c++20 -MD -MT CMakeFiles/streamify_native_core.dir/src/palette_extractor_simd.cpp.o -MF CMakeFiles/streamify_native_core.dir/src/palette_extractor_simd.cpp.o.d -o CMakeFiles/streamify_native_core.dir/src/palette_extractor_simd.cpp.o -c /home/runner/work/streamify-apk/streamify-apk/native/src/palette_extractor_simd.cpp
/home/runner/work/streamify-apk/streamify-apk/native/src/palette_extractor_simd.cpp:413:29: error: no member named 'bit_width' in namespace 'std'
        ++bucket_count[std::bit_width(pop) - 1];  // floor(log2(pop))
                       ~~~~~^
/home/runner/work/streamify-apk/streamify-apk/native/src/palette_extractor_simd.cpp:446:49: error: no member named 'bit_width' in namespace 'std'
            const int b = static_cast<int>(std::bit_width(pop)) - 1;
                                           ~~~~~^
2 errors generated.
[5/45] Building CXX object CMakeFiles/streamify_native_core.dir/math/CandidateHasher.cc.o
[6/45] Building CXX object CMakeFiles/streamify_native_core.dir/src/wear_audio_encoder.cpp.o
[7/45] Building CXX object CMakeFiles/streamify_native_core.dir/src/jni_bridge_audio_sinks.cpp.o
[8/45] Building CXX object CMakeFiles/streamify_native_core.dir/src/audio_sink_ringbuffer.cpp.o
[9/45] Building CXX object CMakeFiles/streamify_native_core.dir/palette/BitmapPalette.cc.o
In file included from /home/runner/work/streamify-apk/streamify-apk/native/palette/BitmapPalette.cc:5:
/home/runner/work/streamify-apk/streamify-apk/native/palette/BitmapPalette.h:110:14: warning: private field 'boxPop_' is not used [-Wunused-private-field]
    uint64_t boxPop_[kMaxSwatches + 1] = {};
             ^
1 warning generated.
ninja: build stopped: subcommand failed.

C++ build system [build] failed while executing:
    /usr/local/lib/android/sdk/cmake/3.22.1/bin/ninja \
      -C \
      /home/runner/work/streamify-apk/streamify-apk/app/.cxx/Debug/2v2o2f38/arm64-v8a \
      streamify_native_core
  from /home/runner/work/streamify-apk/streamify-apk/app
	at org.gradle.internal.UncheckedException.throwAsUncheckedException(UncheckedException.java:68)
	at org.gradle.internal.UncheckedException.throwAsUncheckedException(UncheckedException.java:41)
	at org.gradle.internal.reflect.JavaMethod.invoke(JavaMethod.java:128)
	at org.gradle.api.internal.project.taskfactory.StandardTaskAction.doExecute(StandardTaskAction.java:58)
	at org.gradle.api.internal.project.taskfactory.StandardTaskAction.execute(StandardTaskAction.java:51)
	at org.gradle.api.internal.project.taskfactory.StandardTaskAction.execute(StandardTaskAction.java:29)
	at org.gradle.api.internal.tasks.execution.TaskExecution$3.run(TaskExecution.java:244)
	at org.gradle.internal.operations.DefaultBuildOperationRunner$1.execute(DefaultBuildOperationRunner.java:29)
	at org.gradle.internal.operations.DefaultBuildOperationRunner$1.execute(DefaultBuildOperationRunner.java:26)
	at org.gradle.internal.operations.DefaultBuildOperationRunner$2.execute(DefaultBuildOperationRunner.java:66)
	at org.gradle.internal.operations.DefaultBuildOperationRunner$2.execute(DefaultBuildOperationRunner.java:59)
	at org.gradle.internal.operations.DefaultBuildOperationRunner.execute(DefaultBuildOperationRunner.java:157)
	at org.gradle.internal.operations.DefaultBuildOperationRunner.execute(DefaultBuildOperationRunner.java:59)
	at org.gradle.internal.operations.DefaultBuildOperationRunner.run(DefaultBuildOperationRunner.java:47)
	at org.gradle.internal.operations.DefaultBuildOperationExecutor.run(DefaultBuildOperationExecutor.java:68)
	at org.gradle.api.internal.tasks.execution.TaskExecution.executeAction(TaskExecution.java:229)
	at org.gradle.api.internal.tasks.execution.TaskExecution.executeActions(TaskExecution.java:212)
	at org.gradle.api.internal.tasks.execution.TaskExecution.executeWithPreviousOutputFiles(TaskExecution.java:195)
	at org.gradle.api.internal.tasks.execution.TaskExecution.execute(TaskExecution.java:162)
	at org.gradle.internal.execution.steps.ExecuteStep.executeInternal(ExecuteStep.java:105)
	at org.gradle.internal.execution.steps.ExecuteStep.access$000(ExecuteStep.java:44)
	at org.gradle.internal.execution.steps.ExecuteStep$1.call(ExecuteStep.java:59)
	at org.gradle.internal.execution.steps.ExecuteStep$1.call(ExecuteStep.java:56)
	at org.gradle.internal.operations.DefaultBuildOperationRunner$CallableBuildOperationWorker.execute(DefaultBuildOperationRunner.java:200)
	at org.gradle.internal.operations.DefaultBuildOperationRunner$CallableBuildOperationWorker.execute(DefaultBuildOperationRunner.java:195)
	at org.gradle.internal.operations.DefaultBuildOperationRunner$2.execute(DefaultBuildOperationRunner.java:66)
	at org.gradle.internal.operations.DefaultBuildOperationRunner$2.execute(DefaultBuildOperationRunner.java:59)
	at org.gradle.internal.operations.DefaultBuildOperationRunner.execute(DefaultBuildOperationRunner.java:157)
	at org.gradle.internal.operations.DefaultBuildOperationRunner.execute(DefaultBuildOperationRunner.java:59)
	at org.gradle.internal.operations.DefaultBuildOperationRunner.call(DefaultBuildOperationRunner.java:53)
	at org.gradle.internal.operations.DefaultBuildOperationExecutor.call(DefaultBuildOperationExecutor.java:73)
	at org.gradle.internal.execution.steps.ExecuteStep.execute(ExecuteStep.java:56)
	at org.gradle.internal.execution.steps.ExecuteStep.execute(ExecuteStep.java:44)
	at org.gradle.internal.execution.steps.CancelExecutionStep.execute(CancelExecutionStep.java:41)
	at org.gradle.internal.execution.steps.TimeoutStep.executeWithoutTimeout(TimeoutStep.java:74)
	at org.gradle.internal.execution.steps.TimeoutStep.execute(TimeoutStep.java:55)
	at org.gradle.internal.execution.steps.PreCreateOutputParentsStep.execute(PreCreateOutputParentsStep.java:50)
	at org.gradle.internal.execution.steps.PreCreateOutputParentsStep.execute(PreCreateOutputParentsStep.java:28)
	at org.gradle.internal.execution.steps.RemovePreviousOutputsStep.execute(RemovePreviousOutputsStep.java:67)
	at org.gradle.internal.execution.steps.RemovePreviousOutputsStep.execute(RemovePreviousOutputsStep.java:37)
	at org.gradle.internal.execution.steps.BroadcastChangingOutputsStep.execute(BroadcastChangingOutputsStep.java:61)
	at org.gradle.internal.execution.steps.BroadcastChangingOutputsStep.execute(BroadcastChangingOutputsStep.java:26)
	at org.gradle.internal.execution.steps.CaptureOutputsAfterExecutionStep.execute(CaptureOutputsAfterExecutionStep.java:67)
	at org.gradle.internal.execution.steps.CaptureOutputsAfterExecutionStep.execute(CaptureOutputsAfterExecutionStep.java:45)
	at org.gradle.internal.execution.steps.ResolveInputChangesStep.execute(ResolveInputChangesStep.java:40)
	at org.gradle.internal.execution.steps.ResolveInputChangesStep.execute(ResolveInputChangesStep.java:29)
	at org.gradle.internal.execution.steps.BuildCacheStep.executeWithoutCache(BuildCacheStep.java:189)
	at org.gradle.internal.execution.steps.BuildCacheStep.lambda$execute$1(BuildCacheStep.java:75)
	at org.gradle.internal.Either$Right.fold(Either.java:175)
	at org.gradle.internal.execution.caching.CachingState.fold(CachingState.java:62)
	at org.gradle.internal.execution.steps.BuildCacheStep.execute(BuildCacheStep.java:73)
	at org.gradle.internal.execution.steps.BuildCacheStep.execute(BuildCacheStep.java:48)
	at org.gradle.internal.execution.steps.StoreExecutionStateStep.execute(StoreExecutionStateStep.java:46)
	at org.gradle.internal.execution.steps.StoreExecutionStateStep.execute(StoreExecutionStateStep.java:35)
	at org.gradle.internal.execution.steps.SkipUpToDateStep.executeBecause(SkipUpToDateStep.java:76)
	at org.gradle.internal.execution.steps.SkipUpToDateStep.lambda$execute$2(SkipUpToDateStep.java:54)
	at org.gradle.internal.execution.steps.SkipUpToDateStep.execute(SkipUpToDateStep.java:54)
	at org.gradle.internal.execution.steps.SkipUpToDateStep.execute(SkipUpToDateStep.java:36)
	at org.gradle.internal.execution.steps.legacy.MarkSnapshottingInputsFinishedStep.execute(MarkSnapshottingInputsFinishedStep.java:37)
	at org.gradle.internal.execution.steps.legacy.MarkSnapshottingInputsFinishedStep.execute(MarkSnapshottingInputsFinishedStep.java:27)
	at org.gradle.internal.execution.steps.ResolveIncrementalCachingStateStep.executeDelegate(ResolveIncrementalCachingStateStep.java:49)
	at org.gradle.internal.execution.steps.ResolveIncrementalCachingStateStep.executeDelegate(ResolveIncrementalCachingStateStep.java:27)
	at org.gradle.internal.execution.steps.AbstractResolveCachingStateStep.execute(AbstractResolveCachingStateStep.java:71)
	at org.gradle.internal.execution.steps.AbstractResolveCachingStateStep.execute(AbstractResolveCachingStateStep.java:39)
	at org.gradle.internal.execution.steps.ResolveChangesStep.execute(ResolveChangesStep.java:65)
	at org.gradle.internal.execution.steps.ResolveChangesStep.execute(ResolveChangesStep.java:36)
	at org.gradle.internal.execution.steps.ValidateStep.execute(ValidateStep.java:106)
	at org.gradle.internal.execution.steps.ValidateStep.execute(ValidateStep.java:55)
	at org.gradle.internal.execution.steps.AbstractCaptureStateBeforeExecutionStep.execute(AbstractCaptureStateBeforeExecutionStep.java:64)
	at org.gradle.internal.execution.steps.AbstractCaptureStateBeforeExecutionStep.execute(AbstractCaptureStateBeforeExecutionStep.java:43)
	at org.gradle.internal.execution.steps.AbstractSkipEmptyWorkStep.executeWithNonEmptySources(AbstractSkipEmptyWorkStep.java:125)
	at org.gradle.internal.execution.steps.AbstractSkipEmptyWorkStep.execute(AbstractSkipEmptyWorkStep.java:56)
	at org.gradle.internal.execution.steps.AbstractSkipEmptyWorkStep.execute(AbstractSkipEmptyWorkStep.java:36)
	at org.gradle.internal.execution.steps.legacy.MarkSnapshottingInputsStartedStep.execute(MarkSnapshottingInputsStartedStep.java:38)
	at org.gradle.internal.execution.steps.LoadPreviousExecutionStateStep.execute(LoadPreviousExecutionStateStep.java:36)
	at org.gradle.internal.execution.steps.LoadPreviousExecutionStateStep.execute(LoadPreviousExecutionStateStep.java:23)
	at org.gradle.internal.execution.steps.HandleStaleOutputsStep.execute(HandleStaleOutputsStep.java:75)
	at org.gradle.internal.execution.steps.HandleStaleOutputsStep.execute(HandleStaleOutputsStep.java:41)
	at org.gradle.internal.execution.steps.AssignMutableWorkspaceStep.lambda$execute$0(AssignMutableWorkspaceStep.java:35)
	at org.gradle.api.internal.tasks.execution.TaskExecution$4.withWorkspace(TaskExecution.java:289)
	at org.gradle.internal.execution.steps.AssignMutableWorkspaceStep.execute(AssignMutableWorkspaceStep.java:31)
	at org.gradle.internal.execution.steps.AssignMutableWorkspaceStep.execute(AssignMutableWorkspaceStep.java:22)
	at org.gradle.internal.execution.steps.ChoosePipelineStep.execute(ChoosePipelineStep.java:40)
	at org.gradle.internal.execution.steps.ChoosePipelineStep.execute(ChoosePipelineStep.java:23)
	at org.gradle.internal.execution.steps.ExecuteWorkBuildOperationFiringStep.lambda$execute$2(ExecuteWorkBuildOperationFiringStep.java:67)
	at org.gradle.internal.execution.steps.ExecuteWorkBuildOperationFiringStep.execute(ExecuteWorkBuildOperationFiringStep.java:67)
	at org.gradle.internal.execution.steps.ExecuteWorkBuildOperationFiringStep.execute(ExecuteWorkBuildOperationFiringStep.java:39)
	at org.gradle.internal.execution.steps.IdentityCacheStep.execute(IdentityCacheStep.java:46)
	at org.gradle.internal.execution.steps.IdentityCacheStep.execute(IdentityCacheStep.java:34)
	at org.gradle.internal.execution.steps.IdentifyStep.execute(IdentifyStep.java:48)
	at org.gradle.internal.execution.steps.IdentifyStep.execute(IdentifyStep.java:35)
	at org.gradle.internal.execution.impl.DefaultExecutionEngine$1.execute(DefaultExecutionEngine.java:61)
	at org.gradle.api.internal.tasks.execution.ExecuteActionsTaskExecuter.executeIfValid(ExecuteActionsTaskExecuter.java:127)
	at org.gradle.api.internal.tasks.execution.ExecuteActionsTaskExecuter.execute(ExecuteActionsTaskExecuter.java:116)
	at org.gradle.api.internal.tasks.execution.FinalizePropertiesTaskExecuter.execute(FinalizePropertiesTaskExecuter.java:46)
	at org.gradle.api.internal.tasks.execution.ResolveTaskExecutionModeExecuter.execute(ResolveTaskExecutionModeExecuter.java:51)
	at org.gradle.api.internal.tasks.execution.SkipTaskWithNoActionsExecuter.execute(SkipTaskWithNoActionsExecuter.java:57)
	at org.gradle.api.internal.tasks.execution.SkipOnlyIfTaskExecuter.execute(SkipOnlyIfTaskExecuter.java:74)
	at org.gradle.api.internal.tasks.execution.CatchExceptionTaskExecuter.execute(CatchExceptionTaskExecuter.java:36)
	at org.gradle.api.internal.tasks.execution.EventFiringTaskExecuter$1.executeTask(EventFiringTaskExecuter.java:77)
	at org.gradle.api.internal.tasks.execution.EventFiringTaskExecuter$1.call(EventFiringTaskExecuter.java:55)
	at org.gradle.api.internal.tasks.execution.EventFiringTaskExecuter$1.call(EventFiringTaskExecuter.java:52)
	at org.gradle.internal.operations.DefaultBuildOperationRunner$CallableBuildOperationWorker.execute(DefaultBuildOperationRunner.java:200)
	at org.gradle.internal.operations.DefaultBuildOperationRunner$CallableBuildOperationWorker.execute(DefaultBuildOperationRunner.java:195)
	at org.gradle.internal.operations.DefaultBuildOperationRunner$2.execute(DefaultBuildOperationRunner.java:66)
	at org.gradle.internal.operations.DefaultBuildOperationRunner$2.execute(DefaultBuildOperationRunner.java:59)
	at org.gradle.internal.operations.DefaultBuildOperationRunner.execute(DefaultBuildOperationRunner.java:157)
	at org.gradle.internal.operations.DefaultBuildOperationRunner.execute(DefaultBuildOperationRunner.java:59)
	at org.gradle.internal.operations.DefaultBuildOperationRunner.call(DefaultBuildOperationRunner.java:53)
	at org.gradle.internal.operations.DefaultBuildOperationExecutor.call(DefaultBuildOperationExecutor.java:73)
	at org.gradle.api.internal.tasks.execution.EventFiringTaskExecuter.execute(EventFiringTaskExecuter.java:52)
	at org.gradle.execution.plan.LocalTaskNodeExecutor.execute(LocalTaskNodeExecutor.java:42)
	at org.gradle.execution.taskgraph.DefaultTaskExecutionGraph$InvokeNodeExecutorsAction.execute(DefaultTaskExecutionGraph.java:331)
	at org.gradle.execution.taskgraph.DefaultTaskExecutionGraph$InvokeNodeExecutorsAction.execute(DefaultTaskExecutionGraph.java:318)
	at org.gradle.execution.taskgraph.DefaultTaskExecutionGraph$BuildOperationAwareExecutionAction.lambda$execute$0(DefaultTaskExecutionGraph.java:314)
	at org.gradle.internal.operations.CurrentBuildOperationRef.with(CurrentBuildOperationRef.java:80)
	at org.gradle.execution.taskgraph.DefaultTaskExecutionGraph$BuildOperationAwareExecutionAction.execute(DefaultTaskExecutionGraph.java:314)
	at org.gradle.execution.taskgraph.DefaultTaskExecutionGraph$BuildOperationAwareExecutionAction.execute(DefaultTaskExecutionGraph.java:303)
	at org.gradle.execution.plan.DefaultPlanExecutor$ExecutorWorker.execute(DefaultPlanExecutor.java:463)
	at org.gradle.execution.plan.DefaultPlanExecutor$ExecutorWorker.run(DefaultPlanExecutor.java:380)
	at org.gradle.internal.concurrent.ExecutorPolicy$CatchAndRecordFailures.onExecute(ExecutorPolicy.java:64)
	at org.gradle.internal.concurrent.AbstractManagedExecutor$1.run(AbstractManagedExecutor.java:47)
Caused by: com.android.ide.common.process.ProcessException: ninja: Entering directory `/home/runner/work/streamify-apk/streamify-apk/app/.cxx/Debug/2v2o2f38/arm64-v8a'
[1/45] Building CXX object CMakeFiles/streamify_native_core.dir/src/jni_bridge_frame_palette.cpp.o
[2/45] Building CXX object CMakeFiles/streamify_native_core.dir/src/streamify_frame_palette.cpp.o
[3/45] Building CXX object CMakeFiles/streamify_native_core.dir/src/frame_pacer_monitor.cpp.o
[4/45] Building CXX object CMakeFiles/streamify_native_core.dir/src/palette_extractor_simd.cpp.o
FAILED: CMakeFiles/streamify_native_core.dir/src/palette_extractor_simd.cpp.o 
/usr/local/lib/android/sdk/ndk/25.1.8937393/toolchains/llvm/prebuilt/linux-x86_64/bin/clang++ --target=aarch64-none-linux-android26 --sysroot=/usr/local/lib/android/sdk/ndk/25.1.8937393/toolchains/llvm/prebuilt/linux-x86_64/sysroot -Dstreamify_native_core_EXPORTS -I/home/runner/work/streamify-apk/streamify-apk/native/agsl -I/home/runner/work/streamify-apk/streamify-apk/native/audio -I/home/runner/work/streamify-apk/streamify-apk/native/dsp -I/home/runner/work/streamify-apk/streamify-apk/native/dsp/kissfft -I/home/runner/work/streamify-apk/streamify-apk/native/engine -I/home/runner/work/streamify-apk/streamify-apk/native/include -I/home/runner/work/streamify-apk/streamify-apk/native/ingest -I/home/runner/work/streamify-apk/streamify-apk/native/jni -I/home/runner/work/streamify-apk/streamify-apk/native/math -I/home/runner/work/streamify-apk/streamify-apk/native/palette -I/home/runner/work/streamify-apk/streamify-apk/native/src -I/home/runner/work/streamify-apk/streamify-apk/native/util -I/home/runner/work/streamify-apk/streamify-apk/native/video -I/home/runner/work/streamify-apk/streamify-apk/native/third_party/sqlite3 -g -DANDROID -fdata-sections -ffunction-sections -funwind-tables -fstack-protector-strong -no-canonical-prefixes -D_FORTIFY_SOURCE=2 -Wformat -Werror=format-security  -std=c++20 -O3 -flto -O3 -ffast-math -flto -fvisibility=hidden -Wall -Wextra -march=armv8-a+simd+crypto -fno-limit-debug-info  -fPIC -std=c++20 -MD -MT CMakeFiles/streamify_native_core.dir/src/palette_extractor_simd.cpp.o -MF CMakeFiles/streamify_native_core.dir/src/palette_extractor_simd.cpp.o.d -o CMakeFiles/streamify_native_core.dir/src/palette_extractor_simd.cpp.o -c /home/runner/work/streamify-apk/streamify-apk/native/src/palette_extractor_simd.cpp
/home/runner/work/streamify-apk/streamify-apk/native/src/palette_extractor_simd.cpp:413:29: error: no member named 'bit_width' in namespace 'std'
        ++bucket_count[std::bit_width(pop) - 1];  // floor(log2(pop))
                       ~~~~~^
/home/runner/work/streamify-apk/streamify-apk/native/src/palette_extractor_simd.cpp:446:49: error: no member named 'bit_width' in namespace 'std'
            const int b = static_cast<int>(std::bit_width(pop)) - 1;
                                           ~~~~~^
2 errors generated.
[5/45] Building CXX object CMakeFiles/streamify_native_core.dir/math/CandidateHasher.cc.o
[6/45] Building CXX object CMakeFiles/streamify_native_core.dir/src/wear_audio_encoder.cpp.o
[7/45] Building CXX object CMakeFiles/streamify_native_core.dir/src/jni_bridge_audio_sinks.cpp.o
[8/45] Building CXX object CMakeFiles/streamify_native_core.dir/src/audio_sink_ringbuffer.cpp.o
[9/45] Building CXX object CMakeFiles/streamify_native_core.dir/palette/BitmapPalette.cc.o
In file included from /home/runner/work/streamify-apk/streamify-apk/native/palette/BitmapPalette.cc:5:
/home/runner/work/streamify-apk/streamify-apk/native/palette/BitmapPalette.h:110:14: warning: private field 'boxPop_' is not used [-Wunused-private-field]
    uint64_t boxPop_[kMaxSwatches + 1] = {};
             ^
1 warning generated.
ninja: build stopped: subcommand failed.

C++ build system [build] failed while executing:
    /usr/local/lib/android/sdk/cmake/3.22.1/bin/ninja \
      -C \
      /home/runner/work/streamify-apk/streamify-apk/app/.cxx/Debug/2v2o2f38/arm64-v8a \
      streamify_native_core
  from /home/runner/work/streamify-apk/streamify-apk/app
	at com.android.build.gradle.internal.cxx.process.ExecuteProcessKt.execute(ExecuteProcess.kt:288)
	at com.android.build.gradle.internal.cxx.process.ExecuteProcessKt$executeProcess$1.invoke(ExecuteProcess.kt:108)
	at com.android.build.gradle.internal.cxx.process.ExecuteProcessKt$executeProcess$1.invoke(ExecuteProcess.kt:106)
	at com.android.build.gradle.internal.cxx.timing.TimingEnvironmentKt.time(TimingEnvironment.kt:32)
	at com.android.build.gradle.internal.cxx.process.ExecuteProcessKt.executeProcess(ExecuteProcess.kt:106)
	at com.android.build.gradle.internal.cxx.process.ExecuteProcessKt.executeProcess$default(ExecuteProcess.kt:85)
	at com.android.build.gradle.internal.cxx.build.CxxRegularBuilder.executeProcessBatch(CxxRegularBuilder.kt:332)
	at com.android.build.gradle.internal.cxx.build.CxxRegularBuilder.build(CxxRegularBuilder.kt:129)
	at com.android.build.gradle.tasks.ExternalNativeBuildTask$doTaskAction$$inlined$recordTaskAction$1.invoke(BaseTask.kt:70)
	at com.android.build.gradle.internal.tasks.Blocks.recordSpan(Blocks.java:51)
	at com.android.build.gradle.tasks.ExternalNativeBuildTask.doTaskAction(ExternalNativeBuildTask.kt:145)
	at com.android.build.gradle.internal.tasks.UnsafeOutputsTask$taskAction$$inlined$recordTaskAction$1.invoke(BaseTask.kt:65)
	at com.android.build.gradle.internal.tasks.Blocks.recordSpan(Blocks.java:51)
	at com.android.build.gradle.internal.tasks.UnsafeOutputsTask.taskAction(UnsafeOutputsTask.kt:63)
	at java.base/jdk.internal.reflect.NativeMethodAccessorImpl.invoke0(Native Method)
	at java.base/jdk.internal.reflect.NativeMethodAccessorImpl.invoke(NativeMethodAccessorImpl.java:77)
	at java.base/jdk.internal.reflect.DelegatingMethodAccessorImpl.invoke(DelegatingMethodAccessorImpl.java:43)
	at org.gradle.internal.reflect.JavaMethod.invoke(JavaMethod.java:125)
	... 119 more
Caused by: com.android.ide.common.process.ProcessException: Error while executing process /usr/local/lib/android/sdk/cmake/3.22.1/bin/ninja with arguments {-C /home/runner/work/streamify-apk/streamify-apk/app/.cxx/Debug/2v2o2f38/arm64-v8a streamify_native_core}
	at com.android.build.gradle.internal.process.GradleProcessResult.buildProcessException(GradleProcessResult.java:73)
	at com.android.build.gradle.internal.process.GradleProcessResult.assertNormalExitValue(GradleProcessResult.java:48)
	at com.android.build.gradle.internal.cxx.process.ExecuteProcessKt.execute(ExecuteProcess.kt:277)
	... 136 more
Caused by: org.gradle.process.internal.ExecException: Process 'command '/usr/local/lib/android/sdk/cmake/3.22.1/bin/ninja'' finished with non-zero exit value 1
	at org.gradle.process.internal.DefaultExecHandle$ExecResultImpl.assertNormalExitValue(DefaultExecHandle.java:442)
	at com.android.build.gradle.internal.process.GradleProcessResult.assertNormalExitValue(GradleProcessResult.java:46)
	... 137 more


BUILD FAILED in 6m 47s
27 actionable tasks: 26 executed, 1 up-to-date
