openjdk version "17.0.20" 2026-07-21
OpenJDK Runtime Environment Temurin-17.0.20+8 (build 17.0.20+8)
OpenJDK 64-Bit Server VM Temurin-17.0.20+8 (build 17.0.20+8, mixed mode, sharing)
Downloading https://services.gradle.org/distributions/gradle-8.7-bin.zip
...............................................................................................................................
Unzipping /home/runner/.gradle/wrapper/dists/gradle-8.7-bin/bhs2wmbdwecv87pi65oeuq5iu/gradle-8.7-bin.zip to /home/runner/.gradle/wrapper/dists/gradle-8.7-bin/bhs2wmbdwecv87pi65oeuq5iu
Set executable permissions for: /home/runner/.gradle/wrapper/dists/gradle-8.7-bin/bhs2wmbdwecv87pi65oeuq5iu/gradle-8.7/bin/gradle

Welcome to Gradle 8.7!

Here are the highlights of this release:
 - Compiling and testing with Java 22
 - Cacheable Groovy script compilation
 - New methods in lazy collection properties

For more details see https://docs.gradle.org/8.7/release-notes.html

Starting a Gradle Daemon (subsequent builds will be faster)

> Configure project :app
This version only understands SDK XML versions up to 3 but an SDK XML file of version 4 was encountered. This can happen if you use versions of Android Studio and the command-line tools that were released at different times.
Checking the license for package NDK (Side by side) 25.1.8937393 in /usr/local/lib/android/sdk/licenses
License for package NDK (Side by side) 25.1.8937393 accepted.
Preparing "Install NDK (Side by side) 25.1.8937393 v.25.1.8937393".
"Install NDK (Side by side) 25.1.8937393 v.25.1.8937393" ready.
Installing NDK (Side by side) 25.1.8937393 in /usr/local/lib/android/sdk/ndk/25.1.8937393
"Install NDK (Side by side) 25.1.8937393 v.25.1.8937393" complete.
"Install NDK (Side by side) 25.1.8937393 v.25.1.8937393" finished.

> Task :app:cargoBuildRust
    Building arm64-v8a (aarch64-linux-android)
[1m[92m    Updating[0m crates.io index
[1m[92m Downloading[0m crates ...
[1m[92m  Downloaded[0m http-body v1.1.0
[1m[92m  Downloaded[0m adler2 v2.0.1
[1m[92m  Downloaded[0m cfg-if v1.0.4
[1m[92m  Downloaded[0m futures-core v0.3.34
[1m[92m  Downloaded[0m atomic-waker v1.1.2
[1m[92m  Downloaded[0m hex v0.4.3
[1m[92m  Downloaded[0m lofty_attr v0.11.1
[1m[92m  Downloaded[0m same-file v1.0.6
[1m[92m  Downloaded[0m digest v0.10.7
[1m[92m  Downloaded[0m getrandom v0.4.3
[1m[92m  Downloaded[0m pkg-config v0.3.34
[1m[92m  Downloaded[0m idna_adapter v1.2.2
[1m[92m  Downloaded[0m ogg_pager v0.6.1
[1m[92m  Downloaded[0m smallvec v1.15.2
[1m[92m  Downloaded[0m base64 v0.22.1
[1m[92m  Downloaded[0m hyper v1.11.0
[1m[92m  Downloaded[0m ahash v0.8.12
[1m[92m  Downloaded[0m proc-macro2 v1.0.107
[1m[92m  Downloaded[0m sha2 v0.10.9
[1m[92m  Downloaded[0m hyper-util v0.1.20
[1m[92m  Downloaded[0m serde_urlencoded v0.7.1
[1m[92m  Downloaded[0m bitflags v2.13.1
[1m[92m  Downloaded[0m icu_properties_data v2.3.0
[1m[92m  Downloaded[0m memchr v2.8.3
[1m[92m  Downloaded[0m quinn-proto v0.11.17
[1m[92m  Downloaded[0m regex v1.13.1
[1m[92m  Downloaded[0m shlex v2.0.1
[1m[92m  Downloaded[0m slab v0.4.12
[1m[92m  Downloaded[0m aho-corasick v1.1.5
[1m[92m  Downloaded[0m serde_json v1.0.151
[1m[92m  Downloaded[0m simd-adler32 v0.3.10
[1m[92m  Downloaded[0m tower-layer v0.3.3
[1m[92m  Downloaded[0m want v0.3.1
[1m[92m  Downloaded[0m byteorder v1.5.0
[1m[92m  Downloaded[0m sha1 v0.10.7
[1m[92m  Downloaded[0m chacha20 v0.10.1
[1m[92m  Downloaded[0m thiserror v2.0.20
[1m[92m  Downloaded[0m crypto-common v0.1.7
[1m[92m  Downloaded[0m thiserror-impl v2.0.20
[1m[92m  Downloaded[0m zerotrie v0.2.5
[1m[92m  Downloaded[0m untrusted v0.9.0
[1m[92m  Downloaded[0m zeroize v1.9.0
[1m[92m  Downloaded[0m cpufeatures v0.3.0
[1m[92m  Downloaded[0m hashbrown v0.14.5
[1m[92m  Downloaded[0m tokio-macros v2.7.2
[1m[92m  Downloaded[0m tower-service v0.3.3
[1m[92m  Downloaded[0m yoke-derive v0.8.2
[1m[92m  Downloaded[0m subtle v2.6.1
[1m[92m  Downloaded[0m webpki-roots v0.26.11
[1m[92m  Downloaded[0m tinystr v0.8.4
[1m[92m  Downloaded[0m tinyvec_macros v0.1.1
[1m[92m  Downloaded[0m try-lock v0.2.5
[1m[92m  Downloaded[0m walkdir v2.5.0
[1m[92m  Downloaded[0m zerofrom v0.1.8
[1m[92m  Downloaded[0m zerofrom-derive v0.1.7
[1m[92m  Downloaded[0m combine v4.6.7
[1m[92m  Downloaded[0m cpufeatures v0.2.17
[1m[92m  Downloaded[0m hmac v0.12.1
[1m[92m  Downloaded[0m tokio-rustls v0.26.4
[1m[92m  Downloaded[0m tracing-core v0.1.36
[1m[92m  Downloaded[0m zerovec-derive v0.11.5
[1m[92m  Downloaded[0m getrandom v0.2.17
[1m[92m  Downloaded[0m hashlink v0.9.1
[1m[92m  Downloaded[0m http v1.5.0
[1m[92m  Downloaded[0m http-body-util v0.1.5
[1m[92m  Downloaded[0m sync_wrapper v1.0.2
[1m[92m  Downloaded[0m writeable v0.6.4
[1m[92m  Downloaded[0m flate2 v1.1.9
[1m[92m  Downloaded[0m data-encoding v2.11.1
[1m[92m  Downloaded[0m urlencoding v2.1.3
[1m[92m  Downloaded[0m yoke v0.8.3
[1m[92m  Downloaded[0m zmij v1.0.23
[1m[92m  Downloaded[0m rustc-hash v2.1.3
[1m[92m  Downloaded[0m socket2 v0.6.5
[1m[92m  Downloaded[0m stable_deref_trait v1.2.1
[1m[92m  Downloaded[0m httparse v1.10.1
[1m[92m  Downloaded[0m icu_properties v2.3.0
[1m[92m  Downloaded[0m serde_derive v1.0.229
[1m[92m  Downloaded[0m tinyvec v1.12.0
[1m[92m  Downloaded[0m cfg_aliases v0.2.2
[1m[92m  Downloaded[0m litemap v0.8.3
[1m[92m  Downloaded[0m log v0.4.33
[1m[92m  Downloaded[0m rustls v0.23.43
[1m[92m  Downloaded[0m unicode-ident v1.0.24
[1m[92m  Downloaded[0m cesu8 v1.1.0
[1m[92m  Downloaded[0m tower v0.5.3
[1m[92m  Downloaded[0m url v2.5.8
[1m[92m  Downloaded[0m lru-slab v0.1.2
[1m[92m  Downloaded[0m rand_pcg v0.10.2
[1m[92m  Downloaded[0m tower-http v0.6.11
[1m[92m  Downloaded[0m zerovec v0.11.7
[1m[92m  Downloaded[0m typenum v1.20.1
[1m[92m  Downloaded[0m ureq v2.12.1
[1m[92m  Downloaded[0m zerocopy v0.8.56
[1m[92m  Downloaded[0m fallible-streaming-iterator v0.1.9
[1m[92m  Downloaded[0m potential_utf v0.1.6
[1m[92m  Downloaded[0m webpki-roots v1.0.9
[1m[92m  Downloaded[0m percent-encoding v2.3.2
[1m[92m  Downloaded[0m quinn-udp v0.5.15
[1m[92m  Downloaded[0m vcpkg v0.2.15
[1m[92m  Downloaded[0m syn v3.0.3
[1m[92m  Downloaded[0m syn v2.0.119
[1m[92m  Downloaded[0m block-buffer v0.10.4
[1m[92m  Downloaded[0m itoa v1.0.18
[1m[92m  Downloaded[0m jni-sys-macros v0.4.1
[1m[92m  Downloaded[0m tracing v0.1.44
[1m[92m  Downloaded[0m jni-sys v0.4.1
[1m[92m  Downloaded[0m paste v1.0.15
[1m[92m  Downloaded[0m form_urlencoded v1.2.2
[1m[92m  Downloaded[0m futures-channel v0.3.34
[1m[92m  Downloaded[0m find-msvc-tools v0.1.11
[1m[92m  Downloaded[0m generic-array v0.14.7
[1m[92m  Downloaded[0m crc32fast v1.5.0
[1m[92m  Downloaded[0m fallible-iterator v0.3.0
[1m[92m  Downloaded[0m hyper-rustls v0.27.9
[1m[92m  Downloaded[0m ipnet v2.12.1
[1m[92m  Downloaded[0m pin-project-lite v0.2.17
[1m[92m  Downloaded[0m rand_core v0.10.1
[1m[92m  Downloaded[0m bytes v1.12.1
[1m[92m  Downloaded[0m displaydoc v0.2.7
[1m[92m  Downloaded[0m futures-task v0.3.34
[1m[92m  Downloaded[0m icu_normalizer_data v2.3.0
[1m[92m  Downloaded[0m once_cell v1.21.4
[1m[92m  Downloaded[0m quote v1.0.47
[1m[92m  Downloaded[0m reqwest v0.12.28
[1m[92m  Downloaded[0m rustls-pki-types v1.15.1
[1m[92m  Downloaded[0m rustls-webpki v0.103.14
[1m[92m  Downloaded[0m ryu v1.0.23
[1m[92m  Downloaded[0m icu_collections v2.3.0
[1m[92m  Downloaded[0m icu_provider v2.3.0
[1m[92m  Downloaded[0m jni-sys v0.3.1
[1m[92m  Downloaded[0m rand v0.10.2
[1m[92m  Downloaded[0m serde_core v1.0.229
[1m[92m  Downloaded[0m icu_locale_core v2.3.0
[1m[92m  Downloaded[0m miniz_oxide v0.8.9
[1m[92m  Downloaded[0m quinn v0.11.11
[1m[92m  Downloaded[0m serde v1.0.229
[1m[92m  Downloaded[0m jni v0.21.1
[1m[92m  Downloaded[0m mio v1.2.2
[1m[92m  Downloaded[0m rusqlite v0.31.0
[1m[92m  Downloaded[0m cc v1.4.3
[1m[92m  Downloaded[0m idna v1.1.0
[1m[92m  Downloaded[0m futures-util v0.3.34
[1m[92m  Downloaded[0m lofty v0.21.1
[1m[92m  Downloaded[0m tokio v1.53.1
[1m[92m  Downloaded[0m regex-syntax v0.8.11
[1m[92m  Downloaded[0m icu_normalizer v2.3.0
[1m[92m  Downloaded[0m regex-automata v0.4.18
[1m[92m  Downloaded[0m libc v0.2.189
[1m[92m  Downloaded[0m ring v0.17.14
[1m[92m  Downloaded[0m libsqlite3-sys v0.28.0
[1m[92m   Compiling[0m proc-macro2 v1.0.107
[1m[92m   Compiling[0m quote v1.0.47
[1m[92m   Compiling[0m unicode-ident v1.0.24
[1m[92m   Compiling[0m libc v0.2.189
[1m[92m   Compiling[0m cfg-if v1.0.4
[1m[92m   Compiling[0m stable_deref_trait v1.2.1
[1m[92m   Compiling[0m find-msvc-tools v0.1.11
[1m[92m   Compiling[0m shlex v2.0.1
[1m[92m   Compiling[0m version_check v0.9.5
[1m[92m   Compiling[0m cc v1.4.3
[1m[92m   Compiling[0m bytes v1.12.1
[1m[92m   Compiling[0m once_cell v1.21.4
[1m[92m   Compiling[0m syn v2.0.119
[1m[92m   Compiling[0m syn v3.0.3
[1m[92m   Compiling[0m itoa v1.0.18
[1m[92m   Compiling[0m pin-project-lite v0.2.17
[1m[92m   Compiling[0m smallvec v1.15.2
[1m[92m   Compiling[0m litemap v0.8.3
[1m[92m   Compiling[0m writeable v0.6.4
[1m[92m   Compiling[0m futures-core v0.3.34
[1m[92m   Compiling[0m ring v0.17.14
[1m[92m   Compiling[0m icu_properties_data v2.3.0
[1m[92m   Compiling[0m utf8_iter v1.0.4
[1m[92m   Compiling[0m icu_normalizer_data v2.3.0
[1m[92m   Compiling[0m zeroize v1.9.0
[1m[92m   Compiling[0m subtle v2.6.1
[1m[92m   Compiling[0m rustls-pki-types v1.15.1
[1m[92m   Compiling[0m mio v1.2.2
[1m[92m   Compiling[0m socket2 v0.6.5
[1m[92m   Compiling[0m synstructure v0.13.2
[1m[92m   Compiling[0m generic-array v0.14.7
[1m[92m   Compiling[0m zerovec-derive v0.11.5
[1m[92m   Compiling[0m displaydoc v0.2.7
[1m[92m   Compiling[0m zerofrom-derive v0.1.7
[1m[92m   Compiling[0m yoke-derive v0.8.2
[1m[92m   Compiling[0m tokio-macros v2.7.2
[1m[92m   Compiling[0m memchr v2.8.3
[1m[92m   Compiling[0m percent-encoding v2.3.2
[1m[92m   Compiling[0m zerofrom v0.1.8
[1m[92m   Compiling[0m tokio v1.53.1
[1m[92m   Compiling[0m yoke v0.8.3
[1m[92m   Compiling[0m zerovec v0.11.7
[1m[92m   Compiling[0m zerotrie v0.2.5
[1m[92m   Compiling[0m tinystr v0.8.4
[1m[92m   Compiling[0m potential_utf v0.1.6
[1m[92m   Compiling[0m icu_locale_core v2.3.0
[1m[92m   Compiling[0m icu_collections v2.3.0
[1m[92m   Compiling[0m http v1.5.0
[1m[92m   Compiling[0m icu_provider v2.3.0
[1m[92m   Compiling[0m getrandom v0.2.17
[1m[92m   Compiling[0m log v0.4.33
[1m[92m   Compiling[0m typenum v1.20.1
[1m[92m   Compiling[0m untrusted v0.9.0
[1m[92m   Compiling[0m serde_core v1.0.229
[1m[92m   Compiling[0m icu_properties v2.3.0
[1m[92m   Compiling[0m icu_normalizer v2.3.0
[1m[92m   Compiling[0m http-body v1.1.0
[1m[92m   Compiling[0m slab v0.4.12
[1m[92m   Compiling[0m rustls v0.23.43
[1m[92m   Compiling[0m httparse v1.10.1
[1m[92m   Compiling[0m futures-task v0.3.34
[1m[92m   Compiling[0m zerocopy v0.8.56
[1m[92m   Compiling[0m futures-util v0.3.34
[1m[92m   Compiling[0m idna_adapter v1.2.2
[1m[92m   Compiling[0m rustls-webpki v0.103.14
[1m[92m   Compiling[0m form_urlencoded v1.2.2
[1m[92m   Compiling[0m ahash v0.8.12
[1m[92m   Compiling[0m serde v1.0.229
[1m[92m   Compiling[0m zmij v1.0.23
[1m[92m   Compiling[0m try-lock v0.2.5
[1m[92m   Compiling[0m tower-service v0.3.3
[1m[92m   Compiling[0m crc32fast v1.5.0
[1m[92m   Compiling[0m want v0.3.1
[1m[92m   Compiling[0m idna v1.1.0
[1m[92m   Compiling[0m block-buffer v0.10.4
[1m[92m   Compiling[0m crypto-common v0.1.7
[1m[92m   Compiling[0m serde_derive v1.0.229
[1m[92m   Compiling[0m webpki-roots v1.0.9
[1m[92m   Compiling[0m futures-channel v0.3.34
[1m[92m   Compiling[0m tracing-core v0.1.36
[1m[92m   Compiling[0m pkg-config v0.3.34
[1m[92m   Compiling[0m serde_json v1.0.151
[1m[92m   Compiling[0m simd-adler32 v0.3.10
[1m[92m   Compiling[0m vcpkg v0.2.15
[1m[92m   Compiling[0m base64 v0.22.1
[1m[92m   Compiling[0m atomic-waker v1.1.2
[1m[92m   Compiling[0m adler2 v2.0.1
[1m[92m   Compiling[0m miniz_oxide v0.8.9
[1m[92m   Compiling[0m hyper v1.11.0
[1m[92m   Compiling[0m libsqlite3-sys v0.28.0
[1m[92m   Compiling[0m tracing v0.1.44
[1m[92m   Compiling[0m digest v0.10.7
[1m[92m   Compiling[0m url v2.5.8
[1m[92m   Compiling[0m jni-sys-macros v0.4.1
[1m[92m   Compiling[0m sync_wrapper v1.0.2
[1m[92m   Compiling[0m bitflags v2.13.1
[1m[92m   Compiling[0m paste v1.0.15
[1m[92m   Compiling[0m ipnet v2.12.1
[1m[92m   Compiling[0m thiserror v1.0.69
[1m[92m   Compiling[0m jni-sys v0.3.1
[1m[92m   Compiling[0m tower-layer v0.3.3
[1m[92m   Compiling[0m tower v0.5.3
[1m[92m   Compiling[0m hyper-util v0.1.20
[1m[92m   Compiling[0m jni-sys v0.4.1
[1m[92m   Compiling[0m flate2 v1.1.9
[1m[92m   Compiling[0m hashbrown v0.14.5
[1m[92m   Compiling[0m tokio-rustls v0.26.4
[1m[92m   Compiling[0m aho-corasick v1.1.5
[1m[92m   Compiling[0m thiserror-impl v1.0.69
[1m[92m   Compiling[0m cpufeatures v0.2.17
[1m[92m   Compiling[0m byteorder v1.5.0
[1m[92m   Compiling[0m ryu v1.0.23
[1m[92m   Compiling[0m regex-syntax v0.8.11
[1m[92m   Compiling[0m regex-automata v0.4.18
[1m[92m   Compiling[0m serde_urlencoded v0.7.1
[1m[92m   Compiling[0m ogg_pager v0.6.1
[1m[92m   Compiling[0m hashlink v0.9.1
[1m[92m   Compiling[0m hyper-rustls v0.27.9
[1m[92m   Compiling[0m tower-http v0.6.11
[1m[92m   Compiling[0m webpki-roots v0.26.11
[1m[92m   Compiling[0m http-body-util v0.1.5
[1m[92m   Compiling[0m combine v4.6.7
[1m[92m   Compiling[0m lofty_attr v0.11.1
[1m[92m   Compiling[0m data-encoding v2.11.1
[1m[92m   Compiling[0m fallible-iterator v0.3.0
[1m[92m   Compiling[0m cesu8 v1.1.0
[1m[92m   Compiling[0m fallible-streaming-iterator v0.1.9
[1m[92m   Compiling[0m jni v0.21.1
[1m[92m   Compiling[0m lofty v0.21.1
[1m[92m   Compiling[0m reqwest v0.12.28
[1m[92m   Compiling[0m ureq v2.12.1
[1m[92m   Compiling[0m regex v1.13.1
[1m[92m   Compiling[0m sha1 v0.10.7
[1m[92m   Compiling[0m sha2 v0.10.9
[1m[92m   Compiling[0m hmac v0.12.1
[1m[92m   Compiling[0m strsim v0.11.1
[1m[92m   Compiling[0m urlencoding v2.1.3
[1m[92m   Compiling[0m hex v0.4.3
[1m[92m   Compiling[0m rusqlite v0.31.0
[1m[92m   Compiling[0m streamify_core_rs v1.0.0 (/home/runner/work/streamify-apk/streamify-apk/rust)
[1m[33mwarning[0m[1m: unnecessary parentheses around assigned value[0m
  [1m[94m--> [0msrc/continuum_engine.rs:99:35
   [1m[94m|[0m
[1m[94m99[0m [1m[94m|[0m                 let pseudo_rand = ((i as f32 * 17.31 + state.session_track_idx as f32 * 7.13).sin().abs());
   [1m[94m|[0m                                   [1m[33m^[0m                                                                      [1m[33m^[0m
   [1m[94m|[0m
   [1m[94m= [0m[1mnote[0m: `#[warn(unused_parens)]` (part of `#[warn(unused)]`) on by default
[1m[96mhelp[0m: remove these parentheses
   [1m[94m|[0m
[1m[94m99[0m [91m- [0m                let pseudo_rand = [91m([0m(i as f32 * 17.31 + state.session_track_idx as f32 * 7.13).sin().abs()[91m)[0m;
[1m[94m99[0m [92m+ [0m                let pseudo_rand = (i as f32 * 17.31 + state.session_track_idx as f32 * 7.13).sin().abs();
   [1m[94m|[0m

[1m[33mwarning[0m[1m: unused imports: `SeekFrom` and `Seek`[0m
 [1m[94m--> [0msrc/downloader.rs:3:21
  [1m[94m|[0m
[1m[94m3[0m [1m[94m|[0m use std::io::{Read, Seek, SeekFrom, Write};
  [1m[94m|[0m                     [1m[33m^^^^[0m  [1m[33m^^^^^^^^[0m
  [1m[94m|[0m
  [1m[94m= [0m[1mnote[0m: `#[warn(unused_imports)]` (part of `#[warn(unused)]`) on by default

[1m[91merror[0m[1m: invalid suffix `jlong` for number literal[0m
   [1m[94m--> [0msrc/jni_bridge.rs:736:20
    [1m[94m|[0m
[1m[94m736[0m [1m[94m|[0m             return 0jlong;
    [1m[94m|[0m                    [1m[91m^^^^^^[0m [1m[91minvalid suffix `jlong`[0m
    [1m[94m|[0m
    [1m[94m= [0m[1mhelp[0m: the suffix must be one of the numeric types (`u32`, `isize`, `f32`, etc.)

[1m[91merror[0m[1m: invalid suffix `jlong` for number literal[0m
   [1m[94m--> [0msrc/jni_bridge.rs:740:30
    [1m[94m|[0m
[1m[94m740[0m [1m[94m|[0m             Err(_) => return 0jlong,
    [1m[94m|[0m                              [1m[91m^^^^^^[0m [1m[91minvalid suffix `jlong`[0m
    [1m[94m|[0m
    [1m[94m= [0m[1mhelp[0m: the suffix must be one of the numeric types (`u32`, `isize`, `f32`, etc.)

[1m[91merror[0m[1m: invalid suffix `jlong` for number literal[0m
   [1m[94m--> [0msrc/jni_bridge.rs:744:20
    [1m[94m|[0m
[1m[94m744[0m [1m[94m|[0m             return 0jlong;
    [1m[94m|[0m                    [1m[91m^^^^^^[0m [1m[91minvalid suffix `jlong`[0m
    [1m[94m|[0m
    [1m[94m= [0m[1mhelp[0m: the suffix must be one of the numeric types (`u32`, `isize`, `f32`, etc.)

[1m[91merror[E0599][0m[1m: no method named `unwrap_or` found for raw pointer `*mut ContinuumState` in the current scope[0m
    [1m[94m--> [0msrc/jni_bridge.rs:1042:10
     [1m[94m|[0m
[1m[94m1040[0m [1m[94m|[0m       catch_unwind(AssertUnwindSafe(|| unsafe { crate::continuum_engine::init_continuum_state() }))
     [1m[94m|[0m       [1m[94m---------------------------------------------------------------------------------------------[0m
     [1m[94m|[0m       [1m[94m|[0m
     [1m[94m|[0m [1m[94m _____method `unwrap_or` is available on `Result<*mut ContinuumState, Box<(dyn Any + Send + 'static)>>`[0m
     [1m[94m|[0m [1m[94m|[0m
[1m[94m1041[0m [1m[94m|[0m [1m[94m|[0m     .unwrap_or(std::ptr::null_mut())
[1m[94m1042[0m [1m[94m|[0m [1m[94m|[0m         .unwrap_or(0) as jlong
     [1m[94m|[0m [1m[94m|[0m         [1m[94m-[0m[1m[91m^^^^^^^^^[0m [1m[91mmethod not found in `*mut ContinuumState`[0m
     [1m[94m|[0m [1m[94m|_________|[0m
     [1m[94m|[0m

[1m[33mwarning[0m[1m: variable does not need to be mutable[0m
  [1m[94m--> [0msrc/dsp.rs:53:14
   [1m[94m|[0m
[1m[94m53[0m [1m[94m|[0m         let (mut b0, mut b1, mut b2, mut a0, mut a1, mut a2) = match filter_type {
   [1m[94m|[0m              [1m[94m----[0m[1m[33m^^[0m
   [1m[94m|[0m              [1m[94m|[0m
   [1m[94m|[0m              [1m[94mhelp: remove this `mut`[0m
   [1m[94m|[0m
   [1m[94m= [0m[1mnote[0m: `#[warn(unused_mut)]` (part of `#[warn(unused)]`) on by default

[1m[33mwarning[0m[1m: variable does not need to be mutable[0m
  [1m[94m--> [0msrc/dsp.rs:53:22
   [1m[94m|[0m
[1m[94m53[0m [1m[94m|[0m         let (mut b0, mut b1, mut b2, mut a0, mut a1, mut a2) = match filter_type {
   [1m[94m|[0m                      [1m[94m----[0m[1m[33m^^[0m
   [1m[94m|[0m                      [1m[94m|[0m
   [1m[94m|[0m                      [1m[94mhelp: remove this `mut`[0m

[1m[33mwarning[0m[1m: variable does not need to be mutable[0m
  [1m[94m--> [0msrc/dsp.rs:53:30
   [1m[94m|[0m
[1m[94m53[0m [1m[94m|[0m         let (mut b0, mut b1, mut b2, mut a0, mut a1, mut a2) = match filter_type {
   [1m[94m|[0m                              [1m[94m----[0m[1m[33m^^[0m
   [1m[94m|[0m                              [1m[94m|[0m
   [1m[94m|[0m                              [1m[94mhelp: remove this `mut`[0m

[1m[33mwarning[0m[1m: variable does not need to be mutable[0m
  [1m[94m--> [0msrc/dsp.rs:53:38
   [1m[94m|[0m
[1m[94m53[0m [1m[94m|[0m         let (mut b0, mut b1, mut b2, mut a0, mut a1, mut a2) = match filter_type {
   [1m[94m|[0m                                      [1m[94m----[0m[1m[33m^^[0m
   [1m[94m|[0m                                      [1m[94m|[0m
   [1m[94m|[0m                                      [1m[94mhelp: remove this `mut`[0m

[1m[33mwarning[0m[1m: variable does not need to be mutable[0m
  [1m[94m--> [0msrc/dsp.rs:53:46
   [1m[94m|[0m
[1m[94m53[0m [1m[94m|[0m         let (mut b0, mut b1, mut b2, mut a0, mut a1, mut a2) = match filter_type {
   [1m[94m|[0m                                              [1m[94m----[0m[1m[33m^^[0m
   [1m[94m|[0m                                              [1m[94m|[0m
   [1m[94m|[0m                                              [1m[94mhelp: remove this `mut`[0m

[1m[33mwarning[0m[1m: variable does not need to be mutable[0m
  [1m[94m--> [0msrc/dsp.rs:53:54
   [1m[94m|[0m
[1m[94m53[0m [1m[94m|[0m         let (mut b0, mut b1, mut b2, mut a0, mut a1, mut a2) = match filter_type {
   [1m[94m|[0m                                                      [1m[94m----[0m[1m[33m^^[0m
   [1m[94m|[0m                                                      [1m[94m|[0m
   [1m[94m|[0m                                                      [1m[94mhelp: remove this `mut`[0m

[1m[33mwarning[0m[1m: variable does not need to be mutable[0m
   [1m[94m--> [0msrc/jni_bridge.rs:450:5
    [1m[94m|[0m
[1m[94m450[0m [1m[94m|[0m     mut env: JNIEnv,
    [1m[94m|[0m     [1m[94m----[0m[1m[33m^^^[0m
    [1m[94m|[0m     [1m[94m|[0m
    [1m[94m|[0m     [1m[94mhelp: remove this `mut`[0m

[1m[33mwarning[0m[1m: variable does not need to be mutable[0m
   [1m[94m--> [0msrc/jni_bridge.rs:573:5
    [1m[94m|[0m
[1m[94m573[0m [1m[94m|[0m     mut env: JNIEnv,
    [1m[94m|[0m     [1m[94m----[0m[1m[33m^^^[0m
    [1m[94m|[0m     [1m[94m|[0m
    [1m[94m|[0m     [1m[94mhelp: remove this `mut`[0m

[1m[33mwarning[0m[1m: variable does not need to be mutable[0m
   [1m[94m--> [0msrc/jni_bridge.rs:905:5
    [1m[94m|[0m
[1m[94m905[0m [1m[94m|[0m     mut env: JNIEnv,
    [1m[94m|[0m     [1m[94m----[0m[1m[33m^^^[0m
    [1m[94m|[0m     [1m[94m|[0m
    [1m[94m|[0m     [1m[94mhelp: remove this `mut`[0m

[1m[33mwarning[0m[1m: variable does not need to be mutable[0m
   [1m[94m--> [0msrc/jni_bridge.rs:943:5
    [1m[94m|[0m
[1m[94m943[0m [1m[94m|[0m     mut env: JNIEnv,
    [1m[94m|[0m     [1m[94m----[0m[1m[33m^^^[0m
    [1m[94m|[0m     [1m[94m|[0m
    [1m[94m|[0m     [1m[94mhelp: remove this `mut`[0m

[1m[33mwarning[0m[1m: unused variable: `contents_path`[0m
  [1m[94m--> [0msrc/playlist_parser.rs:48:13
   [1m[94m|[0m
[1m[94m48[0m [1m[94m|[0m         let contents_path = if root.pointer("/continuationContents").is_some() {
   [1m[94m|[0m             [1m[33m^^^^^^^^^^^^^[0m [1m[33mhelp: if this is intentional, prefix it with an underscore: `_contents_path`[0m
   [1m[94m|[0m
   [1m[94m= [0m[1mnote[0m: `#[warn(unused_variables)]` (part of `#[warn(unused)]`) on by default

[1m[91merror[0m[1m: lifetime may not live long enough[0m
   [1m[94m--> [0msrc/resolver.rs:310:21
    [1m[94m|[0m
[1m[94m305[0m [1m[94m|[0m fn collect_list_item_renderers(node: &Value, out: &mut Vec<&Value>) {
    [1m[94m|[0m                                      [1m[94m-[0m                     [1m[94m-[0m [1m[94mlet's call the lifetime of this reference `'2`[0m
    [1m[94m|[0m                                      [1m[94m|[0m
    [1m[94m|[0m                                      [1m[94mlet's call the lifetime of this reference `'1`[0m
[1m[94m...[0m
[1m[94m310[0m [1m[94m|[0m                     out.push(value);
    [1m[94m|[0m                     [1m[91m^^^^^^^^^^^^^^^[0m [1m[91margument requires that `'1` must outlive `'2`[0m
    [1m[94m|[0m
    [1m[94m= [0m[1mnote[0m: requirement occurs because of a mutable reference to `Vec<&serde_json::Value>`
    [1m[94m= [0m[1mnote[0m: mutable references are invariant over their type parameter
    [1m[94m= [0m[1mhelp[0m: see <https://doc.rust-lang.org/nomicon/subtyping.html> for more information about variance
[1m[96mhelp[0m: consider introducing a named lifetime parameter
    [1m[94m|[0m
[1m[94m305[0m [1m[94m| [0mfn collect_list_item_renderers[92m<'a>[0m(node: &[92m'a [0mValue, out: &mut Vec<&[92m'a [0mValue>) {
    [1m[94m|[0m                               [92m++++[0m        [92m++[0m                       [92m++[0m

[1mFor more information about this error, try `rustc --explain E0599`.[0m
[1m[33mwarning[0m: `streamify_core_rs` (lib) generated 13 warnings
[1m[91merror[0m: could not compile `streamify_core_rs` (lib) due to 5 previous errors; 13 warnings emitted
note: If the build failed due to a missing target, you can run this command:
note: 
note:     rustup target install aarch64-linux-android

> Task :app:cargoBuildRust FAILED

FAILURE: Build failed with an exception.

* What went wrong:
Execution failed for task ':app:cargoBuildRust'.
> Process 'command 'cargo'' finished with non-zero exit value 101

* Try:
> Run with --info or --debug option to get more log output.
> Run with --scan to get full insights.
> Get more help at https://help.gradle.org.

* Exception is:
org.gradle.api.tasks.TaskExecutionException: Execution failed for task ':app:cargoBuildRust'.
	at org.gradle.api.internal.tasks.execution.ExecuteActionsTaskExecuter.lambda$executeIfValid$1(ExecuteActionsTaskExecuter.java:130)
	at org.gradle.internal.Try$Failure.ifSuccessfulOrElse(Try.java:282)
	at org.gradle.api.internal.tasks.execution.ExecuteActionsTaskExecuter.executeIfValid(ExecuteActionsTaskExecuter.java:128)
	at org.gradle.api.internal.tasks.execution.ExecuteActionsTaskExecuter.execute(ExecuteActionsTaskExecuter.java:116)
	at org.gradle.api.internal.tasks.execution.FinalizePropertiesTaskExecuter.execute(FinalizePropertiesTaskExecuter.java:46)
	at org.gradle.api.internal.tasks.execution.ResolveTaskExecutionModeExecuter.execute(ResolveTaskExecutionModeExecuter.java:51)
	at org.gradle.api.internal.tasks.execution.SkipTaskWithNoActionsExecuter.execute(SkipTaskWithNoActionsExecuter.java:57)
	at org.gradle.api.internal.tasks.execution.SkipOnlyIfTaskExecuter.execute(SkipOnlyIfTaskExecuter.java:74)
	at org.gradle.api.internal.tasks.execution.CatchExceptionTaskExecuter.execute(CatchExceptionTaskExecuter.java:36)
	at org.gradle.api.internal.tasks.execution.EventFiringTaskExecuter$1.executeTask(EventFiringTaskExecuter.java:77)
	at org.gradle.api.internal.tasks.execution.EventFiringTaskExecuter$1.call(EventFiringTaskExecuter.java:55)
	at org.gradle.api.internal.tasks.execution.EventFiringTaskExecuter$1.call(EventFiringTaskExecuter.java:52)
	at org.gradle.internal.operations.DefaultBuildOperationRunner$CallableBuildOperationWorker.execute(DefaultBuildOperationRunner.java:200)
	at org.gradle.internal.operations.DefaultBuildOperationRunner$CallableBuildOperationWorker.execute(DefaultBuildOperationRunner.java:195)
	at org.gradle.internal.operations.DefaultBuildOperationRunner$2.execute(DefaultBuildOperationRunner.java:66)
	at org.gradle.internal.operations.DefaultBuildOperationRunner$2.execute(DefaultBuildOperationRunner.java:59)
	at org.gradle.internal.operations.DefaultBuildOperationRunner.execute(DefaultBuildOperationRunner.java:157)
	at org.gradle.internal.operations.DefaultBuildOperationRunner.execute(DefaultBuildOperationRunner.java:59)
	at org.gradle.internal.operations.DefaultBuildOperationRunner.call(DefaultBuildOperationRunner.java:53)
	at org.gradle.internal.operations.DefaultBuildOperationExecutor.call(DefaultBuildOperationExecutor.java:73)
	at org.gradle.api.internal.tasks.execution.EventFiringTaskExecuter.execute(EventFiringTaskExecuter.java:52)
	at org.gradle.execution.plan.LocalTaskNodeExecutor.execute(LocalTaskNodeExecutor.java:42)
	at org.gradle.execution.taskgraph.DefaultTaskExecutionGraph$InvokeNodeExecutorsAction.execute(DefaultTaskExecutionGraph.java:331)
	at org.gradle.execution.taskgraph.DefaultTaskExecutionGraph$InvokeNodeExecutorsAction.execute(DefaultTaskExecutionGraph.java:318)
	at org.gradle.execution.taskgraph.DefaultTaskExecutionGraph$BuildOperationAwareExecutionAction.lambda$execute$0(DefaultTaskExecutionGraph.java:314)
	at org.gradle.internal.operations.CurrentBuildOperationRef.with(CurrentBuildOperationRef.java:80)
	at org.gradle.execution.taskgraph.DefaultTaskExecutionGraph$BuildOperationAwareExecutionAction.execute(DefaultTaskExecutionGraph.java:314)
	at org.gradle.execution.taskgraph.DefaultTaskExecutionGraph$BuildOperationAwareExecutionAction.execute(DefaultTaskExecutionGraph.java:303)
	at org.gradle.execution.plan.DefaultPlanExecutor$ExecutorWorker.execute(DefaultPlanExecutor.java:463)
	at org.gradle.execution.plan.DefaultPlanExecutor$ExecutorWorker.run(DefaultPlanExecutor.java:380)
	at org.gradle.execution.plan.DefaultPlanExecutor.process(DefaultPlanExecutor.java:116)
	at org.gradle.execution.taskgraph.DefaultTaskExecutionGraph.executeWithServices(DefaultTaskExecutionGraph.java:138)
	at org.gradle.execution.taskgraph.DefaultTaskExecutionGraph.execute(DefaultTaskExecutionGraph.java:123)
	at org.gradle.execution.SelectedTaskExecutionAction.execute(SelectedTaskExecutionAction.java:35)
	at org.gradle.execution.DryRunBuildExecutionAction.execute(DryRunBuildExecutionAction.java:51)
	at org.gradle.execution.BuildOperationFiringBuildWorkerExecutor$ExecuteTasks.call(BuildOperationFiringBuildWorkerExecutor.java:54)
	at org.gradle.execution.BuildOperationFiringBuildWorkerExecutor$ExecuteTasks.call(BuildOperationFiringBuildWorkerExecutor.java:43)
	at org.gradle.internal.operations.DefaultBuildOperationRunner$CallableBuildOperationWorker.execute(DefaultBuildOperationRunner.java:200)
	at org.gradle.internal.operations.DefaultBuildOperationRunner$CallableBuildOperationWorker.execute(DefaultBuildOperationRunner.java:195)
	at org.gradle.internal.operations.DefaultBuildOperationRunner$2.execute(DefaultBuildOperationRunner.java:66)
	at org.gradle.internal.operations.DefaultBuildOperationRunner$2.execute(DefaultBuildOperationRunner.java:59)
	at org.gradle.internal.operations.DefaultBuildOperationRunner.execute(DefaultBuildOperationRunner.java:157)
	at org.gradle.internal.operations.DefaultBuildOperationRunner.execute(DefaultBuildOperationRunner.java:59)
	at org.gradle.internal.operations.DefaultBuildOperationRunner.call(DefaultBuildOperationRunner.java:53)
	at org.gradle.internal.operations.DefaultBuildOperationExecutor.call(DefaultBuildOperationExecutor.java:73)
	at org.gradle.execution.BuildOperationFiringBuildWorkerExecutor.execute(BuildOperationFiringBuildWorkerExecutor.java:40)
	at org.gradle.internal.build.DefaultBuildLifecycleController.lambda$executeTasks$10(DefaultBuildLifecycleController.java:313)
	at org.gradle.internal.model.StateTransitionController.doTransition(StateTransitionController.java:266)
	at org.gradle.internal.model.StateTransitionController.lambda$tryTransition$8(StateTransitionController.java:177)
	at org.gradle.internal.work.DefaultSynchronizer.withLock(DefaultSynchronizer.java:44)
	at org.gradle.internal.model.StateTransitionController.tryTransition(StateTransitionController.java:177)
	at org.gradle.internal.build.DefaultBuildLifecycleController.executeTasks(DefaultBuildLifecycleController.java:304)
	at org.gradle.internal.build.DefaultBuildWorkGraphController$DefaultBuildWorkGraph.runWork(DefaultBuildWorkGraphController.java:220)
	at org.gradle.internal.work.DefaultWorkerLeaseService.withLocks(DefaultWorkerLeaseService.java:264)
	at org.gradle.internal.work.DefaultWorkerLeaseService.runAsWorkerThread(DefaultWorkerLeaseService.java:128)
	at org.gradle.composite.internal.DefaultBuildController.doRun(DefaultBuildController.java:181)
	at org.gradle.composite.internal.DefaultBuildController.access$000(DefaultBuildController.java:50)
	at org.gradle.composite.internal.DefaultBuildController$BuildOpRunnable.lambda$run$0(DefaultBuildController.java:198)
	at org.gradle.internal.operations.CurrentBuildOperationRef.with(CurrentBuildOperationRef.java:80)
	at org.gradle.composite.internal.DefaultBuildController$BuildOpRunnable.run(DefaultBuildController.java:198)
	at org.gradle.internal.concurrent.ExecutorPolicy$CatchAndRecordFailures.onExecute(ExecutorPolicy.java:64)
	at org.gradle.internal.concurrent.AbstractManagedExecutor$1.run(AbstractManagedExecutor.java:47)
Caused by: org.gradle.process.internal.ExecException: Process 'command 'cargo'' finished with non-zero exit value 101
	at org.gradle.process.internal.DefaultExecHandle$ExecResultImpl.assertNormalExitValue(DefaultExecHandle.java:442)
	at org.gradle.process.internal.DefaultExecAction.execute(DefaultExecAction.java:38)
	at org.gradle.api.tasks.AbstractExecTask.exec(AbstractExecTask.java:71)
	at java.base/jdk.internal.reflect.NativeMethodAccessorImpl.invoke0(Native Method)
	at java.base/jdk.internal.reflect.NativeMethodAccessorImpl.invoke(NativeMethodAccessorImpl.java:77)
	at java.base/jdk.internal.reflect.DelegatingMethodAccessorImpl.invoke(DelegatingMethodAccessorImpl.java:43)
	at org.gradle.internal.reflect.JavaMethod.invoke(JavaMethod.java:125)
	at org.gradle.api.internal.project.taskfactory.StandardTaskAction.doExecute(StandardTaskAction.java:58)
	at org.gradle.api.internal.project.taskfactory.StandardTaskAction.execute(StandardTaskAction.java:51)
	at org.gradle.api.internal.project.taskfactory.StandardTaskAction.execute(StandardTaskAction.java:29)
	at org.gradle.api.internal.tasks.execution.TaskExecution$3.run(TaskExecution.java:244)
	at org.gradle.internal.operations.DefaultBuildOperationRunner$1.execute(DefaultBuildOperationRunner.java:29)
	at org.gradle.internal.operations.DefaultBuildOperationRunner$1.execute(DefaultBuildOperationRunner.java:26)
	at org.gradle.internal.operations.DefaultBuildOperationRunner$2.execute(DefaultBuildOperationRunner.java:66)
	at org.gradle.internal.operations.DefaultBuildOperationRunner$2.execute(DefaultBuildOperationRunner.java:59)
	at org.gradle.internal.operations.DefaultBuildOperationRunner.execute(DefaultBuildOperationRunner.java:157)
	at org.gradle.internal.operations.DefaultBuildOperationRunner.execute(DefaultBuildOperationRunner.java:59)
	at org.gradle.internal.operations.DefaultBuildOperationRunner.run(DefaultBuildOperationRunner.java:47)
	at org.gradle.internal.operations.DefaultBuildOperationExecutor.run(DefaultBuildOperationExecutor.java:68)
	at org.gradle.api.internal.tasks.execution.TaskExecution.executeAction(TaskExecution.java:229)
	at org.gradle.api.internal.tasks.execution.TaskExecution.executeActions(TaskExecution.java:212)
	at org.gradle.api.internal.tasks.execution.TaskExecution.executeWithPreviousOutputFiles(TaskExecution.java:195)
	at org.gradle.api.internal.tasks.execution.TaskExecution.execute(TaskExecution.java:162)
	at org.gradle.internal.execution.steps.ExecuteStep.executeInternal(ExecuteStep.java:105)
	at org.gradle.internal.execution.steps.ExecuteStep.access$000(ExecuteStep.java:44)
	at org.gradle.internal.execution.steps.ExecuteStep$1.call(ExecuteStep.java:59)
	at org.gradle.internal.execution.steps.ExecuteStep$1.call(ExecuteStep.java:56)
	at org.gradle.internal.operations.DefaultBuildOperationRunner$CallableBuildOperationWorker.execute(DefaultBuildOperationRunner.java:200)
	at org.gradle.internal.operations.DefaultBuildOperationRunner$CallableBuildOperationWorker.execute(DefaultBuildOperationRunner.java:195)
	at org.gradle.internal.operations.DefaultBuildOperationRunner$2.execute(DefaultBuildOperationRunner.java:66)
	at org.gradle.internal.operations.DefaultBuildOperationRunner$2.execute(DefaultBuildOperationRunner.java:59)
	at org.gradle.internal.operations.DefaultBuildOperationRunner.execute(DefaultBuildOperationRunner.java:157)
	at org.gradle.internal.operations.DefaultBuildOperationRunner.execute(DefaultBuildOperationRunner.java:59)
	at org.gradle.internal.operations.DefaultBuildOperationRunner.call(DefaultBuildOperationRunner.java:53)
	at org.gradle.internal.operations.DefaultBuildOperationExecutor.call(DefaultBuildOperationExecutor.java:73)
	at org.gradle.internal.execution.steps.ExecuteStep.execute(ExecuteStep.java:56)
	at org.gradle.internal.execution.steps.ExecuteStep.execute(ExecuteStep.java:44)
	at org.gradle.internal.execution.steps.CancelExecutionStep.execute(CancelExecutionStep.java:41)
	at org.gradle.internal.execution.steps.TimeoutStep.executeWithoutTimeout(TimeoutStep.java:74)
	at org.gradle.internal.execution.steps.TimeoutStep.execute(TimeoutStep.java:55)
	at org.gradle.internal.execution.steps.PreCreateOutputParentsStep.execute(PreCreateOutputParentsStep.java:50)
	at org.gradle.internal.execution.steps.PreCreateOutputParentsStep.execute(PreCreateOutputParentsStep.java:28)
	at org.gradle.internal.execution.steps.RemovePreviousOutputsStep.execute(RemovePreviousOutputsStep.java:67)
	at org.gradle.internal.execution.steps.RemovePreviousOutputsStep.execute(RemovePreviousOutputsStep.java:37)
	at org.gradle.internal.execution.steps.BroadcastChangingOutputsStep.execute(BroadcastChangingOutputsStep.java:61)
	at org.gradle.internal.execution.steps.BroadcastChangingOutputsStep.execute(BroadcastChangingOutputsStep.java:26)
	at org.gradle.internal.execution.steps.CaptureOutputsAfterExecutionStep.execute(CaptureOutputsAfterExecutionStep.java:67)
	at org.gradle.internal.execution.steps.CaptureOutputsAfterExecutionStep.execute(CaptureOutputsAfterExecutionStep.java:45)
	at org.gradle.internal.execution.steps.ResolveInputChangesStep.execute(ResolveInputChangesStep.java:40)
	at org.gradle.internal.execution.steps.ResolveInputChangesStep.execute(ResolveInputChangesStep.java:29)
	at org.gradle.internal.execution.steps.BuildCacheStep.executeWithoutCache(BuildCacheStep.java:189)
	at org.gradle.internal.execution.steps.BuildCacheStep.lambda$execute$1(BuildCacheStep.java:75)
	at org.gradle.internal.Either$Right.fold(Either.java:175)
	at org.gradle.internal.execution.caching.CachingState.fold(CachingState.java:62)
	at org.gradle.internal.execution.steps.BuildCacheStep.execute(BuildCacheStep.java:73)
	at org.gradle.internal.execution.steps.BuildCacheStep.execute(BuildCacheStep.java:48)
	at org.gradle.internal.execution.steps.StoreExecutionStateStep.execute(StoreExecutionStateStep.java:46)
	at org.gradle.internal.execution.steps.StoreExecutionStateStep.execute(StoreExecutionStateStep.java:35)
	at org.gradle.internal.execution.steps.SkipUpToDateStep.executeBecause(SkipUpToDateStep.java:76)
	at org.gradle.internal.execution.steps.SkipUpToDateStep.lambda$execute$2(SkipUpToDateStep.java:54)
	at org.gradle.internal.execution.steps.SkipUpToDateStep.execute(SkipUpToDateStep.java:54)
	at org.gradle.internal.execution.steps.SkipUpToDateStep.execute(SkipUpToDateStep.java:36)
	at org.gradle.internal.execution.steps.legacy.MarkSnapshottingInputsFinishedStep.execute(MarkSnapshottingInputsFinishedStep.java:37)
	at org.gradle.internal.execution.steps.legacy.MarkSnapshottingInputsFinishedStep.execute(MarkSnapshottingInputsFinishedStep.java:27)
	at org.gradle.internal.execution.steps.ResolveIncrementalCachingStateStep.executeDelegate(ResolveIncrementalCachingStateStep.java:49)
	at org.gradle.internal.execution.steps.ResolveIncrementalCachingStateStep.executeDelegate(ResolveIncrementalCachingStateStep.java:27)
	at org.gradle.internal.execution.steps.AbstractResolveCachingStateStep.execute(AbstractResolveCachingStateStep.java:71)
	at org.gradle.internal.execution.steps.AbstractResolveCachingStateStep.execute(AbstractResolveCachingStateStep.java:39)
	at org.gradle.internal.execution.steps.ResolveChangesStep.execute(ResolveChangesStep.java:65)
	at org.gradle.internal.execution.steps.ResolveChangesStep.execute(ResolveChangesStep.java:36)
	at org.gradle.internal.execution.steps.ValidateStep.execute(ValidateStep.java:106)
	at org.gradle.internal.execution.steps.ValidateStep.execute(ValidateStep.java:55)
	at org.gradle.internal.execution.steps.AbstractCaptureStateBeforeExecutionStep.execute(AbstractCaptureStateBeforeExecutionStep.java:64)
	at org.gradle.internal.execution.steps.AbstractCaptureStateBeforeExecutionStep.execute(AbstractCaptureStateBeforeExecutionStep.java:43)
	at org.gradle.internal.execution.steps.AbstractSkipEmptyWorkStep.executeWithNonEmptySources(AbstractSkipEmptyWorkStep.java:125)
	at org.gradle.internal.execution.steps.AbstractSkipEmptyWorkStep.execute(AbstractSkipEmptyWorkStep.java:56)
	at org.gradle.internal.execution.steps.AbstractSkipEmptyWorkStep.execute(AbstractSkipEmptyWorkStep.java:36)
	at org.gradle.internal.execution.steps.legacy.MarkSnapshottingInputsStartedStep.execute(MarkSnapshottingInputsStartedStep.java:38)
	at org.gradle.internal.execution.steps.LoadPreviousExecutionStateStep.execute(LoadPreviousExecutionStateStep.java:36)
	at org.gradle.internal.execution.steps.LoadPreviousExecutionStateStep.execute(LoadPreviousExecutionStateStep.java:23)
	at org.gradle.internal.execution.steps.HandleStaleOutputsStep.execute(HandleStaleOutputsStep.java:75)
	at org.gradle.internal.execution.steps.HandleStaleOutputsStep.execute(HandleStaleOutputsStep.java:41)
	at org.gradle.internal.execution.steps.AssignMutableWorkspaceStep.lambda$execute$0(AssignMutableWorkspaceStep.java:35)
	at org.gradle.api.internal.tasks.execution.TaskExecution$4.withWorkspace(TaskExecution.java:289)
	at org.gradle.internal.execution.steps.AssignMutableWorkspaceStep.execute(AssignMutableWorkspaceStep.java:31)
	at org.gradle.internal.execution.steps.AssignMutableWorkspaceStep.execute(AssignMutableWorkspaceStep.java:22)
	at org.gradle.internal.execution.steps.ChoosePipelineStep.execute(ChoosePipelineStep.java:40)
	at org.gradle.internal.execution.steps.ChoosePipelineStep.execute(ChoosePipelineStep.java:23)
	at org.gradle.internal.execution.steps.ExecuteWorkBuildOperationFiringStep.lambda$execute$2(ExecuteWorkBuildOperationFiringStep.java:67)
	at org.gradle.internal.execution.steps.ExecuteWorkBuildOperationFiringStep.execute(ExecuteWorkBuildOperationFiringStep.java:67)
	at org.gradle.internal.execution.steps.ExecuteWorkBuildOperationFiringStep.execute(ExecuteWorkBuildOperationFiringStep.java:39)
	at org.gradle.internal.execution.steps.IdentityCacheStep.execute(IdentityCacheStep.java:46)
	at org.gradle.internal.execution.steps.IdentityCacheStep.execute(IdentityCacheStep.java:34)
	at org.gradle.internal.execution.steps.IdentifyStep.execute(IdentifyStep.java:48)
	at org.gradle.internal.execution.steps.IdentifyStep.execute(IdentifyStep.java:35)
	at org.gradle.internal.execution.impl.DefaultExecutionEngine$1.execute(DefaultExecutionEngine.java:61)
	at org.gradle.api.internal.tasks.execution.ExecuteActionsTaskExecuter.executeIfValid(ExecuteActionsTaskExecuter.java:127)
	at org.gradle.api.internal.tasks.execution.ExecuteActionsTaskExecuter.execute(ExecuteActionsTaskExecuter.java:116)
	at org.gradle.api.internal.tasks.execution.FinalizePropertiesTaskExecuter.execute(FinalizePropertiesTaskExecuter.java:46)
	at org.gradle.api.internal.tasks.execution.ResolveTaskExecutionModeExecuter.execute(ResolveTaskExecutionModeExecuter.java:51)
	at org.gradle.api.internal.tasks.execution.SkipTaskWithNoActionsExecuter.execute(SkipTaskWithNoActionsExecuter.java:57)
	at org.gradle.api.internal.tasks.execution.SkipOnlyIfTaskExecuter.execute(SkipOnlyIfTaskExecuter.java:74)
	at org.gradle.api.internal.tasks.execution.CatchExceptionTaskExecuter.execute(CatchExceptionTaskExecuter.java:36)
	at org.gradle.api.internal.tasks.execution.EventFiringTaskExecuter$1.executeTask(EventFiringTaskExecuter.java:77)
	at org.gradle.api.internal.tasks.execution.EventFiringTaskExecuter$1.call(EventFiringTaskExecuter.java:55)
	at org.gradle.api.internal.tasks.execution.EventFiringTaskExecuter$1.call(EventFiringTaskExecuter.java:52)
	at org.gradle.internal.operations.DefaultBuildOperationRunner$CallableBuildOperationWorker.execute(DefaultBuildOperationRunner.java:200)
	at org.gradle.internal.operations.DefaultBuildOperationRunner$CallableBuildOperationWorker.execute(DefaultBuildOperationRunner.java:195)
	at org.gradle.internal.operations.DefaultBuildOperationRunner$2.execute(DefaultBuildOperationRunner.java:66)
	at org.gradle.internal.operations.DefaultBuildOperationRunner$2.execute(DefaultBuildOperationRunner.java:59)
	at org.gradle.internal.operations.DefaultBuildOperationRunner.execute(DefaultBuildOperationRunner.java:157)
	at org.gradle.internal.operations.DefaultBuildOperationRunner.execute(DefaultBuildOperationRunner.java:59)
	at org.gradle.internal.operations.DefaultBuildOperationRunner.call(DefaultBuildOperationRunner.java:53)
	at org.gradle.internal.operations.DefaultBuildOperationExecutor.call(DefaultBuildOperationExecutor.java:73)
	at org.gradle.api.internal.tasks.execution.EventFiringTaskExecuter.execute(EventFiringTaskExecuter.java:52)
	at org.gradle.execution.plan.LocalTaskNodeExecutor.execute(LocalTaskNodeExecutor.java:42)
	at org.gradle.execution.taskgraph.DefaultTaskExecutionGraph$InvokeNodeExecutorsAction.execute(DefaultTaskExecutionGraph.java:331)
	at org.gradle.execution.taskgraph.DefaultTaskExecutionGraph$InvokeNodeExecutorsAction.execute(DefaultTaskExecutionGraph.java:318)
	at org.gradle.execution.taskgraph.DefaultTaskExecutionGraph$BuildOperationAwareExecutionAction.lambda$execute$0(DefaultTaskExecutionGraph.java:314)
	at org.gradle.internal.operations.CurrentBuildOperationRef.with(CurrentBuildOperationRef.java:80)
	at org.gradle.execution.taskgraph.DefaultTaskExecutionGraph$BuildOperationAwareExecutionAction.execute(DefaultTaskExecutionGraph.java:314)
	at org.gradle.execution.taskgraph.DefaultTaskExecutionGraph$BuildOperationAwareExecutionAction.execute(DefaultTaskExecutionGraph.java:303)
	at org.gradle.execution.plan.DefaultPlanExecutor$ExecutorWorker.execute(DefaultPlanExecutor.java:463)
	at org.gradle.execution.plan.DefaultPlanExecutor$ExecutorWorker.run(DefaultPlanExecutor.java:380)
	at org.gradle.execution.plan.DefaultPlanExecutor.process(DefaultPlanExecutor.java:116)
	at org.gradle.execution.taskgraph.DefaultTaskExecutionGraph.executeWithServices(DefaultTaskExecutionGraph.java:138)
	at org.gradle.execution.taskgraph.DefaultTaskExecutionGraph.execute(DefaultTaskExecutionGraph.java:123)
	at org.gradle.execution.SelectedTaskExecutionAction.execute(SelectedTaskExecutionAction.java:35)
	at org.gradle.execution.DryRunBuildExecutionAction.execute(DryRunBuildExecutionAction.java:51)
	at org.gradle.execution.BuildOperationFiringBuildWorkerExecutor$ExecuteTasks.call(BuildOperationFiringBuildWorkerExecutor.java:54)
	at org.gradle.execution.BuildOperationFiringBuildWorkerExecutor$ExecuteTasks.call(BuildOperationFiringBuildWorkerExecutor.java:43)
	at org.gradle.internal.operations.DefaultBuildOperationRunner$CallableBuildOperationWorker.execute(DefaultBuildOperationRunner.java:200)
	at org.gradle.internal.operations.DefaultBuildOperationRunner$CallableBuildOperationWorker.execute(DefaultBuildOperationRunner.java:195)
	at org.gradle.internal.operations.DefaultBuildOperationRunner$2.execute(DefaultBuildOperationRunner.java:66)
	at org.gradle.internal.operations.DefaultBuildOperationRunner$2.execute(DefaultBuildOperationRunner.java:59)
	at org.gradle.internal.operations.DefaultBuildOperationRunner.execute(DefaultBuildOperationRunner.java:157)
	at org.gradle.internal.operations.DefaultBuildOperationRunner.execute(DefaultBuildOperationRunner.java:59)
	at org.gradle.internal.operations.DefaultBuildOperationRunner.call(DefaultBuildOperationRunner.java:53)
	at org.gradle.internal.operations.DefaultBuildOperationExecutor.call(DefaultBuildOperationExecutor.java:73)
	at org.gradle.execution.BuildOperationFiringBuildWorkerExecutor.execute(BuildOperationFiringBuildWorkerExecutor.java:40)
	at org.gradle.internal.build.DefaultBuildLifecycleController.lambda$executeTasks$10(DefaultBuildLifecycleController.java:313)
	at org.gradle.internal.model.StateTransitionController.doTransition(StateTransitionController.java:266)
	at org.gradle.internal.model.StateTransitionController.lambda$tryTransition$8(StateTransitionController.java:177)
	at org.gradle.internal.work.DefaultSynchronizer.withLock(DefaultSynchronizer.java:44)
	at org.gradle.internal.model.StateTransitionController.tryTransition(StateTransitionController.java:177)
	at org.gradle.internal.build.DefaultBuildLifecycleController.executeTasks(DefaultBuildLifecycleController.java:304)
	at org.gradle.internal.build.DefaultBuildWorkGraphController$DefaultBuildWorkGraph.runWork(DefaultBuildWorkGraphController.java:220)
	at org.gradle.internal.work.DefaultWorkerLeaseService.withLocks(DefaultWorkerLeaseService.java:264)
	at org.gradle.internal.work.DefaultWorkerLeaseService.runAsWorkerThread(DefaultWorkerLeaseService.java:128)
	at org.gradle.composite.internal.DefaultBuildController.doRun(DefaultBuildController.java:181)
	at org.gradle.composite.internal.DefaultBuildController.access$000(DefaultBuildController.java:50)
	at org.gradle.composite.internal.DefaultBuildController$BuildOpRunnable.lambda$run$0(DefaultBuildController.java:198)
	at org.gradle.internal.operations.CurrentBuildOperationRef.with(CurrentBuildOperationRef.java:80)
	at org.gradle.composite.internal.DefaultBuildController$BuildOpRunnable.run(DefaultBuildController.java:198)
	at org.gradle.internal.concurrent.ExecutorPolicy$CatchAndRecordFailures.onExecute(ExecutorPolicy.java:64)
	at org.gradle.internal.concurrent.AbstractManagedExecutor$1.run(AbstractManagedExecutor.java:47)


BUILD FAILED in 2m 25s
1 actionable task: 1 executed
