openjdk version "17.0.20" 2026-07-21
OpenJDK Runtime Environment Temurin-17.0.20+8 (build 17.0.20+8)
OpenJDK 64-Bit Server VM Temurin-17.0.20+8 (build 17.0.20+8, mixed mode, sharing)
Downloading https://services.gradle.org/distributions/gradle-8.7-bin.zip
...............................................................................................................................
Unzipping /home/runner/.gradle/wrapper/dists/gradle-8.7-bin/bhs2wmbdwecv87pi65oeuq5iu/gradle-8.7-bin.zip to /home/runner/.gradle/wrapper/dists/gradle-8.7-bin/bhs2wmbdwecv87pi65oeuq5iu
Set executable permissions for: /home/runner/.gradle/wrapper/dists/gradle-8.7-bin/bhs2wmbdwecv87pi65oeuq5iu/gradle-8.7/bin/gradle

Welcome to Gradle 8.7!

Here are the highlights of this release:
 - Compiling and testing with Java 22
 - Cacheable Groovy script compilation
 - New methods in lazy collection properties

For more details see https://docs.gradle.org/8.7/release-notes.html

Starting a Gradle Daemon (subsequent builds will be faster)

> Configure project :app
This version only understands SDK XML versions up to 3 but an SDK XML file of version 4 was encountered. This can happen if you use versions of Android Studio and the command-line tools that were released at different times.
Checking the license for package NDK (Side by side) 25.1.8937393 in /usr/local/lib/android/sdk/licenses
License for package NDK (Side by side) 25.1.8937393 accepted.
Preparing "Install NDK (Side by side) 25.1.8937393 v.25.1.8937393".
"Install NDK (Side by side) 25.1.8937393 v.25.1.8937393" ready.
Installing NDK (Side by side) 25.1.8937393 in /usr/local/lib/android/sdk/ndk/25.1.8937393
"Install NDK (Side by side) 25.1.8937393 v.25.1.8937393" complete.
"Install NDK (Side by side) 25.1.8937393 v.25.1.8937393" finished.

> Task :app:preBuild UP-TO-DATE
> Task :app:preDebugBuild UP-TO-DATE
> Task :app:mergeDebugNativeDebugMetadata NO-SOURCE
> Task :app:checkKotlinGradlePluginConfigurationErrors
> Task :app:generateDebugBuildConfig
> Task :app:generateDebugResValues
> Task :app:checkDebugAarMetadata
> Task :app:mapDebugSourceSetPaths
> Task :app:generateDebugResources
> Task :app:packageDebugResources
> Task :app:createDebugCompatibleScreenManifests
> Task :app:extractDeepLinksDebug
> Task :app:mergeDebugResources
> Task :app:parseDebugLocalResources
> Task :app:processDebugMainManifest
> Task :app:processDebugManifest
> Task :app:javaPreCompileDebug
> Task :app:mergeDebugShaders
> Task :app:compileDebugShaders NO-SOURCE
> Task :app:generateDebugAssets UP-TO-DATE
> Task :app:mergeDebugAssets
> Task :app:desugarDebugFileDependencies
> Task :app:compressDebugAssets
> Task :app:checkDebugDuplicateClasses
> Task :app:configureCMakeDebug[arm64-v8a]
> Task :app:processDebugManifestForPackage
> Task :app:mergeExtDexDebug
> Task :app:mergeLibDexDebug

> Task :app:buildCMakeDebug[arm64-v8a]
C/C++: ninja: Entering directory `/home/runner/work/streamify-apk/streamify-apk/app/.cxx/Debug/2v2o2f38/arm64-v8a'
C/C++: /home/runner/work/streamify-apk/streamify-apk/native/jni/jni_bridge.cc:174:61: warning: unused parameter 'env' [-Wunused-parameter]
C/C++: Java_com_streamify_app_data_NativeBridge_toggleLike(JNIEnv* env, jobject /* this */, jint userId, jint trackId) {
C/C++:                                                             ^
C/C++: /home/runner/work/streamify-apk/streamify-apk/native/jni/jni_bridge.cc:224:138: warning: unused parameter 'userId' [-Wunused-parameter]
C/C++: Java_com_streamify_app_data_NativeBridge_getRecommendations(JNIEnv* env, jobject /* this */, jint trackId, jintArray recentHistory, jint userId, jint limit) {
C/C++:                                                                                                                                          ^
C/C++: /home/runner/work/streamify-apk/streamify-apk/native/jni/jni_bridge.cc:235:63: warning: unused parameter 'env' [-Wunused-parameter]
C/C++: Java_com_streamify_app_data_NativeBridge_logPlayEvent(JNIEnv* env, jobject /* this */, jint fromTrackId, jint toTrackId, jint userId) {
C/C++:                                                               ^
C/C++: /home/runner/work/streamify-apk/streamify-apk/native/jni/jni_bridge.cc:240:63: warning: unused parameter 'env' [-Wunused-parameter]
C/C++: Java_com_streamify_app_data_NativeBridge_logSkipEvent(JNIEnv* env, jobject /* this */, jint fromTrackId, jint toTrackId, jint userId) {
C/C++:                                                               ^
C/C++: /home/runner/work/streamify-apk/streamify-apk/native/jni/jni_bridge.cc:758:68: warning: unused parameter 'env' [-Wunused-parameter]
C/C++: Java_com_streamify_app_data_NativeBridge_nukeLocalDatabase(JNIEnv* env, jobject /* this */) {
C/C++:                                                                    ^
C/C++: 5 warnings generated.
C/C++: /home/runner/work/streamify-apk/streamify-apk/native/engine/StreamifyDB.cc:877:83: warning: unused parameter 'artist' [-Wunused-parameter]
C/C++: int StreamifyDB::findFuzzyTrackMatch(const std::string& title, const std::string& artist) {
C/C++:                                                                                   ^
C/C++: 1 warning generated.
C/C++: /home/runner/work/streamify-apk/streamify-apk/native/engine/ChronosProfiler.cc:147:71: warning: unused parameter 'currentTimestampMs' [-Wunused-parameter]
C/C++: float ChronosProfiler::calculateSatiationPenalty(int trackId, int64_t currentTimestampMs) const {
C/C++:                                                                       ^
C/C++: 1 warning generated.
C/C++: /home/runner/work/streamify-apk/streamify-apk/native/engine/RecommendEngine.cc:140:17: warning: unused variable 'beta_bpm' [-Wunused-variable]
C/C++:     const float beta_bpm = 0.20f;
C/C++:                 ^
C/C++: /home/runner/work/streamify-apk/streamify-apk/native/engine/RecommendEngine.cc:428:11: warning: unused variable 'vecStore' [-Wunused-variable]
C/C++:     auto& vecStore = VectorStore::getInstance();
C/C++:           ^
C/C++: 2 warnings generated.
C/C++: /home/runner/work/streamify-apk/streamify-apk/native/ingest/AudioPipeline.cc:328:35: warning: comparison of integers of different signs: 'int' and 'std::vector<float>::size_type' (aka 'unsigned long') [-Wsign-compare]
C/C++:         if (i * hop_length + nfft > pcm.size()) break;
C/C++:             ~~~~~~~~~~~~~~~~~~~~~ ^ ~~~~~~~~~~
C/C++: 1 warning generated.
C/C++: : && /usr/local/lib/android/sdk/ndk/25.1.8937393/toolchains/llvm/prebuilt/linux-x86_64/bin/clang++ --target=aarch64-none-linux-android26 --sysroot=/usr/local/lib/android/sdk/ndk/25.1.8937393/toolchains/llvm/prebuilt/linux-x86_64/sysroot -fPIC -g -DANDROID -fdata-sections -ffunction-sections -funwind-tables -fstack-protector-strong -no-canonical-prefixes -D_FORTIFY_SOURCE=2 -Wformat -Werror=format-security  -std=c++20 -O3 -flto -march=armv8-a+fp+simd -fno-limit-debug-info  -Wl,--build-id=sha1 -Wl,--no-rosegment -Wl,--fatal-warnings -Wl,--gc-sections -Wl,--no-undefined -Qunused-arguments -shared -Wl,-soname,libstreamify_core.so -o /home/runner/work/streamify-apk/streamify-apk/app/build/intermediates/cxx/Debug/2v2o2f38/obj/arm64-v8a/libstreamify_core.so CMakeFiles/streamify_core.dir/jni/jni_bridge.cc.o CMakeFiles/streamify_core.dir/engine/StreamifyDB.cc.o CMakeFiles/streamify_core.dir/engine/VectorStore.cc.o CMakeFiles/streamify_core.dir/engine/RecommendEngine.cc.o CMakeFiles/streamify_core.dir/engine/EventTracker.cc.o CMakeFiles/streamify_core.dir/engine/TaskOrchestrator.cc.o CMakeFiles/streamify_core.dir/engine/TelemetryEngine.cc.o CMakeFiles/streamify_core.dir/engine/ChronosProfiler.cc.o CMakeFiles/streamify_core.dir/engine/PtpEngine.cc.o CMakeFiles/streamify_core.dir/engine/AirDropPhysicsEngine.cc.o CMakeFiles/streamify_core.dir/ingest/AudioPipeline.cc.o CMakeFiles/streamify_core.dir/dsp/SoftKneeLimiter.cc.o CMakeFiles/streamify_core.dir/dsp/LufsNormalizer.cc.o CMakeFiles/streamify_core.dir/dsp/LyricAligner.cc.o CMakeFiles/streamify_core.dir/dsp/kissfft/kiss_fft.c.o CMakeFiles/streamify_core.dir/dsp/kissfft/kiss_fftr.c.o CMakeFiles/streamify_core.dir/third_party/sqlite3/sqlite3.c.o  -landroid  -llog  -latomic -lm && :
C/C++: ld: error: undefined symbol: rust_fuzzy_rank_candidates
C/C++: >>> referenced by jni_bridge.cc:957 (/home/runner/work/streamify-apk/streamify-apk/native/jni/jni_bridge.cc:957)
C/C++: >>>               lto.tmp:(Java_com_streamify_app_data_NativeBridge_rustFuzzyRankCandidates)
C/C++: ld: error: undefined symbol: rust_free_string
C/C++: >>> referenced by jni_bridge.cc:964 (/home/runner/work/streamify-apk/streamify-apk/native/jni/jni_bridge.cc:964)
C/C++: >>>               lto.tmp:(Java_com_streamify_app_data_NativeBridge_rustFuzzyRankCandidates)
C/C++: >>> referenced by jni_bridge.cc:1002 (/home/runner/work/streamify-apk/streamify-apk/native/jni/jni_bridge.cc:1002)
C/C++: >>>               lto.tmp:(Java_com_streamify_app_data_NativeBridge_rustParseYouTubePlaylist)
C/C++: >>> referenced by jni_bridge.cc:1071 (/home/runner/work/streamify-apk/streamify-apk/native/jni/jni_bridge.cc:1071)
C/C++: >>>               lto.tmp:(Java_com_streamify_app_data_NativeBridge_rustDownloadStreamDirect)
C/C++: >>> referenced 2 more times
C/C++: ld: error: undefined symbol: rust_calculate_string_similarity
C/C++: >>> referenced by jni_bridge.cc:979 (/home/runner/work/streamify-apk/streamify-apk/native/jni/jni_bridge.cc:979)
C/C++: >>>               lto.tmp:(Java_com_streamify_app_data_NativeBridge_rustCalculateSimilarity)
C/C++: ld: error: undefined symbol: rust_parse_youtube_playlist
C/C++: >>> referenced by jni_bridge.cc:997 (/home/runner/work/streamify-apk/streamify-apk/native/jni/jni_bridge.cc:997)
C/C++: >>>               lto.tmp:(Java_com_streamify_app_data_NativeBridge_rustParseYouTubePlaylist)
C/C++: ld: error: undefined symbol: rust_compute_fft_spectrum
C/C++: >>> referenced by jni_bridge.cc:1022 (/home/runner/work/streamify-apk/streamify-apk/native/jni/jni_bridge.cc:1022)
C/C++: >>>               lto.tmp:(Java_com_streamify_app_data_NativeBridge_rustComputeFftSpectrum)
C/C++: ld: error: undefined symbol: rust_process_equalizer_frame
C/C++: >>> referenced by jni_bridge.cc:1044 (/home/runner/work/streamify-apk/streamify-apk/native/jni/jni_bridge.cc:1044)
C/C++: >>>               lto.tmp:(Java_com_streamify_app_data_NativeBridge_rustProcessEqualizerFrame)
C/C++: ld: error: undefined symbol: rust_download_stream_direct
C/C++: >>> referenced by jni_bridge.cc:1064 (/home/runner/work/streamify-apk/streamify-apk/native/jni/jni_bridge.cc:1064)
C/C++: >>>               lto.tmp:(Java_com_streamify_app_data_NativeBridge_rustDownloadStreamDirect)
C/C++: ld: error: undefined symbol: rust_score_and_rank_radio_candidates
C/C++: >>> referenced by jni_bridge.cc:1107 (/home/runner/work/streamify-apk/streamify-apk/native/jni/jni_bridge.cc:1107)
C/C++: >>>               lto.tmp:(Java_com_streamify_app_data_NativeBridge_rustScoreAndRankRadioCandidates)
C/C++: ld: error: undefined symbol: rust_process_crossfade_pcm
C/C++: >>> referenced by jni_bridge.cc:1137 (/home/runner/work/streamify-apk/streamify-apk/native/jni/jni_bridge.cc:1137)
C/C++: >>>               lto.tmp:(Java_com_streamify_app_data_NativeBridge_rustProcessCrossfadePcm)
C/C++: ld: error: undefined symbol: rust_encrypt_vault_file
C/C++: >>> referenced by jni_bridge.cc:1159 (/home/runner/work/streamify-apk/streamify-apk/native/jni/jni_bridge.cc:1159)
C/C++: >>>               lto.tmp:(Java_com_streamify_app_data_NativeBridge_rustEncryptVaultFile)
C/C++: ld: error: undefined symbol: rust_decrypt_vault_file
C/C++: >>> referenced by jni_bridge.cc:1181 (/home/runner/work/streamify-apk/streamify-apk/native/jni/jni_bridge.cc:1181)
C/C++: >>>               lto.tmp:(Java_com_streamify_app_data_NativeBridge_rustDecryptVaultFile)
C/C++: ld: error: undefined symbol: rust_parse_backup_csv
C/C++: >>> referenced by jni_bridge.cc:1198 (/home/runner/work/streamify-apk/streamify-apk/native/jni/jni_bridge.cc:1198)
C/C++: >>>               lto.tmp:(Java_com_streamify_app_data_NativeBridge_rustParseBackupCsv)
C/C++: clang++: error: linker command failed with exit code 1 (use -v to see invocation)
C/C++: ninja: build stopped: subcommand failed.

> Task :app:buildCMakeDebug[arm64-v8a] FAILED

FAILURE: Build failed with an exception.

* What went wrong:
Execution failed for task ':app:buildCMakeDebug[arm64-v8a]'.
> com.android.ide.common.process.ProcessException: ninja: Entering directory `/home/runner/work/streamify-apk/streamify-apk/app/.cxx/Debug/2v2o2f38/arm64-v8a'
  [1/18] Building CXX object CMakeFiles/streamify_core.dir/engine/AirDropPhysicsEngine.cc.o
  [2/18] Building CXX object CMakeFiles/streamify_core.dir/engine/EventTracker.cc.o
  [3/18] Building CXX object CMakeFiles/streamify_core.dir/jni/jni_bridge.cc.o
  /home/runner/work/streamify-apk/streamify-apk/native/jni/jni_bridge.cc:174:61: warning: unused parameter 'env' [-Wunused-parameter]
  Java_com_streamify_app_data_NativeBridge_toggleLike(JNIEnv* env, jobject /* this */, jint userId, jint trackId) {
                                                              ^
  /home/runner/work/streamify-apk/streamify-apk/native/jni/jni_bridge.cc:224:138: warning: unused parameter 'userId' [-Wunused-parameter]
  Java_com_streamify_app_data_NativeBridge_getRecommendations(JNIEnv* env, jobject /* this */, jint trackId, jintArray recentHistory, jint userId, jint limit) {
                                                                                                                                           ^
  /home/runner/work/streamify-apk/streamify-apk/native/jni/jni_bridge.cc:235:63: warning: unused parameter 'env' [-Wunused-parameter]
  Java_com_streamify_app_data_NativeBridge_logPlayEvent(JNIEnv* env, jobject /* this */, jint fromTrackId, jint toTrackId, jint userId) {
                                                                ^
  /home/runner/work/streamify-apk/streamify-apk/native/jni/jni_bridge.cc:240:63: warning: unused parameter 'env' [-Wunused-parameter]
  Java_com_streamify_app_data_NativeBridge_logSkipEvent(JNIEnv* env, jobject /* this */, jint fromTrackId, jint toTrackId, jint userId) {
                                                                ^
  /home/runner/work/streamify-apk/streamify-apk/native/jni/jni_bridge.cc:758:68: warning: unused parameter 'env' [-Wunused-parameter]
  Java_com_streamify_app_data_NativeBridge_nukeLocalDatabase(JNIEnv* env, jobject /* this */) {
                                                                     ^
  5 warnings generated.
  [4/18] Building CXX object CMakeFiles/streamify_core.dir/engine/TelemetryEngine.cc.o
  [5/18] Building CXX object CMakeFiles/streamify_core.dir/engine/VectorStore.cc.o
  [6/18] Building CXX object CMakeFiles/streamify_core.dir/engine/TaskOrchestrator.cc.o
  [7/18] Building CXX object CMakeFiles/streamify_core.dir/engine/StreamifyDB.cc.o
  /home/runner/work/streamify-apk/streamify-apk/native/engine/StreamifyDB.cc:877:83: warning: unused parameter 'artist' [-Wunused-parameter]
  int StreamifyDB::findFuzzyTrackMatch(const std::string& title, const std::string& artist) {
                                                                                    ^
  1 warning generated.
  [8/18] Building CXX object CMakeFiles/streamify_core.dir/engine/PtpEngine.cc.o
  [9/18] Building CXX object CMakeFiles/streamify_core.dir/engine/ChronosProfiler.cc.o
  /home/runner/work/streamify-apk/streamify-apk/native/engine/ChronosProfiler.cc:147:71: warning: unused parameter 'currentTimestampMs' [-Wunused-parameter]
  float ChronosProfiler::calculateSatiationPenalty(int trackId, int64_t currentTimestampMs) const {
                                                                        ^
  1 warning generated.
  [10/18] Building CXX object CMakeFiles/streamify_core.dir/dsp/SoftKneeLimiter.cc.o
  [11/18] Building C object CMakeFiles/streamify_core.dir/dsp/kissfft/kiss_fft.c.o
  [12/18] Building C object CMakeFiles/streamify_core.dir/dsp/kissfft/kiss_fftr.c.o
  [13/18] Building CXX object CMakeFiles/streamify_core.dir/dsp/LyricAligner.cc.o
  [14/18] Building CXX object CMakeFiles/streamify_core.dir/dsp/LufsNormalizer.cc.o
  [15/18] Building CXX object CMakeFiles/streamify_core.dir/engine/RecommendEngine.cc.o
  /home/runner/work/streamify-apk/streamify-apk/native/engine/RecommendEngine.cc:140:17: warning: unused variable 'beta_bpm' [-Wunused-variable]
      const float beta_bpm = 0.20f;
                  ^
  /home/runner/work/streamify-apk/streamify-apk/native/engine/RecommendEngine.cc:428:11: warning: unused variable 'vecStore' [-Wunused-variable]
      auto& vecStore = VectorStore::getInstance();
            ^
  2 warnings generated.
  [16/18] Building C object CMakeFiles/streamify_core.dir/third_party/sqlite3/sqlite3.c.o
  [17/18] Building CXX object CMakeFiles/streamify_core.dir/ingest/AudioPipeline.cc.o
  /home/runner/work/streamify-apk/streamify-apk/native/ingest/AudioPipeline.cc:328:35: warning: comparison of integers of different signs: 'int' and 'std::vector<float>::size_type' (aka 'unsigned long') [-Wsign-compare]
          if (i * hop_length + nfft > pcm.size()) break;
              ~~~~~~~~~~~~~~~~~~~~~ ^ ~~~~~~~~~~
  1 warning generated.
  [18/18] Linking CXX shared library /home/runner/work/streamify-apk/streamify-apk/app/build/intermediates/cxx/Debug/2v2o2f38/obj/arm64-v8a/libstreamify_core.so
  FAILED: /home/runner/work/streamify-apk/streamify-apk/app/build/intermediates/cxx/Debug/2v2o2f38/obj/arm64-v8a/libstreamify_core.so 
  : && /usr/local/lib/android/sdk/ndk/25.1.8937393/toolchains/llvm/prebuilt/linux-x86_64/bin/clang++ --target=aarch64-none-linux-android26 --sysroot=/usr/local/lib/android/sdk/ndk/25.1.8937393/toolchains/llvm/prebuilt/linux-x86_64/sysroot -fPIC -g -DANDROID -fdata-sections -ffunction-sections -funwind-tables -fstack-protector-strong -no-canonical-prefixes -D_FORTIFY_SOURCE=2 -Wformat -Werror=format-security  -std=c++20 -O3 -flto -march=armv8-a+fp+simd -fno-limit-debug-info  -Wl,--build-id=sha1 -Wl,--no-rosegment -Wl,--fatal-warnings -Wl,--gc-sections -Wl,--no-undefined -Qunused-arguments -shared -Wl,-soname,libstreamify_core.so -o /home/runner/work/streamify-apk/streamify-apk/app/build/intermediates/cxx/Debug/2v2o2f38/obj/arm64-v8a/libstreamify_core.so CMakeFiles/streamify_core.dir/jni/jni_bridge.cc.o CMakeFiles/streamify_core.dir/engine/StreamifyDB.cc.o CMakeFiles/streamify_core.dir/engine/VectorStore.cc.o CMakeFiles/streamify_core.dir/engine/RecommendEngine.cc.o CMakeFiles/streamify_core.dir/engine/EventTracker.cc.o CMakeFiles/streamify_core.dir/engine/TaskOrchestrator.cc.o CMakeFiles/streamify_core.dir/engine/TelemetryEngine.cc.o CMakeFiles/streamify_core.dir/engine/ChronosProfiler.cc.o CMakeFiles/streamify_core.dir/engine/PtpEngine.cc.o CMakeFiles/streamify_core.dir/engine/AirDropPhysicsEngine.cc.o CMakeFiles/streamify_core.dir/ingest/AudioPipeline.cc.o CMakeFiles/streamify_core.dir/dsp/SoftKneeLimiter.cc.o CMakeFiles/streamify_core.dir/dsp/LufsNormalizer.cc.o CMakeFiles/streamify_core.dir/dsp/LyricAligner.cc.o CMakeFiles/streamify_core.dir/dsp/kissfft/kiss_fft.c.o CMakeFiles/streamify_core.dir/dsp/kissfft/kiss_fftr.c.o CMakeFiles/streamify_core.dir/third_party/sqlite3/sqlite3.c.o  -landroid  -llog  -latomic -lm && :
  ld: error: undefined symbol: rust_fuzzy_rank_candidates
  >>> referenced by jni_bridge.cc:957 (/home/runner/work/streamify-apk/streamify-apk/native/jni/jni_bridge.cc:957)
  >>>               lto.tmp:(Java_com_streamify_app_data_NativeBridge_rustFuzzyRankCandidates)
  
  ld: error: undefined symbol: rust_free_string
  >>> referenced by jni_bridge.cc:964 (/home/runner/work/streamify-apk/streamify-apk/native/jni/jni_bridge.cc:964)
  >>>               lto.tmp:(Java_com_streamify_app_data_NativeBridge_rustFuzzyRankCandidates)
  >>> referenced by jni_bridge.cc:1002 (/home/runner/work/streamify-apk/streamify-apk/native/jni/jni_bridge.cc:1002)
  >>>               lto.tmp:(Java_com_streamify_app_data_NativeBridge_rustParseYouTubePlaylist)
  >>> referenced by jni_bridge.cc:1071 (/home/runner/work/streamify-apk/streamify-apk/native/jni/jni_bridge.cc:1071)
  >>>               lto.tmp:(Java_com_streamify_app_data_NativeBridge_rustDownloadStreamDirect)
  >>> referenced 2 more times
  
  ld: error: undefined symbol: rust_calculate_string_similarity
  >>> referenced by jni_bridge.cc:979 (/home/runner/work/streamify-apk/streamify-apk/native/jni/jni_bridge.cc:979)
  >>>               lto.tmp:(Java_com_streamify_app_data_NativeBridge_rustCalculateSimilarity)
  
  ld: error: undefined symbol: rust_parse_youtube_playlist
  >>> referenced by jni_bridge.cc:997 (/home/runner/work/streamify-apk/streamify-apk/native/jni/jni_bridge.cc:997)
  >>>               lto.tmp:(Java_com_streamify_app_data_NativeBridge_rustParseYouTubePlaylist)
  
  ld: error: undefined symbol: rust_compute_fft_spectrum
  >>> referenced by jni_bridge.cc:1022 (/home/runner/work/streamify-apk/streamify-apk/native/jni/jni_bridge.cc:1022)
  >>>               lto.tmp:(Java_com_streamify_app_data_NativeBridge_rustComputeFftSpectrum)
  
  ld: error: undefined symbol: rust_process_equalizer_frame
  >>> referenced by jni_bridge.cc:1044 (/home/runner/work/streamify-apk/streamify-apk/native/jni/jni_bridge.cc:1044)
  >>>               lto.tmp:(Java_com_streamify_app_data_NativeBridge_rustProcessEqualizerFrame)
  
  ld: error: undefined symbol: rust_download_stream_direct
  >>> referenced by jni_bridge.cc:1064 (/home/runner/work/streamify-apk/streamify-apk/native/jni/jni_bridge.cc:1064)
  >>>               lto.tmp:(Java_com_streamify_app_data_NativeBridge_rustDownloadStreamDirect)
  
  ld: error: undefined symbol: rust_score_and_rank_radio_candidates
  >>> referenced by jni_bridge.cc:1107 (/home/runner/work/streamify-apk/streamify-apk/native/jni/jni_bridge.cc:1107)
  >>>               lto.tmp:(Java_com_streamify_app_data_NativeBridge_rustScoreAndRankRadioCandidates)
  
  ld: error: undefined symbol: rust_process_crossfade_pcm
  >>> referenced by jni_bridge.cc:1137 (/home/runner/work/streamify-apk/streamify-apk/native/jni/jni_bridge.cc:1137)
  >>>               lto.tmp:(Java_com_streamify_app_data_NativeBridge_rustProcessCrossfadePcm)
  
  ld: error: undefined symbol: rust_encrypt_vault_file
  >>> referenced by jni_bridge.cc:1159 (/home/runner/work/streamify-apk/streamify-apk/native/jni/jni_bridge.cc:1159)
  >>>               lto.tmp:(Java_com_streamify_app_data_NativeBridge_rustEncryptVaultFile)
  
  ld: error: undefined symbol: rust_decrypt_vault_file
  >>> referenced by jni_bridge.cc:1181 (/home/runner/work/streamify-apk/streamify-apk/native/jni/jni_bridge.cc:1181)
  >>>               lto.tmp:(Java_com_streamify_app_data_NativeBridge_rustDecryptVaultFile)
  
  ld: error: undefined symbol: rust_parse_backup_csv
  >>> referenced by jni_bridge.cc:1198 (/home/runner/work/streamify-apk/streamify-apk/native/jni/jni_bridge.cc:1198)
  >>>               lto.tmp:(Java_com_streamify_app_data_NativeBridge_rustParseBackupCsv)
  clang++: error: linker command failed with exit code 1 (use -v to see invocation)
  ninja: build stopped: subcommand failed.
  
  C++ build system [build] failed while executing:
      /usr/local/lib/android/sdk/cmake/3.22.1/bin/ninja \
        -C \
        /home/runner/work/streamify-apk/streamify-apk/app/.cxx/Debug/2v2o2f38/arm64-v8a \
        streamify_core
    from /home/runner/work/streamify-apk/streamify-apk/app

* Try:
> Run with --info or --debug option to get more log output.
> Run with --scan to get full insights.
> Get more help at https://help.gradle.org.

* Exception is:
org.gradle.api.tasks.TaskExecutionException: Execution failed for task ':app:buildCMakeDebug[arm64-v8a]'.
	at org.gradle.api.internal.tasks.execution.ExecuteActionsTaskExecuter.lambda$executeIfValid$1(ExecuteActionsTaskExecuter.java:130)
	at org.gradle.internal.Try$Failure.ifSuccessfulOrElse(Try.java:282)
	at org.gradle.api.internal.tasks.execution.ExecuteActionsTaskExecuter.executeIfValid(ExecuteActionsTaskExecuter.java:128)
	at org.gradle.api.internal.tasks.execution.ExecuteActionsTaskExecuter.execute(ExecuteActionsTaskExecuter.java:116)
	at org.gradle.api.internal.tasks.execution.FinalizePropertiesTaskExecuter.execute(FinalizePropertiesTaskExecuter.java:46)
	at org.gradle.api.internal.tasks.execution.ResolveTaskExecutionModeExecuter.execute(ResolveTaskExecutionModeExecuter.java:51)
	at org.gradle.api.internal.tasks.execution.SkipTaskWithNoActionsExecuter.execute(SkipTaskWithNoActionsExecuter.java:57)
	at org.gradle.api.internal.tasks.execution.SkipOnlyIfTaskExecuter.execute(SkipOnlyIfTaskExecuter.java:74)
	at org.gradle.api.internal.tasks.execution.CatchExceptionTaskExecuter.execute(CatchExceptionTaskExecuter.java:36)
	at org.gradle.api.internal.tasks.execution.EventFiringTaskExecuter$1.executeTask(EventFiringTaskExecuter.java:77)
	at org.gradle.api.internal.tasks.execution.EventFiringTaskExecuter$1.call(EventFiringTaskExecuter.java:55)
	at org.gradle.api.internal.tasks.execution.EventFiringTaskExecuter$1.call(EventFiringTaskExecuter.java:52)
	at org.gradle.internal.operations.DefaultBuildOperationRunner$CallableBuildOperationWorker.execute(DefaultBuildOperationRunner.java:200)
	at org.gradle.internal.operations.DefaultBuildOperationRunner$CallableBuildOperationWorker.execute(DefaultBuildOperationRunner.java:195)
	at org.gradle.internal.operations.DefaultBuildOperationRunner$2.execute(DefaultBuildOperationRunner.java:66)
	at org.gradle.internal.operations.DefaultBuildOperationRunner$2.execute(DefaultBuildOperationRunner.java:59)
	at org.gradle.internal.operations.DefaultBuildOperationRunner.execute(DefaultBuildOperationRunner.java:157)
	at org.gradle.internal.operations.DefaultBuildOperationRunner.execute(DefaultBuildOperationRunner.java:59)
	at org.gradle.internal.operations.DefaultBuildOperationRunner.call(DefaultBuildOperationRunner.java:53)
	at org.gradle.internal.operations.DefaultBuildOperationExecutor.call(DefaultBuildOperationExecutor.java:73)
	at org.gradle.api.internal.tasks.execution.EventFiringTaskExecuter.execute(EventFiringTaskExecuter.java:52)
	at org.gradle.execution.plan.LocalTaskNodeExecutor.execute(LocalTaskNodeExecutor.java:42)
	at org.gradle.execution.taskgraph.DefaultTaskExecutionGraph$InvokeNodeExecutorsAction.execute(DefaultTaskExecutionGraph.java:331)
	at org.gradle.execution.taskgraph.DefaultTaskExecutionGraph$InvokeNodeExecutorsAction.execute(DefaultTaskExecutionGraph.java:318)
	at org.gradle.execution.taskgraph.DefaultTaskExecutionGraph$BuildOperationAwareExecutionAction.lambda$execute$0(DefaultTaskExecutionGraph.java:314)
	at org.gradle.internal.operations.CurrentBuildOperationRef.with(CurrentBuildOperationRef.java:80)
	at org.gradle.execution.taskgraph.DefaultTaskExecutionGraph$BuildOperationAwareExecutionAction.execute(DefaultTaskExecutionGraph.java:314)
	at org.gradle.execution.taskgraph.DefaultTaskExecutionGraph$BuildOperationAwareExecutionAction.execute(DefaultTaskExecutionGraph.java:303)
	at org.gradle.execution.plan.DefaultPlanExecutor$ExecutorWorker.execute(DefaultPlanExecutor.java:463)
	at org.gradle.execution.plan.DefaultPlanExecutor$ExecutorWorker.run(DefaultPlanExecutor.java:380)
	at org.gradle.internal.concurrent.ExecutorPolicy$CatchAndRecordFailures.onExecute(ExecutorPolicy.java:64)
	at org.gradle.internal.concurrent.AbstractManagedExecutor$1.run(AbstractManagedExecutor.java:47)
Caused by: org.gradle.internal.UncheckedException: com.android.ide.common.process.ProcessException: ninja: Entering directory `/home/runner/work/streamify-apk/streamify-apk/app/.cxx/Debug/2v2o2f38/arm64-v8a'
[1/18] Building CXX object CMakeFiles/streamify_core.dir/engine/AirDropPhysicsEngine.cc.o
[2/18] Building CXX object CMakeFiles/streamify_core.dir/engine/EventTracker.cc.o
[3/18] Building CXX object CMakeFiles/streamify_core.dir/jni/jni_bridge.cc.o
/home/runner/work/streamify-apk/streamify-apk/native/jni/jni_bridge.cc:174:61: warning: unused parameter 'env' [-Wunused-parameter]
Java_com_streamify_app_data_NativeBridge_toggleLike(JNIEnv* env, jobject /* this */, jint userId, jint trackId) {
                                                            ^
/home/runner/work/streamify-apk/streamify-apk/native/jni/jni_bridge.cc:224:138: warning: unused parameter 'userId' [-Wunused-parameter]
Java_com_streamify_app_data_NativeBridge_getRecommendations(JNIEnv* env, jobject /* this */, jint trackId, jintArray recentHistory, jint userId, jint limit) {
                                                                                                                                         ^
/home/runner/work/streamify-apk/streamify-apk/native/jni/jni_bridge.cc:235:63: warning: unused parameter 'env' [-Wunused-parameter]
Java_com_streamify_app_data_NativeBridge_logPlayEvent(JNIEnv* env, jobject /* this */, jint fromTrackId, jint toTrackId, jint userId) {
                                                              ^
/home/runner/work/streamify-apk/streamify-apk/native/jni/jni_bridge.cc:240:63: warning: unused parameter 'env' [-Wunused-parameter]
Java_com_streamify_app_data_NativeBridge_logSkipEvent(JNIEnv* env, jobject /* this */, jint fromTrackId, jint toTrackId, jint userId) {
                                                              ^
/home/runner/work/streamify-apk/streamify-apk/native/jni/jni_bridge.cc:758:68: warning: unused parameter 'env' [-Wunused-parameter]
Java_com_streamify_app_data_NativeBridge_nukeLocalDatabase(JNIEnv* env, jobject /* this */) {
                                                                   ^
5 warnings generated.
[4/18] Building CXX object CMakeFiles/streamify_core.dir/engine/TelemetryEngine.cc.o
[5/18] Building CXX object CMakeFiles/streamify_core.dir/engine/VectorStore.cc.o
[6/18] Building CXX object CMakeFiles/streamify_core.dir/engine/TaskOrchestrator.cc.o
[7/18] Building CXX object CMakeFiles/streamify_core.dir/engine/StreamifyDB.cc.o
/home/runner/work/streamify-apk/streamify-apk/native/engine/StreamifyDB.cc:877:83: warning: unused parameter 'artist' [-Wunused-parameter]
int StreamifyDB::findFuzzyTrackMatch(const std::string& title, const std::string& artist) {
                                                                                  ^
1 warning generated.
[8/18] Building CXX object CMakeFiles/streamify_core.dir/engine/PtpEngine.cc.o
[9/18] Building CXX object CMakeFiles/streamify_core.dir/engine/ChronosProfiler.cc.o
/home/runner/work/streamify-apk/streamify-apk/native/engine/ChronosProfiler.cc:147:71: warning: unused parameter 'currentTimestampMs' [-Wunused-parameter]
float ChronosProfiler::calculateSatiationPenalty(int trackId, int64_t currentTimestampMs) const {
                                                                      ^
1 warning generated.
[10/18] Building CXX object CMakeFiles/streamify_core.dir/dsp/SoftKneeLimiter.cc.o
[11/18] Building C object CMakeFiles/streamify_core.dir/dsp/kissfft/kiss_fft.c.o
[12/18] Building C object CMakeFiles/streamify_core.dir/dsp/kissfft/kiss_fftr.c.o
[13/18] Building CXX object CMakeFiles/streamify_core.dir/dsp/LyricAligner.cc.o
[14/18] Building CXX object CMakeFiles/streamify_core.dir/dsp/LufsNormalizer.cc.o
[15/18] Building CXX object CMakeFiles/streamify_core.dir/engine/RecommendEngine.cc.o
/home/runner/work/streamify-apk/streamify-apk/native/engine/RecommendEngine.cc:140:17: warning: unused variable 'beta_bpm' [-Wunused-variable]
    const float beta_bpm = 0.20f;
                ^
/home/runner/work/streamify-apk/streamify-apk/native/engine/RecommendEngine.cc:428:11: warning: unused variable 'vecStore' [-Wunused-variable]
    auto& vecStore = VectorStore::getInstance();
          ^
2 warnings generated.
[16/18] Building C object CMakeFiles/streamify_core.dir/third_party/sqlite3/sqlite3.c.o
[17/18] Building CXX object CMakeFiles/streamify_core.dir/ingest/AudioPipeline.cc.o
/home/runner/work/streamify-apk/streamify-apk/native/ingest/AudioPipeline.cc:328:35: warning: comparison of integers of different signs: 'int' and 'std::vector<float>::size_type' (aka 'unsigned long') [-Wsign-compare]
        if (i * hop_length + nfft > pcm.size()) break;
            ~~~~~~~~~~~~~~~~~~~~~ ^ ~~~~~~~~~~
1 warning generated.
[18/18] Linking CXX shared library /home/runner/work/streamify-apk/streamify-apk/app/build/intermediates/cxx/Debug/2v2o2f38/obj/arm64-v8a/libstreamify_core.so
FAILED: /home/runner/work/streamify-apk/streamify-apk/app/build/intermediates/cxx/Debug/2v2o2f38/obj/arm64-v8a/libstreamify_core.so 
: && /usr/local/lib/android/sdk/ndk/25.1.8937393/toolchains/llvm/prebuilt/linux-x86_64/bin/clang++ --target=aarch64-none-linux-android26 --sysroot=/usr/local/lib/android/sdk/ndk/25.1.8937393/toolchains/llvm/prebuilt/linux-x86_64/sysroot -fPIC -g -DANDROID -fdata-sections -ffunction-sections -funwind-tables -fstack-protector-strong -no-canonical-prefixes -D_FORTIFY_SOURCE=2 -Wformat -Werror=format-security  -std=c++20 -O3 -flto -march=armv8-a+fp+simd -fno-limit-debug-info  -Wl,--build-id=sha1 -Wl,--no-rosegment -Wl,--fatal-warnings -Wl,--gc-sections -Wl,--no-undefined -Qunused-arguments -shared -Wl,-soname,libstreamify_core.so -o /home/runner/work/streamify-apk/streamify-apk/app/build/intermediates/cxx/Debug/2v2o2f38/obj/arm64-v8a/libstreamify_core.so CMakeFiles/streamify_core.dir/jni/jni_bridge.cc.o CMakeFiles/streamify_core.dir/engine/StreamifyDB.cc.o CMakeFiles/streamify_core.dir/engine/VectorStore.cc.o CMakeFiles/streamify_core.dir/engine/RecommendEngine.cc.o CMakeFiles/streamify_core.dir/engine/EventTracker.cc.o CMakeFiles/streamify_core.dir/engine/TaskOrchestrator.cc.o CMakeFiles/streamify_core.dir/engine/TelemetryEngine.cc.o CMakeFiles/streamify_core.dir/engine/ChronosProfiler.cc.o CMakeFiles/streamify_core.dir/engine/PtpEngine.cc.o CMakeFiles/streamify_core.dir/engine/AirDropPhysicsEngine.cc.o CMakeFiles/streamify_core.dir/ingest/AudioPipeline.cc.o CMakeFiles/streamify_core.dir/dsp/SoftKneeLimiter.cc.o CMakeFiles/streamify_core.dir/dsp/LufsNormalizer.cc.o CMakeFiles/streamify_core.dir/dsp/LyricAligner.cc.o CMakeFiles/streamify_core.dir/dsp/kissfft/kiss_fft.c.o CMakeFiles/streamify_core.dir/dsp/kissfft/kiss_fftr.c.o CMakeFiles/streamify_core.dir/third_party/sqlite3/sqlite3.c.o  -landroid  -llog  -latomic -lm && :
ld: error: undefined symbol: rust_fuzzy_rank_candidates
>>> referenced by jni_bridge.cc:957 (/home/runner/work/streamify-apk/streamify-apk/native/jni/jni_bridge.cc:957)
>>>               lto.tmp:(Java_com_streamify_app_data_NativeBridge_rustFuzzyRankCandidates)

ld: error: undefined symbol: rust_free_string
>>> referenced by jni_bridge.cc:964 (/home/runner/work/streamify-apk/streamify-apk/native/jni/jni_bridge.cc:964)
>>>               lto.tmp:(Java_com_streamify_app_data_NativeBridge_rustFuzzyRankCandidates)
>>> referenced by jni_bridge.cc:1002 (/home/runner/work/streamify-apk/streamify-apk/native/jni/jni_bridge.cc:1002)
>>>               lto.tmp:(Java_com_streamify_app_data_NativeBridge_rustParseYouTubePlaylist)
>>> referenced by jni_bridge.cc:1071 (/home/runner/work/streamify-apk/streamify-apk/native/jni/jni_bridge.cc:1071)
>>>               lto.tmp:(Java_com_streamify_app_data_NativeBridge_rustDownloadStreamDirect)
>>> referenced 2 more times

ld: error: undefined symbol: rust_calculate_string_similarity
>>> referenced by jni_bridge.cc:979 (/home/runner/work/streamify-apk/streamify-apk/native/jni/jni_bridge.cc:979)
>>>               lto.tmp:(Java_com_streamify_app_data_NativeBridge_rustCalculateSimilarity)

ld: error: undefined symbol: rust_parse_youtube_playlist
>>> referenced by jni_bridge.cc:997 (/home/runner/work/streamify-apk/streamify-apk/native/jni/jni_bridge.cc:997)
>>>               lto.tmp:(Java_com_streamify_app_data_NativeBridge_rustParseYouTubePlaylist)

ld: error: undefined symbol: rust_compute_fft_spectrum
>>> referenced by jni_bridge.cc:1022 (/home/runner/work/streamify-apk/streamify-apk/native/jni/jni_bridge.cc:1022)
>>>               lto.tmp:(Java_com_streamify_app_data_NativeBridge_rustComputeFftSpectrum)

ld: error: undefined symbol: rust_process_equalizer_frame
>>> referenced by jni_bridge.cc:1044 (/home/runner/work/streamify-apk/streamify-apk/native/jni/jni_bridge.cc:1044)
>>>               lto.tmp:(Java_com_streamify_app_data_NativeBridge_rustProcessEqualizerFrame)

ld: error: undefined symbol: rust_download_stream_direct
>>> referenced by jni_bridge.cc:1064 (/home/runner/work/streamify-apk/streamify-apk/native/jni/jni_bridge.cc:1064)
>>>               lto.tmp:(Java_com_streamify_app_data_NativeBridge_rustDownloadStreamDirect)

ld: error: undefined symbol: rust_score_and_rank_radio_candidates
>>> referenced by jni_bridge.cc:1107 (/home/runner/work/streamify-apk/streamify-apk/native/jni/jni_bridge.cc:1107)
>>>               lto.tmp:(Java_com_streamify_app_data_NativeBridge_rustScoreAndRankRadioCandidates)

ld: error: undefined symbol: rust_process_crossfade_pcm
>>> referenced by jni_bridge.cc:1137 (/home/runner/work/streamify-apk/streamify-apk/native/jni/jni_bridge.cc:1137)
>>>               lto.tmp:(Java_com_streamify_app_data_NativeBridge_rustProcessCrossfadePcm)

ld: error: undefined symbol: rust_encrypt_vault_file
>>> referenced by jni_bridge.cc:1159 (/home/runner/work/streamify-apk/streamify-apk/native/jni/jni_bridge.cc:1159)
>>>               lto.tmp:(Java_com_streamify_app_data_NativeBridge_rustEncryptVaultFile)

ld: error: undefined symbol: rust_decrypt_vault_file
>>> referenced by jni_bridge.cc:1181 (/home/runner/work/streamify-apk/streamify-apk/native/jni/jni_bridge.cc:1181)
>>>               lto.tmp:(Java_com_streamify_app_data_NativeBridge_rustDecryptVaultFile)

ld: error: undefined symbol: rust_parse_backup_csv
>>> referenced by jni_bridge.cc:1198 (/home/runner/work/streamify-apk/streamify-apk/native/jni/jni_bridge.cc:1198)
>>>               lto.tmp:(Java_com_streamify_app_data_NativeBridge_rustParseBackupCsv)
clang++: error: linker command failed with exit code 1 (use -v to see invocation)
ninja: build stopped: subcommand failed.

C++ build system [build] failed while executing:
    /usr/local/lib/android/sdk/cmake/3.22.1/bin/ninja \
      -C \
      /home/runner/work/streamify-apk/streamify-apk/app/.cxx/Debug/2v2o2f38/arm64-v8a \
      streamify_core
  from /home/runner/work/streamify-apk/streamify-apk/app
	at org.gradle.internal.UncheckedException.throwAsUncheckedException(UncheckedException.java:68)
	at org.gradle.internal.UncheckedException.throwAsUncheckedException(UncheckedException.java:41)
	at org.gradle.internal.reflect.JavaMethod.invoke(JavaMethod.java:128)
	at org.gradle.api.internal.project.taskfactory.StandardTaskAction.doExecute(StandardTaskAction.java:58)
	at org.gradle.api.internal.project.taskfactory.StandardTaskAction.execute(StandardTaskAction.java:51)
	at org.gradle.api.internal.project.taskfactory.StandardTaskAction.execute(StandardTaskAction.java:29)
	at org.gradle.api.internal.tasks.execution.TaskExecution$3.run(TaskExecution.java:244)
	at org.gradle.internal.operations.DefaultBuildOperationRunner$1.execute(DefaultBuildOperationRunner.java:29)
	at org.gradle.internal.operations.DefaultBuildOperationRunner$1.execute(DefaultBuildOperationRunner.java:26)
	at org.gradle.internal.operations.DefaultBuildOperationRunner$2.execute(DefaultBuildOperationRunner.java:66)
	at org.gradle.internal.operations.DefaultBuildOperationRunner$2.execute(DefaultBuildOperationRunner.java:59)
	at org.gradle.internal.operations.DefaultBuildOperationRunner.execute(DefaultBuildOperationRunner.java:157)
	at org.gradle.internal.operations.DefaultBuildOperationRunner.execute(DefaultBuildOperationRunner.java:59)
	at org.gradle.internal.operations.DefaultBuildOperationRunner.run(DefaultBuildOperationRunner.java:47)
	at org.gradle.internal.operations.DefaultBuildOperationExecutor.run(DefaultBuildOperationExecutor.java:68)
	at org.gradle.api.internal.tasks.execution.TaskExecution.executeAction(TaskExecution.java:229)
	at org.gradle.api.internal.tasks.execution.TaskExecution.executeActions(TaskExecution.java:212)
	at org.gradle.api.internal.tasks.execution.TaskExecution.executeWithPreviousOutputFiles(TaskExecution.java:195)
	at org.gradle.api.internal.tasks.execution.TaskExecution.execute(TaskExecution.java:162)
	at org.gradle.internal.execution.steps.ExecuteStep.executeInternal(ExecuteStep.java:105)
	at org.gradle.internal.execution.steps.ExecuteStep.access$000(ExecuteStep.java:44)
	at org.gradle.internal.execution.steps.ExecuteStep$1.call(ExecuteStep.java:59)
	at org.gradle.internal.execution.steps.ExecuteStep$1.call(ExecuteStep.java:56)
	at org.gradle.internal.operations.DefaultBuildOperationRunner$CallableBuildOperationWorker.execute(DefaultBuildOperationRunner.java:200)
	at org.gradle.internal.operations.DefaultBuildOperationRunner$CallableBuildOperationWorker.execute(DefaultBuildOperationRunner.java:195)
	at org.gradle.internal.operations.DefaultBuildOperationRunner$2.execute(DefaultBuildOperationRunner.java:66)
	at org.gradle.internal.operations.DefaultBuildOperationRunner$2.execute(DefaultBuildOperationRunner.java:59)
	at org.gradle.internal.operations.DefaultBuildOperationRunner.execute(DefaultBuildOperationRunner.java:157)
	at org.gradle.internal.operations.DefaultBuildOperationRunner.execute(DefaultBuildOperationRunner.java:59)
	at org.gradle.internal.operations.DefaultBuildOperationRunner.call(DefaultBuildOperationRunner.java:53)
	at org.gradle.internal.operations.DefaultBuildOperationExecutor.call(DefaultBuildOperationExecutor.java:73)
	at org.gradle.internal.execution.steps.ExecuteStep.execute(ExecuteStep.java:56)
	at org.gradle.internal.execution.steps.ExecuteStep.execute(ExecuteStep.java:44)
	at org.gradle.internal.execution.steps.CancelExecutionStep.execute(CancelExecutionStep.java:41)
	at org.gradle.internal.execution.steps.TimeoutStep.executeWithoutTimeout(TimeoutStep.java:74)
	at org.gradle.internal.execution.steps.TimeoutStep.execute(TimeoutStep.java:55)
	at org.gradle.internal.execution.steps.PreCreateOutputParentsStep.execute(PreCreateOutputParentsStep.java:50)
	at org.gradle.internal.execution.steps.PreCreateOutputParentsStep.execute(PreCreateOutputParentsStep.java:28)
	at org.gradle.internal.execution.steps.RemovePreviousOutputsStep.execute(RemovePreviousOutputsStep.java:67)
	at org.gradle.internal.execution.steps.RemovePreviousOutputsStep.execute(RemovePreviousOutputsStep.java:37)
	at org.gradle.internal.execution.steps.BroadcastChangingOutputsStep.execute(BroadcastChangingOutputsStep.java:61)
	at org.gradle.internal.execution.steps.BroadcastChangingOutputsStep.execute(BroadcastChangingOutputsStep.java:26)
	at org.gradle.internal.execution.steps.CaptureOutputsAfterExecutionStep.execute(CaptureOutputsAfterExecutionStep.java:67)
	at org.gradle.internal.execution.steps.CaptureOutputsAfterExecutionStep.execute(CaptureOutputsAfterExecutionStep.java:45)
	at org.gradle.internal.execution.steps.ResolveInputChangesStep.execute(ResolveInputChangesStep.java:40)
	at org.gradle.internal.execution.steps.ResolveInputChangesStep.execute(ResolveInputChangesStep.java:29)
	at org.gradle.internal.execution.steps.BuildCacheStep.executeWithoutCache(BuildCacheStep.java:189)
	at org.gradle.internal.execution.steps.BuildCacheStep.lambda$execute$1(BuildCacheStep.java:75)
	at org.gradle.internal.Either$Right.fold(Either.java:175)
	at org.gradle.internal.execution.caching.CachingState.fold(CachingState.java:62)
	at org.gradle.internal.execution.steps.BuildCacheStep.execute(BuildCacheStep.java:73)
	at org.gradle.internal.execution.steps.BuildCacheStep.execute(BuildCacheStep.java:48)
	at org.gradle.internal.execution.steps.StoreExecutionStateStep.execute(StoreExecutionStateStep.java:46)
	at org.gradle.internal.execution.steps.StoreExecutionStateStep.execute(StoreExecutionStateStep.java:35)
	at org.gradle.internal.execution.steps.SkipUpToDateStep.executeBecause(SkipUpToDateStep.java:76)
	at org.gradle.internal.execution.steps.SkipUpToDateStep.lambda$execute$2(SkipUpToDateStep.java:54)
	at org.gradle.internal.execution.steps.SkipUpToDateStep.execute(SkipUpToDateStep.java:54)
	at org.gradle.internal.execution.steps.SkipUpToDateStep.execute(SkipUpToDateStep.java:36)
	at org.gradle.internal.execution.steps.legacy.MarkSnapshottingInputsFinishedStep.execute(MarkSnapshottingInputsFinishedStep.java:37)
	at org.gradle.internal.execution.steps.legacy.MarkSnapshottingInputsFinishedStep.execute(MarkSnapshottingInputsFinishedStep.java:27)
	at org.gradle.internal.execution.steps.ResolveIncrementalCachingStateStep.executeDelegate(ResolveIncrementalCachingStateStep.java:49)
	at org.gradle.internal.execution.steps.ResolveIncrementalCachingStateStep.executeDelegate(ResolveIncrementalCachingStateStep.java:27)
	at org.gradle.internal.execution.steps.AbstractResolveCachingStateStep.execute(AbstractResolveCachingStateStep.java:71)
	at org.gradle.internal.execution.steps.AbstractResolveCachingStateStep.execute(AbstractResolveCachingStateStep.java:39)
	at org.gradle.internal.execution.steps.ResolveChangesStep.execute(ResolveChangesStep.java:65)
	at org.gradle.internal.execution.steps.ResolveChangesStep.execute(ResolveChangesStep.java:36)
	at org.gradle.internal.execution.steps.ValidateStep.execute(ValidateStep.java:106)
	at org.gradle.internal.execution.steps.ValidateStep.execute(ValidateStep.java:55)
	at org.gradle.internal.execution.steps.AbstractCaptureStateBeforeExecutionStep.execute(AbstractCaptureStateBeforeExecutionStep.java:64)
	at org.gradle.internal.execution.steps.AbstractCaptureStateBeforeExecutionStep.execute(AbstractCaptureStateBeforeExecutionStep.java:43)
	at org.gradle.internal.execution.steps.AbstractSkipEmptyWorkStep.executeWithNonEmptySources(AbstractSkipEmptyWorkStep.java:125)
	at org.gradle.internal.execution.steps.AbstractSkipEmptyWorkStep.execute(AbstractSkipEmptyWorkStep.java:56)
	at org.gradle.internal.execution.steps.AbstractSkipEmptyWorkStep.execute(AbstractSkipEmptyWorkStep.java:36)
	at org.gradle.internal.execution.steps.legacy.MarkSnapshottingInputsStartedStep.execute(MarkSnapshottingInputsStartedStep.java:38)
	at org.gradle.internal.execution.steps.LoadPreviousExecutionStateStep.execute(LoadPreviousExecutionStateStep.java:36)
	at org.gradle.internal.execution.steps.LoadPreviousExecutionStateStep.execute(LoadPreviousExecutionStateStep.java:23)
	at org.gradle.internal.execution.steps.HandleStaleOutputsStep.execute(HandleStaleOutputsStep.java:75)
	at org.gradle.internal.execution.steps.HandleStaleOutputsStep.execute(HandleStaleOutputsStep.java:41)
	at org.gradle.internal.execution.steps.AssignMutableWorkspaceStep.lambda$execute$0(AssignMutableWorkspaceStep.java:35)
	at org.gradle.api.internal.tasks.execution.TaskExecution$4.withWorkspace(TaskExecution.java:289)
	at org.gradle.internal.execution.steps.AssignMutableWorkspaceStep.execute(AssignMutableWorkspaceStep.java:31)
	at org.gradle.internal.execution.steps.AssignMutableWorkspaceStep.execute(AssignMutableWorkspaceStep.java:22)
	at org.gradle.internal.execution.steps.ChoosePipelineStep.execute(ChoosePipelineStep.java:40)
	at org.gradle.internal.execution.steps.ChoosePipelineStep.execute(ChoosePipelineStep.java:23)
	at org.gradle.internal.execution.steps.ExecuteWorkBuildOperationFiringStep.lambda$execute$2(ExecuteWorkBuildOperationFiringStep.java:67)
	at org.gradle.internal.execution.steps.ExecuteWorkBuildOperationFiringStep.execute(ExecuteWorkBuildOperationFiringStep.java:67)
	at org.gradle.internal.execution.steps.ExecuteWorkBuildOperationFiringStep.execute(ExecuteWorkBuildOperationFiringStep.java:39)
	at org.gradle.internal.execution.steps.IdentityCacheStep.execute(IdentityCacheStep.java:46)
	at org.gradle.internal.execution.steps.IdentityCacheStep.execute(IdentityCacheStep.java:34)
	at org.gradle.internal.execution.steps.IdentifyStep.execute(IdentifyStep.java:48)
	at org.gradle.internal.execution.steps.IdentifyStep.execute(IdentifyStep.java:35)
	at org.gradle.internal.execution.impl.DefaultExecutionEngine$1.execute(DefaultExecutionEngine.java:61)
	at org.gradle.api.internal.tasks.execution.ExecuteActionsTaskExecuter.executeIfValid(ExecuteActionsTaskExecuter.java:127)
	at org.gradle.api.internal.tasks.execution.ExecuteActionsTaskExecuter.execute(ExecuteActionsTaskExecuter.java:116)
	at org.gradle.api.internal.tasks.execution.FinalizePropertiesTaskExecuter.execute(FinalizePropertiesTaskExecuter.java:46)
	at org.gradle.api.internal.tasks.execution.ResolveTaskExecutionModeExecuter.execute(ResolveTaskExecutionModeExecuter.java:51)
	at org.gradle.api.internal.tasks.execution.SkipTaskWithNoActionsExecuter.execute(SkipTaskWithNoActionsExecuter.java:57)
	at org.gradle.api.internal.tasks.execution.SkipOnlyIfTaskExecuter.execute(SkipOnlyIfTaskExecuter.java:74)
	at org.gradle.api.internal.tasks.execution.CatchExceptionTaskExecuter.execute(CatchExceptionTaskExecuter.java:36)
	at org.gradle.api.internal.tasks.execution.EventFiringTaskExecuter$1.executeTask(EventFiringTaskExecuter.java:77)
	at org.gradle.api.internal.tasks.execution.EventFiringTaskExecuter$1.call(EventFiringTaskExecuter.java:55)
	at org.gradle.api.internal.tasks.execution.EventFiringTaskExecuter$1.call(EventFiringTaskExecuter.java:52)
	at org.gradle.internal.operations.DefaultBuildOperationRunner$CallableBuildOperationWorker.execute(DefaultBuildOperationRunner.java:200)
	at org.gradle.internal.operations.DefaultBuildOperationRunner$CallableBuildOperationWorker.execute(DefaultBuildOperationRunner.java:195)
	at org.gradle.internal.operations.DefaultBuildOperationRunner$2.execute(DefaultBuildOperationRunner.java:66)
	at org.gradle.internal.operations.DefaultBuildOperationRunner$2.execute(DefaultBuildOperationRunner.java:59)
	at org.gradle.internal.operations.DefaultBuildOperationRunner.execute(DefaultBuildOperationRunner.java:157)
	at org.gradle.internal.operations.DefaultBuildOperationRunner.execute(DefaultBuildOperationRunner.java:59)
	at org.gradle.internal.operations.DefaultBuildOperationRunner.call(DefaultBuildOperationRunner.java:53)
	at org.gradle.internal.operations.DefaultBuildOperationExecutor.call(DefaultBuildOperationExecutor.java:73)
	at org.gradle.api.internal.tasks.execution.EventFiringTaskExecuter.execute(EventFiringTaskExecuter.java:52)
	at org.gradle.execution.plan.LocalTaskNodeExecutor.execute(LocalTaskNodeExecutor.java:42)
	at org.gradle.execution.taskgraph.DefaultTaskExecutionGraph$InvokeNodeExecutorsAction.execute(DefaultTaskExecutionGraph.java:331)
	at org.gradle.execution.taskgraph.DefaultTaskExecutionGraph$InvokeNodeExecutorsAction.execute(DefaultTaskExecutionGraph.java:318)
	at org.gradle.execution.taskgraph.DefaultTaskExecutionGraph$BuildOperationAwareExecutionAction.lambda$execute$0(DefaultTaskExecutionGraph.java:314)
	at org.gradle.internal.operations.CurrentBuildOperationRef.with(CurrentBuildOperationRef.java:80)
	at org.gradle.execution.taskgraph.DefaultTaskExecutionGraph$BuildOperationAwareExecutionAction.execute(DefaultTaskExecutionGraph.java:314)
	at org.gradle.execution.taskgraph.DefaultTaskExecutionGraph$BuildOperationAwareExecutionAction.execute(DefaultTaskExecutionGraph.java:303)
	at org.gradle.execution.plan.DefaultPlanExecutor$ExecutorWorker.execute(DefaultPlanExecutor.java:463)
	at org.gradle.execution.plan.DefaultPlanExecutor$ExecutorWorker.run(DefaultPlanExecutor.java:380)
	at org.gradle.internal.concurrent.ExecutorPolicy$CatchAndRecordFailures.onExecute(ExecutorPolicy.java:64)
	at org.gradle.internal.concurrent.AbstractManagedExecutor$1.run(AbstractManagedExecutor.java:47)
Caused by: com.android.ide.common.process.ProcessException: ninja: Entering directory `/home/runner/work/streamify-apk/streamify-apk/app/.cxx/Debug/2v2o2f38/arm64-v8a'
[1/18] Building CXX object CMakeFiles/streamify_core.dir/engine/AirDropPhysicsEngine.cc.o
[2/18] Building CXX object CMakeFiles/streamify_core.dir/engine/EventTracker.cc.o
[3/18] Building CXX object CMakeFiles/streamify_core.dir/jni/jni_bridge.cc.o
/home/runner/work/streamify-apk/streamify-apk/native/jni/jni_bridge.cc:174:61: warning: unused parameter 'env' [-Wunused-parameter]
Java_com_streamify_app_data_NativeBridge_toggleLike(JNIEnv* env, jobject /* this */, jint userId, jint trackId) {
                                                            ^
/home/runner/work/streamify-apk/streamify-apk/native/jni/jni_bridge.cc:224:138: warning: unused parameter 'userId' [-Wunused-parameter]
Java_com_streamify_app_data_NativeBridge_getRecommendations(JNIEnv* env, jobject /* this */, jint trackId, jintArray recentHistory, jint userId, jint limit) {
                                                                                                                                         ^
/home/runner/work/streamify-apk/streamify-apk/native/jni/jni_bridge.cc:235:63: warning: unused parameter 'env' [-Wunused-parameter]
Java_com_streamify_app_data_NativeBridge_logPlayEvent(JNIEnv* env, jobject /* this */, jint fromTrackId, jint toTrackId, jint userId) {
                                                              ^
/home/runner/work/streamify-apk/streamify-apk/native/jni/jni_bridge.cc:240:63: warning: unused parameter 'env' [-Wunused-parameter]
Java_com_streamify_app_data_NativeBridge_logSkipEvent(JNIEnv* env, jobject /* this */, jint fromTrackId, jint toTrackId, jint userId) {
                                                              ^
/home/runner/work/streamify-apk/streamify-apk/native/jni/jni_bridge.cc:758:68: warning: unused parameter 'env' [-Wunused-parameter]
Java_com_streamify_app_data_NativeBridge_nukeLocalDatabase(JNIEnv* env, jobject /* this */) {
                                                                   ^
5 warnings generated.
[4/18] Building CXX object CMakeFiles/streamify_core.dir/engine/TelemetryEngine.cc.o
[5/18] Building CXX object CMakeFiles/streamify_core.dir/engine/VectorStore.cc.o
[6/18] Building CXX object CMakeFiles/streamify_core.dir/engine/TaskOrchestrator.cc.o
[7/18] Building CXX object CMakeFiles/streamify_core.dir/engine/StreamifyDB.cc.o
/home/runner/work/streamify-apk/streamify-apk/native/engine/StreamifyDB.cc:877:83: warning: unused parameter 'artist' [-Wunused-parameter]
int StreamifyDB::findFuzzyTrackMatch(const std::string& title, const std::string& artist) {
                                                                                  ^
1 warning generated.
[8/18] Building CXX object CMakeFiles/streamify_core.dir/engine/PtpEngine.cc.o
[9/18] Building CXX object CMakeFiles/streamify_core.dir/engine/ChronosProfiler.cc.o
/home/runner/work/streamify-apk/streamify-apk/native/engine/ChronosProfiler.cc:147:71: warning: unused parameter 'currentTimestampMs' [-Wunused-parameter]
float ChronosProfiler::calculateSatiationPenalty(int trackId, int64_t currentTimestampMs) const {
                                                                      ^
1 warning generated.
[10/18] Building CXX object CMakeFiles/streamify_core.dir/dsp/SoftKneeLimiter.cc.o
[11/18] Building C object CMakeFiles/streamify_core.dir/dsp/kissfft/kiss_fft.c.o
[12/18] Building C object CMakeFiles/streamify_core.dir/dsp/kissfft/kiss_fftr.c.o
[13/18] Building CXX object CMakeFiles/streamify_core.dir/dsp/LyricAligner.cc.o
[14/18] Building CXX object CMakeFiles/streamify_core.dir/dsp/LufsNormalizer.cc.o
[15/18] Building CXX object CMakeFiles/streamify_core.dir/engine/RecommendEngine.cc.o
/home/runner/work/streamify-apk/streamify-apk/native/engine/RecommendEngine.cc:140:17: warning: unused variable 'beta_bpm' [-Wunused-variable]
    const float beta_bpm = 0.20f;
                ^
/home/runner/work/streamify-apk/streamify-apk/native/engine/RecommendEngine.cc:428:11: warning: unused variable 'vecStore' [-Wunused-variable]
    auto& vecStore = VectorStore::getInstance();
          ^
2 warnings generated.
[16/18] Building C object CMakeFiles/streamify_core.dir/third_party/sqlite3/sqlite3.c.o
[17/18] Building CXX object CMakeFiles/streamify_core.dir/ingest/AudioPipeline.cc.o
/home/runner/work/streamify-apk/streamify-apk/native/ingest/AudioPipeline.cc:328:35: warning: comparison of integers of different signs: 'int' and 'std::vector<float>::size_type' (aka 'unsigned long') [-Wsign-compare]
        if (i * hop_length + nfft > pcm.size()) break;
            ~~~~~~~~~~~~~~~~~~~~~ ^ ~~~~~~~~~~
1 warning generated.
[18/18] Linking CXX shared library /home/runner/work/streamify-apk/streamify-apk/app/build/intermediates/cxx/Debug/2v2o2f38/obj/arm64-v8a/libstreamify_core.so
FAILED: /home/runner/work/streamify-apk/streamify-apk/app/build/intermediates/cxx/Debug/2v2o2f38/obj/arm64-v8a/libstreamify_core.so 
: && /usr/local/lib/android/sdk/ndk/25.1.8937393/toolchains/llvm/prebuilt/linux-x86_64/bin/clang++ --target=aarch64-none-linux-android26 --sysroot=/usr/local/lib/android/sdk/ndk/25.1.8937393/toolchains/llvm/prebuilt/linux-x86_64/sysroot -fPIC -g -DANDROID -fdata-sections -ffunction-sections -funwind-tables -fstack-protector-strong -no-canonical-prefixes -D_FORTIFY_SOURCE=2 -Wformat -Werror=format-security  -std=c++20 -O3 -flto -march=armv8-a+fp+simd -fno-limit-debug-info  -Wl,--build-id=sha1 -Wl,--no-rosegment -Wl,--fatal-warnings -Wl,--gc-sections -Wl,--no-undefined -Qunused-arguments -shared -Wl,-soname,libstreamify_core.so -o /home/runner/work/streamify-apk/streamify-apk/app/build/intermediates/cxx/Debug/2v2o2f38/obj/arm64-v8a/libstreamify_core.so CMakeFiles/streamify_core.dir/jni/jni_bridge.cc.o CMakeFiles/streamify_core.dir/engine/StreamifyDB.cc.o CMakeFiles/streamify_core.dir/engine/VectorStore.cc.o CMakeFiles/streamify_core.dir/engine/RecommendEngine.cc.o CMakeFiles/streamify_core.dir/engine/EventTracker.cc.o CMakeFiles/streamify_core.dir/engine/TaskOrchestrator.cc.o CMakeFiles/streamify_core.dir/engine/TelemetryEngine.cc.o CMakeFiles/streamify_core.dir/engine/ChronosProfiler.cc.o CMakeFiles/streamify_core.dir/engine/PtpEngine.cc.o CMakeFiles/streamify_core.dir/engine/AirDropPhysicsEngine.cc.o CMakeFiles/streamify_core.dir/ingest/AudioPipeline.cc.o CMakeFiles/streamify_core.dir/dsp/SoftKneeLimiter.cc.o CMakeFiles/streamify_core.dir/dsp/LufsNormalizer.cc.o CMakeFiles/streamify_core.dir/dsp/LyricAligner.cc.o CMakeFiles/streamify_core.dir/dsp/kissfft/kiss_fft.c.o CMakeFiles/streamify_core.dir/dsp/kissfft/kiss_fftr.c.o CMakeFiles/streamify_core.dir/third_party/sqlite3/sqlite3.c.o  -landroid  -llog  -latomic -lm && :
ld: error: undefined symbol: rust_fuzzy_rank_candidates
>>> referenced by jni_bridge.cc:957 (/home/runner/work/streamify-apk/streamify-apk/native/jni/jni_bridge.cc:957)
>>>               lto.tmp:(Java_com_streamify_app_data_NativeBridge_rustFuzzyRankCandidates)

ld: error: undefined symbol: rust_free_string
>>> referenced by jni_bridge.cc:964 (/home/runner/work/streamify-apk/streamify-apk/native/jni/jni_bridge.cc:964)
>>>               lto.tmp:(Java_com_streamify_app_data_NativeBridge_rustFuzzyRankCandidates)
>>> referenced by jni_bridge.cc:1002 (/home/runner/work/streamify-apk/streamify-apk/native/jni/jni_bridge.cc:1002)
>>>               lto.tmp:(Java_com_streamify_app_data_NativeBridge_rustParseYouTubePlaylist)
>>> referenced by jni_bridge.cc:1071 (/home/runner/work/streamify-apk/streamify-apk/native/jni/jni_bridge.cc:1071)
>>>               lto.tmp:(Java_com_streamify_app_data_NativeBridge_rustDownloadStreamDirect)
>>> referenced 2 more times

ld: error: undefined symbol: rust_calculate_string_similarity
>>> referenced by jni_bridge.cc:979 (/home/runner/work/streamify-apk/streamify-apk/native/jni/jni_bridge.cc:979)
>>>               lto.tmp:(Java_com_streamify_app_data_NativeBridge_rustCalculateSimilarity)

ld: error: undefined symbol: rust_parse_youtube_playlist
>>> referenced by jni_bridge.cc:997 (/home/runner/work/streamify-apk/streamify-apk/native/jni/jni_bridge.cc:997)
>>>               lto.tmp:(Java_com_streamify_app_data_NativeBridge_rustParseYouTubePlaylist)

ld: error: undefined symbol: rust_compute_fft_spectrum
>>> referenced by jni_bridge.cc:1022 (/home/runner/work/streamify-apk/streamify-apk/native/jni/jni_bridge.cc:1022)
>>>               lto.tmp:(Java_com_streamify_app_data_NativeBridge_rustComputeFftSpectrum)

ld: error: undefined symbol: rust_process_equalizer_frame
>>> referenced by jni_bridge.cc:1044 (/home/runner/work/streamify-apk/streamify-apk/native/jni/jni_bridge.cc:1044)
>>>               lto.tmp:(Java_com_streamify_app_data_NativeBridge_rustProcessEqualizerFrame)

ld: error: undefined symbol: rust_download_stream_direct
>>> referenced by jni_bridge.cc:1064 (/home/runner/work/streamify-apk/streamify-apk/native/jni/jni_bridge.cc:1064)
>>>               lto.tmp:(Java_com_streamify_app_data_NativeBridge_rustDownloadStreamDirect)

ld: error: undefined symbol: rust_score_and_rank_radio_candidates
>>> referenced by jni_bridge.cc:1107 (/home/runner/work/streamify-apk/streamify-apk/native/jni/jni_bridge.cc:1107)
>>>               lto.tmp:(Java_com_streamify_app_data_NativeBridge_rustScoreAndRankRadioCandidates)

ld: error: undefined symbol: rust_process_crossfade_pcm
>>> referenced by jni_bridge.cc:1137 (/home/runner/work/streamify-apk/streamify-apk/native/jni/jni_bridge.cc:1137)
>>>               lto.tmp:(Java_com_streamify_app_data_NativeBridge_rustProcessCrossfadePcm)

ld: error: undefined symbol: rust_encrypt_vault_file
>>> referenced by jni_bridge.cc:1159 (/home/runner/work/streamify-apk/streamify-apk/native/jni/jni_bridge.cc:1159)
>>>               lto.tmp:(Java_com_streamify_app_data_NativeBridge_rustEncryptVaultFile)

ld: error: undefined symbol: rust_decrypt_vault_file
>>> referenced by jni_bridge.cc:1181 (/home/runner/work/streamify-apk/streamify-apk/native/jni/jni_bridge.cc:1181)
>>>               lto.tmp:(Java_com_streamify_app_data_NativeBridge_rustDecryptVaultFile)

ld: error: undefined symbol: rust_parse_backup_csv
>>> referenced by jni_bridge.cc:1198 (/home/runner/work/streamify-apk/streamify-apk/native/jni/jni_bridge.cc:1198)
>>>               lto.tmp:(Java_com_streamify_app_data_NativeBridge_rustParseBackupCsv)
clang++: error: linker command failed with exit code 1 (use -v to see invocation)
ninja: build stopped: subcommand failed.

C++ build system [build] failed while executing:
    /usr/local/lib/android/sdk/cmake/3.22.1/bin/ninja \
      -C \
      /home/runner/work/streamify-apk/streamify-apk/app/.cxx/Debug/2v2o2f38/arm64-v8a \
      streamify_core
  from /home/runner/work/streamify-apk/streamify-apk/app
	at com.android.build.gradle.internal.cxx.process.ExecuteProcessKt.execute(ExecuteProcess.kt:288)
	at com.android.build.gradle.internal.cxx.process.ExecuteProcessKt$executeProcess$1.invoke(ExecuteProcess.kt:108)
	at com.android.build.gradle.internal.cxx.process.ExecuteProcessKt$executeProcess$1.invoke(ExecuteProcess.kt:106)
	at com.android.build.gradle.internal.cxx.timing.TimingEnvironmentKt.time(TimingEnvironment.kt:32)
	at com.android.build.gradle.internal.cxx.process.ExecuteProcessKt.executeProcess(ExecuteProcess.kt:106)
	at com.android.build.gradle.internal.cxx.process.ExecuteProcessKt.executeProcess$default(ExecuteProcess.kt:85)
	at com.android.build.gradle.internal.cxx.build.CxxRegularBuilder.executeProcessBatch(CxxRegularBuilder.kt:332)
	at com.android.build.gradle.internal.cxx.build.CxxRegularBuilder.build(CxxRegularBuilder.kt:129)
	at com.android.build.gradle.tasks.ExternalNativeBuildTask$doTaskAction$$inlined$recordTaskAction$1.invoke(BaseTask.kt:70)
	at com.android.build.gradle.internal.tasks.Blocks.recordSpan(Blocks.java:51)
	at com.android.build.gradle.tasks.ExternalNativeBuildTask.doTaskAction(ExternalNativeBuildTask.kt:145)
	at com.android.build.gradle.internal.tasks.UnsafeOutputsTask$taskAction$$inlined$recordTaskAction$1.invoke(BaseTask.kt:65)
	at com.android.build.gradle.internal.tasks.Blocks.recordSpan(Blocks.java:51)
	at com.android.build.gradle.internal.tasks.UnsafeOutputsTask.taskAction(UnsafeOutputsTask.kt:63)
	at java.base/jdk.internal.reflect.NativeMethodAccessorImpl.invoke0(Native Method)
	at java.base/jdk.internal.reflect.NativeMethodAccessorImpl.invoke(NativeMethodAccessorImpl.java:77)
	at java.base/jdk.internal.reflect.DelegatingMethodAccessorImpl.invoke(DelegatingMethodAccessorImpl.java:43)
	at org.gradle.internal.reflect.JavaMethod.invoke(JavaMethod.java:125)
	... 119 more
Caused by: com.android.ide.common.process.ProcessException: Error while executing process /usr/local/lib/android/sdk/cmake/3.22.1/bin/ninja with arguments {-C /home/runner/work/streamify-apk/streamify-apk/app/.cxx/Debug/2v2o2f38/arm64-v8a streamify_core}
	at com.android.build.gradle.internal.process.GradleProcessResult.buildProcessException(GradleProcessResult.java:73)
	at com.android.build.gradle.internal.process.GradleProcessResult.assertNormalExitValue(GradleProcessResult.java:48)
	at com.android.build.gradle.internal.cxx.process.ExecuteProcessKt.execute(ExecuteProcess.kt:277)
	... 136 more
Caused by: org.gradle.process.internal.ExecException: Process 'command '/usr/local/lib/android/sdk/cmake/3.22.1/bin/ninja'' finished with non-zero exit value 1
	at org.gradle.process.internal.DefaultExecHandle$ExecResultImpl.assertNormalExitValue(DefaultExecHandle.java:442)
	at com.android.build.gradle.internal.process.GradleProcessResult.assertNormalExitValue(GradleProcessResult.java:46)
	... 137 more


BUILD FAILED in 3m 21s
23 actionable tasks: 23 executed
