openjdk version "17.0.20" 2026-07-21
OpenJDK Runtime Environment Temurin-17.0.20+8 (build 17.0.20+8)
OpenJDK 64-Bit Server VM Temurin-17.0.20+8 (build 17.0.20+8, mixed mode, sharing)
Downloading https://services.gradle.org/distributions/gradle-8.7-bin.zip
...............................................................................................................................
Unzipping /home/runner/.gradle/wrapper/dists/gradle-8.7-bin/bhs2wmbdwecv87pi65oeuq5iu/gradle-8.7-bin.zip to /home/runner/.gradle/wrapper/dists/gradle-8.7-bin/bhs2wmbdwecv87pi65oeuq5iu
Set executable permissions for: /home/runner/.gradle/wrapper/dists/gradle-8.7-bin/bhs2wmbdwecv87pi65oeuq5iu/gradle-8.7/bin/gradle

Welcome to Gradle 8.7!

Here are the highlights of this release:
 - Compiling and testing with Java 22
 - Cacheable Groovy script compilation
 - New methods in lazy collection properties

For more details see https://docs.gradle.org/8.7/release-notes.html

To honour the JVM settings for this build a single-use Daemon process will be forked. For more on this, please refer to https://docs.gradle.org/8.7/userguide/gradle_daemon.html#sec:disabling_the_daemon in the Gradle documentation.
Daemon will be stopped at the end of the build 

> Configure project :app
This version only understands SDK XML versions up to 3 but an SDK XML file of version 4 was encountered. This can happen if you use versions of Android Studio and the command-line tools that were released at different times.
Checking the license for package NDK (Side by side) 25.1.8937393 in /usr/local/lib/android/sdk/licenses
License for package NDK (Side by side) 25.1.8937393 accepted.
Preparing "Install NDK (Side by side) 25.1.8937393 v.25.1.8937393".
"Install NDK (Side by side) 25.1.8937393 v.25.1.8937393" ready.
Installing NDK (Side by side) 25.1.8937393 in /usr/local/lib/android/sdk/ndk/25.1.8937393
"Install NDK (Side by side) 25.1.8937393 v.25.1.8937393" complete.
"Install NDK (Side by side) 25.1.8937393 v.25.1.8937393" finished.

> Task :app:externalNativeBuildCleanDebug
> Task :app:externalNativeBuildCleanRelease
> Task :app:clean UP-TO-DATE

> Task :app:cargoBuildRust
    Building arm64-v8a (aarch64-linux-android)
[1m[92m   Compiling[0m streamify_core_rs v1.0.0 (/home/runner/work/streamify-apk/streamify-apk/rust)
[1m[33mwarning[0m[1m: unnecessary parentheses around assigned value[0m
  [1m[94m--> [0msrc/continuum_engine.rs:99:35
   [1m[94m|[0m
[1m[94m99[0m [1m[94m|[0m                 let pseudo_rand = ((i as f32 * 17.31 + state.session_track_idx as f32 * 7.13).sin().abs());
   [1m[94m|[0m                                   [1m[33m^[0m                                                                      [1m[33m^[0m
   [1m[94m|[0m
   [1m[94m= [0m[1mnote[0m: `#[warn(unused_parens)]` (part of `#[warn(unused)]`) on by default
[1m[96mhelp[0m: remove these parentheses
   [1m[94m|[0m
[1m[94m99[0m [91m- [0m                let pseudo_rand = [91m([0m(i as f32 * 17.31 + state.session_track_idx as f32 * 7.13).sin().abs()[91m)[0m;
[1m[94m99[0m [92m+ [0m                let pseudo_rand = (i as f32 * 17.31 + state.session_track_idx as f32 * 7.13).sin().abs();
   [1m[94m|[0m

[1m[33mwarning[0m[1m: unused imports: `SeekFrom` and `Seek`[0m
 [1m[94m--> [0msrc/downloader.rs:3:21
  [1m[94m|[0m
[1m[94m3[0m [1m[94m|[0m use std::io::{Read, Seek, SeekFrom, Write};
  [1m[94m|[0m                     [1m[33m^^^^[0m  [1m[33m^^^^^^^^[0m
  [1m[94m|[0m
  [1m[94m= [0m[1mnote[0m: `#[warn(unused_imports)]` (part of `#[warn(unused)]`) on by default

[1m[33mwarning[0m[1m: variable does not need to be mutable[0m
  [1m[94m--> [0msrc/dsp.rs:53:14
   [1m[94m|[0m
[1m[94m53[0m [1m[94m|[0m         let (mut b0, mut b1, mut b2, mut a0, mut a1, mut a2) = match filter_type {
   [1m[94m|[0m              [1m[94m----[0m[1m[33m^^[0m
   [1m[94m|[0m              [1m[94m|[0m
   [1m[94m|[0m              [1m[94mhelp: remove this `mut`[0m
   [1m[94m|[0m
   [1m[94m= [0m[1mnote[0m: `#[warn(unused_mut)]` (part of `#[warn(unused)]`) on by default

[1m[33mwarning[0m[1m: variable does not need to be mutable[0m
  [1m[94m--> [0msrc/dsp.rs:53:22
   [1m[94m|[0m
[1m[94m53[0m [1m[94m|[0m         let (mut b0, mut b1, mut b2, mut a0, mut a1, mut a2) = match filter_type {
   [1m[94m|[0m                      [1m[94m----[0m[1m[33m^^[0m
   [1m[94m|[0m                      [1m[94m|[0m
   [1m[94m|[0m                      [1m[94mhelp: remove this `mut`[0m

[1m[33mwarning[0m[1m: variable does not need to be mutable[0m
  [1m[94m--> [0msrc/dsp.rs:53:30
   [1m[94m|[0m
[1m[94m53[0m [1m[94m|[0m         let (mut b0, mut b1, mut b2, mut a0, mut a1, mut a2) = match filter_type {
   [1m[94m|[0m                              [1m[94m----[0m[1m[33m^^[0m
   [1m[94m|[0m                              [1m[94m|[0m
   [1m[94m|[0m                              [1m[94mhelp: remove this `mut`[0m

[1m[33mwarning[0m[1m: variable does not need to be mutable[0m
  [1m[94m--> [0msrc/dsp.rs:53:38
   [1m[94m|[0m
[1m[94m53[0m [1m[94m|[0m         let (mut b0, mut b1, mut b2, mut a0, mut a1, mut a2) = match filter_type {
   [1m[94m|[0m                                      [1m[94m----[0m[1m[33m^^[0m
   [1m[94m|[0m                                      [1m[94m|[0m
   [1m[94m|[0m                                      [1m[94mhelp: remove this `mut`[0m

[1m[33mwarning[0m[1m: variable does not need to be mutable[0m
  [1m[94m--> [0msrc/dsp.rs:53:46
   [1m[94m|[0m
[1m[94m53[0m [1m[94m|[0m         let (mut b0, mut b1, mut b2, mut a0, mut a1, mut a2) = match filter_type {
   [1m[94m|[0m                                              [1m[94m----[0m[1m[33m^^[0m
   [1m[94m|[0m                                              [1m[94m|[0m
   [1m[94m|[0m                                              [1m[94mhelp: remove this `mut`[0m

[1m[33mwarning[0m[1m: variable does not need to be mutable[0m
  [1m[94m--> [0msrc/dsp.rs:53:54
   [1m[94m|[0m
[1m[94m53[0m [1m[94m|[0m         let (mut b0, mut b1, mut b2, mut a0, mut a1, mut a2) = match filter_type {
   [1m[94m|[0m                                                      [1m[94m----[0m[1m[33m^^[0m
   [1m[94m|[0m                                                      [1m[94m|[0m
   [1m[94m|[0m                                                      [1m[94mhelp: remove this `mut`[0m

[1m[33mwarning[0m[1m: variable does not need to be mutable[0m
   [1m[94m--> [0msrc/jni_bridge.rs:483:5
    [1m[94m|[0m
[1m[94m483[0m [1m[94m|[0m     mut env: JNIEnv,
    [1m[94m|[0m     [1m[94m----[0m[1m[33m^^^[0m
    [1m[94m|[0m     [1m[94m|[0m
    [1m[94m|[0m     [1m[94mhelp: remove this `mut`[0m

[1m[33mwarning[0m[1m: variable does not need to be mutable[0m
   [1m[94m--> [0msrc/jni_bridge.rs:606:5
    [1m[94m|[0m
[1m[94m606[0m [1m[94m|[0m     mut env: JNIEnv,
    [1m[94m|[0m     [1m[94m----[0m[1m[33m^^^[0m
    [1m[94m|[0m     [1m[94m|[0m
    [1m[94m|[0m     [1m[94mhelp: remove this `mut`[0m

[1m[33mwarning[0m[1m: variable does not need to be mutable[0m
   [1m[94m--> [0msrc/jni_bridge.rs:938:5
    [1m[94m|[0m
[1m[94m938[0m [1m[94m|[0m     mut env: JNIEnv,
    [1m[94m|[0m     [1m[94m----[0m[1m[33m^^^[0m
    [1m[94m|[0m     [1m[94m|[0m
    [1m[94m|[0m     [1m[94mhelp: remove this `mut`[0m

[1m[33mwarning[0m[1m: variable does not need to be mutable[0m
   [1m[94m--> [0msrc/jni_bridge.rs:976:5
    [1m[94m|[0m
[1m[94m976[0m [1m[94m|[0m     mut env: JNIEnv,
    [1m[94m|[0m     [1m[94m----[0m[1m[33m^^^[0m
    [1m[94m|[0m     [1m[94m|[0m
    [1m[94m|[0m     [1m[94mhelp: remove this `mut`[0m

[1m[33mwarning[0m[1m: unused variable: `contents_path`[0m
  [1m[94m--> [0msrc/playlist_parser.rs:48:13
   [1m[94m|[0m
[1m[94m48[0m [1m[94m|[0m         let contents_path = if root.pointer("/continuationContents").is_some() {
   [1m[94m|[0m             [1m[33m^^^^^^^^^^^^^[0m [1m[33mhelp: if this is intentional, prefix it with an underscore: `_contents_path`[0m
   [1m[94m|[0m
   [1m[94m= [0m[1mnote[0m: `#[warn(unused_variables)]` (part of `#[warn(unused)]`) on by default

[1m[33mwarning[0m[1m: associated constant `INNERTUBE_PLAYER_URL` is never used[0m
   [1m[94m--> [0msrc/resolver.rs:933:11
    [1m[94m|[0m
[1m[94m932[0m [1m[94m|[0m impl StreamResolver {
    [1m[94m|[0m [1m[94m-------------------[0m [1m[94massociated constant in this implementation[0m
[1m[94m933[0m [1m[94m|[0m     const INNERTUBE_PLAYER_URL: &'static str = "https://www.youtube.com/youtubei/v1/player";
    [1m[94m|[0m           [1m[33m^^^^^^^^^^^^^^^^^^^^[0m
    [1m[94m|[0m
    [1m[94m= [0m[1mnote[0m: `#[warn(dead_code)]` (part of `#[warn(unused)]`) on by default

[1m[33mwarning[0m[1m: field `total` is never read[0m
  [1m[94m--> [0msrc/spotify_ingest.rs:13:5
   [1m[94m|[0m
[1m[94m 9[0m [1m[94m|[0m struct SpotifyPagingResponse<T> {
   [1m[94m|[0m        [1m[94m---------------------[0m [1m[94mfield in this struct[0m
[1m[94m...[0m
[1m[94m13[0m [1m[94m|[0m     total: u32,
   [1m[94m|[0m     [1m[33m^^^^^[0m

[1m[33mwarning[0m[1m: fields `id` and `name` are never read[0m
  [1m[94m--> [0msrc/spotify_ingest.rs:76:5
   [1m[94m|[0m
[1m[94m74[0m [1m[94m|[0m struct SpotifyPlaylistItem {
   [1m[94m|[0m        [1m[94m-------------------[0m [1m[94mfields in this struct[0m
[1m[94m75[0m [1m[94m|[0m     #[serde(default)]
[1m[94m76[0m [1m[94m|[0m     id: String,
   [1m[94m|[0m     [1m[33m^^[0m
[1m[94m77[0m [1m[94m|[0m     #[serde(default)]
[1m[94m78[0m [1m[94m|[0m     name: String,
   [1m[94m|[0m     [1m[33m^^^^[0m

[1m[33mwarning[0m[1m: field `total` is never read[0m
  [1m[94m--> [0msrc/spotify_ingest.rs:87:5
   [1m[94m|[0m
[1m[94m83[0m [1m[94m|[0m struct SpotifyPlaylistTracksRef {
   [1m[94m|[0m        [1m[94m------------------------[0m [1m[94mfield in this struct[0m
[1m[94m...[0m
[1m[94m87[0m [1m[94m|[0m     total: u32,
   [1m[94m|[0m     [1m[33m^^^^^[0m

[1m[33mwarning[0m: `streamify_core_rs` (lib) generated 17 warnings (run `cargo fix --lib -p streamify_core_rs` to apply 13 suggestions)
[1m[92m    Finished[0m `release` profile [optimized] target(s) in 31.50s
    Building armeabi-v7a (armv7-linux-androideabi)
[1m[92m   Compiling[0m streamify_core_rs v1.0.0 (/home/runner/work/streamify-apk/streamify-apk/rust)
[1m[33mwarning[0m[1m: unnecessary parentheses around assigned value[0m
  [1m[94m--> [0msrc/continuum_engine.rs:99:35
   [1m[94m|[0m
[1m[94m99[0m [1m[94m|[0m                 let pseudo_rand = ((i as f32 * 17.31 + state.session_track_idx as f32 * 7.13).sin().abs());
   [1m[94m|[0m                                   [1m[33m^[0m                                                                      [1m[33m^[0m
   [1m[94m|[0m
   [1m[94m= [0m[1mnote[0m: `#[warn(unused_parens)]` (part of `#[warn(unused)]`) on by default
[1m[96mhelp[0m: remove these parentheses
   [1m[94m|[0m
[1m[94m99[0m [91m- [0m                let pseudo_rand = [91m([0m(i as f32 * 17.31 + state.session_track_idx as f32 * 7.13).sin().abs()[91m)[0m;
[1m[94m99[0m [92m+ [0m                let pseudo_rand = (i as f32 * 17.31 + state.session_track_idx as f32 * 7.13).sin().abs();
   [1m[94m|[0m

[1m[33mwarning[0m[1m: unused imports: `SeekFrom` and `Seek`[0m
 [1m[94m--> [0msrc/downloader.rs:3:21
  [1m[94m|[0m
[1m[94m3[0m [1m[94m|[0m use std::io::{Read, Seek, SeekFrom, Write};
  [1m[94m|[0m                     [1m[33m^^^^[0m  [1m[33m^^^^^^^^[0m
  [1m[94m|[0m
  [1m[94m= [0m[1mnote[0m: `#[warn(unused_imports)]` (part of `#[warn(unused)]`) on by default

[1m[33mwarning[0m[1m: variable does not need to be mutable[0m
  [1m[94m--> [0msrc/dsp.rs:53:14
   [1m[94m|[0m
[1m[94m53[0m [1m[94m|[0m         let (mut b0, mut b1, mut b2, mut a0, mut a1, mut a2) = match filter_type {
   [1m[94m|[0m              [1m[94m----[0m[1m[33m^^[0m
   [1m[94m|[0m              [1m[94m|[0m
   [1m[94m|[0m              [1m[94mhelp: remove this `mut`[0m
   [1m[94m|[0m
   [1m[94m= [0m[1mnote[0m: `#[warn(unused_mut)]` (part of `#[warn(unused)]`) on by default

[1m[33mwarning[0m[1m: variable does not need to be mutable[0m
  [1m[94m--> [0msrc/dsp.rs:53:22
   [1m[94m|[0m
[1m[94m53[0m [1m[94m|[0m         let (mut b0, mut b1, mut b2, mut a0, mut a1, mut a2) = match filter_type {
   [1m[94m|[0m                      [1m[94m----[0m[1m[33m^^[0m
   [1m[94m|[0m                      [1m[94m|[0m
   [1m[94m|[0m                      [1m[94mhelp: remove this `mut`[0m

[1m[33mwarning[0m[1m: variable does not need to be mutable[0m
  [1m[94m--> [0msrc/dsp.rs:53:30
   [1m[94m|[0m
[1m[94m53[0m [1m[94m|[0m         let (mut b0, mut b1, mut b2, mut a0, mut a1, mut a2) = match filter_type {
   [1m[94m|[0m                              [1m[94m----[0m[1m[33m^^[0m
   [1m[94m|[0m                              [1m[94m|[0m
   [1m[94m|[0m                              [1m[94mhelp: remove this `mut`[0m

[1m[33mwarning[0m[1m: variable does not need to be mutable[0m
  [1m[94m--> [0msrc/dsp.rs:53:38
   [1m[94m|[0m
[1m[94m53[0m [1m[94m|[0m         let (mut b0, mut b1, mut b2, mut a0, mut a1, mut a2) = match filter_type {
   [1m[94m|[0m                                      [1m[94m----[0m[1m[33m^^[0m
   [1m[94m|[0m                                      [1m[94m|[0m
   [1m[94m|[0m                                      [1m[94mhelp: remove this `mut`[0m

[1m[33mwarning[0m[1m: variable does not need to be mutable[0m
  [1m[94m--> [0msrc/dsp.rs:53:46
   [1m[94m|[0m
[1m[94m53[0m [1m[94m|[0m         let (mut b0, mut b1, mut b2, mut a0, mut a1, mut a2) = match filter_type {
   [1m[94m|[0m                                              [1m[94m----[0m[1m[33m^^[0m
   [1m[94m|[0m                                              [1m[94m|[0m
   [1m[94m|[0m                                              [1m[94mhelp: remove this `mut`[0m

[1m[33mwarning[0m[1m: variable does not need to be mutable[0m
  [1m[94m--> [0msrc/dsp.rs:53:54
   [1m[94m|[0m
[1m[94m53[0m [1m[94m|[0m         let (mut b0, mut b1, mut b2, mut a0, mut a1, mut a2) = match filter_type {
   [1m[94m|[0m                                                      [1m[94m----[0m[1m[33m^^[0m
   [1m[94m|[0m                                                      [1m[94m|[0m
   [1m[94m|[0m                                                      [1m[94mhelp: remove this `mut`[0m

[1m[33mwarning[0m[1m: variable does not need to be mutable[0m
   [1m[94m--> [0msrc/jni_bridge.rs:483:5
    [1m[94m|[0m
[1m[94m483[0m [1m[94m|[0m     mut env: JNIEnv,
    [1m[94m|[0m     [1m[94m----[0m[1m[33m^^^[0m
    [1m[94m|[0m     [1m[94m|[0m
    [1m[94m|[0m     [1m[94mhelp: remove this `mut`[0m

[1m[33mwarning[0m[1m: variable does not need to be mutable[0m
   [1m[94m--> [0msrc/jni_bridge.rs:606:5
    [1m[94m|[0m
[1m[94m606[0m [1m[94m|[0m     mut env: JNIEnv,
    [1m[94m|[0m     [1m[94m----[0m[1m[33m^^^[0m
    [1m[94m|[0m     [1m[94m|[0m
    [1m[94m|[0m     [1m[94mhelp: remove this `mut`[0m

[1m[33mwarning[0m[1m: variable does not need to be mutable[0m
   [1m[94m--> [0msrc/jni_bridge.rs:938:5
    [1m[94m|[0m
[1m[94m938[0m [1m[94m|[0m     mut env: JNIEnv,
    [1m[94m|[0m     [1m[94m----[0m[1m[33m^^^[0m
    [1m[94m|[0m     [1m[94m|[0m
    [1m[94m|[0m     [1m[94mhelp: remove this `mut`[0m

[1m[33mwarning[0m[1m: variable does not need to be mutable[0m
   [1m[94m--> [0msrc/jni_bridge.rs:976:5
    [1m[94m|[0m
[1m[94m976[0m [1m[94m|[0m     mut env: JNIEnv,
    [1m[94m|[0m     [1m[94m----[0m[1m[33m^^^[0m
    [1m[94m|[0m     [1m[94m|[0m
    [1m[94m|[0m     [1m[94mhelp: remove this `mut`[0m

[1m[33mwarning[0m[1m: unused variable: `contents_path`[0m
  [1m[94m--> [0msrc/playlist_parser.rs:48:13
   [1m[94m|[0m
[1m[94m48[0m [1m[94m|[0m         let contents_path = if root.pointer("/continuationContents").is_some() {
   [1m[94m|[0m             [1m[33m^^^^^^^^^^^^^[0m [1m[33mhelp: if this is intentional, prefix it with an underscore: `_contents_path`[0m
   [1m[94m|[0m
   [1m[94m= [0m[1mnote[0m: `#[warn(unused_variables)]` (part of `#[warn(unused)]`) on by default

[1m[33mwarning[0m[1m: associated constant `INNERTUBE_PLAYER_URL` is never used[0m
   [1m[94m--> [0msrc/resolver.rs:933:11
    [1m[94m|[0m
[1m[94m932[0m [1m[94m|[0m impl StreamResolver {
    [1m[94m|[0m [1m[94m-------------------[0m [1m[94massociated constant in this implementation[0m
[1m[94m933[0m [1m[94m|[0m     const INNERTUBE_PLAYER_URL: &'static str = "https://www.youtube.com/youtubei/v1/player";
    [1m[94m|[0m           [1m[33m^^^^^^^^^^^^^^^^^^^^[0m
    [1m[94m|[0m
    [1m[94m= [0m[1mnote[0m: `#[warn(dead_code)]` (part of `#[warn(unused)]`) on by default

[1m[33mwarning[0m[1m: field `total` is never read[0m
  [1m[94m--> [0msrc/spotify_ingest.rs:13:5
   [1m[94m|[0m
[1m[94m 9[0m [1m[94m|[0m struct SpotifyPagingResponse<T> {
   [1m[94m|[0m        [1m[94m---------------------[0m [1m[94mfield in this struct[0m
[1m[94m...[0m
[1m[94m13[0m [1m[94m|[0m     total: u32,
   [1m[94m|[0m     [1m[33m^^^^^[0m

[1m[33mwarning[0m[1m: fields `id` and `name` are never read[0m
  [1m[94m--> [0msrc/spotify_ingest.rs:76:5
   [1m[94m|[0m
[1m[94m74[0m [1m[94m|[0m struct SpotifyPlaylistItem {
   [1m[94m|[0m        [1m[94m-------------------[0m [1m[94mfields in this struct[0m
[1m[94m75[0m [1m[94m|[0m     #[serde(default)]
[1m[94m76[0m [1m[94m|[0m     id: String,
   [1m[94m|[0m     [1m[33m^^[0m
[1m[94m77[0m [1m[94m|[0m     #[serde(default)]
[1m[94m78[0m [1m[94m|[0m     name: String,
   [1m[94m|[0m     [1m[33m^^^^[0m

[1m[33mwarning[0m[1m: field `total` is never read[0m
  [1m[94m--> [0msrc/spotify_ingest.rs:87:5
   [1m[94m|[0m
[1m[94m83[0m [1m[94m|[0m struct SpotifyPlaylistTracksRef {
   [1m[94m|[0m        [1m[94m------------------------[0m [1m[94mfield in this struct[0m
[1m[94m...[0m
[1m[94m87[0m [1m[94m|[0m     total: u32,
   [1m[94m|[0m     [1m[33m^^^^^[0m

[1m[33mwarning[0m: `streamify_core_rs` (lib) generated 17 warnings (run `cargo fix --lib -p streamify_core_rs` to apply 13 suggestions)
[1m[92m    Finished[0m `release` profile [optimized] target(s) in 26.62s
     Copying libraries to /home/runner/work/streamify-apk/streamify-apk/app/src/main/jniLibs

> Task :app:preBuild
> Task :app:preDebugBuild
> Task :app:mergeDebugNativeDebugMetadata NO-SOURCE
> Task :app:checkKotlinGradlePluginConfigurationErrors
> Task :app:generateDebugBuildConfig
> Task :app:generateDebugResValues
> Task :app:checkDebugAarMetadata
> Task :app:mapDebugSourceSetPaths
> Task :app:generateDebugResources
> Task :app:packageDebugResources
> Task :app:mergeDebugResources
> Task :app:createDebugCompatibleScreenManifests
> Task :app:extractDeepLinksDebug
> Task :app:parseDebugLocalResources
> Task :app:processDebugMainManifest
> Task :app:processDebugManifest
> Task :app:javaPreCompileDebug
> Task :app:mergeDebugShaders
> Task :app:compileDebugShaders NO-SOURCE
> Task :app:generateDebugAssets UP-TO-DATE
> Task :app:mergeDebugAssets
> Task :app:desugarDebugFileDependencies
> Task :app:compressDebugAssets
> Task :app:checkDebugDuplicateClasses
> Task :app:configureCMakeDebug[arm64-v8a]
> Task :app:processDebugManifestForPackage
> Task :app:mergeExtDexDebug
> Task :app:mergeLibDexDebug
> Task :app:processDebugResources

> Task :app:buildCMakeDebug[arm64-v8a]
C/C++: ninja: Entering directory `/home/runner/work/streamify-apk/streamify-apk/app/.cxx/Debug/2v2o2f38/arm64-v8a'
C/C++: /home/runner/work/streamify-apk/streamify-apk/native/engine/StreamifyDB.cc:877:83: warning: unused parameter 'artist' [-Wunused-parameter]
C/C++: int StreamifyDB::findFuzzyTrackMatch(const std::string& title, const std::string& artist) {
C/C++:                                                                                   ^
C/C++: 1 warning generated.
C/C++: /home/runner/work/streamify-apk/streamify-apk/native/jni/jni_bridge.cc:179:61: warning: unused parameter 'env' [-Wunused-parameter]
C/C++: Java_com_streamify_app_data_NativeBridge_toggleLike(JNIEnv* env, jobject /* this */, jint userId, jint trackId) {
C/C++:                                                             ^
C/C++: /home/runner/work/streamify-apk/streamify-apk/native/jni/jni_bridge.cc:229:138: warning: unused parameter 'userId' [-Wunused-parameter]
C/C++: Java_com_streamify_app_data_NativeBridge_getRecommendations(JNIEnv* env, jobject /* this */, jint trackId, jintArray recentHistory, jint userId, jint limit) {
C/C++:                                                                                                                                          ^
C/C++: /home/runner/work/streamify-apk/streamify-apk/native/jni/jni_bridge.cc:240:63: warning: unused parameter 'env' [-Wunused-parameter]
C/C++: Java_com_streamify_app_data_NativeBridge_logPlayEvent(JNIEnv* env, jobject /* this */, jint fromTrackId, jint toTrackId, jint userId) {
C/C++:                                                               ^
C/C++: /home/runner/work/streamify-apk/streamify-apk/native/jni/jni_bridge.cc:245:63: warning: unused parameter 'env' [-Wunused-parameter]
C/C++: Java_com_streamify_app_data_NativeBridge_logSkipEvent(JNIEnv* env, jobject /* this */, jint fromTrackId, jint toTrackId, jint userId) {
C/C++:                                                               ^
C/C++: /home/runner/work/streamify-apk/streamify-apk/native/jni/jni_bridge.cc:782:68: warning: unused parameter 'env' [-Wunused-parameter]
C/C++: Java_com_streamify_app_data_NativeBridge_nukeLocalDatabase(JNIEnv* env, jobject /* this */) {
C/C++:                                                                    ^
C/C++: 5 warnings generated.
C/C++: /home/runner/work/streamify-apk/streamify-apk/native/engine/ChronosProfiler.cc:147:71: warning: unused parameter 'currentTimestampMs' [-Wunused-parameter]
C/C++: float ChronosProfiler::calculateSatiationPenalty(int trackId, int64_t currentTimestampMs) const {
C/C++:                                                                       ^
C/C++: 1 warning generated.
C/C++: /home/runner/work/streamify-apk/streamify-apk/native/engine/RecommendEngine.cc:140:17: warning: unused variable 'beta_bpm' [-Wunused-variable]
C/C++:     const float beta_bpm = 0.20f;
C/C++:                 ^
C/C++: /home/runner/work/streamify-apk/streamify-apk/native/engine/RecommendEngine.cc:432:11: warning: unused variable 'vecStore' [-Wunused-variable]
C/C++:     auto& vecStore = VectorStore::getInstance();
C/C++:           ^
C/C++: 2 warnings generated.
C/C++: /home/runner/work/streamify-apk/streamify-apk/native/ingest/AudioPipeline.cc:328:35: warning: comparison of integers of different signs: 'int' and 'std::vector<float>::size_type' (aka 'unsigned long') [-Wsign-compare]
C/C++:         if (i * hop_length + nfft > pcm.size()) break;
C/C++:             ~~~~~~~~~~~~~~~~~~~~~ ^ ~~~~~~~~~~
C/C++: 1 warning generated.

> Task :app:configureCMakeDebug[armeabi-v7a]

> Task :app:buildCMakeDebug[armeabi-v7a]
C/C++: ninja: Entering directory `/home/runner/work/streamify-apk/streamify-apk/app/.cxx/Debug/2v2o2f38/armeabi-v7a'
C/C++: /home/runner/work/streamify-apk/streamify-apk/native/jni/jni_bridge.cc:179:61: warning: unused parameter 'env' [-Wunused-parameter]
C/C++: Java_com_streamify_app_data_NativeBridge_toggleLike(JNIEnv* env, jobject /* this */, jint userId, jint trackId) {
C/C++:                                                             ^
C/C++: /home/runner/work/streamify-apk/streamify-apk/native/jni/jni_bridge.cc:229:138: warning: unused parameter 'userId' [-Wunused-parameter]
C/C++: Java_com_streamify_app_data_NativeBridge_getRecommendations(JNIEnv* env, jobject /* this */, jint trackId, jintArray recentHistory, jint userId, jint limit) {
C/C++:                                                                                                                                          ^
C/C++: /home/runner/work/streamify-apk/streamify-apk/native/jni/jni_bridge.cc:240:63: warning: unused parameter 'env' [-Wunused-parameter]
C/C++: Java_com_streamify_app_data_NativeBridge_logPlayEvent(JNIEnv* env, jobject /* this */, jint fromTrackId, jint toTrackId, jint userId) {
C/C++:                                                               ^
C/C++: /home/runner/work/streamify-apk/streamify-apk/native/jni/jni_bridge.cc:245:63: warning: unused parameter 'env' [-Wunused-parameter]
C/C++: Java_com_streamify_app_data_NativeBridge_logSkipEvent(JNIEnv* env, jobject /* this */, jint fromTrackId, jint toTrackId, jint userId) {
C/C++:                                                               ^
C/C++: /home/runner/work/streamify-apk/streamify-apk/native/jni/jni_bridge.cc:782:68: warning: unused parameter 'env' [-Wunused-parameter]
C/C++: Java_com_streamify_app_data_NativeBridge_nukeLocalDatabase(JNIEnv* env, jobject /* this */) {
C/C++:                                                                    ^
C/C++: 5 warnings generated.
C/C++: /home/runner/work/streamify-apk/streamify-apk/native/engine/ChronosProfiler.cc:147:71: warning: unused parameter 'currentTimestampMs' [-Wunused-parameter]
C/C++: float ChronosProfiler::calculateSatiationPenalty(int trackId, int64_t currentTimestampMs) const {
C/C++:                                                                       ^
C/C++: 1 warning generated.
C/C++: /home/runner/work/streamify-apk/streamify-apk/native/engine/StreamifyDB.cc:877:83: warning: unused parameter 'artist' [-Wunused-parameter]
C/C++: int StreamifyDB::findFuzzyTrackMatch(const std::string& title, const std::string& artist) {
C/C++:                                                                                   ^
C/C++: 1 warning generated.
C/C++: /home/runner/work/streamify-apk/streamify-apk/native/engine/RecommendEngine.cc:140:17: warning: unused variable 'beta_bpm' [-Wunused-variable]
C/C++:     const float beta_bpm = 0.20f;
C/C++:                 ^
C/C++: /home/runner/work/streamify-apk/streamify-apk/native/engine/RecommendEngine.cc:432:11: warning: unused variable 'vecStore' [-Wunused-variable]
C/C++:     auto& vecStore = VectorStore::getInstance();
C/C++:           ^
C/C++: 2 warnings generated.
C/C++: /home/runner/work/streamify-apk/streamify-apk/native/ingest/AudioPipeline.cc:328:35: warning: comparison of integers of different signs: 'int' and 'std::vector<float>::size_type' (aka 'unsigned int') [-Wsign-compare]
C/C++:         if (i * hop_length + nfft > pcm.size()) break;
C/C++:             ~~~~~~~~~~~~~~~~~~~~~ ^ ~~~~~~~~~~
C/C++: 1 warning generated.

> Task :app:compileDebugKotlin
> Task :app:mergeDebugJniLibFolders
> Task :app:validateSigningDebug
> Task :app:writeDebugAppMetadata
> Task :app:writeDebugSigningConfigVersions
> Task :app:mergeDebugNativeLibs
> Task :app:stripDebugDebugSymbols

> Task :app:compileDebugKotlin
e: file:///home/runner/work/streamify-apk/streamify-apk/app/src/main/java/com/streamify/app/MainActivity.kt:364:85 Unresolved reference: togglePlayPause
e: file:///home/runner/work/streamify-apk/streamify-apk/app/src/main/java/com/streamify/app/MainActivity.kt:365:80 Unresolved reference: skipNext
e: file:///home/runner/work/streamify-apk/streamify-apk/app/src/main/java/com/streamify/app/MainActivity.kt:366:84 Unresolved reference: skipPrevious
e: file:///home/runner/work/streamify-apk/streamify-apk/app/src/main/java/com/streamify/app/MainActivity.kt:368:86 Unresolved reference: toggleLike
e: file:///home/runner/work/streamify-apk/streamify-apk/app/src/main/java/com/streamify/app/MainActivity.kt:456:65 Unresolved reference: togglePlayPause
e: file:///home/runner/work/streamify-apk/streamify-apk/app/src/main/java/com/streamify/app/MainActivity.kt:457:60 Unresolved reference: skipNext
e: file:///home/runner/work/streamify-apk/streamify-apk/app/src/main/java/com/streamify/app/MainActivity.kt:458:64 Unresolved reference: skipPrevious
e: file:///home/runner/work/streamify-apk/streamify-apk/app/src/main/java/com/streamify/app/MainActivity.kt:466:69 Unresolved reference: toggleShuffle
e: file:///home/runner/work/streamify-apk/streamify-apk/app/src/main/java/com/streamify/app/MainActivity.kt:467:68 Unresolved reference: toggleRepeat
e: file:///home/runner/work/streamify-apk/streamify-apk/app/src/main/java/com/streamify/app/MainActivity.kt:468:66 Unresolved reference: toggleLike
e: file:///home/runner/work/streamify-apk/streamify-apk/app/src/main/java/com/streamify/app/MainActivity.kt:470:53 Unresolved reference: startSongRadio
e: file:///home/runner/work/streamify-apk/streamify-apk/app/src/main/java/com/streamify/app/ui/components/ContextMenuSheet.kt:99:45 Unresolved reference: toggleLike
e: file:///home/runner/work/streamify-apk/streamify-apk/app/src/main/java/com/streamify/app/ui/components/ContextMenuSheet.kt:103:51 Unresolved reference: startSongRadio
e: file:///home/runner/work/streamify-apk/streamify-apk/app/src/main/java/com/streamify/app/ui/components/RelatedDiscoverSheet.kt:117:37 Unresolved reference: startSongRadio
e: file:///home/runner/work/streamify-apk/streamify-apk/app/src/main/java/com/streamify/app/ui/screens/ArtistScreen.kt:194:53 Unresolved reference: toggleLike
e: file:///home/runner/work/streamify-apk/streamify-apk/app/src/main/java/com/streamify/app/ui/screens/FullPlayerSheet.kt:713:53 Unresolved reference: seekRelative
e: file:///home/runner/work/streamify-apk/streamify-apk/app/src/main/java/com/streamify/app/ui/screens/JamSessionScreen.kt:366:65 Unresolved reference: skipPrevious
e: file:///home/runner/work/streamify-apk/streamify-apk/app/src/main/java/com/streamify/app/ui/screens/JamSessionScreen.kt:380:65 Unresolved reference: togglePlayPause
e: file:///home/runner/work/streamify-apk/streamify-apk/app/src/main/java/com/streamify/app/ui/screens/JamSessionScreen.kt:402:61 Unresolved reference: skipNext
e: file:///home/runner/work/streamify-apk/streamify-apk/app/src/main/java/com/streamify/app/ui/screens/QueueScreen.kt:86:46 Unresolved reference: clearQueue
e: file:///home/runner/work/streamify-apk/streamify-apk/app/src/main/java/com/streamify/app/ui/screens/QueueScreen.kt:279:49 Unresolved reference: reorderQueue
e: file:///home/runner/work/streamify-apk/streamify-apk/app/src/main/java/com/streamify/app/ui/screens/SettingsScreen.kt:479:66 Unresolved reference: setSleepTimer
e: file:///home/runner/work/streamify-apk/streamify-apk/app/src/main/java/com/streamify/app/ui/screens/SettingsScreen.kt:480:73 Unresolved reference: setSleepTimer
e: file:///home/runner/work/streamify-apk/streamify-apk/app/src/main/java/com/streamify/app/ui/screens/SettingsScreen.kt:481:73 Unresolved reference: setSleepTimer
e: file:///home/runner/work/streamify-apk/streamify-apk/app/src/main/java/com/streamify/app/ui/screens/SettingsScreen.kt:482:73 Unresolved reference: setSleepTimer
e: file:///home/runner/work/streamify-apk/streamify-apk/app/src/main/java/com/streamify/app/ui/screens/SettingsScreen.kt:483:69 Unresolved reference: setSleepTimer
e: file:///home/runner/work/streamify-apk/streamify-apk/app/src/main/java/com/streamify/app/ui/screens/SettingsScreen.kt:484:75 Unresolved reference: setSleepTimer
e: file:///home/runner/work/streamify-apk/streamify-apk/app/src/main/java/com/streamify/app/viewmodel/JamViewModel.kt:49:52 Unresolved reference: getAcousticPositionMs
e: file:///home/runner/work/streamify-apk/streamify-apk/app/src/main/java/com/streamify/app/viewmodel/JamViewModel.kt:50:44 Overload resolution ambiguity: 
public final operator fun minus(other: Byte): Long defined in kotlin.Long
public final operator fun minus(other: Double): Double defined in kotlin.Long
public final operator fun minus(other: Float): Float defined in kotlin.Long
public final operator fun minus(other: Int): Long defined in kotlin.Long
public final operator fun minus(other: Long): Long defined in kotlin.Long
public final operator fun minus(other: Short): Long defined in kotlin.Long
e: file:///home/runner/work/streamify-apk/streamify-apk/app/src/main/java/com/streamify/app/viewmodel/JamViewModel.kt:52:25 Overload resolution ambiguity: 
public inline fun abs(x: Double): Double defined in kotlin.math
public inline fun abs(x: Float): Float defined in kotlin.math
public inline fun abs(n: Int): Int defined in kotlin.math
public inline fun abs(n: Long): Long defined in kotlin.math
e: file:///home/runner/work/streamify-apk/streamify-apk/app/src/main/java/com/streamify/app/viewmodel/JamViewModel.kt:55:29 Unresolved reference: setPlaybackSpeed
e: file:///home/runner/work/streamify-apk/streamify-apk/app/src/main/java/com/streamify/app/viewmodel/JamViewModel.kt:61:25 Overload resolution ambiguity: 
public inline fun abs(x: Double): Double defined in kotlin.math
public inline fun abs(x: Float): Float defined in kotlin.math
public inline fun abs(n: Int): Int defined in kotlin.math
public inline fun abs(n: Long): Long defined in kotlin.math
e: file:///home/runner/work/streamify-apk/streamify-apk/app/src/main/java/com/streamify/app/viewmodel/JamViewModel.kt:62:29 Unresolved reference: setPlaybackSpeed
e: file:///home/runner/work/streamify-apk/streamify-apk/app/src/main/java/com/streamify/app/viewmodel/JamViewModel.kt:67:48 Overload resolution ambiguity: 
public final operator fun plus(other: Byte): Double defined in kotlin.Double
public final operator fun plus(other: Double): Double defined in kotlin.Double
public final operator fun plus(other: Float): Double defined in kotlin.Double
public final operator fun plus(other: Int): Double defined in kotlin.Double
public final operator fun plus(other: Long): Double defined in kotlin.Double
public final operator fun plus(other: Short): Double defined in kotlin.Double
e: file:///home/runner/work/streamify-apk/streamify-apk/app/src/main/java/com/streamify/app/viewmodel/JamViewModel.kt:68:30 Overload resolution ambiguity: 
public final operator fun times(other: Byte): Double defined in kotlin.Double
public final operator fun times(other: Double): Double defined in kotlin.Double
public final operator fun times(other: Float): Double defined in kotlin.Double
public final operator fun times(other: Int): Double defined in kotlin.Double
public final operator fun times(other: Long): Double defined in kotlin.Double
public final operator fun times(other: Short): Double defined in kotlin.Double
e: file:///home/runner/work/streamify-apk/streamify-apk/app/src/main/java/com/streamify/app/viewmodel/JamViewModel.kt:69:33 Overload resolution ambiguity: 
public final operator fun plus(other: Byte): Float defined in kotlin.Float
public final operator fun plus(other: Double): Double defined in kotlin.Float
public final operator fun plus(other: Float): Float defined in kotlin.Float
public final operator fun plus(other: Int): Float defined in kotlin.Float
public final operator fun plus(other: Long): Float defined in kotlin.Float
public final operator fun plus(other: Short): Float defined in kotlin.Float
e: file:///home/runner/work/streamify-apk/streamify-apk/app/src/main/java/com/streamify/app/viewmodel/JamViewModel.kt:70:25 Unresolved reference: setPlaybackSpeed
e: file:///home/runner/work/streamify-apk/streamify-apk/app/src/main/java/com/streamify/app/viewmodel/JamViewModel.kt:75:25 Unresolved reference: setPlaybackSpeed
e: file:///home/runner/work/streamify-apk/streamify-apk/app/src/main/java/com/streamify/app/viewmodel/JamViewModel.kt:210:44 Unresolved reference: pause
e: file:///home/runner/work/streamify-apk/streamify-apk/app/src/main/java/com/streamify/app/viewmodel/JamViewModel.kt:210:61 Unresolved reference: play
e: file:///home/runner/work/streamify-apk/streamify-apk/app/src/main/java/com/streamify/app/viewmodel/JamViewModel.kt:220:43 Unresolved reference: play
e: file:///home/runner/work/streamify-apk/streamify-apk/app/src/main/java/com/streamify/app/viewmodel/JamViewModel.kt:220:59 Unresolved reference: pause
e: file:///home/runner/work/streamify-apk/streamify-apk/app/src/main/java/com/streamify/app/viewmodel/JamViewModel.kt:231:47 Unresolved reference: play
e: file:///home/runner/work/streamify-apk/streamify-apk/app/src/main/java/com/streamify/app/viewmodel/JamViewModel.kt:231:63 Unresolved reference: pause
e: file:///home/runner/work/streamify-apk/streamify-apk/app/src/main/java/com/streamify/app/viewmodel/JamViewModel.kt:293:41 Unresolved reference: play
e: file:///home/runner/work/streamify-apk/streamify-apk/app/src/main/java/com/streamify/app/viewmodel/JamViewModel.kt:293:57 Unresolved reference: pause
e: file:///home/runner/work/streamify-apk/streamify-apk/app/src/main/java/com/streamify/app/viewmodel/PlayerViewModel.kt:1367:9 Expecting a top level declaration
e: file:///home/runner/work/streamify-apk/streamify-apk/app/src/main/java/com/streamify/app/viewmodel/PlayerViewModel.kt:1367:12 Expecting a top level declaration
e: file:///home/runner/work/streamify-apk/streamify-apk/app/src/main/java/com/streamify/app/viewmodel/PlayerViewModel.kt:1367:13 Expecting a top level declaration
e: file:///home/runner/work/streamify-apk/streamify-apk/app/src/main/java/com/streamify/app/viewmodel/PlayerViewModel.kt:1367:23 Expecting a top level declaration
e: file:///home/runner/work/streamify-apk/streamify-apk/app/src/main/java/com/streamify/app/viewmodel/PlayerViewModel.kt:1367:26 Expecting a top level declaration
e: file:///home/runner/work/streamify-apk/streamify-apk/app/src/main/java/com/streamify/app/viewmodel/PlayerViewModel.kt:1367:31 Expecting a top level declaration
e: file:///home/runner/work/streamify-apk/streamify-apk/app/src/main/java/com/streamify/app/viewmodel/PlayerViewModel.kt:1367:32 Expecting a top level declaration
e: file:///home/runner/work/streamify-apk/streamify-apk/app/src/main/java/com/streamify/app/viewmodel/PlayerViewModel.kt:1367:36 Expecting a top level declaration
e: file:///home/runner/work/streamify-apk/streamify-apk/app/src/main/java/com/streamify/app/viewmodel/PlayerViewModel.kt:1367:38 Expecting a top level declaration
e: file:///home/runner/work/streamify-apk/streamify-apk/app/src/main/java/com/streamify/app/viewmodel/PlayerViewModel.kt:1369:9 Expecting a top level declaration
e: file:///home/runner/work/streamify-apk/streamify-apk/app/src/main/java/com/streamify/app/viewmodel/PlayerViewModel.kt:1369:21 Expecting a top level declaration
e: file:///home/runner/work/streamify-apk/streamify-apk/app/src/main/java/com/streamify/app/viewmodel/PlayerViewModel.kt:1369:23 Expecting a top level declaration
e: file:///home/runner/work/streamify-apk/streamify-apk/app/src/main/java/com/streamify/app/viewmodel/PlayerViewModel.kt:1369:29 Expecting a top level declaration
e: file:///home/runner/work/streamify-apk/streamify-apk/app/src/main/java/com/streamify/app/viewmodel/PlayerViewModel.kt:1369:30 Expecting a top level declaration
e: file:///home/runner/work/streamify-apk/streamify-apk/app/src/main/java/com/streamify/app/viewmodel/PlayerViewModel.kt:1370:9 Expecting a top level declaration
e: file:///home/runner/work/streamify-apk/streamify-apk/app/src/main/java/com/streamify/app/viewmodel/PlayerViewModel.kt:1370:22 Expecting a top level declaration
e: file:///home/runner/work/streamify-apk/streamify-apk/app/src/main/java/com/streamify/app/viewmodel/PlayerViewModel.kt:1370:24 Expecting a top level declaration
e: file:///home/runner/work/streamify-apk/streamify-apk/app/src/main/java/com/streamify/app/viewmodel/PlayerViewModel.kt:1370:38 Expecting a top level declaration
e: file:///home/runner/work/streamify-apk/streamify-apk/app/src/main/java/com/streamify/app/viewmodel/PlayerViewModel.kt:1370:39 Expecting a top level declaration
e: file:///home/runner/work/streamify-apk/streamify-apk/app/src/main/java/com/streamify/app/viewmodel/PlayerViewModel.kt:1370:45 Expecting a top level declaration
e: file:///home/runner/work/streamify-apk/streamify-apk/app/src/main/java/com/streamify/app/viewmodel/PlayerViewModel.kt:1370:46 Expecting a top level declaration
e: file:///home/runner/work/streamify-apk/streamify-apk/app/src/main/java/com/streamify/app/viewmodel/PlayerViewModel.kt:1370:57 Expecting a top level declaration
e: file:///home/runner/work/streamify-apk/streamify-apk/app/src/main/java/com/streamify/app/viewmodel/PlayerViewModel.kt:1370:58 Expecting a top level declaration
e: file:///home/runner/work/streamify-apk/streamify-apk/app/src/main/java/com/streamify/app/viewmodel/PlayerViewModel.kt:1370:60 Expecting a top level declaration
e: file:///home/runner/work/streamify-apk/streamify-apk/app/src/main/java/com/streamify/app/viewmodel/PlayerViewModel.kt:1370:62 Expecting a top level declaration
e: file:///home/runner/work/streamify-apk/streamify-apk/app/src/main/java/com/streamify/app/viewmodel/PlayerViewModel.kt:1430:5 Expecting a top level declaration
e: file:///home/runner/work/streamify-apk/streamify-apk/app/src/main/java/com/streamify/app/viewmodel/PlayerViewModel.kt:1755:1 Expecting a top level declaration
e: file:///home/runner/work/streamify-apk/streamify-apk/app/src/main/java/com/streamify/app/viewmodel/PlayerViewModel.kt:63:1 Class 'PlayerViewModel' is not abstract and does not implement abstract member public abstract fun seekTo(positionMs: Long): Unit defined in com.streamify.app.jam.JamEngine.Bridge
e: file:///home/runner/work/streamify-apk/streamify-apk/app/src/main/java/com/streamify/app/viewmodel/PlayerViewModel.kt:708:9 Unresolved reference: armLookaheadPreBuffer
e: file:///home/runner/work/streamify-apk/streamify-apk/app/src/main/java/com/streamify/app/viewmodel/PlayerViewModel.kt:717:13 Unresolved reference: armLookaheadPreBuffer
e: file:///home/runner/work/streamify-apk/streamify-apk/app/src/main/java/com/streamify/app/viewmodel/PlayerViewModel.kt:1045:13 Unresolved reference: armLookaheadPreBuffer
e: file:///home/runner/work/streamify-apk/streamify-apk/app/src/main/java/com/streamify/app/viewmodel/PlayerViewModel.kt:1338:13 Unresolved reference: armLookaheadPreBuffer
e: file:///home/runner/work/streamify-apk/streamify-apk/app/src/main/java/com/streamify/app/viewmodel/PlayerViewModel.kt:1368:25 Unresolved reference: queue
e: file:///home/runner/work/streamify-apk/streamify-apk/app/src/main/java/com/streamify/app/viewmodel/PlayerViewModel.kt:1368:31 Unresolved reference: nextIndex
e: file:///home/runner/work/streamify-apk/streamify-apk/app/src/main/java/com/streamify/app/viewmodel/PlayerViewModel.kt:1370:62 Function declaration must have a name
e: file:///home/runner/work/streamify-apk/streamify-apk/app/src/main/java/com/streamify/app/viewmodel/PlayerViewModel.kt:1372:17 Unresolved reference: queue
e: file:///home/runner/work/streamify-apk/streamify-apk/app/src/main/java/com/streamify/app/viewmodel/PlayerViewModel.kt:1372:30 Unresolved reference: nextIndex
e: file:///home/runner/work/streamify-apk/streamify-apk/app/src/main/java/com/streamify/app/viewmodel/PlayerViewModel.kt:1372:48 Unresolved reference: _playerState
e: file:///home/runner/work/streamify-apk/streamify-apk/app/src/main/java/com/streamify/app/viewmodel/PlayerViewModel.kt:1374:32 Unresolved reference: queue
e: file:///home/runner/work/streamify-apk/streamify-apk/app/src/main/java/com/streamify/app/viewmodel/PlayerViewModel.kt:1375:81 Suspend function 'fetchCandidates' should be called only from a coroutine or another suspend function
e: file:///home/runner/work/streamify-apk/streamify-apk/app/src/main/java/com/streamify/app/viewmodel/PlayerViewModel.kt:1377:39 Unresolved reference: queue
e: file:///home/runner/work/streamify-apk/streamify-apk/app/src/main/java/com/streamify/app/viewmodel/PlayerViewModel.kt:1381:25 Suspend function 'withContext' should be called only from a coroutine or another suspend function
e: file:///home/runner/work/streamify-apk/streamify-apk/app/src/main/java/com/streamify/app/viewmodel/PlayerViewModel.kt:1382:41 Unresolved reference: _playerState
e: file:///home/runner/work/streamify-apk/streamify-apk/app/src/main/java/com/streamify/app/viewmodel/PlayerViewModel.kt:1385:98 Unresolved reference: it
e: file:///home/runner/work/streamify-apk/streamify-apk/app/src/main/java/com/streamify/app/viewmodel/PlayerViewModel.kt:1385:108 Unresolved reference: it
e: file:///home/runner/work/streamify-apk/streamify-apk/app/src/main/java/com/streamify/app/viewmodel/PlayerViewModel.kt:1391:29 Unresolved reference: _playerState
e: file:///home/runner/work/streamify-apk/streamify-apk/app/src/main/java/com/streamify/app/viewmodel/PlayerViewModel.kt:1391:42 Variable expected
e: file:///home/runner/work/streamify-apk/streamify-apk/app/src/main/java/com/streamify/app/viewmodel/PlayerViewModel.kt:1391:50 Unresolved reference: _playerState
e: file:///home/runner/work/streamify-apk/streamify-apk/app/src/main/java/com/streamify/app/viewmodel/PlayerViewModel.kt:1402:22 Suspend function 'resolveStreamJit' should be called only from a coroutine or another suspend function
e: file:///home/runner/work/streamify-apk/streamify-apk/app/src/main/java/com/streamify/app/viewmodel/PlayerViewModel.kt:1406:41 Unresolved reference: buildMediaItem
e: file:///home/runner/work/streamify-apk/streamify-apk/app/src/main/java/com/streamify/app/viewmodel/PlayerViewModel.kt:1407:21 Suspend function 'withContext' should be called only from a coroutine or another suspend function
e: file:///home/runner/work/streamify-apk/streamify-apk/app/src/main/java/com/streamify/app/viewmodel/PlayerViewModel.kt:1408:25 Unresolved reference: controller
e: file:///home/runner/work/streamify-apk/streamify-apk/app/src/main/java/com/streamify/app/viewmodel/PlayerViewModel.kt:1408:43 Cannot infer a type for this parameter. Please specify it explicitly.
e: file:///home/runner/work/streamify-apk/streamify-apk/app/src/main/java/com/streamify/app/viewmodel/PlayerViewModel.kt:1418:17 Unresolved reference: appContext
e: file:///home/runner/work/streamify-apk/streamify-apk/app/src/main/java/com/streamify/app/viewmodel/PlayerViewModel.kt:1418:35 Cannot infer a type for this parameter. Please specify it explicitly.
e: file:///home/runner/work/streamify-apk/streamify-apk/app/src/main/java/com/streamify/app/viewmodel/PlayerViewModel.kt:1420:45 Unresolved reference: queue
e: file:///home/runner/work/streamify-apk/streamify-apk/app/src/main/java/com/streamify/app/viewmodel/PlayerViewModel.kt:1420:59 Unresolved reference: nextIndex
e: file:///home/runner/work/streamify-apk/streamify-apk/app/src/main/java/com/streamify/app/viewmodel/PlayerViewModel.kt:1420:70 Unresolved reference: queue
e: file:///home/runner/work/streamify-apk/streamify-apk/app/src/main/java/com/streamify/app/viewmodel/PlayerViewModel.kt:1433:20 Unresolved reference: controller
e: file:///home/runner/work/streamify-apk/streamify-apk/app/src/main/java/com/streamify/app/viewmodel/PlayerViewModel.kt:1436:13 Unresolved reference: broadcastJamAction
e: file:///home/runner/work/streamify-apk/streamify-apk/app/src/main/java/com/streamify/app/viewmodel/PlayerViewModel.kt:1439:13 Unresolved reference: broadcastJamAction
e: file:///home/runner/work/streamify-apk/streamify-apk/app/src/main/java/com/streamify/app/viewmodel/PlayerViewModel.kt:1444:9 Unresolved reference: controller
e: file:///home/runner/work/streamify-apk/streamify-apk/app/src/main/java/com/streamify/app/viewmodel/PlayerViewModel.kt:1445:9 Unresolved reference: broadcastJamAction
e: file:///home/runner/work/streamify-apk/streamify-apk/app/src/main/java/com/streamify/app/viewmodel/PlayerViewModel.kt:1449:9 Unresolved reference: controller
e: file:///home/runner/work/streamify-apk/streamify-apk/app/src/main/java/com/streamify/app/viewmodel/PlayerViewModel.kt:1450:9 Unresolved reference: broadcastJamAction
e: file:///home/runner/work/streamify-apk/streamify-apk/app/src/main/java/com/streamify/app/viewmodel/PlayerViewModel.kt:1454:20 Unresolved reference: controller
e: file:///home/runner/work/streamify-apk/streamify-apk/app/src/main/java/com/streamify/app/viewmodel/PlayerViewModel.kt:1457:18 Variable expected
e: file:///home/runner/work/streamify-apk/streamify-apk/app/src/main/java/com/streamify/app/viewmodel/PlayerViewModel.kt:1462:22 Unresolved reference: controller
e: file:///home/runner/work/streamify-apk/streamify-apk/app/src/main/java/com/streamify/app/viewmodel/PlayerViewModel.kt:1462:53 Unresolved reference: _playerState
e: file:///home/runner/work/streamify-apk/streamify-apk/app/src/main/java/com/streamify/app/viewmodel/PlayerViewModel.kt:1472:20 Unresolved reference: controller
e: file:///home/runner/work/streamify-apk/streamify-apk/app/src/main/java/com/streamify/app/viewmodel/PlayerViewModel.kt:1480:9 Unresolved reference: _playerState
e: file:///home/runner/work/streamify-apk/streamify-apk/app/src/main/java/com/streamify/app/viewmodel/PlayerViewModel.kt:1480:22 Variable expected
e: file:///home/runner/work/streamify-apk/streamify-apk/app/src/main/java/com/streamify/app/viewmodel/PlayerViewModel.kt:1480:30 Unresolved reference: _playerState
e: file:///home/runner/work/streamify-apk/streamify-apk/app/src/main/java/com/streamify/app/viewmodel/PlayerViewModel.kt:1482:13 Unresolved reference: _playerState
e: file:///home/runner/work/streamify-apk/streamify-apk/app/src/main/java/com/streamify/app/viewmodel/PlayerViewModel.kt:1482:26 Variable expected
e: file:///home/runner/work/streamify-apk/streamify-apk/app/src/main/java/com/streamify/app/viewmodel/PlayerViewModel.kt:1482:34 Unresolved reference: _playerState
e: file:///home/runner/work/streamify-apk/streamify-apk/app/src/main/java/com/streamify/app/viewmodel/PlayerViewModel.kt:1489:26 Unresolved reference: currentPositionMs
e: file:///home/runner/work/streamify-apk/streamify-apk/app/src/main/java/com/streamify/app/viewmodel/PlayerViewModel.kt:1493:5 Modifier 'override' is not applicable to 'top level function'
e: file:///home/runner/work/streamify-apk/streamify-apk/app/src/main/java/com/streamify/app/viewmodel/PlayerViewModel.kt:1494:20 Unresolved reference: controller
e: file:///home/runner/work/streamify-apk/streamify-apk/app/src/main/java/com/streamify/app/viewmodel/PlayerViewModel.kt:1495:24 Unresolved reference: _playerState
e: file:///home/runner/work/streamify-apk/streamify-apk/app/src/main/java/com/streamify/app/viewmodel/PlayerViewModel.kt:1496:33 Unresolved reference: _playerState
e: file:///home/runner/work/streamify-apk/streamify-apk/app/src/main/java/com/streamify/app/viewmodel/PlayerViewModel.kt:1496:66 Unresolved reference: _playerState
e: file:///home/runner/work/streamify-apk/streamify-apk/app/src/main/java/com/streamify/app/viewmodel/PlayerViewModel.kt:1500:9 Unresolved reference: isOptimisticSeeking
e: file:///home/runner/work/streamify-apk/streamify-apk/app/src/main/java/com/streamify/app/viewmodel/PlayerViewModel.kt:1501:9 Unresolved reference: pendingSeekTargetMs
e: file:///home/runner/work/streamify-apk/streamify-apk/app/src/main/java/com/streamify/app/viewmodel/PlayerViewModel.kt:1502:9 Unresolved reference: _playerState
e: file:///home/runner/work/streamify-apk/streamify-apk/app/src/main/java/com/streamify/app/viewmodel/PlayerViewModel.kt:1502:22 Variable expected
e: file:///home/runner/work/streamify-apk/streamify-apk/app/src/main/java/com/streamify/app/viewmodel/PlayerViewModel.kt:1502:30 Unresolved reference: _playerState
e: file:///home/runner/work/streamify-apk/streamify-apk/app/src/main/java/com/streamify/app/viewmodel/PlayerViewModel.kt:1503:9 Unresolved reference: _positionMs
e: file:///home/runner/work/streamify-apk/streamify-apk/app/src/main/java/com/streamify/app/viewmodel/PlayerViewModel.kt:1503:21 Variable expected
e: file:///home/runner/work/streamify-apk/streamify-apk/app/src/main/java/com/streamify/app/viewmodel/PlayerViewModel.kt:1505:9 Unresolved reference: seekTimeoutJob
e: file:///home/runner/work/streamify-apk/streamify-apk/app/src/main/java/com/streamify/app/viewmodel/PlayerViewModel.kt:1506:9 Unresolved reference: seekTimeoutJob
e: file:///home/runner/work/streamify-apk/streamify-apk/app/src/main/java/com/streamify/app/viewmodel/PlayerViewModel.kt:1506:26 Unresolved reference: viewModelScope
e: file:///home/runner/work/streamify-apk/streamify-apk/app/src/main/java/com/streamify/app/viewmodel/PlayerViewModel.kt:1507:32 Suspend function 'delay' should be called only from a coroutine or another suspend function
e: file:///home/runner/work/streamify-apk/streamify-apk/app/src/main/java/com/streamify/app/viewmodel/PlayerViewModel.kt:1508:13 Unresolved reference: isOptimisticSeeking
e: file:///home/runner/work/streamify-apk/streamify-apk/app/src/main/java/com/streamify/app/viewmodel/PlayerViewModel.kt:1509:13 Unresolved reference: pendingSeekTargetMs
e: file:///home/runner/work/streamify-apk/streamify-apk/app/src/main/java/com/streamify/app/viewmodel/PlayerViewModel.kt:1514:9 Unresolved reference: broadcastJamAction
e: file:///home/runner/work/streamify-apk/streamify-apk/app/src/main/java/com/streamify/app/viewmodel/PlayerViewModel.kt:1522:24 Unresolved reference: _playerState
e: file:///home/runner/work/streamify-apk/streamify-apk/app/src/main/java/com/streamify/app/viewmodel/PlayerViewModel.kt:1529:24 Unresolved reference: _playerState
e: file:///home/runner/work/streamify-apk/streamify-apk/app/src/main/java/com/streamify/app/viewmodel/PlayerViewModel.kt:1536:9 Unresolved reference: advanceQueue
e: file:///home/runner/work/streamify-apk/streamify-apk/app/src/main/java/com/streamify/app/viewmodel/PlayerViewModel.kt:1540:20 Unresolved reference: controller
e: file:///home/runner/work/streamify-apk/streamify-apk/app/src/main/java/com/streamify/app/viewmodel/PlayerViewModel.kt:1545:9 Unresolved reference: viewModelScope
e: file:///home/runner/work/streamify-apk/streamify-apk/app/src/main/java/com/streamify/app/viewmodel/PlayerViewModel.kt:1546:28 Unresolved reference: _playerState
e: file:///home/runner/work/streamify-apk/streamify-apk/app/src/main/java/com/streamify/app/viewmodel/PlayerViewModel.kt:1551:17 Unresolved reference: playTrackInternal
e: file:///home/runner/work/streamify-apk/streamify-apk/app/src/main/java/com/streamify/app/viewmodel/PlayerViewModel.kt:1559:20 Unresolved reference: controller
e: file:///home/runner/work/streamify-apk/streamify-apk/app/src/main/java/com/streamify/app/viewmodel/PlayerViewModel.kt:1560:14 Variable expected
e: file:///home/runner/work/streamify-apk/streamify-apk/app/src/main/java/com/streamify/app/viewmodel/PlayerViewModel.kt:1564:20 Unresolved reference: controller
e: file:///home/runner/work/streamify-apk/streamify-apk/app/src/main/java/com/streamify/app/viewmodel/PlayerViewModel.kt:1565:14 Variable expected
e: file:///home/runner/work/streamify-apk/streamify-apk/app/src/main/java/com/streamify/app/viewmodel/PlayerViewModel.kt:1569:45 Unresolved reference: _playerState
e: file:///home/runner/work/streamify-apk/streamify-apk/app/src/main/java/com/streamify/app/viewmodel/PlayerViewModel.kt:1572:9 Unresolved reference: viewModelScope
e: file:///home/runner/work/streamify-apk/streamify-apk/app/src/main/java/com/streamify/app/viewmodel/PlayerViewModel.kt:1574:37 Unresolved reference: repository
e: file:///home/runner/work/streamify-apk/streamify-apk/app/src/main/java/com/streamify/app/viewmodel/PlayerViewModel.kt:1575:17 Suspend function 'withContext' should be called only from a coroutine or another suspend function
e: file:///home/runner/work/streamify-apk/streamify-apk/app/src/main/java/com/streamify/app/viewmodel/PlayerViewModel.kt:1576:40 Unresolved reference: _playerState
e: file:///home/runner/work/streamify-apk/streamify-apk/app/src/main/java/com/streamify/app/viewmodel/PlayerViewModel.kt:1576:71 Cannot infer a type for this parameter. Please specify it explicitly.
e: file:///home/runner/work/streamify-apk/streamify-apk/app/src/main/java/com/streamify/app/viewmodel/PlayerViewModel.kt:1583:46 Unresolved reference: _playerState
e: file:///home/runner/work/streamify-apk/streamify-apk/app/src/main/java/com/streamify/app/viewmodel/PlayerViewModel.kt:1584:26 Unresolved reference: it
e: file:///home/runner/work/streamify-apk/streamify-apk/app/src/main/java/com/streamify/app/viewmodel/PlayerViewModel.kt:1584:40 Unresolved reference: it
e: file:///home/runner/work/streamify-apk/streamify-apk/app/src/main/java/com/streamify/app/viewmodel/PlayerViewModel.kt:1585:26 Unresolved reference: it
e: file:///home/runner/work/streamify-apk/streamify-apk/app/src/main/java/com/streamify/app/viewmodel/PlayerViewModel.kt:1585:54 Unresolved reference: it
e: file:///home/runner/work/streamify-apk/streamify-apk/app/src/main/java/com/streamify/app/viewmodel/PlayerViewModel.kt:1586:26 Unresolved reference: it
e: file:///home/runner/work/streamify-apk/streamify-apk/app/src/main/java/com/streamify/app/viewmodel/PlayerViewModel.kt:1586:84 Unresolved reference: it
e: file:///home/runner/work/streamify-apk/streamify-apk/app/src/main/java/com/streamify/app/viewmodel/PlayerViewModel.kt:1588:25 Unresolved reference: _playerState
e: file:///home/runner/work/streamify-apk/streamify-apk/app/src/main/java/com/streamify/app/viewmodel/PlayerViewModel.kt:1590:25 Unresolved reference: _playerState
e: file:///home/runner/work/streamify-apk/streamify-apk/app/src/main/java/com/streamify/app/viewmodel/PlayerViewModel.kt:1593:21 Unresolved reference: _playerState
e: file:///home/runner/work/streamify-apk/streamify-apk/app/src/main/java/com/streamify/app/viewmodel/PlayerViewModel.kt:1593:34 Variable expected
e: file:///home/runner/work/streamify-apk/streamify-apk/app/src/main/java/com/streamify/app/viewmodel/PlayerViewModel.kt:1593:42 Unresolved reference: _playerState
e: file:///home/runner/work/streamify-apk/streamify-apk/app/src/main/java/com/streamify/app/viewmodel/PlayerViewModel.kt:1627:24 Unresolved reference: _playerState
e: file:///home/runner/work/streamify-apk/streamify-apk/app/src/main/java/com/streamify/app/viewmodel/PlayerViewModel.kt:1629:49 Unresolved reference: it
e: file:///home/runner/work/streamify-apk/streamify-apk/app/src/main/java/com/streamify/app/viewmodel/PlayerViewModel.kt:1637:13 Unresolved reference: _playerState
e: file:///home/runner/work/streamify-apk/streamify-apk/app/src/main/java/com/streamify/app/viewmodel/PlayerViewModel.kt:1637:26 Variable expected
e: file:///home/runner/work/streamify-apk/streamify-apk/app/src/main/java/com/streamify/app/viewmodel/PlayerViewModel.kt:1642:17 Unresolved reference: controller
e: file:///home/runner/work/streamify-apk/streamify-apk/app/src/main/java/com/streamify/app/viewmodel/PlayerViewModel.kt:1650:24 Unresolved reference: _playerState
e: file:///home/runner/work/streamify-apk/streamify-apk/app/src/main/java/com/streamify/app/viewmodel/PlayerViewModel.kt:1658:27 Overload resolution ambiguity: 
public final operator fun compareTo(other: Byte): Int defined in kotlin.Int
public final operator fun compareTo(other: Double): Int defined in kotlin.Int
public final operator fun compareTo(other: Float): Int defined in kotlin.Int
public open fun compareTo(other: Int): Int defined in kotlin.Int
public final operator fun compareTo(other: Long): Int defined in kotlin.Int
public final operator fun compareTo(other: Short): Int defined in kotlin.Int
e: file:///home/runner/work/streamify-apk/streamify-apk/app/src/main/java/com/streamify/app/viewmodel/PlayerViewModel.kt:1658:51 Overload resolution ambiguity: 
public final operator fun compareTo(other: Byte): Int defined in kotlin.Int
public final operator fun compareTo(other: Double): Int defined in kotlin.Int
public final operator fun compareTo(other: Float): Int defined in kotlin.Int
public open fun compareTo(other: Int): Int defined in kotlin.Int
public final operator fun compareTo(other: Long): Int defined in kotlin.Int
public final operator fun compareTo(other: Short): Int defined in kotlin.Int
e: file:///home/runner/work/streamify-apk/streamify-apk/app/src/main/java/com/streamify/app/viewmodel/PlayerViewModel.kt:1659:27 Overload resolution ambiguity: 
public final operator fun compareTo(other: Byte): Int defined in kotlin.Int
public final operator fun compareTo(other: Double): Int defined in kotlin.Int
public final operator fun compareTo(other: Float): Int defined in kotlin.Int
public open fun compareTo(other: Int): Int defined in kotlin.Int
public final operator fun compareTo(other: Long): Int defined in kotlin.Int
public final operator fun compareTo(other: Short): Int defined in kotlin.Int
e: file:///home/runner/work/streamify-apk/streamify-apk/app/src/main/java/com/streamify/app/viewmodel/PlayerViewModel.kt:1659:51 Overload resolution ambiguity: 
public final operator fun compareTo(other: Byte): Int defined in kotlin.Int
public final operator fun compareTo(other: Double): Int defined in kotlin.Int
public final operator fun compareTo(other: Float): Int defined in kotlin.Int
public open fun compareTo(other: Int): Int defined in kotlin.Int
public final operator fun compareTo(other: Long): Int defined in kotlin.Int
public final operator fun compareTo(other: Short): Int defined in kotlin.Int
e: file:///home/runner/work/streamify-apk/streamify-apk/app/src/main/java/com/streamify/app/viewmodel/PlayerViewModel.kt:1662:13 Unresolved reference: _playerState
e: file:///home/runner/work/streamify-apk/streamify-apk/app/src/main/java/com/streamify/app/viewmodel/PlayerViewModel.kt:1662:26 Variable expected
e: file:///home/runner/work/streamify-apk/streamify-apk/app/src/main/java/com/streamify/app/viewmodel/PlayerViewModel.kt:1667:17 Unresolved reference: controller
e: file:///home/runner/work/streamify-apk/streamify-apk/app/src/main/java/com/streamify/app/viewmodel/PlayerViewModel.kt:1675:9 Unresolved reference: _playerState
e: file:///home/runner/work/streamify-apk/streamify-apk/app/src/main/java/com/streamify/app/viewmodel/PlayerViewModel.kt:1675:22 Variable expected
e: file:///home/runner/work/streamify-apk/streamify-apk/app/src/main/java/com/streamify/app/viewmodel/PlayerViewModel.kt:1675:30 Unresolved reference: _playerState
e: file:///home/runner/work/streamify-apk/streamify-apk/app/src/main/java/com/streamify/app/viewmodel/PlayerViewModel.kt:1677:13 Unresolved reference: controller
e: file:///home/runner/work/streamify-apk/streamify-apk/app/src/main/java/com/streamify/app/viewmodel/PlayerViewModel.kt:1684:24 Unresolved reference: _playerState
e: file:///home/runner/work/streamify-apk/streamify-apk/app/src/main/java/com/streamify/app/viewmodel/PlayerViewModel.kt:1688:9 Unresolved reference: viewModelScope
e: file:///home/runner/work/streamify-apk/streamify-apk/app/src/main/java/com/streamify/app/viewmodel/PlayerViewModel.kt:1689:79 Suspend function 'fetchCandidates' should be called only from a coroutine or another suspend function
e: file:///home/runner/work/streamify-apk/streamify-apk/app/src/main/java/com/streamify/app/viewmodel/PlayerViewModel.kt:1691:53 Unresolved reference: _playerState
e: file:///home/runner/work/streamify-apk/streamify-apk/app/src/main/java/com/streamify/app/viewmodel/PlayerViewModel.kt:1697:40 Unresolved reference: _playerState
e: file:///home/runner/work/streamify-apk/streamify-apk/app/src/main/java/com/streamify/app/viewmodel/PlayerViewModel.kt:1698:58 Unresolved reference: it
e: file:///home/runner/work/streamify-apk/streamify-apk/app/src/main/java/com/streamify/app/viewmodel/PlayerViewModel.kt:1699:64 Unresolved reference: it
e: file:///home/runner/work/streamify-apk/streamify-apk/app/src/main/java/com/streamify/app/viewmodel/PlayerViewModel.kt:1699:76 Unresolved reference: it
e: file:///home/runner/work/streamify-apk/streamify-apk/app/src/main/java/com/streamify/app/viewmodel/PlayerViewModel.kt:1707:25 Unresolved reference: _playerState
e: file:///home/runner/work/streamify-apk/streamify-apk/app/src/main/java/com/streamify/app/viewmodel/PlayerViewModel.kt:1707:38 Variable expected
e: file:///home/runner/work/streamify-apk/streamify-apk/app/src/main/java/com/streamify/app/viewmodel/PlayerViewModel.kt:1707:46 Unresolved reference: _playerState
e: file:///home/runner/work/streamify-apk/streamify-apk/app/src/main/java/com/streamify/app/viewmodel/PlayerViewModel.kt:1708:61 Unresolved reference: buildMediaItem
e: file:///home/runner/work/streamify-apk/streamify-apk/app/src/main/java/com/streamify/app/viewmodel/PlayerViewModel.kt:1709:25 Unresolved reference: controller
e: file:///home/runner/work/streamify-apk/streamify-apk/app/src/main/java/com/streamify/app/viewmodel/PlayerViewModel.kt:1716:21 Unresolved reference: playTrack
e: file:///home/runner/work/streamify-apk/streamify-apk/app/src/main/java/com/streamify/app/viewmodel/PlayerViewModel.kt:1726:9 Unresolved reference: sleepTimerJob
e: file:///home/runner/work/streamify-apk/streamify-apk/app/src/main/java/com/streamify/app/viewmodel/PlayerViewModel.kt:1727:9 Unresolved reference: _playerState
e: file:///home/runner/work/streamify-apk/streamify-apk/app/src/main/java/com/streamify/app/viewmodel/PlayerViewModel.kt:1727:22 Variable expected
e: file:///home/runner/work/streamify-apk/streamify-apk/app/src/main/java/com/streamify/app/viewmodel/PlayerViewModel.kt:1727:30 Unresolved reference: _playerState
e: file:///home/runner/work/streamify-apk/streamify-apk/app/src/main/java/com/streamify/app/viewmodel/PlayerViewModel.kt:1732:13 Unresolved reference: sleepTimerJob
e: file:///home/runner/work/streamify-apk/streamify-apk/app/src/main/java/com/streamify/app/viewmodel/PlayerViewModel.kt:1732:29 Unresolved reference: viewModelScope
e: file:///home/runner/work/streamify-apk/streamify-apk/app/src/main/java/com/streamify/app/viewmodel/PlayerViewModel.kt:1735:21 Suspend function 'delay' should be called only from a coroutine or another suspend function
e: file:///home/runner/work/streamify-apk/streamify-apk/app/src/main/java/com/streamify/app/viewmodel/PlayerViewModel.kt:1737:21 Unresolved reference: _playerState
e: file:///home/runner/work/streamify-apk/streamify-apk/app/src/main/java/com/streamify/app/viewmodel/PlayerViewModel.kt:1737:34 Variable expected
e: file:///home/runner/work/streamify-apk/streamify-apk/app/src/main/java/com/streamify/app/viewmodel/PlayerViewModel.kt:1737:42 Unresolved reference: _playerState
e: file:///home/runner/work/streamify-apk/streamify-apk/app/src/main/java/com/streamify/app/viewmodel/PlayerViewModel.kt:1739:17 Unresolved reference: controller
e: file:///home/runner/work/streamify-apk/streamify-apk/app/src/main/java/com/streamify/app/viewmodel/PlayerViewModel.kt:1740:17 Unresolved reference: _playerState
e: file:///home/runner/work/streamify-apk/streamify-apk/app/src/main/java/com/streamify/app/viewmodel/PlayerViewModel.kt:1740:30 Variable expected
e: file:///home/runner/work/streamify-apk/streamify-apk/app/src/main/java/com/streamify/app/viewmodel/PlayerViewModel.kt:1740:38 Unresolved reference: _playerState
e: file:///home/runner/work/streamify-apk/streamify-apk/app/src/main/java/com/streamify/app/viewmodel/PlayerViewModel.kt:1745:5 Modifier 'override' is not applicable to 'top level function'
e: file:///home/runner/work/streamify-apk/streamify-apk/app/src/main/java/com/streamify/app/viewmodel/PlayerViewModel.kt:1746:9 No supertypes are accessible in this context
e: file:///home/runner/work/streamify-apk/streamify-apk/app/src/main/java/com/streamify/app/viewmodel/PlayerViewModel.kt:1749:9 Unresolved reference: controller
e: file:///home/runner/work/streamify-apk/streamify-apk/app/src/main/java/com/streamify/app/viewmodel/PlayerViewModel.kt:1749:36 Unresolved reference: playerListener
e: file:///home/runner/work/streamify-apk/streamify-apk/app/src/main/java/com/streamify/app/viewmodel/PlayerViewModel.kt:1750:9 Unresolved reference: controller
e: file:///home/runner/work/streamify-apk/streamify-apk/app/src/main/java/com/streamify/app/viewmodel/PlayerViewModel.kt:1751:9 Unresolved reference: controllerFuture
e: file:///home/runner/work/streamify-apk/streamify-apk/app/src/main/java/com/streamify/app/viewmodel/PlayerViewModel.kt:1751:63 Unresolved reference: it
e: file:///home/runner/work/streamify-apk/streamify-apk/app/src/main/java/com/streamify/app/viewmodel/PlayerViewModel.kt:1752:9 Unresolved reference: controllerFuture

> Task :app:compileDebugKotlin FAILED

FAILURE: Build failed with an exception.

* What went wrong:
Execution failed for task ':app:compileDebugKotlin'.
> A failure occurred while executing org.jetbrains.kotlin.compilerRunner.GradleCompilerRunnerWithWorkers$GradleKotlinCompilerWorkAction
   > Compilation error. See log for more details

* Try:
> Run with --info or --debug option to get more log output.
> Run with --scan to get full insights.
> Get more help at https://help.gradle.org.

* Exception is:
org.gradle.api.tasks.TaskExecutionException: Execution failed for task ':app:compileDebugKotlin'.
	at org.gradle.api.internal.tasks.execution.ExecuteActionsTaskExecuter.lambda$executeIfValid$1(ExecuteActionsTaskExecuter.java:130)
	at org.gradle.internal.Try$Failure.ifSuccessfulOrElse(Try.java:282)
	at org.gradle.api.internal.tasks.execution.ExecuteActionsTaskExecuter.executeIfValid(ExecuteActionsTaskExecuter.java:128)
	at org.gradle.api.internal.tasks.execution.ExecuteActionsTaskExecuter.execute(ExecuteActionsTaskExecuter.java:116)
	at org.gradle.api.internal.tasks.execution.FinalizePropertiesTaskExecuter.execute(FinalizePropertiesTaskExecuter.java:46)
	at org.gradle.api.internal.tasks.execution.ResolveTaskExecutionModeExecuter.execute(ResolveTaskExecutionModeExecuter.java:51)
	at org.gradle.api.internal.tasks.execution.SkipTaskWithNoActionsExecuter.execute(SkipTaskWithNoActionsExecuter.java:57)
	at org.gradle.api.internal.tasks.execution.SkipOnlyIfTaskExecuter.execute(SkipOnlyIfTaskExecuter.java:74)
	at org.gradle.api.internal.tasks.execution.CatchExceptionTaskExecuter.execute(CatchExceptionTaskExecuter.java:36)
	at org.gradle.api.internal.tasks.execution.EventFiringTaskExecuter$1.executeTask(EventFiringTaskExecuter.java:77)
	at org.gradle.api.internal.tasks.execution.EventFiringTaskExecuter$1.call(EventFiringTaskExecuter.java:55)
	at org.gradle.api.internal.tasks.execution.EventFiringTaskExecuter$1.call(EventFiringTaskExecuter.java:52)
	at org.gradle.internal.operations.DefaultBuildOperationRunner$CallableBuildOperationWorker.execute(DefaultBuildOperationRunner.java:200)
	at org.gradle.internal.operations.DefaultBuildOperationRunner$CallableBuildOperationWorker.execute(DefaultBuildOperationRunner.java:195)
	at org.gradle.internal.operations.DefaultBuildOperationRunner$2.execute(DefaultBuildOperationRunner.java:66)
	at org.gradle.internal.operations.DefaultBuildOperationRunner$2.execute(DefaultBuildOperationRunner.java:59)
	at org.gradle.internal.operations.DefaultBuildOperationRunner.execute(DefaultBuildOperationRunner.java:157)
	at org.gradle.internal.operations.DefaultBuildOperationRunner.execute(DefaultBuildOperationRunner.java:59)
	at org.gradle.internal.operations.DefaultBuildOperationRunner.call(DefaultBuildOperationRunner.java:53)
	at org.gradle.internal.operations.DefaultBuildOperationExecutor.call(DefaultBuildOperationExecutor.java:73)
	at org.gradle.api.internal.tasks.execution.EventFiringTaskExecuter.execute(EventFiringTaskExecuter.java:52)
	at org.gradle.execution.plan.LocalTaskNodeExecutor.execute(LocalTaskNodeExecutor.java:42)
	at org.gradle.execution.taskgraph.DefaultTaskExecutionGraph$InvokeNodeExecutorsAction.execute(DefaultTaskExecutionGraph.java:331)
	at org.gradle.execution.taskgraph.DefaultTaskExecutionGraph$InvokeNodeExecutorsAction.execute(DefaultTaskExecutionGraph.java:318)
	at org.gradle.execution.taskgraph.DefaultTaskExecutionGraph$BuildOperationAwareExecutionAction.lambda$execute$0(DefaultTaskExecutionGraph.java:314)
	at org.gradle.internal.operations.CurrentBuildOperationRef.with(CurrentBuildOperationRef.java:80)
	at org.gradle.execution.taskgraph.DefaultTaskExecutionGraph$BuildOperationAwareExecutionAction.execute(DefaultTaskExecutionGraph.java:314)
	at org.gradle.execution.taskgraph.DefaultTaskExecutionGraph$BuildOperationAwareExecutionAction.execute(DefaultTaskExecutionGraph.java:303)
	at org.gradle.execution.plan.DefaultPlanExecutor$ExecutorWorker.execute(DefaultPlanExecutor.java:463)
	at org.gradle.execution.plan.DefaultPlanExecutor$ExecutorWorker.run(DefaultPlanExecutor.java:380)
	at org.gradle.internal.concurrent.ExecutorPolicy$CatchAndRecordFailures.onExecute(ExecutorPolicy.java:64)
	at org.gradle.internal.concurrent.AbstractManagedExecutor$1.run(AbstractManagedExecutor.java:47)
Caused by: org.gradle.workers.internal.DefaultWorkerExecutor$WorkExecutionException: A failure occurred while executing org.jetbrains.kotlin.compilerRunner.GradleCompilerRunnerWithWorkers$GradleKotlinCompilerWorkAction
	at org.gradle.workers.internal.DefaultWorkerExecutor$WorkItemExecution.waitForCompletion(DefaultWorkerExecutor.java:287)
	at org.gradle.internal.work.DefaultAsyncWorkTracker.lambda$waitForItemsAndGatherFailures$2(DefaultAsyncWorkTracker.java:130)
	at org.gradle.internal.Factories$1.create(Factories.java:31)
	at org.gradle.internal.work.DefaultWorkerLeaseService.withoutLocks(DefaultWorkerLeaseService.java:336)
	at org.gradle.internal.work.DefaultWorkerLeaseService.withoutLocks(DefaultWorkerLeaseService.java:319)
	at org.gradle.internal.work.DefaultWorkerLeaseService.withoutLock(DefaultWorkerLeaseService.java:324)
	at org.gradle.internal.work.DefaultAsyncWorkTracker.waitForItemsAndGatherFailures(DefaultAsyncWorkTracker.java:126)
	at org.gradle.internal.work.DefaultAsyncWorkTracker.waitForItemsAndGatherFailures(DefaultAsyncWorkTracker.java:92)
	at org.gradle.internal.work.DefaultAsyncWorkTracker.waitForAll(DefaultAsyncWorkTracker.java:78)
	at org.gradle.internal.work.DefaultAsyncWorkTracker.waitForCompletion(DefaultAsyncWorkTracker.java:66)
	at org.gradle.api.internal.tasks.execution.TaskExecution$3.run(TaskExecution.java:252)
	at org.gradle.internal.operations.DefaultBuildOperationRunner$1.execute(DefaultBuildOperationRunner.java:29)
	at org.gradle.internal.operations.DefaultBuildOperationRunner$1.execute(DefaultBuildOperationRunner.java:26)
	at org.gradle.internal.operations.DefaultBuildOperationRunner$2.execute(DefaultBuildOperationRunner.java:66)
	at org.gradle.internal.operations.DefaultBuildOperationRunner$2.execute(DefaultBuildOperationRunner.java:59)
	at org.gradle.internal.operations.DefaultBuildOperationRunner.execute(DefaultBuildOperationRunner.java:157)
	at org.gradle.internal.operations.DefaultBuildOperationRunner.execute(DefaultBuildOperationRunner.java:59)
	at org.gradle.internal.operations.DefaultBuildOperationRunner.run(DefaultBuildOperationRunner.java:47)
	at org.gradle.internal.operations.DefaultBuildOperationExecutor.run(DefaultBuildOperationExecutor.java:68)
	at org.gradle.api.internal.tasks.execution.TaskExecution.executeAction(TaskExecution.java:229)
	at org.gradle.api.internal.tasks.execution.TaskExecution.executeActions(TaskExecution.java:212)
	at org.gradle.api.internal.tasks.execution.TaskExecution.executeWithPreviousOutputFiles(TaskExecution.java:195)
	at org.gradle.api.internal.tasks.execution.TaskExecution.execute(TaskExecution.java:162)
	at org.gradle.internal.execution.steps.ExecuteStep.executeInternal(ExecuteStep.java:105)
	at org.gradle.internal.execution.steps.ExecuteStep.access$000(ExecuteStep.java:44)
	at org.gradle.internal.execution.steps.ExecuteStep$1.call(ExecuteStep.java:59)
	at org.gradle.internal.execution.steps.ExecuteStep$1.call(ExecuteStep.java:56)
	at org.gradle.internal.operations.DefaultBuildOperationRunner$CallableBuildOperationWorker.execute(DefaultBuildOperationRunner.java:200)
	at org.gradle.internal.operations.DefaultBuildOperationRunner$CallableBuildOperationWorker.execute(DefaultBuildOperationRunner.java:195)
	at org.gradle.internal.operations.DefaultBuildOperationRunner$2.execute(DefaultBuildOperationRunner.java:66)
	at org.gradle.internal.operations.DefaultBuildOperationRunner$2.execute(DefaultBuildOperationRunner.java:59)
	at org.gradle.internal.operations.DefaultBuildOperationRunner.execute(DefaultBuildOperationRunner.java:157)
	at org.gradle.internal.operations.DefaultBuildOperationRunner.execute(DefaultBuildOperationRunner.java:59)
	at org.gradle.internal.operations.DefaultBuildOperationRunner.call(DefaultBuildOperationRunner.java:53)
	at org.gradle.internal.operations.DefaultBuildOperationExecutor.call(DefaultBuildOperationExecutor.java:73)
	at org.gradle.internal.execution.steps.ExecuteStep.execute(ExecuteStep.java:56)
	at org.gradle.internal.execution.steps.ExecuteStep.execute(ExecuteStep.java:44)
	at org.gradle.internal.execution.steps.CancelExecutionStep.execute(CancelExecutionStep.java:41)
	at org.gradle.internal.execution.steps.TimeoutStep.executeWithoutTimeout(TimeoutStep.java:74)
	at org.gradle.internal.execution.steps.TimeoutStep.execute(TimeoutStep.java:55)
	at org.gradle.internal.execution.steps.PreCreateOutputParentsStep.execute(PreCreateOutputParentsStep.java:50)
	at org.gradle.internal.execution.steps.PreCreateOutputParentsStep.execute(PreCreateOutputParentsStep.java:28)
	at org.gradle.internal.execution.steps.RemovePreviousOutputsStep.execute(RemovePreviousOutputsStep.java:67)
	at org.gradle.internal.execution.steps.RemovePreviousOutputsStep.execute(RemovePreviousOutputsStep.java:37)
	at org.gradle.internal.execution.steps.BroadcastChangingOutputsStep.execute(BroadcastChangingOutputsStep.java:61)
	at org.gradle.internal.execution.steps.BroadcastChangingOutputsStep.execute(BroadcastChangingOutputsStep.java:26)
	at org.gradle.internal.execution.steps.CaptureOutputsAfterExecutionStep.execute(CaptureOutputsAfterExecutionStep.java:67)
	at org.gradle.internal.execution.steps.CaptureOutputsAfterExecutionStep.execute(CaptureOutputsAfterExecutionStep.java:45)
	at org.gradle.internal.execution.steps.ResolveInputChangesStep.execute(ResolveInputChangesStep.java:40)
	at org.gradle.internal.execution.steps.ResolveInputChangesStep.execute(ResolveInputChangesStep.java:29)
	at org.gradle.internal.execution.steps.BuildCacheStep.executeWithoutCache(BuildCacheStep.java:189)
	at org.gradle.internal.execution.steps.BuildCacheStep.lambda$execute$1(BuildCacheStep.java:75)
	at org.gradle.internal.Either$Right.fold(Either.java:175)
	at org.gradle.internal.execution.caching.CachingState.fold(CachingState.java:62)
	at org.gradle.internal.execution.steps.BuildCacheStep.execute(BuildCacheStep.java:73)
	at org.gradle.internal.execution.steps.BuildCacheStep.execute(BuildCacheStep.java:48)
	at org.gradle.internal.execution.steps.StoreExecutionStateStep.execute(StoreExecutionStateStep.java:46)
	at org.gradle.internal.execution.steps.StoreExecutionStateStep.execute(StoreExecutionStateStep.java:35)
	at org.gradle.internal.execution.steps.SkipUpToDateStep.executeBecause(SkipUpToDateStep.java:76)
	at org.gradle.internal.execution.steps.SkipUpToDateStep.lambda$execute$2(SkipUpToDateStep.java:54)
	at org.gradle.internal.execution.steps.SkipUpToDateStep.execute(SkipUpToDateStep.java:54)
	at org.gradle.internal.execution.steps.SkipUpToDateStep.execute(SkipUpToDateStep.java:36)
	at org.gradle.internal.execution.steps.legacy.MarkSnapshottingInputsFinishedStep.execute(MarkSnapshottingInputsFinishedStep.java:37)
	at org.gradle.internal.execution.steps.legacy.MarkSnapshottingInputsFinishedStep.execute(MarkSnapshottingInputsFinishedStep.java:27)
	at org.gradle.internal.execution.steps.ResolveIncrementalCachingStateStep.executeDelegate(ResolveIncrementalCachingStateStep.java:49)
	at org.gradle.internal.execution.steps.ResolveIncrementalCachingStateStep.executeDelegate(ResolveIncrementalCachingStateStep.java:27)
	at org.gradle.internal.execution.steps.AbstractResolveCachingStateStep.execute(AbstractResolveCachingStateStep.java:71)
	at org.gradle.internal.execution.steps.AbstractResolveCachingStateStep.execute(AbstractResolveCachingStateStep.java:39)
	at org.gradle.internal.execution.steps.ResolveChangesStep.execute(ResolveChangesStep.java:65)
	at org.gradle.internal.execution.steps.ResolveChangesStep.execute(ResolveChangesStep.java:36)
	at org.gradle.internal.execution.steps.ValidateStep.execute(ValidateStep.java:106)
	at org.gradle.internal.execution.steps.ValidateStep.execute(ValidateStep.java:55)
	at org.gradle.internal.execution.steps.AbstractCaptureStateBeforeExecutionStep.execute(AbstractCaptureStateBeforeExecutionStep.java:64)
	at org.gradle.internal.execution.steps.AbstractCaptureStateBeforeExecutionStep.execute(AbstractCaptureStateBeforeExecutionStep.java:43)
	at org.gradle.internal.execution.steps.AbstractSkipEmptyWorkStep.executeWithNonEmptySources(AbstractSkipEmptyWorkStep.java:125)
	at org.gradle.internal.execution.steps.AbstractSkipEmptyWorkStep.execute(AbstractSkipEmptyWorkStep.java:61)
	at org.gradle.internal.execution.steps.AbstractSkipEmptyWorkStep.execute(AbstractSkipEmptyWorkStep.java:36)
	at org.gradle.internal.execution.steps.legacy.MarkSnapshottingInputsStartedStep.execute(MarkSnapshottingInputsStartedStep.java:38)
	at org.gradle.internal.execution.steps.LoadPreviousExecutionStateStep.execute(LoadPreviousExecutionStateStep.java:36)
	at org.gradle.internal.execution.steps.LoadPreviousExecutionStateStep.execute(LoadPreviousExecutionStateStep.java:23)
	at org.gradle.internal.execution.steps.HandleStaleOutputsStep.execute(HandleStaleOutputsStep.java:75)
	at org.gradle.internal.execution.steps.HandleStaleOutputsStep.execute(HandleStaleOutputsStep.java:41)
	at org.gradle.internal.execution.steps.AssignMutableWorkspaceStep.lambda$execute$0(AssignMutableWorkspaceStep.java:35)
	at org.gradle.api.internal.tasks.execution.TaskExecution$4.withWorkspace(TaskExecution.java:289)
	at org.gradle.internal.execution.steps.AssignMutableWorkspaceStep.execute(AssignMutableWorkspaceStep.java:31)
	at org.gradle.internal.execution.steps.AssignMutableWorkspaceStep.execute(AssignMutableWorkspaceStep.java:22)
	at org.gradle.internal.execution.steps.ChoosePipelineStep.execute(ChoosePipelineStep.java:40)
	at org.gradle.internal.execution.steps.ChoosePipelineStep.execute(ChoosePipelineStep.java:23)
	at org.gradle.internal.execution.steps.ExecuteWorkBuildOperationFiringStep.lambda$execute$2(ExecuteWorkBuildOperationFiringStep.java:67)
	at org.gradle.internal.execution.steps.ExecuteWorkBuildOperationFiringStep.execute(ExecuteWorkBuildOperationFiringStep.java:67)
	at org.gradle.internal.execution.steps.ExecuteWorkBuildOperationFiringStep.execute(ExecuteWorkBuildOperationFiringStep.java:39)
	at org.gradle.internal.execution.steps.IdentityCacheStep.execute(IdentityCacheStep.java:46)
	at org.gradle.internal.execution.steps.IdentityCacheStep.execute(IdentityCacheStep.java:34)
	at org.gradle.internal.execution.steps.IdentifyStep.execute(IdentifyStep.java:48)
	at org.gradle.internal.execution.steps.IdentifyStep.execute(IdentifyStep.java:35)
	at org.gradle.internal.execution.impl.DefaultExecutionEngine$1.execute(DefaultExecutionEngine.java:61)
	at org.gradle.api.internal.tasks.execution.ExecuteActionsTaskExecuter.executeIfValid(ExecuteActionsTaskExecuter.java:127)
	at org.gradle.api.internal.tasks.execution.ExecuteActionsTaskExecuter.execute(ExecuteActionsTaskExecuter.java:116)
	at org.gradle.api.internal.tasks.execution.FinalizePropertiesTaskExecuter.execute(FinalizePropertiesTaskExecuter.java:46)
	at org.gradle.api.internal.tasks.execution.ResolveTaskExecutionModeExecuter.execute(ResolveTaskExecutionModeExecuter.java:51)
	at org.gradle.api.internal.tasks.execution.SkipTaskWithNoActionsExecuter.execute(SkipTaskWithNoActionsExecuter.java:57)
	at org.gradle.api.internal.tasks.execution.SkipOnlyIfTaskExecuter.execute(SkipOnlyIfTaskExecuter.java:74)
	at org.gradle.api.internal.tasks.execution.CatchExceptionTaskExecuter.execute(CatchExceptionTaskExecuter.java:36)
	at org.gradle.api.internal.tasks.execution.EventFiringTaskExecuter$1.executeTask(EventFiringTaskExecuter.java:77)
	at org.gradle.api.internal.tasks.execution.EventFiringTaskExecuter$1.call(EventFiringTaskExecuter.java:55)
	at org.gradle.api.internal.tasks.execution.EventFiringTaskExecuter$1.call(EventFiringTaskExecuter.java:52)
	at org.gradle.internal.operations.DefaultBuildOperationRunner$CallableBuildOperationWorker.execute(DefaultBuildOperationRunner.java:200)
	at org.gradle.internal.operations.DefaultBuildOperationRunner$CallableBuildOperationWorker.execute(DefaultBuildOperationRunner.java:195)
	at org.gradle.internal.operations.DefaultBuildOperationRunner$2.execute(DefaultBuildOperationRunner.java:66)
	at org.gradle.internal.operations.DefaultBuildOperationRunner$2.execute(DefaultBuildOperationRunner.java:59)
	at org.gradle.internal.operations.DefaultBuildOperationRunner.execute(DefaultBuildOperationRunner.java:157)
	at org.gradle.internal.operations.DefaultBuildOperationRunner.execute(DefaultBuildOperationRunner.java:59)
	at org.gradle.internal.operations.DefaultBuildOperationRunner.call(DefaultBuildOperationRunner.java:53)
	at org.gradle.internal.operations.DefaultBuildOperationExecutor.call(DefaultBuildOperationExecutor.java:73)
	at org.gradle.api.internal.tasks.execution.EventFiringTaskExecuter.execute(EventFiringTaskExecuter.java:52)
	at org.gradle.execution.plan.LocalTaskNodeExecutor.execute(LocalTaskNodeExecutor.java:42)
	at org.gradle.execution.taskgraph.DefaultTaskExecutionGraph$InvokeNodeExecutorsAction.execute(DefaultTaskExecutionGraph.java:331)
	at org.gradle.execution.taskgraph.DefaultTaskExecutionGraph$InvokeNodeExecutorsAction.execute(DefaultTaskExecutionGraph.java:318)
	at org.gradle.execution.taskgraph.DefaultTaskExecutionGraph$BuildOperationAwareExecutionAction.lambda$execute$0(DefaultTaskExecutionGraph.java:314)
	at org.gradle.internal.operations.CurrentBuildOperationRef.with(CurrentBuildOperationRef.java:80)
	at org.gradle.execution.taskgraph.DefaultTaskExecutionGraph$BuildOperationAwareExecutionAction.execute(DefaultTaskExecutionGraph.java:314)
	at org.gradle.execution.taskgraph.DefaultTaskExecutionGraph$BuildOperationAwareExecutionAction.execute(DefaultTaskExecutionGraph.java:303)
	at org.gradle.execution.plan.DefaultPlanExecutor$ExecutorWorker.execute(DefaultPlanExecutor.java:463)
	at org.gradle.execution.plan.DefaultPlanExecutor$ExecutorWorker.run(DefaultPlanExecutor.java:380)
	at org.gradle.internal.concurrent.ExecutorPolicy$CatchAndRecordFailures.onExecute(ExecutorPolicy.java:64)
	at org.gradle.internal.concurrent.AbstractManagedExecutor$1.run(AbstractManagedExecutor.java:47)
Caused by: org.jetbrains.kotlin.gradle.tasks.CompilationErrorException: Compilation error. See log for more details
	at org.jetbrains.kotlin.gradle.tasks.TasksUtilsKt.throwExceptionIfCompilationFailed(tasksUtils.kt:20)
	at org.jetbrains.kotlin.compilerRunner.GradleKotlinCompilerWork.run(GradleKotlinCompilerWork.kt:141)
	at org.jetbrains.kotlin.compilerRunner.GradleCompilerRunnerWithWorkers$GradleKotlinCompilerWorkAction.execute(GradleCompilerRunnerWithWorkers.kt:73)
	at org.gradle.workers.internal.DefaultWorkerServer.execute(DefaultWorkerServer.java:63)
	at org.gradle.workers.internal.NoIsolationWorkerFactory$1$1.create(NoIsolationWorkerFactory.java:66)
	at org.gradle.workers.internal.NoIsolationWorkerFactory$1$1.create(NoIsolationWorkerFactory.java:62)
	at org.gradle.internal.classloader.ClassLoaderUtils.executeInClassloader(ClassLoaderUtils.java:100)
	at org.gradle.workers.internal.NoIsolationWorkerFactory$1.lambda$execute$0(NoIsolationWorkerFactory.java:62)
	at org.gradle.workers.internal.AbstractWorker$1.call(AbstractWorker.java:44)
	at org.gradle.workers.internal.AbstractWorker$1.call(AbstractWorker.java:41)
	at org.gradle.internal.operations.DefaultBuildOperationRunner$CallableBuildOperationWorker.execute(DefaultBuildOperationRunner.java:200)
	at org.gradle.internal.operations.DefaultBuildOperationRunner$CallableBuildOperationWorker.execute(DefaultBuildOperationRunner.java:195)
	at org.gradle.internal.operations.DefaultBuildOperationRunner$2.execute(DefaultBuildOperationRunner.java:66)
	at org.gradle.internal.operations.DefaultBuildOperationRunner$2.execute(DefaultBuildOperationRunner.java:59)
	at org.gradle.internal.operations.DefaultBuildOperationRunner.execute(DefaultBuildOperationRunner.java:157)
	at org.gradle.internal.operations.DefaultBuildOperationRunner.execute(DefaultBuildOperationRunner.java:59)
	at org.gradle.internal.operations.DefaultBuildOperationRunner.call(DefaultBuildOperationRunner.java:53)
	at org.gradle.internal.operations.DefaultBuildOperationExecutor.call(DefaultBuildOperationExecutor.java:73)
	at org.gradle.workers.internal.AbstractWorker.executeWrappedInBuildOperation(AbstractWorker.java:41)
	at org.gradle.workers.internal.NoIsolationWorkerFactory$1.execute(NoIsolationWorkerFactory.java:59)
	at org.gradle.workers.internal.DefaultWorkerExecutor.lambda$submitWork$0(DefaultWorkerExecutor.java:174)
	at org.gradle.internal.work.DefaultConditionalExecutionQueue$ExecutionRunner.runExecution(DefaultConditionalExecutionQueue.java:187)
	at org.gradle.internal.work.DefaultConditionalExecutionQueue$ExecutionRunner.access$700(DefaultConditionalExecutionQueue.java:120)
	at org.gradle.internal.work.DefaultConditionalExecutionQueue$ExecutionRunner$1.run(DefaultConditionalExecutionQueue.java:162)
	at org.gradle.internal.Factories$1.create(Factories.java:31)
	at org.gradle.internal.work.DefaultWorkerLeaseService.withLocks(DefaultWorkerLeaseService.java:264)
	at org.gradle.internal.work.DefaultWorkerLeaseService.runAsWorkerThread(DefaultWorkerLeaseService.java:128)
	at org.gradle.internal.work.DefaultWorkerLeaseService.runAsWorkerThread(DefaultWorkerLeaseService.java:133)
	at org.gradle.internal.work.DefaultConditionalExecutionQueue$ExecutionRunner.runBatch(DefaultConditionalExecutionQueue.java:157)
	at org.gradle.internal.work.DefaultConditionalExecutionQueue$ExecutionRunner.run(DefaultConditionalExecutionQueue.java:126)
	... 2 more


BUILD FAILED in 5m 56s
37 actionable tasks: 36 executed, 1 up-to-date
